<?xml version="1.0" encoding="utf-8"?>
<CoverageSession xmlns:xsd="http://www.w3.org/2001/XMLSchema" xmlns:xsi="http://www.w3.org/2001/XMLSchema-instance">
  <Summary numSequencePoints="3507" visitedSequencePoints="69" numBranchPoints="2683" visitedBranchPoints="39" sequenceCoverage="1.97" branchCoverage="1.45" maxCyclomaticComplexity="50" minCyclomaticComplexity="1" />
  <Modules>
    <Module skippedDueTo="Filter" hash="0A-60-0F-1A-B2-BF-7E-E6-5A-66-3B-A1-6B-4F-EE-1D-6A-30-91-8B">
      <FullName>C:\Program Files\dotnet\shared\Microsoft.NETCore.App\2.2.1\System.Private.CoreLib.dll</FullName>
      <ModuleName>System.Private.CoreLib</ModuleName>
      <Classes />
    </Module>
    <Module skippedDueTo="Filter" hash="14-76-1A-EE-F5-5D-00-48-40-11-C1-AD-F9-5B-8A-CE-4E-48-8C-C6">
      <FullName>C:\Program Files\dotnet\sdk\2.2.103\dotnet.dll</FullName>
      <ModuleName>dotnet</ModuleName>
      <Classes />
    </Module>
    <Module skippedDueTo="Filter" hash="65-AC-04-69-F4-DE-56-A1-6C-9A-4E-D5-FD-1B-CA-22-EA-08-DD-D2">
      <FullName>C:\Program Files\dotnet\shared\Microsoft.NETCore.App\2.2.1\System.Runtime.dll</FullName>
      <ModuleName>System.Runtime</ModuleName>
      <Classes />
    </Module>
    <Module skippedDueTo="Filter" hash="5C-BD-81-5B-9E-96-E6-EE-60-3C-90-73-14-3E-21-46-25-B7-95-15">
      <FullName>C:\Program Files\dotnet\sdk\2.2.103\Microsoft.DotNet.Cli.Utils.dll</FullName>
      <ModuleName>Microsoft.DotNet.Cli.Utils</ModuleName>
      <Classes />
    </Module>
    <Module skippedDueTo="Filter" hash="00-E6-B6-43-DD-34-02-12-2C-95-C1-E7-75-49-CD-BE-29-38-49-1E">
      <FullName>C:\Program Files\dotnet\shared\Microsoft.NETCore.App\2.2.1\netstandard.dll</FullName>
      <ModuleName>netstandard</ModuleName>
      <Classes />
    </Module>
    <Module skippedDueTo="Filter" hash="13-99-77-53-EA-03-4B-C2-B3-31-A3-8D-F5-07-A6-65-CE-BA-BC-7D">
      <FullName>C:\Program Files\dotnet\shared\Microsoft.NETCore.App\2.2.1\System.Runtime.Extensions.dll</FullName>
      <ModuleName>System.Runtime.Extensions</ModuleName>
      <Classes />
    </Module>
    <Module skippedDueTo="Filter" hash="83-A2-3E-6A-CB-5B-61-67-4B-A5-EC-54-A6-09-61-49-60-7B-6F-38">
      <FullName>C:\Program Files\dotnet\shared\Microsoft.NETCore.App\2.2.1\System.Runtime.Loader.dll</FullName>
      <ModuleName>System.Runtime.Loader</ModuleName>
      <Classes />
    </Module>
    <Module skippedDueTo="Filter" hash="01-61-F1-A8-6F-90-42-37-00-83-C8-59-39-B8-48-30-6D-A4-A4-FF">
      <FullName>C:\Program Files\dotnet\sdk\2.2.103\Microsoft.DotNet.PlatformAbstractions.dll</FullName>
      <ModuleName>Microsoft.DotNet.PlatformAbstractions</ModuleName>
      <Classes />
    </Module>
    <Module skippedDueTo="Filter" hash="7C-B8-67-05-60-55-60-51-D3-15-F2-AE-62-0A-46-C8-A2-57-03-D3">
      <FullName>C:\Program Files\dotnet\shared\Microsoft.NETCore.App\2.2.1\System.Runtime.InteropServices.RuntimeInformation.dll</FullName>
      <ModuleName>System.Runtime.InteropServices.RuntimeInformation</ModuleName>
      <Classes />
    </Module>
    <Module skippedDueTo="Filter" hash="D6-A0-8F-50-E7-2C-69-C6-C2-52-8B-7D-D8-D1-9C-E3-59-F4-E1-DB">
      <FullName>C:\Program Files\dotnet\shared\Microsoft.NETCore.App\2.2.1\System.Runtime.InteropServices.dll</FullName>
      <ModuleName>System.Runtime.InteropServices</ModuleName>
      <Classes />
    </Module>
    <Module skippedDueTo="Filter" hash="BF-15-8A-55-E6-B0-F2-A5-9B-39-43-9D-9A-BE-42-7C-D1-A4-3A-4E">
      <FullName>C:\Program Files\dotnet\shared\Microsoft.NETCore.App\2.2.1\System.Threading.dll</FullName>
      <ModuleName>System.Threading</ModuleName>
      <Classes />
    </Module>
    <Module skippedDueTo="Filter" hash="AE-4C-24-02-49-C5-9B-49-F4-59-EC-9F-71-9F-9E-2E-17-7B-FA-98">
      <FullName>C:\Program Files\dotnet\shared\Microsoft.NETCore.App\2.2.1\System.IO.FileSystem.dll</FullName>
      <ModuleName>System.IO.FileSystem</ModuleName>
      <Classes />
    </Module>
    <Module skippedDueTo="Filter" hash="68-BA-7D-74-81-92-A6-86-E1-18-6A-D3-C2-59-D0-7A-0E-44-79-70">
      <FullName>C:\Program Files\dotnet\sdk\2.2.103\runtimes\win\lib\netcoreapp2.0\System.Text.Encoding.CodePages.dll</FullName>
      <ModuleName>System.Text.Encoding.CodePages</ModuleName>
      <Classes />
    </Module>
    <Module skippedDueTo="Filter" hash="28-B8-86-93-73-A3-C1-FD-7B-88-20-2E-8E-15-7A-27-84-AE-35-CE">
      <FullName>C:\Program Files\dotnet\shared\Microsoft.NETCore.App\2.2.1\System.Collections.dll</FullName>
      <ModuleName>System.Collections</ModuleName>
      <Classes />
    </Module>
    <Module skippedDueTo="Filter" hash="C1-B9-DD-E1-4D-A5-D3-42-A3-CE-4C-61-BA-98-05-EA-A5-77-48-B7">
      <FullName>C:\Program Files\dotnet\shared\Microsoft.NETCore.App\2.2.1\System.Collections.Concurrent.dll</FullName>
      <ModuleName>System.Collections.Concurrent</ModuleName>
      <Classes />
    </Module>
    <Module skippedDueTo="Filter" hash="9E-CF-AC-80-17-0F-E6-4F-65-7B-73-FC-7F-38-3B-CB-CD-01-14-4D">
      <FullName>C:\Program Files\dotnet\shared\Microsoft.NETCore.App\2.2.1\System.Threading.Thread.dll</FullName>
      <ModuleName>System.Threading.Thread</ModuleName>
      <Classes />
    </Module>
    <Module skippedDueTo="Filter" hash="6E-F5-93-4A-73-77-60-55-B0-26-AF-54-C6-12-B8-60-A1-B9-5A-8A">
      <FullName>C:\Program Files\dotnet\sdk\2.2.103\Microsoft.DotNet.Configurer.dll</FullName>
      <ModuleName>Microsoft.DotNet.Configurer</ModuleName>
      <Classes />
    </Module>
    <Module skippedDueTo="Filter" hash="9D-24-83-FB-D0-57-B5-41-BE-A0-51-16-D1-93-04-EC-91-21-81-13">
      <FullName>C:\Program Files\dotnet\sdk\2.2.103\Microsoft.DotNet.Cli.CommandLine.dll</FullName>
      <ModuleName>Microsoft.DotNet.Cli.CommandLine</ModuleName>
      <Classes />
    </Module>
    <Module skippedDueTo="Filter" hash="6C-B6-95-9D-23-E2-61-08-96-4F-D7-8B-8D-F1-80-F1-A4-2F-6A-91">
      <FullName>C:\Program Files\dotnet\shared\Microsoft.NETCore.App\2.2.1\System.Diagnostics.Process.dll</FullName>
      <ModuleName>System.Diagnostics.Process</ModuleName>
      <Classes />
    </Module>
    <Module skippedDueTo="Filter" hash="03-15-54-67-75-14-2D-26-18-CB-EC-D0-B0-67-37-D9-D4-D9-69-29">
      <FullName>C:\Program Files\dotnet\sdk\2.2.103\Microsoft.DotNet.InternalAbstractions.dll</FullName>
      <ModuleName>Microsoft.DotNet.InternalAbstractions</ModuleName>
      <Classes />
    </Module>
    <Module skippedDueTo="Filter" hash="66-8A-49-48-58-41-51-CC-9D-F2-90-0F-7B-53-2E-41-6C-D6-F5-1E">
      <FullName>C:\Program Files\dotnet\shared\Microsoft.NETCore.App\2.2.1\System.Linq.dll</FullName>
      <ModuleName>System.Linq</ModuleName>
      <Classes />
    </Module>
    <Module skippedDueTo="Filter" hash="AA-71-2A-5A-60-62-09-06-AB-B9-9E-30-B9-44-30-86-41-55-D1-20">
      <FullName>C:\Program Files\dotnet\sdk\2.2.103\NuGet.Frameworks.dll</FullName>
      <ModuleName>NuGet.Frameworks</ModuleName>
      <Classes />
    </Module>
    <Module skippedDueTo="Filter" hash="83-64-44-A6-64-EB-27-D0-AD-81-8E-E2-3A-CA-AA-59-03-B2-5A-8F">
      <FullName>C:\Program Files\dotnet\shared\Microsoft.NETCore.App\2.2.1\System.Console.dll</FullName>
      <ModuleName>System.Console</ModuleName>
      <Classes />
    </Module>
    <Module skippedDueTo="Filter" hash="8E-0E-0B-C1-F7-83-D9-1F-CC-4F-BE-04-E4-06-DF-81-6F-AD-6E-64">
      <FullName>C:\Program Files\dotnet\shared\Microsoft.NETCore.App\2.2.1\System.IO.FileSystem.Primitives.dll</FullName>
      <ModuleName>System.IO.FileSystem.Primitives</ModuleName>
      <Classes />
    </Module>
    <Module skippedDueTo="Filter" hash="F3-DA-DD-7B-50-40-E0-80-6C-20-50-A9-46-36-34-99-1F-8E-18-95">
      <FullName>C:\Program Files\dotnet\shared\Microsoft.NETCore.App\2.2.1\System.Memory.dll</FullName>
      <ModuleName>System.Memory</ModuleName>
      <Classes />
    </Module>
    <Module skippedDueTo="Filter" hash="0D-93-D5-8A-78-6F-A9-23-E0-85-70-1E-B0-90-44-7D-05-C4-27-7E">
      <FullName>C:\Program Files\dotnet\shared\Microsoft.NETCore.App\2.2.1\System.IO.dll</FullName>
      <ModuleName>System.IO</ModuleName>
      <Classes />
    </Module>
    <Module skippedDueTo="Filter" hash="60-9C-E5-29-EA-B4-83-AF-38-56-0B-F3-63-0C-0B-94-4D-15-85-FD">
      <FullName>C:\Program Files\dotnet\shared\Microsoft.NETCore.App\2.2.1\System.Text.Encoding.Extensions.dll</FullName>
      <ModuleName>System.Text.Encoding.Extensions</ModuleName>
      <Classes />
    </Module>
    <Module skippedDueTo="Filter" hash="A7-5A-79-9D-31-BB-24-38-A6-C1-18-BD-EA-D7-F6-5C-46-76-25-6B">
      <FullName>C:\Program Files\dotnet\sdk\2.2.103\Microsoft.ApplicationInsights.dll</FullName>
      <ModuleName>Microsoft.ApplicationInsights</ModuleName>
      <Classes />
    </Module>
    <Module skippedDueTo="Filter" hash="E6-48-7B-0B-D1-FA-22-17-AC-CC-95-AA-CA-1E-DE-A0-32-AD-49-E0">
      <FullName>C:\Program Files\dotnet\shared\Microsoft.NETCore.App\2.2.1\System.Reflection.Extensions.dll</FullName>
      <ModuleName>System.Reflection.Extensions</ModuleName>
      <Classes />
    </Module>
    <Module skippedDueTo="Filter" hash="56-91-F0-B1-3A-40-D9-F6-0A-98-CD-AE-7B-77-D9-97-9E-16-95-21">
      <FullName>C:\Program Files\dotnet\shared\Microsoft.NETCore.App\2.2.1\System.Reflection.dll</FullName>
      <ModuleName>System.Reflection</ModuleName>
      <Classes />
    </Module>
    <Module skippedDueTo="Filter" hash="A6-B5-56-17-1B-68-00-B2-D4-BC-C6-E6-FB-3C-6F-B4-E0-31-02-23">
      <FullName>C:\Program Files\dotnet\shared\Microsoft.NETCore.App\2.2.1\System.Xml.XDocument.dll</FullName>
      <ModuleName>System.Xml.XDocument</ModuleName>
      <Classes />
    </Module>
    <Module skippedDueTo="Filter" hash="15-B6-8D-2F-40-B3-C9-6D-12-7F-0D-F2-96-C1-FA-A1-B0-D6-93-4D">
      <FullName>C:\Program Files\dotnet\shared\Microsoft.NETCore.App\2.2.1\System.Private.Xml.Linq.dll</FullName>
      <ModuleName>System.Private.Xml.Linq</ModuleName>
      <Classes />
    </Module>
    <Module skippedDueTo="Filter" hash="DF-4D-2C-C0-27-CE-E1-D3-7B-6A-CE-48-56-6F-32-1E-E6-DC-68-41">
      <FullName>C:\Program Files\dotnet\shared\Microsoft.NETCore.App\2.2.1\System.Security.Cryptography.Algorithms.dll</FullName>
      <ModuleName>System.Security.Cryptography.Algorithms</ModuleName>
      <Classes />
    </Module>
    <Module skippedDueTo="Filter" hash="F0-18-48-24-BC-21-8B-DC-B2-1A-7C-EA-DA-AC-B7-21-15-98-A0-97">
      <FullName>C:\Program Files\dotnet\shared\Microsoft.NETCore.App\2.2.1\System.Security.Cryptography.Primitives.dll</FullName>
      <ModuleName>System.Security.Cryptography.Primitives</ModuleName>
      <Classes />
    </Module>
    <Module skippedDueTo="Filter" hash="BF-EE-00-02-46-BA-46-B9-5C-CD-EB-E9-48-50-BE-C6-26-87-41-3F">
      <FullName>C:\Program Files\dotnet\shared\Microsoft.NETCore.App\2.2.1\System.Private.Xml.dll</FullName>
      <ModuleName>System.Private.Xml</ModuleName>
      <Classes />
    </Module>
    <Module skippedDueTo="Filter" hash="B5-69-D5-12-D1-82-DB-32-71-B7-CD-82-E5-A4-47-C0-42-00-8B-7A">
      <FullName>C:\Program Files\dotnet\shared\Microsoft.NETCore.App\2.2.1\System.Xml.ReaderWriter.dll</FullName>
      <ModuleName>System.Xml.ReaderWriter</ModuleName>
      <Classes />
    </Module>
    <Module skippedDueTo="Filter" hash="66-8C-59-CB-18-C0-50-B0-F2-C2-BB-77-9D-7F-43-6A-A5-04-4B-48">
      <FullName>C:\Program Files\dotnet\shared\Microsoft.NETCore.App\2.2.1\System.Diagnostics.Tracing.dll</FullName>
      <ModuleName>System.Diagnostics.Tracing</ModuleName>
      <Classes />
    </Module>
    <Module skippedDueTo="Filter" hash="89-08-D9-1A-CC-3A-4B-8B-EE-D7-5F-F0-5A-BE-53-44-20-1F-10-86">
      <FullName>C:\Program Files\dotnet\sdk\2.2.103\Microsoft.TemplateEngine.Cli.dll</FullName>
      <ModuleName>Microsoft.TemplateEngine.Cli</ModuleName>
      <Classes />
    </Module>
    <Module skippedDueTo="Filter" hash="6D-41-8E-6C-7F-48-A8-99-38-66-80-E7-BD-08-7F-6A-2F-C0-58-6A">
      <FullName>C:\Program Files\dotnet\shared\Microsoft.NETCore.App\2.2.1\System.Resources.ResourceManager.dll</FullName>
      <ModuleName>System.Resources.ResourceManager</ModuleName>
      <Classes />
    </Module>
    <Module skippedDueTo="Filter" hash="07-0E-A6-AD-2F-57-46-59-D7-CE-99-98-24-6F-6F-06-FC-33-78-E6">
      <FullName>C:\Program Files\dotnet\shared\Microsoft.NETCore.App\2.2.1\System.Globalization.dll</FullName>
      <ModuleName>System.Globalization</ModuleName>
      <Classes />
    </Module>
    <Module skippedDueTo="Filter" hash="EA-85-85-9B-28-6F-2B-6B-96-B7-CF-C5-F7-BC-51-BC-A9-74-17-59">
      <FullName>C:\Program Files\dotnet\shared\Microsoft.NETCore.App\2.2.1\System.Private.Uri.dll</FullName>
      <ModuleName>System.Private.Uri</ModuleName>
      <Classes />
    </Module>
    <Module skippedDueTo="Filter" hash="A6-A8-FD-11-C0-DC-D6-9C-52-E2-87-88-71-36-E7-E9-E7-E3-CF-39">
      <FullName>C:\Program Files\dotnet\shared\Microsoft.NETCore.App\2.2.1\System.Threading.Tasks.dll</FullName>
      <ModuleName>System.Threading.Tasks</ModuleName>
      <Classes />
    </Module>
    <Module skippedDueTo="Filter" hash="DE-7D-B8-6A-53-47-6B-C3-26-4A-2A-60-CC-B0-D3-D1-0F-D0-60-6B">
      <FullName>C:\Program Files\dotnet\shared\Microsoft.NETCore.App\2.2.1\System.Text.RegularExpressions.dll</FullName>
      <ModuleName>System.Text.RegularExpressions</ModuleName>
      <Classes />
    </Module>
    <Module skippedDueTo="Filter" hash="BA-5F-84-78-7B-58-24-9F-05-56-4F-AB-AC-F4-BA-15-5C-9C-8B-CF">
      <FullName>C:\Program Files\dotnet\shared\Microsoft.NETCore.App\2.2.1\System.Buffers.dll</FullName>
      <ModuleName>System.Buffers</ModuleName>
      <Classes />
    </Module>
    <Module skippedDueTo="Filter" hash="42-21-E3-74-56-3F-19-42-FD-AD-91-0B-4C-6A-3A-D1-DE-76-F8-19">
      <FullName>C:\Program Files\dotnet\shared\Microsoft.NETCore.App\2.2.1\System.Reflection.Emit.ILGeneration.dll</FullName>
      <ModuleName>System.Reflection.Emit.ILGeneration</ModuleName>
      <Classes />
    </Module>
    <Module skippedDueTo="Filter" hash="1A-04-E0-EB-75-27-FA-89-84-F0-B5-36-C1-B0-7B-C9-7A-C8-BA-81">
      <FullName>C:\Program Files\dotnet\shared\Microsoft.NETCore.App\2.2.1\System.Reflection.Emit.Lightweight.dll</FullName>
      <ModuleName>System.Reflection.Emit.Lightweight</ModuleName>
      <Classes />
    </Module>
    <Module skippedDueTo="Filter" hash="BA-1E-C6-06-78-44-E6-B5-67-D9-53-DA-A0-A5-C1-2B-DB-79-29-3A">
      <FullName>C:\Program Files\dotnet\shared\Microsoft.NETCore.App\2.2.1\System.Reflection.Primitives.dll</FullName>
      <ModuleName>System.Reflection.Primitives</ModuleName>
      <Classes />
    </Module>
    <Module skippedDueTo="Filter" hash="8D-C7-2A-E7-98-76-73-4F-5E-6B-3C-48-E2-5C-0A-3E-44-CF-07-E6">
      <FullName>C:\Program Files\dotnet\shared\Microsoft.NETCore.App\2.2.1\Microsoft.Win32.Registry.dll</FullName>
      <ModuleName>Microsoft.Win32.Registry</ModuleName>
      <Classes />
    </Module>
    <Module skippedDueTo="Filter" hash="06-7E-65-20-DA-53-DB-B3-D7-2F-44-1D-90-D2-B9-BF-70-A0-D0-86">
      <FullName>C:\Program Files\dotnet\shared\Microsoft.NETCore.App\2.2.1\System.Diagnostics.Tools.dll</FullName>
      <ModuleName>System.Diagnostics.Tools</ModuleName>
      <Classes />
    </Module>
    <Module skippedDueTo="Filter" hash="35-1A-C7-FD-EF-FF-94-5E-AB-99-7F-DB-E9-37-A5-A0-15-0C-1E-51">
      <FullName>C:\Program Files\dotnet\sdk\2.2.103\Microsoft.TemplateEngine.Utils.dll</FullName>
      <ModuleName>Microsoft.TemplateEngine.Utils</ModuleName>
      <Classes />
    </Module>
    <Module skippedDueTo="Filter" hash="8E-DF-1D-F6-B0-6B-1C-DA-34-5B-88-61-C9-2B-76-0D-81-7A-40-55">
      <FullName>C:\Program Files\dotnet\shared\Microsoft.NETCore.App\2.2.1\System.Diagnostics.Debug.dll</FullName>
      <ModuleName>System.Diagnostics.Debug</ModuleName>
      <Classes />
    </Module>
    <Module skippedDueTo="Filter" hash="C8-68-E4-28-51-37-66-F8-FE-BC-61-5F-EE-97-9A-59-10-0A-E0-02">
      <FullName>C:\Program Files\dotnet\shared\Microsoft.NETCore.App\2.2.1\System.Text.Encoding.dll</FullName>
      <ModuleName>System.Text.Encoding</ModuleName>
      <Classes />
    </Module>
    <Module skippedDueTo="Filter" hash="8B-2A-2B-98-8B-4F-83-03-DC-8D-7A-39-A0-3A-C7-66-A8-7E-2C-CA">
      <FullName>C:\Program Files\dotnet\shared\Microsoft.NETCore.App\2.2.1\System.IO.Compression.dll</FullName>
      <ModuleName>System.IO.Compression</ModuleName>
      <Classes />
    </Module>
    <Module skippedDueTo="Filter" hash="12-BB-3F-AF-DA-4F-81-AB-10-38-DC-E7-41-EF-9F-9A-0B-10-F2-1E">
      <FullName>C:\Program Files\dotnet\shared\Microsoft.NETCore.App\2.2.1\System.Net.Http.dll</FullName>
      <ModuleName>System.Net.Http</ModuleName>
      <Classes />
    </Module>
    <Module skippedDueTo="Filter" hash="69-82-49-EC-77-1B-B1-0C-4C-E1-07-86-51-FC-E9-A2-7D-F2-5E-F7">
      <FullName>C:\Program Files\dotnet\shared\Microsoft.NETCore.App\2.2.1\System.Net.Primitives.dll</FullName>
      <ModuleName>System.Net.Primitives</ModuleName>
      <Classes />
    </Module>
    <Module skippedDueTo="Filter" hash="EB-49-A1-B7-3F-B0-26-65-F0-18-44-97-2C-09-BE-1E-D6-94-0D-E4">
      <FullName>C:\Program Files\dotnet\shared\Microsoft.NETCore.App\2.2.1\System.Net.Security.dll</FullName>
      <ModuleName>System.Net.Security</ModuleName>
      <Classes />
    </Module>
    <Module skippedDueTo="Filter" hash="97-EC-5F-12-CB-84-BB-21-82-2C-92-54-D0-D7-D0-09-B9-60-78-63">
      <FullName>C:\Program Files\dotnet\shared\Microsoft.NETCore.App\2.2.1\System.Security.Cryptography.X509Certificates.dll</FullName>
      <ModuleName>System.Security.Cryptography.X509Certificates</ModuleName>
      <Classes />
    </Module>
    <Module skippedDueTo="Filter" hash="9A-AC-27-31-27-5B-C0-19-59-1F-34-75-98-A2-B6-06-71-C0-CC-41">
      <FullName>C:\Program Files\dotnet\shared\Microsoft.NETCore.App\2.2.1\System.Diagnostics.DiagnosticSource.dll</FullName>
      <ModuleName>System.Diagnostics.DiagnosticSource</ModuleName>
      <Classes />
    </Module>
    <Module skippedDueTo="Filter" hash="65-AD-94-65-48-49-D3-EB-B1-B2-7D-69-B5-A6-D5-47-C8-02-A0-F7">
      <FullName>C:\Program Files\dotnet\shared\Microsoft.NETCore.App\2.2.1\Microsoft.Win32.Primitives.dll</FullName>
      <ModuleName>Microsoft.Win32.Primitives</ModuleName>
      <Classes />
    </Module>
    <Module skippedDueTo="Filter" hash="AF-1D-D9-AA-09-1A-F4-F3-4D-F5-12-A6-8B-CB-A1-EC-E6-CF-4D-0C">
      <FullName>C:\Program Files\dotnet\shared\Microsoft.NETCore.App\2.2.1\System.Collections.NonGeneric.dll</FullName>
      <ModuleName>System.Collections.NonGeneric</ModuleName>
      <Classes />
    </Module>
    <Module skippedDueTo="Filter" hash="33-C9-05-7C-F5-36-E3-17-C3-5C-1F-66-60-D0-F0-6B-FA-3C-14-99">
      <FullName>C:\Program Files\dotnet\shared\Microsoft.NETCore.App\2.2.1\System.Threading.Timer.dll</FullName>
      <ModuleName>System.Threading.Timer</ModuleName>
      <Classes />
    </Module>
    <Module skippedDueTo="Filter" hash="A0-38-3B-07-04-B9-EA-E0-CA-E7-5E-97-5F-EF-DD-7F-0E-C8-BF-69">
      <FullName>C:\Program Files\dotnet\sdk\2.2.103\Microsoft.Build.Framework.dll</FullName>
      <ModuleName>Microsoft.Build.Framework</ModuleName>
      <Classes />
    </Module>
    <Module skippedDueTo="Filter" hash="FB-B2-91-AC-94-AA-B6-AC-6B-38-04-F3-8D-B6-63-2F-5B-2A-6B-86">
      <FullName>C:\Program Files\dotnet\shared\Microsoft.NETCore.App\2.2.1\System.Net.NetworkInformation.dll</FullName>
      <ModuleName>System.Net.NetworkInformation</ModuleName>
      <Classes />
    </Module>
    <Module skippedDueTo="Filter" hash="B9-C4-E2-59-3B-F2-34-52-8E-76-A4-56-36-EE-F9-0B-F2-0B-15-3D">
      <FullName>C:\Program Files\dotnet\shared\Microsoft.NETCore.App\2.2.1\System.ComponentModel.Primitives.dll</FullName>
      <ModuleName>System.ComponentModel.Primitives</ModuleName>
      <Classes />
    </Module>
    <Module skippedDueTo="Filter" hash="EA-8F-42-72-6B-A4-29-DE-76-EA-62-61-1A-C7-FC-97-58-72-55-56">
      <FullName>C:\Program Files\dotnet\shared\Microsoft.NETCore.App\2.2.1\System.Net.Sockets.dll</FullName>
      <ModuleName>System.Net.Sockets</ModuleName>
      <Classes />
    </Module>
    <Module skippedDueTo="Filter" hash="55-AE-99-16-3C-79-CB-B9-C7-F9-33-C5-7C-BF-BC-8E-4B-D4-F9-B3">
      <FullName>C:\Program Files\dotnet\shared\Microsoft.NETCore.App\2.2.1\System.Threading.Overlapped.dll</FullName>
      <ModuleName>System.Threading.Overlapped</ModuleName>
      <Classes />
    </Module>
    <Module skippedDueTo="Filter" hash="C3-FA-03-10-D3-F2-78-42-A5-22-75-1F-F3-4E-2D-E6-49-CF-94-B2">
      <FullName>C:\Program Files\dotnet\shared\Microsoft.NETCore.App\2.2.1\System.Net.NameResolution.dll</FullName>
      <ModuleName>System.Net.NameResolution</ModuleName>
      <Classes />
    </Module>
    <Module skippedDueTo="Filter" hash="0F-DE-74-D5-C9-70-94-BC-64-99-4A-DB-A0-E2-40-03-3F-87-FB-FA">
      <FullName>C:\Program Files\dotnet\shared\Microsoft.NETCore.App\2.2.1\System.Security.Principal.Windows.dll</FullName>
      <ModuleName>System.Security.Principal.Windows</ModuleName>
      <Classes />
    </Module>
    <Module skippedDueTo="Filter" hash="65-59-B2-FA-CB-BF-8A-FE-EB-FA-C5-1B-73-76-88-68-19-B1-7C-67">
      <FullName>C:\Program Files\dotnet\shared\Microsoft.NETCore.App\2.2.1\System.Security.Claims.dll</FullName>
      <ModuleName>System.Security.Claims</ModuleName>
      <Classes />
    </Module>
    <Module skippedDueTo="Filter" hash="E4-39-FF-1B-EA-9C-FD-49-A2-82-E0-F8-41-FB-06-9B-B5-4D-56-6A">
      <FullName>C:\Program Files\dotnet\shared\Microsoft.NETCore.App\2.2.1\System.Security.Principal.dll</FullName>
      <ModuleName>System.Security.Principal</ModuleName>
      <Classes />
    </Module>
    <Module skippedDueTo="Filter" hash="55-B2-27-2A-02-73-D2-7B-08-AD-25-E6-7E-6C-73-0D-88-60-56-A7">
      <FullName>C:\Program Files\dotnet\shared\Microsoft.NETCore.App\2.2.1\System.Security.Cryptography.Encoding.dll</FullName>
      <ModuleName>System.Security.Cryptography.Encoding</ModuleName>
      <Classes />
    </Module>
    <Module skippedDueTo="Filter" hash="D0-E3-EB-62-89-BF-DD-84-5E-03-19-61-22-D3-5E-C3-5F-81-55-CD">
      <FullName>C:\Program Files\dotnet\shared\Microsoft.NETCore.App\2.2.1\System.Threading.ThreadPool.dll</FullName>
      <ModuleName>System.Threading.ThreadPool</ModuleName>
      <Classes />
    </Module>
    <Module skippedDueTo="Filter" hash="0A-60-0F-1A-B2-BF-7E-E6-5A-66-3B-A1-6B-4F-EE-1D-6A-30-91-8B">
      <FullName>C:\Program Files\dotnet\shared\Microsoft.NETCore.App\2.2.1\System.Private.CoreLib.dll</FullName>
      <ModuleName>System.Private.CoreLib</ModuleName>
      <Classes />
    </Module>
    <Module skippedDueTo="Filter" hash="AB-C5-F9-89-E6-32-62-73-48-91-1C-5A-A3-D8-E5-51-78-A2-6B-AD">
      <FullName>C:\Program Files\dotnet\sdk\2.2.103\MSBuild.dll</FullName>
      <ModuleName>MSBuild</ModuleName>
      <Classes />
    </Module>
    <Module skippedDueTo="Filter" hash="65-AC-04-69-F4-DE-56-A1-6C-9A-4E-D5-FD-1B-CA-22-EA-08-DD-D2">
      <FullName>C:\Program Files\dotnet\shared\Microsoft.NETCore.App\2.2.1\System.Runtime.dll</FullName>
      <ModuleName>System.Runtime</ModuleName>
      <Classes />
    </Module>
    <Module skippedDueTo="Filter" hash="13-99-77-53-EA-03-4B-C2-B3-31-A3-8D-F5-07-A6-65-CE-BA-BC-7D">
      <FullName>C:\Program Files\dotnet\shared\Microsoft.NETCore.App\2.2.1\System.Runtime.Extensions.dll</FullName>
      <ModuleName>System.Runtime.Extensions</ModuleName>
      <Classes />
    </Module>
    <Module skippedDueTo="Filter" hash="BF-15-8A-55-E6-B0-F2-A5-9B-39-43-9D-9A-BE-42-7C-D1-A4-3A-4E">
      <FullName>C:\Program Files\dotnet\shared\Microsoft.NETCore.App\2.2.1\System.Threading.dll</FullName>
      <ModuleName>System.Threading</ModuleName>
      <Classes />
    </Module>
    <Module skippedDueTo="Filter" hash="7C-B8-67-05-60-55-60-51-D3-15-F2-AE-62-0A-46-C8-A2-57-03-D3">
      <FullName>C:\Program Files\dotnet\shared\Microsoft.NETCore.App\2.2.1\System.Runtime.InteropServices.RuntimeInformation.dll</FullName>
      <ModuleName>System.Runtime.InteropServices.RuntimeInformation</ModuleName>
      <Classes />
    </Module>
    <Module skippedDueTo="Filter" hash="66-8A-49-48-58-41-51-CC-9D-F2-90-0F-7B-53-2E-41-6C-D6-F5-1E">
      <FullName>C:\Program Files\dotnet\shared\Microsoft.NETCore.App\2.2.1\System.Linq.dll</FullName>
      <ModuleName>System.Linq</ModuleName>
      <Classes />
    </Module>
    <Module skippedDueTo="Filter" hash="DE-7D-B8-6A-53-47-6B-C3-26-4A-2A-60-CC-B0-D3-D1-0F-D0-60-6B">
      <FullName>C:\Program Files\dotnet\shared\Microsoft.NETCore.App\2.2.1\System.Text.RegularExpressions.dll</FullName>
      <ModuleName>System.Text.RegularExpressions</ModuleName>
      <Classes />
    </Module>
    <Module skippedDueTo="Filter" hash="28-B8-86-93-73-A3-C1-FD-7B-88-20-2E-8E-15-7A-27-84-AE-35-CE">
      <FullName>C:\Program Files\dotnet\shared\Microsoft.NETCore.App\2.2.1\System.Collections.dll</FullName>
      <ModuleName>System.Collections</ModuleName>
      <Classes />
    </Module>
    <Module skippedDueTo="Filter" hash="BA-5F-84-78-7B-58-24-9F-05-56-4F-AB-AC-F4-BA-15-5C-9C-8B-CF">
      <FullName>C:\Program Files\dotnet\shared\Microsoft.NETCore.App\2.2.1\System.Buffers.dll</FullName>
      <ModuleName>System.Buffers</ModuleName>
      <Classes />
    </Module>
    <Module skippedDueTo="Filter" hash="AE-4C-24-02-49-C5-9B-49-F4-59-EC-9F-71-9F-9E-2E-17-7B-FA-98">
      <FullName>C:\Program Files\dotnet\shared\Microsoft.NETCore.App\2.2.1\System.IO.FileSystem.dll</FullName>
      <ModuleName>System.IO.FileSystem</ModuleName>
      <Classes />
    </Module>
    <Module skippedDueTo="Filter" hash="F3-DA-DD-7B-50-40-E0-80-6C-20-50-A9-46-36-34-99-1F-8E-18-95">
      <FullName>C:\Program Files\dotnet\shared\Microsoft.NETCore.App\2.2.1\System.Memory.dll</FullName>
      <ModuleName>System.Memory</ModuleName>
      <Classes />
    </Module>
    <Module skippedDueTo="Filter" hash="D6-A0-8F-50-E7-2C-69-C6-C2-52-8B-7D-D8-D1-9C-E3-59-F4-E1-DB">
      <FullName>C:\Program Files\dotnet\shared\Microsoft.NETCore.App\2.2.1\System.Runtime.InteropServices.dll</FullName>
      <ModuleName>System.Runtime.InteropServices</ModuleName>
      <Classes />
    </Module>
    <Module skippedDueTo="Filter" hash="83-64-44-A6-64-EB-27-D0-AD-81-8E-E2-3A-CA-AA-59-03-B2-5A-8F">
      <FullName>C:\Program Files\dotnet\shared\Microsoft.NETCore.App\2.2.1\System.Console.dll</FullName>
      <ModuleName>System.Console</ModuleName>
      <Classes />
    </Module>
    <Module skippedDueTo="Filter" hash="6C-B6-95-9D-23-E2-61-08-96-4F-D7-8B-8D-F1-80-F1-A4-2F-6A-91">
      <FullName>C:\Program Files\dotnet\shared\Microsoft.NETCore.App\2.2.1\System.Diagnostics.Process.dll</FullName>
      <ModuleName>System.Diagnostics.Process</ModuleName>
      <Classes />
    </Module>
    <Module skippedDueTo="Filter" hash="B9-C4-E2-59-3B-F2-34-52-8E-76-A4-56-36-EE-F9-0B-F2-0B-15-3D">
      <FullName>C:\Program Files\dotnet\shared\Microsoft.NETCore.App\2.2.1\System.ComponentModel.Primitives.dll</FullName>
      <ModuleName>System.ComponentModel.Primitives</ModuleName>
      <Classes />
    </Module>
    <Module skippedDueTo="Filter" hash="A0-38-3B-07-04-B9-EA-E0-CA-E7-5E-97-5F-EF-DD-7F-0E-C8-BF-69">
      <FullName>C:\Program Files\dotnet\sdk\2.2.103\Microsoft.Build.Framework.dll</FullName>
      <ModuleName>Microsoft.Build.Framework</ModuleName>
      <Classes />
    </Module>
    <Module skippedDueTo="Filter" hash="00-E6-B6-43-DD-34-02-12-2C-95-C1-E7-75-49-CD-BE-29-38-49-1E">
      <FullName>C:\Program Files\dotnet\shared\Microsoft.NETCore.App\2.2.1\netstandard.dll</FullName>
      <ModuleName>netstandard</ModuleName>
      <Classes />
    </Module>
    <Module skippedDueTo="Filter" hash="63-BB-E6-8C-DA-B8-39-AA-CA-7C-CA-26-ED-ED-C3-30-0A-E2-01-91">
      <FullName>C:\Program Files\dotnet\sdk\2.2.103\Microsoft.Build.dll</FullName>
      <ModuleName>Microsoft.Build</ModuleName>
      <Classes />
    </Module>
    <Module skippedDueTo="Filter" hash="68-BA-7D-74-81-92-A6-86-E1-18-6A-D3-C2-59-D0-7A-0E-44-79-70">
      <FullName>C:\Program Files\dotnet\sdk\2.2.103\runtimes\win\lib\netcoreapp2.0\System.Text.Encoding.CodePages.dll</FullName>
      <ModuleName>System.Text.Encoding.CodePages</ModuleName>
      <Classes />
    </Module>
    <Module skippedDueTo="Filter" hash="C1-B9-DD-E1-4D-A5-D3-42-A3-CE-4C-61-BA-98-05-EA-A5-77-48-B7">
      <FullName>C:\Program Files\dotnet\shared\Microsoft.NETCore.App\2.2.1\System.Collections.Concurrent.dll</FullName>
      <ModuleName>System.Collections.Concurrent</ModuleName>
      <Classes />
    </Module>
    <Module skippedDueTo="Filter" hash="14-76-1A-EE-F5-5D-00-48-40-11-C1-AD-F9-5B-8A-CE-4E-48-8C-C6">
      <FullName>C:\Program Files\dotnet\sdk\2.2.103\dotnet.dll</FullName>
      <ModuleName>dotnet</ModuleName>
      <Classes />
    </Module>
    <Module skippedDueTo="Filter" hash="19-4E-CC-EA-8E-BF-CB-66-B3-33-B1-60-5B-E3-24-26-F5-04-53-CA">
      <FullName>C:\Program Files\dotnet\sdk\2.2.103\Microsoft.DotNet.Tools.MigrateCommand.dll</FullName>
      <ModuleName>Microsoft.DotNet.Tools.MigrateCommand</ModuleName>
      <Classes />
    </Module>
    <Module skippedDueTo="Filter" hash="6E-F5-93-4A-73-77-60-55-B0-26-AF-54-C6-12-B8-60-A1-B9-5A-8A">
      <FullName>C:\Program Files\dotnet\sdk\2.2.103\Microsoft.DotNet.Configurer.dll</FullName>
      <ModuleName>Microsoft.DotNet.Configurer</ModuleName>
      <Classes />
    </Module>
    <Module skippedDueTo="Filter" hash="5C-BD-81-5B-9E-96-E6-EE-60-3C-90-73-14-3E-21-46-25-B7-95-15">
      <FullName>C:\Program Files\dotnet\sdk\2.2.103\Microsoft.DotNet.Cli.Utils.dll</FullName>
      <ModuleName>Microsoft.DotNet.Cli.Utils</ModuleName>
      <Classes />
    </Module>
    <Module skippedDueTo="Filter" hash="AA-71-2A-5A-60-62-09-06-AB-B9-9E-30-B9-44-30-86-41-55-D1-20">
      <FullName>C:\Program Files\dotnet\sdk\2.2.103\NuGet.Frameworks.dll</FullName>
      <ModuleName>NuGet.Frameworks</ModuleName>
      <Classes />
    </Module>
    <Module skippedDueTo="Filter" hash="03-15-54-67-75-14-2D-26-18-CB-EC-D0-B0-67-37-D9-D4-D9-69-29">
      <FullName>C:\Program Files\dotnet\sdk\2.2.103\Microsoft.DotNet.InternalAbstractions.dll</FullName>
      <ModuleName>Microsoft.DotNet.InternalAbstractions</ModuleName>
      <Classes />
    </Module>
    <Module skippedDueTo="Filter" hash="8E-0E-0B-C1-F7-83-D9-1F-CC-4F-BE-04-E4-06-DF-81-6F-AD-6E-64">
      <FullName>C:\Program Files\dotnet\shared\Microsoft.NETCore.App\2.2.1\System.IO.FileSystem.Primitives.dll</FullName>
      <ModuleName>System.IO.FileSystem.Primitives</ModuleName>
      <Classes />
    </Module>
    <Module skippedDueTo="Filter" hash="A7-5A-79-9D-31-BB-24-38-A6-C1-18-BD-EA-D7-F6-5C-46-76-25-6B">
      <FullName>C:\Program Files\dotnet\sdk\2.2.103\Microsoft.ApplicationInsights.dll</FullName>
      <ModuleName>Microsoft.ApplicationInsights</ModuleName>
      <Classes />
    </Module>
    <Module skippedDueTo="Filter" hash="01-61-F1-A8-6F-90-42-37-00-83-C8-59-39-B8-48-30-6D-A4-A4-FF">
      <FullName>C:\Program Files\dotnet\sdk\2.2.103\Microsoft.DotNet.PlatformAbstractions.dll</FullName>
      <ModuleName>Microsoft.DotNet.PlatformAbstractions</ModuleName>
      <Classes />
    </Module>
    <Module skippedDueTo="Filter" hash="60-9C-E5-29-EA-B4-83-AF-38-56-0B-F3-63-0C-0B-94-4D-15-85-FD">
      <FullName>C:\Program Files\dotnet\shared\Microsoft.NETCore.App\2.2.1\System.Text.Encoding.Extensions.dll</FullName>
      <ModuleName>System.Text.Encoding.Extensions</ModuleName>
      <Classes />
    </Module>
    <Module skippedDueTo="Filter" hash="E6-48-7B-0B-D1-FA-22-17-AC-CC-95-AA-CA-1E-DE-A0-32-AD-49-E0">
      <FullName>C:\Program Files\dotnet\shared\Microsoft.NETCore.App\2.2.1\System.Reflection.Extensions.dll</FullName>
      <ModuleName>System.Reflection.Extensions</ModuleName>
      <Classes />
    </Module>
    <Module skippedDueTo="Filter" hash="56-91-F0-B1-3A-40-D9-F6-0A-98-CD-AE-7B-77-D9-97-9E-16-95-21">
      <FullName>C:\Program Files\dotnet\shared\Microsoft.NETCore.App\2.2.1\System.Reflection.dll</FullName>
      <ModuleName>System.Reflection</ModuleName>
      <Classes />
    </Module>
    <Module skippedDueTo="Filter" hash="A6-B5-56-17-1B-68-00-B2-D4-BC-C6-E6-FB-3C-6F-B4-E0-31-02-23">
      <FullName>C:\Program Files\dotnet\shared\Microsoft.NETCore.App\2.2.1\System.Xml.XDocument.dll</FullName>
      <ModuleName>System.Xml.XDocument</ModuleName>
      <Classes />
    </Module>
    <Module skippedDueTo="Filter" hash="15-B6-8D-2F-40-B3-C9-6D-12-7F-0D-F2-96-C1-FA-A1-B0-D6-93-4D">
      <FullName>C:\Program Files\dotnet\shared\Microsoft.NETCore.App\2.2.1\System.Private.Xml.Linq.dll</FullName>
      <ModuleName>System.Private.Xml.Linq</ModuleName>
      <Classes />
    </Module>
    <Module skippedDueTo="Filter" hash="BF-EE-00-02-46-BA-46-B9-5C-CD-EB-E9-48-50-BE-C6-26-87-41-3F">
      <FullName>C:\Program Files\dotnet\shared\Microsoft.NETCore.App\2.2.1\System.Private.Xml.dll</FullName>
      <ModuleName>System.Private.Xml</ModuleName>
      <Classes />
    </Module>
    <Module skippedDueTo="Filter" hash="B5-69-D5-12-D1-82-DB-32-71-B7-CD-82-E5-A4-47-C0-42-00-8B-7A">
      <FullName>C:\Program Files\dotnet\shared\Microsoft.NETCore.App\2.2.1\System.Xml.ReaderWriter.dll</FullName>
      <ModuleName>System.Xml.ReaderWriter</ModuleName>
      <Classes />
    </Module>
    <Module skippedDueTo="Filter" hash="66-8C-59-CB-18-C0-50-B0-F2-C2-BB-77-9D-7F-43-6A-A5-04-4B-48">
      <FullName>C:\Program Files\dotnet\shared\Microsoft.NETCore.App\2.2.1\System.Diagnostics.Tracing.dll</FullName>
      <ModuleName>System.Diagnostics.Tracing</ModuleName>
      <Classes />
    </Module>
    <Module skippedDueTo="Filter" hash="EA-85-85-9B-28-6F-2B-6B-96-B7-CF-C5-F7-BC-51-BC-A9-74-17-59">
      <FullName>C:\Program Files\dotnet\shared\Microsoft.NETCore.App\2.2.1\System.Private.Uri.dll</FullName>
      <ModuleName>System.Private.Uri</ModuleName>
      <Classes />
    </Module>
    <Module skippedDueTo="Filter" hash="A6-A8-FD-11-C0-DC-D6-9C-52-E2-87-88-71-36-E7-E9-E7-E3-CF-39">
      <FullName>C:\Program Files\dotnet\shared\Microsoft.NETCore.App\2.2.1\System.Threading.Tasks.dll</FullName>
      <ModuleName>System.Threading.Tasks</ModuleName>
      <Classes />
    </Module>
    <Module skippedDueTo="Filter" hash="07-0E-A6-AD-2F-57-46-59-D7-CE-99-98-24-6F-6F-06-FC-33-78-E6">
      <FullName>C:\Program Files\dotnet\shared\Microsoft.NETCore.App\2.2.1\System.Globalization.dll</FullName>
      <ModuleName>System.Globalization</ModuleName>
      <Classes />
    </Module>
    <Module skippedDueTo="Filter" hash="06-4F-B4-33-AD-AF-E7-8A-CE-26-88-8E-57-86-C8-E7-08-6D-E4-3B">
      <FullName>C:\Program Files\dotnet\shared\Microsoft.NETCore.App\2.2.1\System.Threading.Tasks.Dataflow.dll</FullName>
      <ModuleName>System.Threading.Tasks.Dataflow</ModuleName>
      <Classes />
    </Module>
    <Module skippedDueTo="Filter" hash="DF-4D-2C-C0-27-CE-E1-D3-7B-6A-CE-48-56-6F-32-1E-E6-DC-68-41">
      <FullName>C:\Program Files\dotnet\shared\Microsoft.NETCore.App\2.2.1\System.Security.Cryptography.Algorithms.dll</FullName>
      <ModuleName>System.Security.Cryptography.Algorithms</ModuleName>
      <Classes />
    </Module>
    <Module skippedDueTo="Filter" hash="F0-18-48-24-BC-21-8B-DC-B2-1A-7C-EA-DA-AC-B7-21-15-98-A0-97">
      <FullName>C:\Program Files\dotnet\shared\Microsoft.NETCore.App\2.2.1\System.Security.Cryptography.Primitives.dll</FullName>
      <ModuleName>System.Security.Cryptography.Primitives</ModuleName>
      <Classes />
    </Module>
    <Module skippedDueTo="Filter" hash="8D-C7-2A-E7-98-76-73-4F-5E-6B-3C-48-E2-5C-0A-3E-44-CF-07-E6">
      <FullName>C:\Program Files\dotnet\shared\Microsoft.NETCore.App\2.2.1\Microsoft.Win32.Registry.dll</FullName>
      <ModuleName>Microsoft.Win32.Registry</ModuleName>
      <Classes />
    </Module>
    <Module skippedDueTo="Filter" hash="6D-41-8E-6C-7F-48-A8-99-38-66-80-E7-BD-08-7F-6A-2F-C0-58-6A">
      <FullName>C:\Program Files\dotnet\shared\Microsoft.NETCore.App\2.2.1\System.Resources.ResourceManager.dll</FullName>
      <ModuleName>System.Resources.ResourceManager</ModuleName>
      <Classes />
    </Module>
    <Module skippedDueTo="Filter" hash="0A-3F-BC-B3-9E-23-44-A0-00-C7-FF-A4-10-96-28-11-4B-8D-87-5D">
      <FullName>C:\Program Files\dotnet\shared\Microsoft.NETCore.App\2.2.1\System.ObjectModel.dll</FullName>
      <ModuleName>System.ObjectModel</ModuleName>
      <Classes />
    </Module>
    <Module skippedDueTo="Filter" hash="9E-CF-AC-80-17-0F-E6-4F-65-7B-73-FC-7F-38-3B-CB-CD-01-14-4D">
      <FullName>C:\Program Files\dotnet\shared\Microsoft.NETCore.App\2.2.1\System.Threading.Thread.dll</FullName>
      <ModuleName>System.Threading.Thread</ModuleName>
      <Classes />
    </Module>
    <Module skippedDueTo="Filter" hash="D5-DE-B4-88-5C-A4-C9-DC-CD-DA-86-AA-2A-52-D3-90-EF-1A-78-6B">
      <FullName>C:\Program Files\dotnet\shared\Microsoft.NETCore.App\2.2.1\System.Diagnostics.TraceSource.dll</FullName>
      <ModuleName>System.Diagnostics.TraceSource</ModuleName>
      <Classes />
    </Module>
    <Module skippedDueTo="Filter" hash="3A-C9-E2-51-5D-42-E6-A5-E6-06-3F-62-A6-84-1D-9C-B5-D4-35-BE">
      <FullName>C:\Program Files\dotnet\shared\Microsoft.NETCore.App\2.2.1\System.Collections.Immutable.dll</FullName>
      <ModuleName>System.Collections.Immutable</ModuleName>
      <Classes />
    </Module>
    <Module skippedDueTo="Filter" hash="B7-57-2E-C3-36-B4-BD-20-F1-A0-8B-55-C6-0E-16-44-0C-6E-AD-AE">
      <FullName>C:\Program Files\dotnet\shared\Microsoft.NETCore.App\2.2.1\System.Runtime.Serialization.Xml.dll</FullName>
      <ModuleName>System.Runtime.Serialization.Xml</ModuleName>
      <Classes />
    </Module>
    <Module skippedDueTo="Filter" hash="B4-3C-1C-9E-16-FA-FA-27-27-C6-53-A1-BB-E5-0D-FF-1E-17-65-8A">
      <FullName>C:\Program Files\dotnet\shared\Microsoft.NETCore.App\2.2.1\System.Private.DataContractSerialization.dll</FullName>
      <ModuleName>System.Private.DataContractSerialization</ModuleName>
      <Classes />
    </Module>
    <Module skippedDueTo="Filter" hash="64-5D-09-C9-34-06-8C-B0-C7-30-45-4F-F3-7D-7A-26-DF-FC-C5-BB">
      <FullName>C:\Program Files\dotnet\shared\Microsoft.NETCore.App\2.2.1\System.Runtime.Serialization.Primitives.dll</FullName>
      <ModuleName>System.Runtime.Serialization.Primitives</ModuleName>
      <Classes />
    </Module>
    <Module skippedDueTo="Filter" hash="42-21-E3-74-56-3F-19-42-FD-AD-91-0B-4C-6A-3A-D1-DE-76-F8-19">
      <FullName>C:\Program Files\dotnet\shared\Microsoft.NETCore.App\2.2.1\System.Reflection.Emit.ILGeneration.dll</FullName>
      <ModuleName>System.Reflection.Emit.ILGeneration</ModuleName>
      <Classes />
    </Module>
    <Module skippedDueTo="Filter" hash="1A-04-E0-EB-75-27-FA-89-84-F0-B5-36-C1-B0-7B-C9-7A-C8-BA-81">
      <FullName>C:\Program Files\dotnet\shared\Microsoft.NETCore.App\2.2.1\System.Reflection.Emit.Lightweight.dll</FullName>
      <ModuleName>System.Reflection.Emit.Lightweight</ModuleName>
      <Classes />
    </Module>
    <Module skippedDueTo="Filter" hash="BA-1E-C6-06-78-44-E6-B5-67-D9-53-DA-A0-A5-C1-2B-DB-79-29-3A">
      <FullName>C:\Program Files\dotnet\shared\Microsoft.NETCore.App\2.2.1\System.Reflection.Primitives.dll</FullName>
      <ModuleName>System.Reflection.Primitives</ModuleName>
      <Classes />
    </Module>
    <Module skippedDueTo="Filter" hash="BB-97-F1-71-C0-E5-2A-A9-6B-4D-22-B1-71-D7-84-8B-BF-51-8B-B0">
      <FullName>C:\Program Files\dotnet\shared\Microsoft.NETCore.App\2.2.1\System.Runtime.Serialization.Formatters.dll</FullName>
      <ModuleName>System.Runtime.Serialization.Formatters</ModuleName>
      <Classes />
    </Module>
    <Module skippedDueTo="Filter" hash="83-A2-3E-6A-CB-5B-61-67-4B-A5-EC-54-A6-09-61-49-60-7B-6F-38">
      <FullName>C:\Program Files\dotnet\shared\Microsoft.NETCore.App\2.2.1\System.Runtime.Loader.dll</FullName>
      <ModuleName>System.Runtime.Loader</ModuleName>
      <Classes />
    </Module>
    <Module skippedDueTo="Filter" hash="DE-95-63-14-A0-B5-F9-25-0F-F1-D5-43-3D-0B-D9-3B-76-90-A1-2A">
      <FullName>C:\Program Files\dotnet\sdk\2.2.103\Microsoft.Build.NuGetSdkResolver.dll</FullName>
      <ModuleName>Microsoft.Build.NuGetSdkResolver</ModuleName>
      <Classes />
    </Module>
    <Module skippedDueTo="Filter" hash="2F-91-88-C0-B3-1B-00-06-83-88-FF-C4-88-54-1D-5F-CC-75-71-E6">
      <FullName>C:\Program Files\dotnet\shared\Microsoft.NETCore.App\2.2.1\System.Diagnostics.FileVersionInfo.dll</FullName>
      <ModuleName>System.Diagnostics.FileVersionInfo</ModuleName>
      <Classes />
    </Module>
    <Module skippedDueTo="Filter" hash="55-C3-48-CA-8A-33-E0-E2-CB-6D-C3-85-53-C0-4F-7A-A5-F0-4E-81">
      <FullName>C:\Program Files\dotnet\shared\Microsoft.NETCore.App\2.2.1\System.Threading.Tasks.Parallel.dll</FullName>
      <ModuleName>System.Threading.Tasks.Parallel</ModuleName>
      <Classes />
    </Module>
    <Module skippedDueTo="Filter" hash="44-20-CE-01-65-3A-47-06-61-10-5C-17-07-34-88-3C-E5-E3-31-7F">
      <FullName>C:\Program Files\dotnet\sdk\2.2.103\Microsoft.Build.Utilities.Core.dll</FullName>
      <ModuleName>Microsoft.Build.Utilities.Core</ModuleName>
      <Classes />
    </Module>
    <Module skippedDueTo="Filter" hash="98-32-85-44-EC-B2-CE-8E-0E-37-FE-7C-36-55-3C-1A-51-1B-A2-B8">
      <FullName>C:\Program Files\dotnet\sdk\2.2.103\Microsoft.Build.Tasks.Core.dll</FullName>
      <ModuleName>Microsoft.Build.Tasks.Core</ModuleName>
      <Classes />
    </Module>
    <Module skippedDueTo="Filter" hash="D0-E3-EB-62-89-BF-DD-84-5E-03-19-61-22-D3-5E-C3-5F-81-55-CD">
      <FullName>C:\Program Files\dotnet\shared\Microsoft.NETCore.App\2.2.1\System.Threading.ThreadPool.dll</FullName>
      <ModuleName>System.Threading.ThreadPool</ModuleName>
      <Classes />
    </Module>
    <Module skippedDueTo="Filter" hash="D0-1D-02-F8-5B-F4-6C-E7-A2-14-96-80-F8-1D-35-F8-9B-23-D5-31">
      <FullName>C:\Program Files\dotnet\sdk\2.2.103\NuGet.Build.Tasks.dll</FullName>
      <ModuleName>NuGet.Build.Tasks</ModuleName>
      <Classes />
    </Module>
    <Module skippedDueTo="Filter" hash="9E-7B-13-92-CF-12-CD-61-8C-23-D8-F2-3B-01-58-60-2C-77-02-76">
      <FullName>C:\Program Files\dotnet\sdk\2.2.103\NuGet.Commands.dll</FullName>
      <ModuleName>NuGet.Commands</ModuleName>
      <Classes />
    </Module>
    <Module skippedDueTo="Filter" hash="82-10-93-C7-12-13-8C-93-04-C5-B9-1A-B5-DB-6B-F2-EE-19-19-FF">
      <FullName>C:\Program Files\dotnet\sdk\2.2.103\NuGet.Common.dll</FullName>
      <ModuleName>NuGet.Common</ModuleName>
      <Classes />
    </Module>
    <Module skippedDueTo="Filter" hash="AF-1D-D9-AA-09-1A-F4-F3-4D-F5-12-A6-8B-CB-A1-EC-E6-CF-4D-0C">
      <FullName>C:\Program Files\dotnet\shared\Microsoft.NETCore.App\2.2.1\System.Collections.NonGeneric.dll</FullName>
      <ModuleName>System.Collections.NonGeneric</ModuleName>
      <Classes />
    </Module>
    <Module skippedDueTo="Filter" hash="65-AD-94-65-48-49-D3-EB-B1-B2-7D-69-B5-A6-D5-47-C8-02-A0-F7">
      <FullName>C:\Program Files\dotnet\shared\Microsoft.NETCore.App\2.2.1\Microsoft.Win32.Primitives.dll</FullName>
      <ModuleName>Microsoft.Win32.Primitives</ModuleName>
      <Classes />
    </Module>
    <Module skippedDueTo="Filter" hash="59-7A-D0-2F-BE-59-8A-2F-28-D4-62-4A-F9-BE-6C-BB-EA-5D-E2-1E">
      <FullName>C:\Program Files\dotnet\shared\Microsoft.NETCore.App\2.2.1\System.ComponentModel.dll</FullName>
      <ModuleName>System.ComponentModel</ModuleName>
      <Classes />
    </Module>
    <Module skippedDueTo="Filter" hash="69-82-49-EC-77-1B-B1-0C-4C-E1-07-86-51-FC-E9-A2-7D-F2-5E-F7">
      <FullName>C:\Program Files\dotnet\shared\Microsoft.NETCore.App\2.2.1\System.Net.Primitives.dll</FullName>
      <ModuleName>System.Net.Primitives</ModuleName>
      <Classes />
    </Module>
    <Module skippedDueTo="Filter" hash="A8-02-A0-FB-E2-C9-C3-CB-CB-F1-CF-D5-0A-EA-D6-B9-32-7B-C3-3A">
      <FullName>C:\Program Files\dotnet\sdk\2.2.103\NuGet.Configuration.dll</FullName>
      <ModuleName>NuGet.Configuration</ModuleName>
      <Classes />
    </Module>
    <Module skippedDueTo="Filter" hash="0D-93-D5-8A-78-6F-A9-23-E0-85-70-1E-B0-90-44-7D-05-C4-27-7E">
      <FullName>C:\Program Files\dotnet\shared\Microsoft.NETCore.App\2.2.1\System.IO.dll</FullName>
      <ModuleName>System.IO</ModuleName>
      <Classes />
    </Module>
    <Module skippedDueTo="Filter" hash="C8-68-E4-28-51-37-66-F8-FE-BC-61-5F-EE-97-9A-59-10-0A-E0-02">
      <FullName>C:\Program Files\dotnet\shared\Microsoft.NETCore.App\2.2.1\System.Text.Encoding.dll</FullName>
      <ModuleName>System.Text.Encoding</ModuleName>
      <Classes />
    </Module>
    <Module skippedDueTo="Filter" hash="C9-F1-08-8E-D8-A6-F0-AC-C1-04-38-CE-FF-1B-EC-EB-F3-CB-8D-A6">
      <FullName>C:\Program Files\dotnet\sdk\2.2.103\NuGet.ProjectModel.dll</FullName>
      <ModuleName>NuGet.ProjectModel</ModuleName>
      <Classes />
    </Module>
    <Module skippedDueTo="Filter" hash="46-0E-9B-B5-50-2D-CB-2E-00-C3-3E-20-E8-21-9A-79-2B-15-F9-AD">
      <FullName>C:\Program Files\dotnet\sdk\2.2.103\NuGet.Versioning.dll</FullName>
      <ModuleName>NuGet.Versioning</ModuleName>
      <Classes />
    </Module>
    <Module skippedDueTo="Filter" hash="2D-8B-FE-D0-57-57-2E-BD-0A-D4-BA-03-18-7A-47-77-5C-4A-95-B0">
      <FullName>C:\Program Files\dotnet\sdk\2.2.103\Sdks\Microsoft.NET.Sdk\targets\..\tools\netcoreapp2.0/Microsoft.NET.Build.Tasks.dll</FullName>
      <ModuleName>Microsoft.NET.Build.Tasks</ModuleName>
      <Classes />
    </Module>
    <Module skippedDueTo="Filter" hash="B1-54-9F-9F-2F-4E-37-6D-F4-D2-E8-82-3A-16-8F-25-33-C4-74-60">
      <FullName>C:\Program Files\dotnet\sdk\2.2.103\NuGet.Protocol.dll</FullName>
      <ModuleName>NuGet.Protocol</ModuleName>
      <Classes />
    </Module>
    <Module skippedDueTo="Filter" hash="62-02-6B-6B-FF-96-26-E1-68-5C-38-E5-B4-34-FA-A3-5A-E4-39-70">
      <FullName>C:\Program Files\dotnet\sdk\2.2.103\NuGet.Packaging.dll</FullName>
      <ModuleName>NuGet.Packaging</ModuleName>
      <Classes />
    </Module>
    <Module skippedDueTo="Filter" hash="66-68-FA-02-27-81-28-71-DF-EA-32-24-7E-D9-75-88-8A-32-ED-F3">
      <FullName>C:\Program Files\dotnet\sdk\2.2.103\NuGet.Credentials.dll</FullName>
      <ModuleName>NuGet.Credentials</ModuleName>
      <Classes />
    </Module>
    <Module skippedDueTo="Filter" hash="EF-B9-44-78-6A-88-91-30-34-14-10-93-3B-A5-5F-28-4F-17-AB-DD">
      <FullName>C:\Program Files\dotnet\sdk\2.2.103\NuGet.DependencyResolver.Core.dll</FullName>
      <ModuleName>NuGet.DependencyResolver.Core</ModuleName>
      <Classes />
    </Module>
    <Module skippedDueTo="Filter" hash="23-E3-8B-8E-D4-D7-2D-64-F6-15-AC-D3-3A-D9-05-EE-59-39-35-56">
      <FullName>C:\Program Files\dotnet\sdk\2.2.103\NuGet.Packaging.Core.dll</FullName>
      <ModuleName>NuGet.Packaging.Core</ModuleName>
      <Classes />
    </Module>
    <Module skippedDueTo="Filter" hash="92-9E-83-75-60-7D-8C-05-54-72-F3-EE-69-2C-C2-AB-24-4C-A5-CA">
      <FullName>C:\Program Files\dotnet\sdk\2.2.103\Newtonsoft.Json.dll</FullName>
      <ModuleName>Newtonsoft.Json</ModuleName>
      <Classes />
    </Module>
    <Module skippedDueTo="Filter" hash="C3-D9-40-16-E4-F2-FA-76-39-38-31-F0-EE-18-24-2E-EA-B0-F1-08">
      <FullName>C:\Program Files\dotnet\shared\Microsoft.NETCore.App\2.2.1\System.Dynamic.Runtime.dll</FullName>
      <ModuleName>System.Dynamic.Runtime</ModuleName>
      <Classes />
    </Module>
    <Module skippedDueTo="Filter" hash="D7-EF-C1-03-B5-08-C1-63-B2-2B-38-71-CE-33-94-98-8A-CB-88-90">
      <FullName>C:\Program Files\dotnet\shared\Microsoft.NETCore.App\2.2.1\System.Linq.Expressions.dll</FullName>
      <ModuleName>System.Linq.Expressions</ModuleName>
      <Classes />
    </Module>
    <Module skippedDueTo="Filter" hash="80-F1-5A-0D-2D-9E-38-24-F5-59-BF-8E-20-73-BC-0E-68-E4-DC-72">
      <FullName>C:\Program Files\dotnet\sdk\2.2.103\NuGet.LibraryModel.dll</FullName>
      <ModuleName>NuGet.LibraryModel</ModuleName>
      <Classes />
    </Module>
    <Module skippedDueTo="Filter" hash="D2-61-E7-39-B8-3C-01-D3-7E-EC-B4-A4-E0-A2-63-0F-AE-BA-8B-DA">
      <FullName>C:\Program Files\dotnet\shared\Microsoft.NETCore.App\2.2.1\System.Runtime.Numerics.dll</FullName>
      <ModuleName>System.Runtime.Numerics</ModuleName>
      <Classes />
    </Module>
    <Module skippedDueTo="Filter" hash="23-B3-BF-51-89-08-20-A7-AB-02-17-B6-86-AC-40-49-D8-0F-DE-D5">
      <FullName>C:\Program Files\dotnet\sdk\2.2.103\Microsoft.TestPlatform.Build.dll</FullName>
      <ModuleName>Microsoft.TestPlatform.Build</ModuleName>
      <Classes />
    </Module>
    <Module skippedDueTo="Filter" hash="06-7E-65-20-DA-53-DB-B3-D7-2F-44-1D-90-D2-B9-BF-70-A0-D0-86">
      <FullName>C:\Program Files\dotnet\shared\Microsoft.NETCore.App\2.2.1\System.Diagnostics.Tools.dll</FullName>
      <ModuleName>System.Diagnostics.Tools</ModuleName>
      <Classes />
    </Module>
    <Module skippedDueTo="Filter" hash="8E-DF-1D-F6-B0-6B-1C-DA-34-5B-88-61-C9-2B-76-0D-81-7A-40-55">
      <FullName>C:\Program Files\dotnet\shared\Microsoft.NETCore.App\2.2.1\System.Diagnostics.Debug.dll</FullName>
      <ModuleName>System.Diagnostics.Debug</ModuleName>
      <Classes />
    </Module>
    <Module skippedDueTo="Filter" hash="8B-2A-2B-98-8B-4F-83-03-DC-8D-7A-39-A0-3A-C7-66-A8-7E-2C-CA">
      <FullName>C:\Program Files\dotnet\shared\Microsoft.NETCore.App\2.2.1\System.IO.Compression.dll</FullName>
      <ModuleName>System.IO.Compression</ModuleName>
      <Classes />
    </Module>
    <Module skippedDueTo="Filter" hash="12-BB-3F-AF-DA-4F-81-AB-10-38-DC-E7-41-EF-9F-9A-0B-10-F2-1E">
      <FullName>C:\Program Files\dotnet\shared\Microsoft.NETCore.App\2.2.1\System.Net.Http.dll</FullName>
      <ModuleName>System.Net.Http</ModuleName>
      <Classes />
    </Module>
    <Module skippedDueTo="Filter" hash="EB-49-A1-B7-3F-B0-26-65-F0-18-44-97-2C-09-BE-1E-D6-94-0D-E4">
      <FullName>C:\Program Files\dotnet\shared\Microsoft.NETCore.App\2.2.1\System.Net.Security.dll</FullName>
      <ModuleName>System.Net.Security</ModuleName>
      <Classes />
    </Module>
    <Module skippedDueTo="Filter" hash="97-EC-5F-12-CB-84-BB-21-82-2C-92-54-D0-D7-D0-09-B9-60-78-63">
      <FullName>C:\Program Files\dotnet\shared\Microsoft.NETCore.App\2.2.1\System.Security.Cryptography.X509Certificates.dll</FullName>
      <ModuleName>System.Security.Cryptography.X509Certificates</ModuleName>
      <Classes />
    </Module>
    <Module skippedDueTo="Filter" hash="9A-AC-27-31-27-5B-C0-19-59-1F-34-75-98-A2-B6-06-71-C0-CC-41">
      <FullName>C:\Program Files\dotnet\shared\Microsoft.NETCore.App\2.2.1\System.Diagnostics.DiagnosticSource.dll</FullName>
      <ModuleName>System.Diagnostics.DiagnosticSource</ModuleName>
      <Classes />
    </Module>
    <Module skippedDueTo="Filter" hash="33-C9-05-7C-F5-36-E3-17-C3-5C-1F-66-60-D0-F0-6B-FA-3C-14-99">
      <FullName>C:\Program Files\dotnet\shared\Microsoft.NETCore.App\2.2.1\System.Threading.Timer.dll</FullName>
      <ModuleName>System.Threading.Timer</ModuleName>
      <Classes />
    </Module>
    <Module skippedDueTo="Filter" hash="FB-B2-91-AC-94-AA-B6-AC-6B-38-04-F3-8D-B6-63-2F-5B-2A-6B-86">
      <FullName>C:\Program Files\dotnet\shared\Microsoft.NETCore.App\2.2.1\System.Net.NetworkInformation.dll</FullName>
      <ModuleName>System.Net.NetworkInformation</ModuleName>
      <Classes />
    </Module>
    <Module skippedDueTo="Filter" hash="EA-8F-42-72-6B-A4-29-DE-76-EA-62-61-1A-C7-FC-97-58-72-55-56">
      <FullName>C:\Program Files\dotnet\shared\Microsoft.NETCore.App\2.2.1\System.Net.Sockets.dll</FullName>
      <ModuleName>System.Net.Sockets</ModuleName>
      <Classes />
    </Module>
    <Module skippedDueTo="Filter" hash="55-AE-99-16-3C-79-CB-B9-C7-F9-33-C5-7C-BF-BC-8E-4B-D4-F9-B3">
      <FullName>C:\Program Files\dotnet\shared\Microsoft.NETCore.App\2.2.1\System.Threading.Overlapped.dll</FullName>
      <ModuleName>System.Threading.Overlapped</ModuleName>
      <Classes />
    </Module>
    <Module skippedDueTo="Filter" hash="C3-FA-03-10-D3-F2-78-42-A5-22-75-1F-F3-4E-2D-E6-49-CF-94-B2">
      <FullName>C:\Program Files\dotnet\shared\Microsoft.NETCore.App\2.2.1\System.Net.NameResolution.dll</FullName>
      <ModuleName>System.Net.NameResolution</ModuleName>
      <Classes />
    </Module>
    <Module skippedDueTo="Filter" hash="0F-DE-74-D5-C9-70-94-BC-64-99-4A-DB-A0-E2-40-03-3F-87-FB-FA">
      <FullName>C:\Program Files\dotnet\shared\Microsoft.NETCore.App\2.2.1\System.Security.Principal.Windows.dll</FullName>
      <ModuleName>System.Security.Principal.Windows</ModuleName>
      <Classes />
    </Module>
    <Module skippedDueTo="Filter" hash="65-59-B2-FA-CB-BF-8A-FE-EB-FA-C5-1B-73-76-88-68-19-B1-7C-67">
      <FullName>C:\Program Files\dotnet\shared\Microsoft.NETCore.App\2.2.1\System.Security.Claims.dll</FullName>
      <ModuleName>System.Security.Claims</ModuleName>
      <Classes />
    </Module>
    <Module skippedDueTo="Filter" hash="E4-39-FF-1B-EA-9C-FD-49-A2-82-E0-F8-41-FB-06-9B-B5-4D-56-6A">
      <FullName>C:\Program Files\dotnet\shared\Microsoft.NETCore.App\2.2.1\System.Security.Principal.dll</FullName>
      <ModuleName>System.Security.Principal</ModuleName>
      <Classes />
    </Module>
    <Module skippedDueTo="Filter" hash="55-B2-27-2A-02-73-D2-7B-08-AD-25-E6-7E-6C-73-0D-88-60-56-A7">
      <FullName>C:\Program Files\dotnet\shared\Microsoft.NETCore.App\2.2.1\System.Security.Cryptography.Encoding.dll</FullName>
      <ModuleName>System.Security.Cryptography.Encoding</ModuleName>
      <Classes />
    </Module>
    <Module skippedDueTo="Filter" hash="C3-CE-A3-DD-A2-C8-80-3C-54-D9-24-F6-BB-DE-4E-25-C6-F9-61-14">
      <FullName>C:\Program Files\dotnet\shared\Microsoft.NETCore.App\2.2.1\System.Reflection.Metadata.dll</FullName>
      <ModuleName>System.Reflection.Metadata</ModuleName>
      <Classes />
    </Module>
    <Module skippedDueTo="Filter" hash="A0-C5-FD-C1-AD-4D-A4-C2-5C-14-CD-23-50-C8-25-B4-A0-0C-2C-56">
      <FullName>C:\Program Files\dotnet\shared\Microsoft.NETCore.App\2.2.1\System.IO.MemoryMappedFiles.dll</FullName>
      <ModuleName>System.IO.MemoryMappedFiles</ModuleName>
      <Classes />
    </Module>
    <Module skippedDueTo="Filter" hash="22-99-46-66-96-78-06-97-87-E7-32-D1-90-1B-7F-64-75-11-28-7E">
      <FullName>C:\Program Files\dotnet\shared\Microsoft.NETCore.App\2.2.1\mscorlib.dll</FullName>
      <ModuleName>mscorlib</ModuleName>
      <Classes />
    </Module>
    <Module skippedDueTo="Filter" hash="41-1A-5E-3B-50-46-52-AB-6A-71-96-4D-86-2F-CA-48-22-36-D0-F4">
      <FullName>C:\Program Files\dotnet\sdk\2.2.103\Roslyn\Microsoft.Build.Tasks.CodeAnalysis.dll</FullName>
      <ModuleName>Microsoft.Build.Tasks.CodeAnalysis</ModuleName>
      <Classes />
    </Module>
    <Module skippedDueTo="Filter" hash="98-12-49-33-F6-B4-BB-C8-ED-33-58-7A-F1-D2-7A-50-3D-F3-4E-A5">
      <FullName>C:\Program Files\dotnet\shared\Microsoft.NETCore.App\2.2.1\System.IO.Pipes.dll</FullName>
      <ModuleName>System.IO.Pipes</ModuleName>
      <Classes />
    </Module>
    <Module skippedDueTo="Filter" hash="44-9C-80-98-C8-8D-FB-A7-9D-94-FD-E6-5A-C2-4F-FF-CB-3B-3F-CD">
      <FullName>C:\Program Files\dotnet\shared\Microsoft.NETCore.App\2.0.9\System.Private.CoreLib.dll</FullName>
      <ModuleName>System.Private.CoreLib</ModuleName>
      <Classes />
    </Module>
    <Module skippedDueTo="Filter" hash="9A-F2-50-CA-8B-FD-3A-4A-31-FF-CD-EE-A2-24-0B-17-36-0D-D2-4C">
      <FullName>C:\Program Files\dotnet\sdk\2.2.103\Roslyn\bincore\VBCSCompiler.dll</FullName>
      <ModuleName>VBCSCompiler</ModuleName>
      <Classes />
    </Module>
    <Module skippedDueTo="Filter" hash="C9-B3-C3-8D-F4-E8-85-E1-6A-71-28-63-AF-3C-A9-B7-AF-AB-CF-81">
      <FullName>C:\Program Files\dotnet\shared\Microsoft.NETCore.App\2.0.9\System.Runtime.dll</FullName>
      <ModuleName>System.Runtime</ModuleName>
      <Classes />
    </Module>
    <Module skippedDueTo="Filter" hash="BB-97-D3-2D-F5-16-A3-90-79-0C-1A-64-26-05-03-74-64-E5-5C-AE">
      <FullName>C:\Program Files\dotnet\shared\Microsoft.NETCore.App\2.0.9\System.Collections.Specialized.dll</FullName>
      <ModuleName>System.Collections.Specialized</ModuleName>
      <Classes />
    </Module>
    <Module skippedDueTo="Filter" hash="95-30-22-0A-6C-BD-BB-12-77-7C-3F-8D-C0-09-B4-34-B6-A6-B9-D7">
      <FullName>C:\Program Files\dotnet\shared\Microsoft.NETCore.App\2.0.9\System.Runtime.Extensions.dll</FullName>
      <ModuleName>System.Runtime.Extensions</ModuleName>
      <Classes />
    </Module>
    <Module skippedDueTo="Filter" hash="EB-3D-3F-E7-3A-05-F1-0D-2E-EA-A4-74-E1-B9-3A-36-CC-BD-31-A9">
      <FullName>C:\Program Files\dotnet\shared\Microsoft.NETCore.App\2.0.9\System.Threading.Tasks.dll</FullName>
      <ModuleName>System.Threading.Tasks</ModuleName>
      <Classes />
    </Module>
    <Module skippedDueTo="Filter" hash="74-4A-1E-37-8A-56-AD-22-E1-AE-C2-C4-38-52-DF-D7-65-36-22-E1">
      <FullName>C:\Program Files\dotnet\shared\Microsoft.NETCore.App\2.0.9\System.Console.dll</FullName>
      <ModuleName>System.Console</ModuleName>
      <Classes />
    </Module>
    <Module skippedDueTo="Filter" hash="D5-20-E1-C3-5E-DE-A6-C5-F5-86-74-29-6F-F7-A6-AF-1C-3F-D6-54">
      <FullName>C:\Program Files\dotnet\shared\Microsoft.NETCore.App\2.0.9\System.Threading.dll</FullName>
      <ModuleName>System.Threading</ModuleName>
      <Classes />
    </Module>
    <Module skippedDueTo="Filter" hash="07-82-82-A3-66-F5-3D-C4-0B-3D-32-79-7D-E4-9C-B7-50-8F-BC-4C">
      <FullName>C:\Program Files\dotnet\sdk\2.2.103\Roslyn\bincore\Microsoft.CodeAnalysis.dll</FullName>
      <ModuleName>Microsoft.CodeAnalysis</ModuleName>
      <Classes />
    </Module>
    <Module skippedDueTo="Filter" hash="13-F6-8F-21-76-B6-B0-5C-5D-5F-B7-01-38-81-37-40-FB-53-14-76">
      <FullName>C:\Program Files\dotnet\sdk\2.2.103\Roslyn\bincore\System.Collections.Immutable.dll</FullName>
      <ModuleName>System.Collections.Immutable</ModuleName>
      <Classes />
    </Module>
    <Module skippedDueTo="Filter" hash="BD-5E-3F-DA-25-37-84-84-A2-83-F9-1C-6B-D0-47-53-FC-DD-BA-D8">
      <FullName>C:\Program Files\dotnet\shared\Microsoft.NETCore.App\2.0.9\System.Runtime.InteropServices.dll</FullName>
      <ModuleName>System.Runtime.InteropServices</ModuleName>
      <Classes />
    </Module>
    <Module skippedDueTo="Filter" hash="44-84-90-FC-2E-CB-A8-6E-CF-DB-F9-09-2B-85-F7-97-7D-09-0C-D7">
      <FullName>C:\Program Files\dotnet\shared\Microsoft.NETCore.App\2.0.9\System.Reflection.dll</FullName>
      <ModuleName>System.Reflection</ModuleName>
      <Classes />
    </Module>
    <Module skippedDueTo="Filter" hash="D2-95-62-82-67-79-CB-70-28-87-AC-0A-38-37-10-AE-25-1B-73-8A">
      <FullName>C:\Program Files\dotnet\shared\Microsoft.NETCore.App\2.0.9\System.Runtime.Loader.dll</FullName>
      <ModuleName>System.Runtime.Loader</ModuleName>
      <Classes />
    </Module>
    <Module skippedDueTo="Filter" hash="9D-9F-49-BB-7E-31-58-51-30-B9-D0-CB-BE-03-BB-C4-18-34-53-A3">
      <FullName>C:\Program Files\dotnet\shared\Microsoft.NETCore.App\2.0.9\System.IO.FileSystem.dll</FullName>
      <ModuleName>System.IO.FileSystem</ModuleName>
      <Classes />
    </Module>
    <Module skippedDueTo="Filter" hash="DF-53-CF-67-CA-DE-B1-A5-CA-0B-98-0A-F9-4A-AB-84-6B-09-BC-3C">
      <FullName>C:\Program Files\dotnet\shared\Microsoft.NETCore.App\2.0.9\System.Collections.dll</FullName>
      <ModuleName>System.Collections</ModuleName>
      <Classes />
    </Module>
    <Module skippedDueTo="Filter" hash="54-F4-1C-35-C4-5C-C1-27-31-FB-3F-F3-DB-0F-2C-2D-F9-5A-BA-FF">
      <FullName>C:\Program Files\dotnet\shared\Microsoft.NETCore.App\2.0.9\System.IO.Pipes.dll</FullName>
      <ModuleName>System.IO.Pipes</ModuleName>
      <Classes />
    </Module>
    <Module skippedDueTo="Filter" hash="B7-D9-97-A0-CF-7E-98-D0-F6-AE-22-58-7C-85-29-9E-75-98-E9-05">
      <FullName>C:\Program Files\dotnet\shared\Microsoft.NETCore.App\2.0.9\System.Threading.Overlapped.dll</FullName>
      <ModuleName>System.Threading.Overlapped</ModuleName>
      <Classes />
    </Module>
    <Module skippedDueTo="Filter" hash="0F-5B-E3-E8-44-81-5A-57-D7-90-8B-02-B1-0C-52-A9-DC-2E-44-30">
      <FullName>C:\Program Files\dotnet\shared\Microsoft.NETCore.App\2.2.1\System.Security.AccessControl.dll</FullName>
      <ModuleName>System.Security.AccessControl</ModuleName>
      <Classes />
    </Module>
    <Module skippedDueTo="Filter" hash="99-51-47-B5-01-20-EA-B2-8D-A0-87-52-CD-2C-D4-EF-D7-5A-ED-DC">
      <FullName>C:\Program Files\dotnet\shared\Microsoft.NETCore.App\2.2.1\System.IO.Pipes.AccessControl.dll</FullName>
      <ModuleName>System.IO.Pipes.AccessControl</ModuleName>
      <Classes />
    </Module>
    <Module skippedDueTo="Filter" hash="03-CF-55-7E-AB-A7-EA-C5-91-9B-FF-03-9C-B9-14-D1-B6-5E-E0-5E">
      <FullName>C:\Program Files\dotnet\shared\Microsoft.NETCore.App\2.0.9\System.Linq.dll</FullName>
      <ModuleName>System.Linq</ModuleName>
      <Classes />
    </Module>
    <Module skippedDueTo="Filter" hash="FA-8D-CD-89-C2-26-BC-1A-3D-69-9C-2B-D7-FE-A8-57-7C-2E-FA-05">
      <FullName>C:\Program Files\dotnet\shared\Microsoft.NETCore.App\2.0.9\System.Security.Principal.Windows.dll</FullName>
      <ModuleName>System.Security.Principal.Windows</ModuleName>
      <Classes />
    </Module>
    <Module skippedDueTo="Filter" hash="98-27-60-4B-88-D2-DF-01-04-8C-F7-21-9F-57-40-D8-98-F2-F6-ED">
      <FullName>C:\Program Files\dotnet\shared\Microsoft.NETCore.App\2.0.9\System.Security.Claims.dll</FullName>
      <ModuleName>System.Security.Claims</ModuleName>
      <Classes />
    </Module>
    <Module skippedDueTo="Filter" hash="65-95-29-0C-5C-2B-8F-C2-26-74-2A-AA-B5-43-F5-C0-00-AB-5E-8F">
      <FullName>C:\Program Files\dotnet\shared\Microsoft.NETCore.App\2.0.9\System.Security.Principal.dll</FullName>
      <ModuleName>System.Security.Principal</ModuleName>
      <Classes />
    </Module>
    <Module skippedDueTo="Filter" hash="C5-1D-7B-AC-3A-97-30-83-1D-11-35-B9-89-FD-C3-26-72-04-5F-26">
      <FullName>C:\Program Files\dotnet\shared\Microsoft.NETCore.App\2.0.9\Microsoft.Win32.Primitives.dll</FullName>
      <ModuleName>Microsoft.Win32.Primitives</ModuleName>
      <Classes />
    </Module>
    <Module skippedDueTo="Filter" hash="8E-D1-B3-38-2B-58-97-54-08-8F-27-66-BB-5F-3D-11-84-88-BF-8D">
      <FullName>C:\Program Files\dotnet\shared\Microsoft.NETCore.App\2.0.9\netstandard.dll</FullName>
      <ModuleName>netstandard</ModuleName>
      <Classes />
    </Module>
    <Module skippedDueTo="Filter" hash="18-11-E8-50-FD-7E-6E-F3-3D-AD-E8-7D-6D-B1-23-57-16-DF-53-5B">
      <FullName>C:\Program Files\dotnet\sdk\2.2.103\Roslyn\bincore\System.Reflection.Metadata.dll</FullName>
      <ModuleName>System.Reflection.Metadata</ModuleName>
      <Classes />
    </Module>
    <Module skippedDueTo="Filter" hash="D8-B6-59-6C-77-EB-6C-D5-1D-63-7F-49-36-1A-39-0B-38-80-E2-7C">
      <FullName>C:\Program Files\dotnet\shared\Microsoft.NETCore.App\2.0.9\System.IO.dll</FullName>
      <ModuleName>System.IO</ModuleName>
      <Classes />
    </Module>
    <Module skippedDueTo="Filter" hash="C2-79-DB-C0-CD-24-F6-90-48-39-E4-EC-0D-00-2D-85-16-F9-7C-B0">
      <FullName>C:\Program Files\dotnet\sdk\2.2.103\Roslyn\bincore\Microsoft.CodeAnalysis.CSharp.dll</FullName>
      <ModuleName>Microsoft.CodeAnalysis.CSharp</ModuleName>
      <Classes />
    </Module>
    <Module skippedDueTo="Filter" hash="79-8B-BB-AB-88-B2-59-85-7A-0F-7B-60-98-78-DC-FC-80-51-EF-A6">
      <FullName>C:\Program Files\dotnet\sdk\2.2.103\Roslyn\bincore\Microsoft.CodeAnalysis.VisualBasic.dll</FullName>
      <ModuleName>Microsoft.CodeAnalysis.VisualBasic</ModuleName>
      <Classes />
    </Module>
    <Module skippedDueTo="Filter" hash="E5-E0-9C-FB-2A-0A-CF-67-A3-B3-0F-14-9B-3B-B0-5D-72-0C-91-4D">
      <FullName>C:\Program Files\dotnet\shared\Microsoft.NETCore.App\2.0.9\System.Globalization.dll</FullName>
      <ModuleName>System.Globalization</ModuleName>
      <Classes />
    </Module>
    <Module skippedDueTo="Filter" hash="94-47-2A-D2-AC-C8-E2-22-B9-4B-BD-71-39-0B-E3-50-D2-07-0D-CB">
      <FullName>C:\Program Files\dotnet\shared\Microsoft.NETCore.App\2.0.9\System.Text.Encoding.dll</FullName>
      <ModuleName>System.Text.Encoding</ModuleName>
      <Classes />
    </Module>
    <Module skippedDueTo="Filter" hash="EC-CD-2D-95-E5-EB-A6-17-09-10-A8-DB-F6-D1-2D-C8-9E-DE-3F-E0">
      <FullName>C:\Program Files\dotnet\shared\Microsoft.NETCore.App\2.0.9\System.Security.Cryptography.Primitives.dll</FullName>
      <ModuleName>System.Security.Cryptography.Primitives</ModuleName>
      <Classes />
    </Module>
    <Module skippedDueTo="Filter" hash="14-4E-20-F0-EC-40-90-54-BD-0D-AA-D1-BD-71-1C-0D-F6-88-8E-C2">
      <FullName>C:\Program Files\dotnet\shared\Microsoft.NETCore.App\2.0.9\System.Resources.ResourceManager.dll</FullName>
      <ModuleName>System.Resources.ResourceManager</ModuleName>
      <Classes />
    </Module>
    <Module skippedDueTo="Filter" hash="43-E8-F0-B3-67-8C-54-40-51-4D-58-85-75-ED-55-E9-5C-CD-21-04">
      <FullName>C:\Program Files\dotnet\shared\Microsoft.NETCore.App\2.0.9\System.Collections.Concurrent.dll</FullName>
      <ModuleName>System.Collections.Concurrent</ModuleName>
      <Classes />
    </Module>
    <Module skippedDueTo="Filter" hash="7B-A7-38-41-60-A2-C5-01-B6-E9-43-77-1F-06-95-B8-72-67-D4-19">
      <FullName>C:\Program Files\dotnet\shared\Microsoft.NETCore.App\2.0.9\System.Security.Cryptography.Algorithms.dll</FullName>
      <ModuleName>System.Security.Cryptography.Algorithms</ModuleName>
      <Classes />
    </Module>
    <Module skippedDueTo="Filter" hash="3C-AD-0E-01-1D-3B-14-17-1E-D9-D5-82-9A-9A-5A-17-1F-7F-64-BB">
      <FullName>C:\Program Files\dotnet\shared\Microsoft.NETCore.App\2.0.9\System.Reflection.Extensions.dll</FullName>
      <ModuleName>System.Reflection.Extensions</ModuleName>
      <Classes />
    </Module>
    <Module skippedDueTo="Filter" hash="E6-EC-93-13-62-B6-A7-D5-18-41-CA-74-E8-26-26-07-61-2C-6A-DF">
      <FullName>C:\Program Files\dotnet\shared\Microsoft.NETCore.App\2.0.9\System.ValueTuple.dll</FullName>
      <ModuleName>System.ValueTuple</ModuleName>
      <Classes />
    </Module>
    <Module skippedDueTo="Filter" hash="11-3A-BA-44-77-D5-4D-EA-80-0C-BA-83-C7-51-75-1A-0F-96-44-56">
      <FullName>C:\Program Files\dotnet\shared\Microsoft.NETCore.App\2.0.9\System.IO.FileSystem.Primitives.dll</FullName>
      <ModuleName>System.IO.FileSystem.Primitives</ModuleName>
      <Classes />
    </Module>
    <Module skippedDueTo="Filter" hash="15-9D-7F-33-53-77-47-8E-D4-DD-42-C7-35-B3-6B-BF-FE-8C-C1-53">
      <FullName>C:\Program Files\dotnet\shared\Microsoft.NETCore.App\2.0.9\System.Threading.Tasks.Parallel.dll</FullName>
      <ModuleName>System.Threading.Tasks.Parallel</ModuleName>
      <Classes />
    </Module>
    <Module skippedDueTo="Filter" hash="9E-DA-C3-FF-B2-91-EE-0A-AC-32-73-31-EC-D1-DA-17-9A-20-30-8A">
      <FullName>C:\Program Files\dotnet\shared\Microsoft.NETCore.App\2.0.9\System.Diagnostics.Tracing.dll</FullName>
      <ModuleName>System.Diagnostics.Tracing</ModuleName>
      <Classes />
    </Module>
    <Module skippedDueTo="Filter" hash="42-AF-93-A6-0A-B6-13-72-72-49-D1-44-EF-CF-75-27-80-71-CA-15">
      <FullName>C:\Program Files\dotnet\shared\Microsoft.NETCore.App\2.0.9\System.Text.Encoding.Extensions.dll</FullName>
      <ModuleName>System.Text.Encoding.Extensions</ModuleName>
      <Classes />
    </Module>
    <Module skippedDueTo="Filter" hash="E9-E6-83-61-AB-A5-0D-3B-28-49-6B-0E-F3-89-2D-3F-A8-E3-8B-23">
      <FullName>C:\Program Files\dotnet\shared\Microsoft.NETCore.App\2.0.9\System.Reflection.Primitives.dll</FullName>
      <ModuleName>System.Reflection.Primitives</ModuleName>
      <Classes />
    </Module>
    <Module skippedDueTo="Filter" hash="4D-4B-AA-6A-A4-56-9D-CB-50-08-8E-6C-75-48-6C-63-20-96-08-57">
      <FullName>C:\Program Files\dotnet\shared\Microsoft.NETCore.App\2.0.9\System.Runtime.Numerics.dll</FullName>
      <ModuleName>System.Runtime.Numerics</ModuleName>
      <Classes />
    </Module>
    <Module skippedDueTo="Filter" hash="DC-A4-41-56-E5-99-C0-70-34-D6-3D-14-FA-B9-75-31-E0-49-EA-20">
      <FullName>C:\Program Files\dotnet\shared\Microsoft.NETCore.App\2.0.9\System.Xml.XDocument.dll</FullName>
      <ModuleName>System.Xml.XDocument</ModuleName>
      <Classes />
    </Module>
    <Module skippedDueTo="Filter" hash="E5-00-B1-80-28-4A-C6-43-32-1D-86-92-F5-4D-38-5C-C8-28-5C-D7">
      <FullName>C:\Program Files\dotnet\shared\Microsoft.NETCore.App\2.0.9\System.Private.Xml.Linq.dll</FullName>
      <ModuleName>System.Private.Xml.Linq</ModuleName>
      <Classes />
    </Module>
    <Module skippedDueTo="Filter" hash="5D-D4-EA-C1-A7-9F-CD-28-16-79-7E-A8-AC-52-ED-CC-4A-6E-FD-17">
      <FullName>C:\Program Files\dotnet\shared\Microsoft.NETCore.App\2.0.9\System.Private.Xml.dll</FullName>
      <ModuleName>System.Private.Xml</ModuleName>
      <Classes />
    </Module>
    <Module skippedDueTo="Filter" hash="B0-7A-EE-46-11-FC-2C-03-60-B9-17-B4-92-15-EE-CE-5F-18-2C-3E">
      <FullName>C:\Program Files\dotnet\sdk\2.2.103\Microsoft.Extensions.DependencyModel.dll</FullName>
      <ModuleName>Microsoft.Extensions.DependencyModel</ModuleName>
      <Classes />
    </Module>
    <Module skippedDueTo="Filter" hash="AA-88-61-EF-E1-0E-9E-74-41-04-7B-35-C5-77-CC-01-C7-37-61-48">
      <FullName>C:\Program Files\dotnet\shared\Microsoft.NETCore.App\2.2.1\System.ComponentModel.TypeConverter.dll</FullName>
      <ModuleName>System.ComponentModel.TypeConverter</ModuleName>
      <Classes />
    </Module>
    <Module skippedDueTo="Filter" hash="D0-C7-15-0E-31-93-86-BC-1F-3F-74-7B-5D-19-A1-5B-3B-A4-ED-AC">
      <FullName>C:\Program Files\dotnet\shared\Microsoft.NETCore.App\2.2.1\System.Collections.Specialized.dll</FullName>
      <ModuleName>System.Collections.Specialized</ModuleName>
      <Classes />
    </Module>
    <Module skippedDueTo="Filter" hash="C0-FB-33-7C-89-A6-04-3F-AE-6D-6A-4F-B7-11-3E-E0-E6-C3-F0-09">
      <FullName>C:\Program Files\dotnet\shared\Microsoft.NETCore.App\2.2.1\System.Drawing.Primitives.dll</FullName>
      <ModuleName>System.Drawing.Primitives</ModuleName>
      <Classes />
    </Module>
    <Module skippedDueTo="Filter" hash="">
      <FullName>RefEmit_InMemoryManifestModule</FullName>
      <ModuleName>Anonymously Hosted DynamicMethods Assembly</ModuleName>
      <Classes />
    </Module>
    <Module skippedDueTo="Filter" hash="0A-60-0F-1A-B2-BF-7E-E6-5A-66-3B-A1-6B-4F-EE-1D-6A-30-91-8B">
      <FullName>C:\Program Files\dotnet\shared\Microsoft.NETCore.App\2.2.1\System.Private.CoreLib.dll</FullName>
      <ModuleName>System.Private.CoreLib</ModuleName>
      <Classes />
    </Module>
    <Module skippedDueTo="Filter" hash="F8-C0-40-09-AC-8A-46-2C-7C-A4-FD-6C-59-E5-42-8E-70-D1-7D-F9">
      <FullName>C:\Program Files\dotnet\sdk\2.2.103\vstest.console.dll</FullName>
      <ModuleName>vstest.console</ModuleName>
      <Classes />
    </Module>
    <Module skippedDueTo="Filter" hash="65-AC-04-69-F4-DE-56-A1-6C-9A-4E-D5-FD-1B-CA-22-EA-08-DD-D2">
      <FullName>C:\Program Files\dotnet\shared\Microsoft.NETCore.App\2.2.1\System.Runtime.dll</FullName>
      <ModuleName>System.Runtime</ModuleName>
      <Classes />
    </Module>
    <Module skippedDueTo="Filter" hash="6C-B6-95-9D-23-E2-61-08-96-4F-D7-8B-8D-F1-80-F1-A4-2F-6A-91">
      <FullName>C:\Program Files\dotnet\shared\Microsoft.NETCore.App\2.2.1\System.Diagnostics.Process.dll</FullName>
      <ModuleName>System.Diagnostics.Process</ModuleName>
      <Classes />
    </Module>
    <Module skippedDueTo="Filter" hash="B9-C4-E2-59-3B-F2-34-52-8E-76-A4-56-36-EE-F9-0B-F2-0B-15-3D">
      <FullName>C:\Program Files\dotnet\shared\Microsoft.NETCore.App\2.2.1\System.ComponentModel.Primitives.dll</FullName>
      <ModuleName>System.ComponentModel.Primitives</ModuleName>
      <Classes />
    </Module>
    <Module skippedDueTo="Filter" hash="13-99-77-53-EA-03-4B-C2-B3-31-A3-8D-F5-07-A6-65-CE-BA-BC-7D">
      <FullName>C:\Program Files\dotnet\shared\Microsoft.NETCore.App\2.2.1\System.Runtime.Extensions.dll</FullName>
      <ModuleName>System.Runtime.Extensions</ModuleName>
      <Classes />
    </Module>
    <Module skippedDueTo="Filter" hash="27-28-EC-47-74-C4-1C-BE-64-E5-CA-6C-1A-83-8E-CF-B5-E1-FA-F1">
      <FullName>C:\Program Files\dotnet\sdk\2.2.103\Microsoft.TestPlatform.CoreUtilities.dll</FullName>
      <ModuleName>Microsoft.TestPlatform.CoreUtilities</ModuleName>
      <Classes />
    </Module>
    <Module skippedDueTo="Filter" hash="8E-DF-1D-F6-B0-6B-1C-DA-34-5B-88-61-C9-2B-76-0D-81-7A-40-55">
      <FullName>C:\Program Files\dotnet\shared\Microsoft.NETCore.App\2.2.1\System.Diagnostics.Debug.dll</FullName>
      <ModuleName>System.Diagnostics.Debug</ModuleName>
      <Classes />
    </Module>
    <Module skippedDueTo="Filter" hash="9E-CF-AC-80-17-0F-E6-4F-65-7B-73-FC-7F-38-3B-CB-CD-01-14-4D">
      <FullName>C:\Program Files\dotnet\shared\Microsoft.NETCore.App\2.2.1\System.Threading.Thread.dll</FullName>
      <ModuleName>System.Threading.Thread</ModuleName>
      <Classes />
    </Module>
    <Module skippedDueTo="Filter" hash="BF-15-8A-55-E6-B0-F2-A5-9B-39-43-9D-9A-BE-42-7C-D1-A4-3A-4E">
      <FullName>C:\Program Files\dotnet\shared\Microsoft.NETCore.App\2.2.1\System.Threading.dll</FullName>
      <ModuleName>System.Threading</ModuleName>
      <Classes />
    </Module>
    <Module skippedDueTo="Filter" hash="83-64-44-A6-64-EB-27-D0-AD-81-8E-E2-3A-CA-AA-59-03-B2-5A-8F">
      <FullName>C:\Program Files\dotnet\shared\Microsoft.NETCore.App\2.2.1\System.Console.dll</FullName>
      <ModuleName>System.Console</ModuleName>
      <Classes />
    </Module>
    <Module skippedDueTo="Filter" hash="0D-93-D5-8A-78-6F-A9-23-E0-85-70-1E-B0-90-44-7D-05-C4-27-7E">
      <FullName>C:\Program Files\dotnet\shared\Microsoft.NETCore.App\2.2.1\System.IO.dll</FullName>
      <ModuleName>System.IO</ModuleName>
      <Classes />
    </Module>
    <Module skippedDueTo="Filter" hash="60-9C-E5-29-EA-B4-83-AF-38-56-0B-F3-63-0C-0B-94-4D-15-85-FD">
      <FullName>C:\Program Files\dotnet\shared\Microsoft.NETCore.App\2.2.1\System.Text.Encoding.Extensions.dll</FullName>
      <ModuleName>System.Text.Encoding.Extensions</ModuleName>
      <Classes />
    </Module>
    <Module skippedDueTo="Filter" hash="66-8C-59-CB-18-C0-50-B0-F2-C2-BB-77-9D-7F-43-6A-A5-04-4B-48">
      <FullName>C:\Program Files\dotnet\shared\Microsoft.NETCore.App\2.2.1\System.Diagnostics.Tracing.dll</FullName>
      <ModuleName>System.Diagnostics.Tracing</ModuleName>
      <Classes />
    </Module>
    <Module skippedDueTo="Filter" hash="28-B8-86-93-73-A3-C1-FD-7B-88-20-2E-8E-15-7A-27-84-AE-35-CE">
      <FullName>C:\Program Files\dotnet\shared\Microsoft.NETCore.App\2.2.1\System.Collections.dll</FullName>
      <ModuleName>System.Collections</ModuleName>
      <Classes />
    </Module>
    <Module skippedDueTo="Filter" hash="9C-65-02-21-77-4D-87-80-90-25-BA-A5-71-A5-F7-49-3E-A2-AD-53">
      <FullName>C:\Program Files\dotnet\sdk\2.2.103\Microsoft.VisualStudio.TestPlatform.ObjectModel.dll</FullName>
      <ModuleName>Microsoft.VisualStudio.TestPlatform.ObjectModel</ModuleName>
      <Classes />
    </Module>
    <Module skippedDueTo="Filter" hash="D8-AD-24-51-AF-B3-A6-08-CC-67-B3-04-38-54-4E-59-2F-72-C0-61">
      <FullName>C:\Program Files\dotnet\sdk\2.2.103\Microsoft.VisualStudio.TestPlatform.Client.dll</FullName>
      <ModuleName>Microsoft.VisualStudio.TestPlatform.Client</ModuleName>
      <Classes />
    </Module>
    <Module skippedDueTo="Filter" hash="2D-F7-50-19-40-78-08-09-90-5B-5C-4F-75-8B-53-54-DF-31-73-FB">
      <FullName>C:\Program Files\dotnet\sdk\2.2.103\Microsoft.VisualStudio.TestPlatform.Common.dll</FullName>
      <ModuleName>Microsoft.VisualStudio.TestPlatform.Common</ModuleName>
      <Classes />
    </Module>
    <Module skippedDueTo="Filter" hash="66-8A-49-48-58-41-51-CC-9D-F2-90-0F-7B-53-2E-41-6C-D6-F5-1E">
      <FullName>C:\Program Files\dotnet\shared\Microsoft.NETCore.App\2.2.1\System.Linq.dll</FullName>
      <ModuleName>System.Linq</ModuleName>
      <Classes />
    </Module>
    <Module skippedDueTo="Filter" hash="D6-A0-8F-50-E7-2C-69-C6-C2-52-8B-7D-D8-D1-9C-E3-59-F4-E1-DB">
      <FullName>C:\Program Files\dotnet\shared\Microsoft.NETCore.App\2.2.1\System.Runtime.InteropServices.dll</FullName>
      <ModuleName>System.Runtime.InteropServices</ModuleName>
      <Classes />
    </Module>
    <Module skippedDueTo="Filter" hash="6D-41-8E-6C-7F-48-A8-99-38-66-80-E7-BD-08-7F-6A-2F-C0-58-6A">
      <FullName>C:\Program Files\dotnet\shared\Microsoft.NETCore.App\2.2.1\System.Resources.ResourceManager.dll</FullName>
      <ModuleName>System.Resources.ResourceManager</ModuleName>
      <Classes />
    </Module>
    <Module skippedDueTo="Filter" hash="8E-0E-0B-C1-F7-83-D9-1F-CC-4F-BE-04-E4-06-DF-81-6F-AD-6E-64">
      <FullName>C:\Program Files\dotnet\shared\Microsoft.NETCore.App\2.2.1\System.IO.FileSystem.Primitives.dll</FullName>
      <ModuleName>System.IO.FileSystem.Primitives</ModuleName>
      <Classes />
    </Module>
    <Module skippedDueTo="Filter" hash="AE-4C-24-02-49-C5-9B-49-F4-59-EC-9F-71-9F-9E-2E-17-7B-FA-98">
      <FullName>C:\Program Files\dotnet\shared\Microsoft.NETCore.App\2.2.1\System.IO.FileSystem.dll</FullName>
      <ModuleName>System.IO.FileSystem</ModuleName>
      <Classes />
    </Module>
    <Module skippedDueTo="Filter" hash="B5-69-D5-12-D1-82-DB-32-71-B7-CD-82-E5-A4-47-C0-42-00-8B-7A">
      <FullName>C:\Program Files\dotnet\shared\Microsoft.NETCore.App\2.2.1\System.Xml.ReaderWriter.dll</FullName>
      <ModuleName>System.Xml.ReaderWriter</ModuleName>
      <Classes />
    </Module>
    <Module skippedDueTo="Filter" hash="BF-EE-00-02-46-BA-46-B9-5C-CD-EB-E9-48-50-BE-C6-26-87-41-3F">
      <FullName>C:\Program Files\dotnet\shared\Microsoft.NETCore.App\2.2.1\System.Private.Xml.dll</FullName>
      <ModuleName>System.Private.Xml</ModuleName>
      <Classes />
    </Module>
    <Module skippedDueTo="Filter" hash="16-B9-E6-CD-01-2E-93-56-BC-7E-55-89-E0-F0-4E-1F-47-12-5B-99">
      <FullName>C:\Program Files\dotnet\sdk\2.2.103\Microsoft.TestPlatform.PlatformAbstractions.dll</FullName>
      <ModuleName>Microsoft.TestPlatform.PlatformAbstractions</ModuleName>
      <Classes />
    </Module>
    <Module skippedDueTo="Filter" hash="F4-59-F0-65-E0-F2-62-D8-F0-F7-A0-0B-A6-C7-75-1D-1F-0F-A9-FF">
      <FullName>C:\Program Files\dotnet\shared\Microsoft.NETCore.App\2.2.1\System.Xml.XmlDocument.dll</FullName>
      <ModuleName>System.Xml.XmlDocument</ModuleName>
      <Classes />
    </Module>
    <Module skippedDueTo="Filter" hash="54-ED-0F-AE-5F-1C-1C-C7-0D-25-6E-EC-62-68-50-55-92-F2-D6-EB">
      <FullName>C:\Program Files\dotnet\sdk\2.2.103\Microsoft.TestPlatform.Utilities.dll</FullName>
      <ModuleName>Microsoft.TestPlatform.Utilities</ModuleName>
      <Classes />
    </Module>
    <Module skippedDueTo="Filter" hash="7C-B8-67-05-60-55-60-51-D3-15-F2-AE-62-0A-46-C8-A2-57-03-D3">
      <FullName>C:\Program Files\dotnet\shared\Microsoft.NETCore.App\2.2.1\System.Runtime.InteropServices.RuntimeInformation.dll</FullName>
      <ModuleName>System.Runtime.InteropServices.RuntimeInformation</ModuleName>
      <Classes />
    </Module>
    <Module skippedDueTo="Filter" hash="EA-85-85-9B-28-6F-2B-6B-96-B7-CF-C5-F7-BC-51-BC-A9-74-17-59">
      <FullName>C:\Program Files\dotnet\shared\Microsoft.NETCore.App\2.2.1\System.Private.Uri.dll</FullName>
      <ModuleName>System.Private.Uri</ModuleName>
      <Classes />
    </Module>
    <Module skippedDueTo="Filter" hash="F3-DA-DD-7B-50-40-E0-80-6C-20-50-A9-46-36-34-99-1F-8E-18-95">
      <FullName>C:\Program Files\dotnet\shared\Microsoft.NETCore.App\2.2.1\System.Memory.dll</FullName>
      <ModuleName>System.Memory</ModuleName>
      <Classes />
    </Module>
    <Module skippedDueTo="Filter" hash="DF-4D-2C-C0-27-CE-E1-D3-7B-6A-CE-48-56-6F-32-1E-E6-DC-68-41">
      <FullName>C:\Program Files\dotnet\shared\Microsoft.NETCore.App\2.2.1\System.Security.Cryptography.Algorithms.dll</FullName>
      <ModuleName>System.Security.Cryptography.Algorithms</ModuleName>
      <Classes />
    </Module>
    <Module skippedDueTo="Filter" hash="82-DC-D4-9A-55-5B-9F-B1-8B-12-84-EE-22-D6-77-35-80-22-C6-CA">
      <FullName>C:\Program Files\dotnet\sdk\2.2.103\System.Xml.XPath.XmlDocument.dll</FullName>
      <ModuleName>System.Xml.XPath.XmlDocument</ModuleName>
      <Classes />
    </Module>
    <Module skippedDueTo="Filter" hash="97-BD-7B-C4-E1-79-16-27-37-99-8E-04-CB-51-1E-C9-45-70-57-A7">
      <FullName>C:\Program Files\dotnet\shared\Microsoft.NETCore.App\2.2.1\System.Xml.XPath.dll</FullName>
      <ModuleName>System.Xml.XPath</ModuleName>
      <Classes />
    </Module>
    <Module skippedDueTo="Filter" hash="07-0E-A6-AD-2F-57-46-59-D7-CE-99-98-24-6F-6F-06-FC-33-78-E6">
      <FullName>C:\Program Files\dotnet\shared\Microsoft.NETCore.App\2.2.1\System.Globalization.dll</FullName>
      <ModuleName>System.Globalization</ModuleName>
      <Classes />
    </Module>
    <Module skippedDueTo="Filter" hash="D5-DE-B4-88-5C-A4-C9-DC-CD-DA-86-AA-2A-52-D3-90-EF-1A-78-6B">
      <FullName>C:\Program Files\dotnet\shared\Microsoft.NETCore.App\2.2.1\System.Diagnostics.TraceSource.dll</FullName>
      <ModuleName>System.Diagnostics.TraceSource</ModuleName>
      <Classes />
    </Module>
    <Module skippedDueTo="Filter" hash="AF-1D-D9-AA-09-1A-F4-F3-4D-F5-12-A6-8B-CB-A1-EC-E6-CF-4D-0C">
      <FullName>C:\Program Files\dotnet\shared\Microsoft.NETCore.App\2.2.1\System.Collections.NonGeneric.dll</FullName>
      <ModuleName>System.Collections.NonGeneric</ModuleName>
      <Classes />
    </Module>
    <Module skippedDueTo="Filter" hash="8C-DD-A4-FA-0B-2A-6E-B0-78-44-F6-98-F3-21-7A-13-6C-A0-3B-28">
      <FullName>C:\Program Files\dotnet\sdk\2.2.103\Microsoft.TestPlatform.CrossPlatEngine.dll</FullName>
      <ModuleName>Microsoft.TestPlatform.CrossPlatEngine</ModuleName>
      <Classes />
    </Module>
    <Module skippedDueTo="Filter" hash="56-91-F0-B1-3A-40-D9-F6-0A-98-CD-AE-7B-77-D9-97-9E-16-95-21">
      <FullName>C:\Program Files\dotnet\shared\Microsoft.NETCore.App\2.2.1\System.Reflection.dll</FullName>
      <ModuleName>System.Reflection</ModuleName>
      <Classes />
    </Module>
    <Module skippedDueTo="Filter" hash="A6-A8-FD-11-C0-DC-D6-9C-52-E2-87-88-71-36-E7-E9-E7-E3-CF-39">
      <FullName>C:\Program Files\dotnet\shared\Microsoft.NETCore.App\2.2.1\System.Threading.Tasks.dll</FullName>
      <ModuleName>System.Threading.Tasks</ModuleName>
      <Classes />
    </Module>
    <Module skippedDueTo="Filter" hash="83-A2-3E-6A-CB-5B-61-67-4B-A5-EC-54-A6-09-61-49-60-7B-6F-38">
      <FullName>C:\Program Files\dotnet\shared\Microsoft.NETCore.App\2.2.1\System.Runtime.Loader.dll</FullName>
      <ModuleName>System.Runtime.Loader</ModuleName>
      <Classes />
    </Module>
    <Module skippedDueTo="Filter" hash="D6-65-61-07-64-D7-E7-5F-2D-DB-5A-23-07-BF-8D-66-C8-3C-87-AF">
      <FullName>C:\Program Files\dotnet\sdk\2.2.103\Extensions\Microsoft.TestPlatform.Extensions.BlameDataCollector.dll</FullName>
      <ModuleName>Microsoft.TestPlatform.Extensions.BlameDataCollector</ModuleName>
      <Classes />
    </Module>
    <Module skippedDueTo="Filter" hash="09-7E-AF-55-11-20-0B-26-C2-41-41-7A-B1-CB-E7-4F-16-CA-46-02">
      <FullName>C:\Program Files\dotnet\shared\Microsoft.NETCore.App\2.2.1\System.Reflection.TypeExtensions.dll</FullName>
      <ModuleName>System.Reflection.TypeExtensions</ModuleName>
      <Classes />
    </Module>
    <Module skippedDueTo="Filter" hash="FA-BF-1F-97-D1-5D-DF-74-CE-27-74-6E-19-7C-D6-DF-BF-1E-30-50">
      <FullName>C:\Program Files\dotnet\sdk\2.2.103\Extensions\Microsoft.TestPlatform.Extensions.EventLogCollector.dll</FullName>
      <ModuleName>Microsoft.TestPlatform.Extensions.EventLogCollector</ModuleName>
      <Classes />
    </Module>
    <Module skippedDueTo="Filter" hash="22-99-46-66-96-78-06-97-87-E7-32-D1-90-1B-7F-64-75-11-28-7E">
      <FullName>C:\Program Files\dotnet\shared\Microsoft.NETCore.App\2.2.1\mscorlib.dll</FullName>
      <ModuleName>mscorlib</ModuleName>
      <Classes />
    </Module>
    <Module skippedDueTo="Filter" hash="57-69-F4-8F-B2-97-5E-64-D0-B1-88-91-38-AD-35-18-41-1A-7D-A6">
      <FullName>C:\Program Files\dotnet\shared\Microsoft.NETCore.App\2.2.1\System.Xml.dll</FullName>
      <ModuleName>System.Xml</ModuleName>
      <Classes />
    </Module>
    <Module skippedDueTo="Filter" hash="CE-A0-F6-6B-06-E6-0C-23-F4-5E-B2-60-88-E8-B2-C1-BD-9C-B1-92">
      <FullName>C:\Program Files\dotnet\sdk\2.2.103\Extensions\Microsoft.TestPlatform.TestHostRuntimeProvider.dll</FullName>
      <ModuleName>Microsoft.TestPlatform.TestHostRuntimeProvider</ModuleName>
      <Classes />
    </Module>
    <Module skippedDueTo="Filter" hash="E6-48-7B-0B-D1-FA-22-17-AC-CC-95-AA-CA-1E-DE-A0-32-AD-49-E0">
      <FullName>C:\Program Files\dotnet\shared\Microsoft.NETCore.App\2.2.1\System.Reflection.Extensions.dll</FullName>
      <ModuleName>System.Reflection.Extensions</ModuleName>
      <Classes />
    </Module>
    <Module skippedDueTo="Filter" hash="70-BE-81-2F-AF-D4-CC-E4-26-C3-6C-BB-CF-0B-5A-F9-71-80-E6-20">
      <FullName>C:\Program Files\dotnet\sdk\2.2.103\Extensions\Microsoft.VisualStudio.TestPlatform.Extensions.Trx.TestLogger.dll</FullName>
      <ModuleName>Microsoft.VisualStudio.TestPlatform.Extensions.Trx.TestLogger</ModuleName>
      <Classes />
    </Module>
    <Module skippedDueTo="Filter" hash="C3-CE-A3-DD-A2-C8-80-3C-54-D9-24-F6-BB-DE-4E-25-C6-F9-61-14">
      <FullName>C:\Program Files\dotnet\shared\Microsoft.NETCore.App\2.2.1\System.Reflection.Metadata.dll</FullName>
      <ModuleName>System.Reflection.Metadata</ModuleName>
      <Classes />
    </Module>
    <Module skippedDueTo="Filter" hash="3A-C9-E2-51-5D-42-E6-A5-E6-06-3F-62-A6-84-1D-9C-B5-D4-35-BE">
      <FullName>C:\Program Files\dotnet\shared\Microsoft.NETCore.App\2.2.1\System.Collections.Immutable.dll</FullName>
      <ModuleName>System.Collections.Immutable</ModuleName>
      <Classes />
    </Module>
    <Module skippedDueTo="Filter" hash="65-AD-94-65-48-49-D3-EB-B1-B2-7D-69-B5-A6-D5-47-C8-02-A0-F7">
      <FullName>C:\Program Files\dotnet\shared\Microsoft.NETCore.App\2.2.1\Microsoft.Win32.Primitives.dll</FullName>
      <ModuleName>Microsoft.Win32.Primitives</ModuleName>
      <Classes />
    </Module>
    <Module skippedDueTo="Filter" hash="13-0F-93-96-46-C6-F3-54-21-3D-0A-3B-1E-4E-F0-8C-F6-E0-8A-0B">
      <FullName>C:\Program Files\dotnet\sdk\2.2.103\Microsoft.TestPlatform.CommunicationUtilities.dll</FullName>
      <ModuleName>Microsoft.TestPlatform.CommunicationUtilities</ModuleName>
      <Classes />
    </Module>
    <Module skippedDueTo="Filter" hash="92-9E-83-75-60-7D-8C-05-54-72-F3-EE-69-2C-C2-AB-24-4C-A5-CA">
      <FullName>C:\Program Files\dotnet\sdk\2.2.103\Newtonsoft.Json.dll</FullName>
      <ModuleName>Newtonsoft.Json</ModuleName>
      <Classes />
    </Module>
    <Module skippedDueTo="Filter" hash="64-5D-09-C9-34-06-8C-B0-C7-30-45-4F-F3-7D-7A-26-DF-FC-C5-BB">
      <FullName>C:\Program Files\dotnet\shared\Microsoft.NETCore.App\2.2.1\System.Runtime.Serialization.Primitives.dll</FullName>
      <ModuleName>System.Runtime.Serialization.Primitives</ModuleName>
      <Classes />
    </Module>
    <Module skippedDueTo="Filter" hash="C1-B9-DD-E1-4D-A5-D3-42-A3-CE-4C-61-BA-98-05-EA-A5-77-48-B7">
      <FullName>C:\Program Files\dotnet\shared\Microsoft.NETCore.App\2.2.1\System.Collections.Concurrent.dll</FullName>
      <ModuleName>System.Collections.Concurrent</ModuleName>
      <Classes />
    </Module>
    <Module skippedDueTo="Filter" hash="33-C9-05-7C-F5-36-E3-17-C3-5C-1F-66-60-D0-F0-6B-FA-3C-14-99">
      <FullName>C:\Program Files\dotnet\shared\Microsoft.NETCore.App\2.2.1\System.Threading.Timer.dll</FullName>
      <ModuleName>System.Threading.Timer</ModuleName>
      <Classes />
    </Module>
    <Module skippedDueTo="Filter" hash="69-82-49-EC-77-1B-B1-0C-4C-E1-07-86-51-FC-E9-A2-7D-F2-5E-F7">
      <FullName>C:\Program Files\dotnet\shared\Microsoft.NETCore.App\2.2.1\System.Net.Primitives.dll</FullName>
      <ModuleName>System.Net.Primitives</ModuleName>
      <Classes />
    </Module>
    <Module skippedDueTo="Filter" hash="EA-8F-42-72-6B-A4-29-DE-76-EA-62-61-1A-C7-FC-97-58-72-55-56">
      <FullName>C:\Program Files\dotnet\shared\Microsoft.NETCore.App\2.2.1\System.Net.Sockets.dll</FullName>
      <ModuleName>System.Net.Sockets</ModuleName>
      <Classes />
    </Module>
    <Module skippedDueTo="Filter" hash="55-AE-99-16-3C-79-CB-B9-C7-F9-33-C5-7C-BF-BC-8E-4B-D4-F9-B3">
      <FullName>C:\Program Files\dotnet\shared\Microsoft.NETCore.App\2.2.1\System.Threading.Overlapped.dll</FullName>
      <ModuleName>System.Threading.Overlapped</ModuleName>
      <Classes />
    </Module>
    <Module skippedDueTo="Filter" hash="C3-FA-03-10-D3-F2-78-42-A5-22-75-1F-F3-4E-2D-E6-49-CF-94-B2">
      <FullName>C:\Program Files\dotnet\shared\Microsoft.NETCore.App\2.2.1\System.Net.NameResolution.dll</FullName>
      <ModuleName>System.Net.NameResolution</ModuleName>
      <Classes />
    </Module>
    <Module skippedDueTo="Filter" hash="B0-7A-EE-46-11-FC-2C-03-60-B9-17-B4-92-15-EE-CE-5F-18-2C-3E">
      <FullName>C:\Program Files\dotnet\sdk\2.2.103\Microsoft.Extensions.DependencyModel.dll</FullName>
      <ModuleName>Microsoft.Extensions.DependencyModel</ModuleName>
      <Classes />
    </Module>
    <Module skippedDueTo="Filter" hash="C3-D9-40-16-E4-F2-FA-76-39-38-31-F0-EE-18-24-2E-EA-B0-F1-08">
      <FullName>C:\Program Files\dotnet\shared\Microsoft.NETCore.App\2.2.1\System.Dynamic.Runtime.dll</FullName>
      <ModuleName>System.Dynamic.Runtime</ModuleName>
      <Classes />
    </Module>
    <Module skippedDueTo="Filter" hash="D7-EF-C1-03-B5-08-C1-63-B2-2B-38-71-CE-33-94-98-8A-CB-88-90">
      <FullName>C:\Program Files\dotnet\shared\Microsoft.NETCore.App\2.2.1\System.Linq.Expressions.dll</FullName>
      <ModuleName>System.Linq.Expressions</ModuleName>
      <Classes />
    </Module>
    <Module skippedDueTo="Filter" hash="0A-3F-BC-B3-9E-23-44-A0-00-C7-FF-A4-10-96-28-11-4B-8D-87-5D">
      <FullName>C:\Program Files\dotnet\shared\Microsoft.NETCore.App\2.2.1\System.ObjectModel.dll</FullName>
      <ModuleName>System.ObjectModel</ModuleName>
      <Classes />
    </Module>
    <Module skippedDueTo="Filter" hash="D2-61-E7-39-B8-3C-01-D3-7E-EC-B4-A4-E0-A2-63-0F-AE-BA-8B-DA">
      <FullName>C:\Program Files\dotnet\shared\Microsoft.NETCore.App\2.2.1\System.Runtime.Numerics.dll</FullName>
      <ModuleName>System.Runtime.Numerics</ModuleName>
      <Classes />
    </Module>
    <Module skippedDueTo="Filter" hash="D0-E3-EB-62-89-BF-DD-84-5E-03-19-61-22-D3-5E-C3-5F-81-55-CD">
      <FullName>C:\Program Files\dotnet\shared\Microsoft.NETCore.App\2.2.1\System.Threading.ThreadPool.dll</FullName>
      <ModuleName>System.Threading.ThreadPool</ModuleName>
      <Classes />
    </Module>
    <Module skippedDueTo="Filter" hash="2F-76-FE-1D-13-FD-77-40-E6-F5-13-8E-75-37-32-13-F7-47-1A-65">
      <FullName>C:\Program Files\dotnet\shared\Microsoft.NETCore.App\2.1.7\System.Private.CoreLib.dll</FullName>
      <ModuleName>System.Private.CoreLib</ModuleName>
      <Classes />
    </Module>
    <Module skippedDueTo="Filter" hash="99-3F-E5-83-96-30-6C-65-15-6D-C3-94-B5-96-6C-50-67-36-B8-63">
      <FullName>C:\Users\appveyor\.nuget\packages\microsoft.testplatform.testhost\15.8.0\lib\netstandard1.5\testhost.dll</FullName>
      <ModuleName>testhost</ModuleName>
      <Classes />
    </Module>
    <Module skippedDueTo="Filter" hash="6D-E9-2A-18-98-43-B5-24-20-60-6C-B3-CB-BC-F2-BB-CB-79-26-BB">
      <FullName>C:\Program Files\dotnet\shared\Microsoft.NETCore.App\2.1.7\System.Runtime.dll</FullName>
      <ModuleName>System.Runtime</ModuleName>
      <Classes />
    </Module>
    <Module skippedDueTo="Filter" hash="51-F7-37-36-C0-87-E5-90-85-96-F2-73-93-74-FE-63-A2-A2-72-1C">
      <FullName>C:\Users\appveyor\.nuget\packages\microsoft.testplatform.objectmodel\15.8.0\lib\netstandard1.5\Microsoft.TestPlatform.CoreUtilities.dll</FullName>
      <ModuleName>Microsoft.TestPlatform.CoreUtilities</ModuleName>
      <Classes />
    </Module>
    <Module skippedDueTo="Filter" hash="00-53-A1-A9-EF-A3-0A-E6-2B-53-92-63-A8-51-18-64-C9-36-CE-55">
      <FullName>C:\Program Files\dotnet\shared\Microsoft.NETCore.App\2.1.7\System.Diagnostics.Tracing.dll</FullName>
      <ModuleName>System.Diagnostics.Tracing</ModuleName>
      <Classes />
    </Module>
    <Module skippedDueTo="Filter" hash="A1-97-33-0A-DB-7E-71-26-02-E5-F5-24-2E-E0-77-F2-A9-3B-09-85">
      <FullName>C:\Users\appveyor\.nuget\packages\microsoft.testplatform.objectmodel\15.8.0\lib\netstandard1.5\Microsoft.TestPlatform.PlatformAbstractions.dll</FullName>
      <ModuleName>Microsoft.TestPlatform.PlatformAbstractions</ModuleName>
      <Classes />
    </Module>
    <Module skippedDueTo="Filter" hash="4E-3D-AC-BE-2A-43-F5-0F-7D-00-5B-43-40-33-6C-6F-88-AA-41-57">
      <FullName>C:\Program Files\dotnet\shared\Microsoft.NETCore.App\2.1.7\System.Runtime.Extensions.dll</FullName>
      <ModuleName>System.Runtime.Extensions</ModuleName>
      <Classes />
    </Module>
    <Module skippedDueTo="Filter" hash="4B-5E-F4-AE-4B-28-1A-9C-18-72-E5-4A-CC-EF-76-47-54-56-D2-57">
      <FullName>C:\Program Files\dotnet\shared\Microsoft.NETCore.App\2.1.7\System.Diagnostics.Debug.dll</FullName>
      <ModuleName>System.Diagnostics.Debug</ModuleName>
      <Classes />
    </Module>
    <Module skippedDueTo="Filter" hash="D5-7B-D4-27-8B-F6-28-E9-01-3D-30-BB-BE-A9-40-F8-40-5B-0E-43">
      <FullName>C:\Program Files\dotnet\shared\Microsoft.NETCore.App\2.1.7\System.Threading.Tasks.dll</FullName>
      <ModuleName>System.Threading.Tasks</ModuleName>
      <Classes />
    </Module>
    <Module skippedDueTo="Filter" hash="54-55-AE-A0-1C-23-D4-66-F2-06-8F-F1-B2-A4-8D-0D-2A-88-8F-77">
      <FullName>C:\Program Files\dotnet\shared\Microsoft.NETCore.App\2.1.7\System.Collections.dll</FullName>
      <ModuleName>System.Collections</ModuleName>
      <Classes />
    </Module>
    <Module skippedDueTo="Filter" hash="8C-E7-0C-3F-9B-A2-C3-C7-00-16-19-D2-FD-98-0F-9C-4E-97-25-55">
      <FullName>C:\Users\appveyor\.nuget\packages\microsoft.testplatform.testhost\15.8.0\lib\netstandard1.5\Microsoft.TestPlatform.CrossPlatEngine.dll</FullName>
      <ModuleName>Microsoft.TestPlatform.CrossPlatEngine</ModuleName>
      <Classes />
    </Module>
    <Module skippedDueTo="Filter" hash="AE-5A-86-1B-42-AB-F0-4E-71-88-AE-FF-C5-A1-29-43-48-02-03-20">
      <FullName>C:\Users\appveyor\.nuget\packages\microsoft.testplatform.testhost\15.8.0\lib\netstandard1.5\Microsoft.TestPlatform.CommunicationUtilities.dll</FullName>
      <ModuleName>Microsoft.TestPlatform.CommunicationUtilities</ModuleName>
      <Classes />
    </Module>
    <Module skippedDueTo="Filter" hash="75-4D-B7-92-8D-C7-75-F8-99-D0-C3-A0-94-56-2D-2C-BB-91-9D-87">
      <FullName>C:\Users\appveyor\.nuget\packages\microsoft.testplatform.objectmodel\15.8.0\lib\netstandard1.5\Microsoft.VisualStudio.TestPlatform.ObjectModel.dll</FullName>
      <ModuleName>Microsoft.VisualStudio.TestPlatform.ObjectModel</ModuleName>
      <Classes />
    </Module>
    <Module skippedDueTo="Filter" hash="ED-64-CA-EE-3F-44-E3-DE-9A-B8-7A-40-2C-F3-40-41-0F-77-62-DD">
      <FullName>C:\Users\appveyor\.nuget\packages\microsoft.testplatform.testhost\15.8.0\lib\netstandard1.5\Microsoft.VisualStudio.TestPlatform.Common.dll</FullName>
      <ModuleName>Microsoft.VisualStudio.TestPlatform.Common</ModuleName>
      <Classes />
    </Module>
    <Module skippedDueTo="Filter" hash="DF-42-12-30-C4-E0-31-43-C1-0E-D7-E8-B8-68-76-86-AB-75-BA-23">
      <FullName>C:\Users\appveyor\.nuget\packages\newtonsoft.json\12.0.1\lib\netstandard2.0\Newtonsoft.Json.dll</FullName>
      <ModuleName>Newtonsoft.Json</ModuleName>
      <Classes />
    </Module>
    <Module skippedDueTo="Filter" hash="15-2D-EF-E5-1C-BE-E4-73-7E-EB-2E-B7-5E-79-19-CA-37-BF-DF-B8">
      <FullName>C:\Program Files\dotnet\shared\Microsoft.NETCore.App\2.1.7\netstandard.dll</FullName>
      <ModuleName>netstandard</ModuleName>
      <Classes />
    </Module>
    <Module skippedDueTo="Filter" hash="B6-AF-2E-2E-A7-C1-4F-76-7F-BC-B1-1A-BD-8B-DA-0A-B7-FF-63-D8">
      <FullName>C:\Program Files\dotnet\shared\Microsoft.NETCore.App\2.1.7\System.Runtime.Serialization.Formatters.dll</FullName>
      <ModuleName>System.Runtime.Serialization.Formatters</ModuleName>
      <Classes />
    </Module>
    <Module skippedDueTo="Filter" hash="01-A7-E0-43-90-E4-93-A5-33-8A-7F-65-F1-41-63-75-80-6C-6C-57">
      <FullName>C:\Program Files\dotnet\shared\Microsoft.NETCore.App\2.1.7\System.Collections.Concurrent.dll</FullName>
      <ModuleName>System.Collections.Concurrent</ModuleName>
      <Classes />
    </Module>
    <Module skippedDueTo="Filter" hash="52-2F-78-58-0C-F1-04-A5-7C-68-4B-2D-41-2E-19-52-E0-6B-2A-66">
      <FullName>C:\Program Files\dotnet\shared\Microsoft.NETCore.App\2.1.7\System.Diagnostics.TraceSource.dll</FullName>
      <ModuleName>System.Diagnostics.TraceSource</ModuleName>
      <Classes />
    </Module>
    <Module skippedDueTo="Filter" hash="14-B0-C8-7A-BD-82-8A-11-DB-C8-10-1B-6F-DC-85-DB-43-CE-6E-83">
      <FullName>C:\Program Files\dotnet\shared\Microsoft.NETCore.App\2.1.7\System.Threading.dll</FullName>
      <ModuleName>System.Threading</ModuleName>
      <Classes />
    </Module>
    <Module skippedDueTo="Filter" hash="EC-D3-D4-1A-16-1F-14-1F-04-AC-EE-68-BF-89-94-AE-17-16-EA-E0">
      <FullName>C:\Program Files\dotnet\shared\Microsoft.NETCore.App\2.1.7\System.Globalization.dll</FullName>
      <ModuleName>System.Globalization</ModuleName>
      <Classes />
    </Module>
    <Module skippedDueTo="Filter" hash="61-80-FF-92-CB-EA-9D-AA-6E-49-F3-C1-1E-7F-52-6F-A4-36-03-C9">
      <FullName>C:\Program Files\dotnet\shared\Microsoft.NETCore.App\2.1.7\System.Diagnostics.Process.dll</FullName>
      <ModuleName>System.Diagnostics.Process</ModuleName>
      <Classes />
    </Module>
    <Module skippedDueTo="Filter" hash="18-8C-53-F0-77-C7-3C-14-06-42-B2-D2-FA-85-94-F0-A7-C0-4F-47">
      <FullName>C:\Program Files\dotnet\shared\Microsoft.NETCore.App\2.1.7\System.ComponentModel.Primitives.dll</FullName>
      <ModuleName>System.ComponentModel.Primitives</ModuleName>
      <Classes />
    </Module>
    <Module skippedDueTo="Filter" hash="FB-2C-61-AD-3E-79-EE-4C-A0-64-CC-61-7A-4A-75-0C-8B-F7-C3-2D">
      <FullName>C:\Program Files\dotnet\shared\Microsoft.NETCore.App\2.1.7\System.Runtime.InteropServices.dll</FullName>
      <ModuleName>System.Runtime.InteropServices</ModuleName>
      <Classes />
    </Module>
    <Module skippedDueTo="Filter" hash="A2-FB-28-09-E0-6B-81-D4-E7-F2-31-5D-30-0C-77-C9-CB-72-37-1E">
      <FullName>C:\Program Files\dotnet\shared\Microsoft.NETCore.App\2.1.7\Microsoft.Win32.Primitives.dll</FullName>
      <ModuleName>Microsoft.Win32.Primitives</ModuleName>
      <Classes />
    </Module>
    <Module skippedDueTo="Filter" hash="AB-BC-C8-AD-16-2E-C3-AD-D7-87-B5-30-6A-E5-F2-EF-FF-2E-52-96">
      <FullName>C:\Program Files\dotnet\shared\Microsoft.NETCore.App\2.1.7\System.Threading.ThreadPool.dll</FullName>
      <ModuleName>System.Threading.ThreadPool</ModuleName>
      <Classes />
    </Module>
    <Module skippedDueTo="Filter" hash="94-0C-B5-4C-BB-0D-CB-6C-D3-3A-49-B5-B4-66-A7-DA-32-03-CF-27">
      <FullName>C:\Program Files\dotnet\shared\Microsoft.NETCore.App\2.1.7\System.Net.Primitives.dll</FullName>
      <ModuleName>System.Net.Primitives</ModuleName>
      <Classes />
    </Module>
    <Module skippedDueTo="Filter" hash="57-CF-47-76-6D-0D-91-05-54-C8-98-D4-8A-BF-A0-AC-43-FA-66-8D">
      <FullName>C:\Program Files\dotnet\shared\Microsoft.NETCore.App\2.1.7\System.IO.dll</FullName>
      <ModuleName>System.IO</ModuleName>
      <Classes />
    </Module>
    <Module skippedDueTo="Filter" hash="82-29-B5-AF-34-96-B5-27-C3-B4-EA-85-D3-9E-BC-E3-A8-20-11-6C">
      <FullName>C:\Program Files\dotnet\shared\Microsoft.NETCore.App\2.1.7\System.Net.Sockets.dll</FullName>
      <ModuleName>System.Net.Sockets</ModuleName>
      <Classes />
    </Module>
    <Module skippedDueTo="Filter" hash="1E-A8-28-15-E9-D4-8C-A5-B1-1A-D8-B2-76-89-D4-B3-DB-BE-11-6F">
      <FullName>C:\Program Files\dotnet\shared\Microsoft.NETCore.App\2.1.7\System.Threading.Overlapped.dll</FullName>
      <ModuleName>System.Threading.Overlapped</ModuleName>
      <Classes />
    </Module>
    <Module skippedDueTo="Filter" hash="94-92-53-31-1D-0A-C7-5D-48-E8-DF-AA-C2-BD-61-7F-87-E6-0B-41">
      <FullName>C:\Program Files\dotnet\shared\Microsoft.NETCore.App\2.1.7\System.Net.NameResolution.dll</FullName>
      <ModuleName>System.Net.NameResolution</ModuleName>
      <Classes />
    </Module>
    <Module skippedDueTo="Filter" hash="58-D2-93-0B-D3-91-E1-9F-24-DD-45-F2-01-86-33-E5-35-01-84-21">
      <FullName>C:\Program Files\dotnet\shared\Microsoft.NETCore.App\2.1.7\System.Private.Uri.dll</FullName>
      <ModuleName>System.Private.Uri</ModuleName>
      <Classes />
    </Module>
    <Module skippedDueTo="Filter" hash="E5-83-53-8F-49-5D-F1-ED-EF-BC-F9-01-00-B5-D9-2F-DF-9E-DF-FC">
      <FullName>C:\Program Files\dotnet\shared\Microsoft.NETCore.App\2.1.7\System.Memory.dll</FullName>
      <ModuleName>System.Memory</ModuleName>
      <Classes />
    </Module>
    <Module skippedDueTo="Filter" hash="0F-DE-74-D5-C9-70-94-BC-64-99-4A-DB-A0-E2-40-03-3F-87-FB-FA">
      <FullName>C:\Program Files\dotnet\shared\Microsoft.NETCore.App\2.2.1\System.Security.Principal.Windows.dll</FullName>
      <ModuleName>System.Security.Principal.Windows</ModuleName>
      <Classes />
    </Module>
    <Module skippedDueTo="Filter" hash="65-59-B2-FA-CB-BF-8A-FE-EB-FA-C5-1B-73-76-88-68-19-B1-7C-67">
      <FullName>C:\Program Files\dotnet\shared\Microsoft.NETCore.App\2.2.1\System.Security.Claims.dll</FullName>
      <ModuleName>System.Security.Claims</ModuleName>
      <Classes />
    </Module>
    <Module skippedDueTo="Filter" hash="E4-39-FF-1B-EA-9C-FD-49-A2-82-E0-F8-41-FB-06-9B-B5-4D-56-6A">
      <FullName>C:\Program Files\dotnet\shared\Microsoft.NETCore.App\2.2.1\System.Security.Principal.dll</FullName>
      <ModuleName>System.Security.Principal</ModuleName>
      <Classes />
    </Module>
    <Module skippedDueTo="Filter" hash="C8-68-E4-28-51-37-66-F8-FE-BC-61-5F-EE-97-9A-59-10-0A-E0-02">
      <FullName>C:\Program Files\dotnet\shared\Microsoft.NETCore.App\2.2.1\System.Text.Encoding.dll</FullName>
      <ModuleName>System.Text.Encoding</ModuleName>
      <Classes />
    </Module>
    <Module skippedDueTo="Filter" hash="6F-4C-A1-79-64-5D-01-3D-0B-18-B0-3D-EF-7B-60-B7-8E-8F-B7-87">
      <FullName>C:\Program Files\dotnet\shared\Microsoft.NETCore.App\2.1.7\System.Security.Principal.Windows.dll</FullName>
      <ModuleName>System.Security.Principal.Windows</ModuleName>
      <Classes />
    </Module>
    <Module skippedDueTo="Filter" hash="02-58-63-B5-32-8A-BA-18-27-17-69-B0-5D-B1-81-6A-88-13-3B-97">
      <FullName>C:\Program Files\dotnet\shared\Microsoft.NETCore.App\2.1.7\System.Security.Claims.dll</FullName>
      <ModuleName>System.Security.Claims</ModuleName>
      <Classes />
    </Module>
    <Module skippedDueTo="Filter" hash="60-3A-D8-29-5F-DB-BD-D1-48-25-BF-F2-19-49-20-DB-45-08-FB-B9">
      <FullName>C:\Program Files\dotnet\shared\Microsoft.NETCore.App\2.1.7\System.Security.Principal.dll</FullName>
      <ModuleName>System.Security.Principal</ModuleName>
      <Classes />
    </Module>
    <Module skippedDueTo="Filter" hash="BB-97-F1-71-C0-E5-2A-A9-6B-4D-22-B1-71-D7-84-8B-BF-51-8B-B0">
      <FullName>C:\Program Files\dotnet\shared\Microsoft.NETCore.App\2.2.1\System.Runtime.Serialization.Formatters.dll</FullName>
      <ModuleName>System.Runtime.Serialization.Formatters</ModuleName>
      <Classes />
    </Module>
    <Module skippedDueTo="Filter" hash="">
      <FullName>RefEmit_InMemoryManifestModule</FullName>
      <ModuleName>Anonymously Hosted DynamicMethods Assembly</ModuleName>
      <Classes />
    </Module>
    <Module skippedDueTo="Filter" hash="AA-88-61-EF-E1-0E-9E-74-41-04-7B-35-C5-77-CC-01-C7-37-61-48">
      <FullName>C:\Program Files\dotnet\shared\Microsoft.NETCore.App\2.2.1\System.ComponentModel.TypeConverter.dll</FullName>
      <ModuleName>System.ComponentModel.TypeConverter</ModuleName>
      <Classes />
    </Module>
    <Module skippedDueTo="Filter" hash="D0-C7-15-0E-31-93-86-BC-1F-3F-74-7B-5D-19-A1-5B-3B-A4-ED-AC">
      <FullName>C:\Program Files\dotnet\shared\Microsoft.NETCore.App\2.2.1\System.Collections.Specialized.dll</FullName>
      <ModuleName>System.Collections.Specialized</ModuleName>
      <Classes />
    </Module>
    <Module skippedDueTo="Filter" hash="C0-FB-33-7C-89-A6-04-3F-AE-6D-6A-4F-B7-11-3E-E0-E6-C3-F0-09">
      <FullName>C:\Program Files\dotnet\shared\Microsoft.NETCore.App\2.2.1\System.Drawing.Primitives.dll</FullName>
      <ModuleName>System.Drawing.Primitives</ModuleName>
      <Classes />
    </Module>
    <Module skippedDueTo="Filter" hash="26-02-AC-BE-9D-CB-59-C0-73-C7-64-51-EA-F8-75-D1-A7-12-69-B0">
      <FullName>C:\Program Files\dotnet\shared\Microsoft.NETCore.App\2.1.7\System.Text.Encoding.dll</FullName>
      <ModuleName>System.Text.Encoding</ModuleName>
      <Classes />
    </Module>
    <Module skippedDueTo="Filter" hash="BA-1E-C6-06-78-44-E6-B5-67-D9-53-DA-A0-A5-C1-2B-DB-79-29-3A">
      <FullName>C:\Program Files\dotnet\shared\Microsoft.NETCore.App\2.2.1\System.Reflection.Primitives.dll</FullName>
      <ModuleName>System.Reflection.Primitives</ModuleName>
      <Classes />
    </Module>
    <Module skippedDueTo="Filter" hash="5E-BD-60-83-6D-6F-B8-A6-D1-9C-9B-0A-C1-C1-41-47-EE-34-F5-86">
      <FullName>C:\Program Files\dotnet\shared\Microsoft.NETCore.App\2.1.7\System.Reflection.dll</FullName>
      <ModuleName>System.Reflection</ModuleName>
      <Classes />
    </Module>
    <Module skippedDueTo="Filter" hash="FA-59-35-B7-93-5C-BE-03-2E-CB-57-4F-A4-CC-3E-F8-75-68-3A-97">
      <FullName>C:\Program Files\dotnet\shared\Microsoft.NETCore.App\2.1.7\System.Linq.Expressions.dll</FullName>
      <ModuleName>System.Linq.Expressions</ModuleName>
      <Classes />
    </Module>
    <Module skippedDueTo="Filter" hash="1A-78-00-8E-82-31-D9-EE-DE-CE-00-52-5D-60-0C-97-AE-B0-BD-E5">
      <FullName>C:\Program Files\dotnet\shared\Microsoft.NETCore.App\2.1.7\System.Runtime.Numerics.dll</FullName>
      <ModuleName>System.Runtime.Numerics</ModuleName>
      <Classes />
    </Module>
    <Module skippedDueTo="Filter" hash="0B-C1-F5-58-8A-51-B0-6D-7D-24-A2-41-78-99-BD-72-7C-75-D3-C7">
      <FullName>C:\Program Files\dotnet\shared\Microsoft.NETCore.App\2.1.7\System.Linq.dll</FullName>
      <ModuleName>System.Linq</ModuleName>
      <Classes />
    </Module>
    <Module skippedDueTo="Filter" hash="CE-FB-76-29-2C-B5-D5-7F-1F-29-87-46-06-B8-B4-DB-EA-3B-6D-B4">
      <FullName>C:\Program Files\dotnet\shared\Microsoft.NETCore.App\2.1.7\System.ComponentModel.TypeConverter.dll</FullName>
      <ModuleName>System.ComponentModel.TypeConverter</ModuleName>
      <Classes />
    </Module>
    <Module skippedDueTo="Filter" hash="45-70-69-BE-02-5A-15-9D-2A-D6-94-DC-40-F3-9E-5C-38-65-B2-7A">
      <FullName>C:\Program Files\dotnet\shared\Microsoft.NETCore.App\2.1.7\System.Collections.Specialized.dll</FullName>
      <ModuleName>System.Collections.Specialized</ModuleName>
      <Classes />
    </Module>
    <Module skippedDueTo="Filter" hash="AC-49-A0-BB-0C-4E-E6-3A-87-A0-46-BA-EE-21-41-F1-43-88-C8-E0">
      <FullName>C:\Program Files\dotnet\shared\Microsoft.NETCore.App\2.1.7\System.Drawing.Primitives.dll</FullName>
      <ModuleName>System.Drawing.Primitives</ModuleName>
      <Classes />
    </Module>
    <Module skippedDueTo="Filter" hash="98-ED-61-52-80-A0-78-1D-CF-C1-47-F5-59-95-10-15-E8-C2-E4-CA">
      <FullName>C:\Program Files\dotnet\shared\Microsoft.NETCore.App\2.1.7\System.ObjectModel.dll</FullName>
      <ModuleName>System.ObjectModel</ModuleName>
      <Classes />
    </Module>
    <Module skippedDueTo="Filter" hash="01-D3-BE-83-36-C2-CC-0A-17-23-FF-83-C9-BA-C7-B3-D0-EB-DF-49">
      <FullName>C:\Program Files\dotnet\shared\Microsoft.NETCore.App\2.1.7\System.Runtime.Serialization.Primitives.dll</FullName>
      <ModuleName>System.Runtime.Serialization.Primitives</ModuleName>
      <Classes />
    </Module>
    <Module skippedDueTo="Filter" hash="AE-85-12-9A-F4-DB-BA-0C-05-04-8D-51-50-0A-88-62-9A-5B-B0-F5">
      <FullName>C:\Program Files\dotnet\shared\Microsoft.NETCore.App\2.1.7\System.Data.Common.dll</FullName>
      <ModuleName>System.Data.Common</ModuleName>
      <Classes />
    </Module>
    <Module skippedDueTo="Filter" hash="FE-61-25-3C-2A-55-07-40-DB-C9-48-32-62-E2-26-33-55-97-D4-11">
      <FullName>C:\Program Files\dotnet\shared\Microsoft.NETCore.App\2.1.7\System.Xml.ReaderWriter.dll</FullName>
      <ModuleName>System.Xml.ReaderWriter</ModuleName>
      <Classes />
    </Module>
    <Module skippedDueTo="Filter" hash="DE-5A-E8-79-5A-38-8C-C0-32-14-EC-59-8D-4C-D2-B5-A0-F6-DC-DD">
      <FullName>C:\Program Files\dotnet\shared\Microsoft.NETCore.App\2.1.7\System.Private.Xml.dll</FullName>
      <ModuleName>System.Private.Xml</ModuleName>
      <Classes />
    </Module>
    <Module skippedDueTo="Filter" hash="7B-7A-78-DD-D4-E6-74-C6-7F-CB-91-A7-00-6C-C9-FE-5F-D2-C5-7C">
      <FullName>C:\Program Files\dotnet\shared\Microsoft.NETCore.App\2.1.7\System.ComponentModel.dll</FullName>
      <ModuleName>System.ComponentModel</ModuleName>
      <Classes />
    </Module>
    <Module skippedDueTo="Filter" hash="">
      <FullName>RefEmit_InMemoryManifestModule</FullName>
      <ModuleName>Anonymously Hosted DynamicMethods Assembly</ModuleName>
      <Classes />
    </Module>
    <Module skippedDueTo="Filter" hash="E8-55-44-8E-3F-AF-0C-FD-50-A1-50-66-BC-77-CD-D4-45-5F-0A-D4">
      <FullName>C:\Program Files\dotnet\shared\Microsoft.NETCore.App\2.1.7\System.Collections.NonGeneric.dll</FullName>
      <ModuleName>System.Collections.NonGeneric</ModuleName>
      <Classes />
    </Module>
    <Module skippedDueTo="Filter" hash="B9-19-C9-64-3A-C5-93-6F-F7-09-B8-DA-61-81-45-67-4F-DD-0F-08">
      <FullName>C:\Program Files\dotnet\shared\Microsoft.NETCore.App\2.1.7\System.IO.FileSystem.Primitives.dll</FullName>
      <ModuleName>System.IO.FileSystem.Primitives</ModuleName>
      <Classes />
    </Module>
    <Module skippedDueTo="Filter" hash="4D-71-0A-EC-F4-27-BB-AF-76-16-C3-26-D4-E4-AB-5F-B9-20-EE-8D">
      <FullName>C:\Program Files\dotnet\shared\Microsoft.NETCore.App\2.1.7\System.IO.FileSystem.dll</FullName>
      <ModuleName>System.IO.FileSystem</ModuleName>
      <Classes />
    </Module>
    <Module skippedDueTo="Filter" hash="E7-21-90-9B-D6-BD-F6-C1-7F-DB-55-46-8A-4D-E7-49-71-3B-7B-0A">
      <FullName>C:\Program Files\dotnet\shared\Microsoft.NETCore.App\2.1.7\System.Runtime.Loader.dll</FullName>
      <ModuleName>System.Runtime.Loader</ModuleName>
      <Classes />
    </Module>
    <Module skippedDueTo="Filter" hash="67-97-99-39-84-F7-16-4E-E7-62-EA-DC-7C-83-21-8F-A9-D9-A1-A0">
      <FullName>C:\projects\sigstat\test\SigStat.Common.Test\bin\Release\netcoreapp2.1\Microsoft.VisualStudio.TestPlatform.MSTest.TestAdapter.dll</FullName>
      <ModuleName>Microsoft.VisualStudio.TestPlatform.MSTest.TestAdapter</ModuleName>
      <Classes />
    </Module>
    <Module skippedDueTo="Filter" hash="49-CB-D0-93-FE-66-E3-26-85-32-E3-9F-B3-05-CF-8E-DF-FC-69-36">
      <FullName>C:\Program Files\dotnet\shared\Microsoft.NETCore.App\2.1.7\System.Reflection.TypeExtensions.dll</FullName>
      <ModuleName>System.Reflection.TypeExtensions</ModuleName>
      <Classes />
    </Module>
    <Module skippedDueTo="Filter" hash="44-8F-EE-BC-56-83-22-04-15-20-82-7D-BF-FA-A8-E8-9C-33-D9-E8">
      <FullName>C:\Users\appveyor\.nuget\packages\mstest.testframework\1.3.2\lib\netstandard1.0\Microsoft.VisualStudio.TestPlatform.TestFramework.dll</FullName>
      <ModuleName>Microsoft.VisualStudio.TestPlatform.TestFramework</ModuleName>
      <Classes />
    </Module>
    <Module skippedDueTo="Filter" hash="6F-CB-80-19-07-E6-7F-D6-F9-1D-EB-CD-AD-79-88-FA-B9-E8-91-A5">
      <FullName>C:\projects\sigstat\test\SigStat.Common.Test\bin\Release\netcoreapp2.1\Microsoft.VisualStudio.TestPlatform.MSTestAdapter.PlatformServices.Interface.dll</FullName>
      <ModuleName>Microsoft.VisualStudio.TestPlatform.MSTestAdapter.PlatformServices.Interface</ModuleName>
      <Classes />
    </Module>
    <Module skippedDueTo="Filter" hash="8B-32-8B-73-AE-9C-38-48-B6-4D-33-F3-0B-D9-DD-5F-E3-1B-D8-5D">
      <FullName>C:\projects\sigstat\test\SigStat.Common.Test\bin\Release\netcoreapp2.1\Microsoft.VisualStudio.TestPlatform.MSTestAdapter.PlatformServices.dll</FullName>
      <ModuleName>Microsoft.VisualStudio.TestPlatform.MSTestAdapter.PlatformServices</ModuleName>
      <Classes />
    </Module>
    <Module skippedDueTo="Filter" hash="13-78-0F-D2-E8-0F-31-25-C0-81-0C-97-57-C8-17-32-FA-09-B7-AC">
      <FullName>C:\Program Files\dotnet\shared\Microsoft.NETCore.App\2.1.7\System.Reflection.Extensions.dll</FullName>
      <ModuleName>System.Reflection.Extensions</ModuleName>
      <Classes />
    </Module>
    <Module skippedDueTo="Filter" hash="6F-7A-97-CB-76-A0-C5-97-9E-FD-4E-AA-E6-AD-54-1C-53-50-42-F8">
      <FullName>C:\Program Files\dotnet\shared\Microsoft.NETCore.App\2.1.7\System.Threading.Thread.dll</FullName>
      <ModuleName>System.Threading.Thread</ModuleName>
      <Classes />
    </Module>
    <Module skippedDueTo="Filter" hash="2D-BD-F5-AF-6F-2B-94-89-B8-55-DA-E0-55-D2-A7-21-E7-25-D7-74">
      <FullName>C:\Program Files\dotnet\shared\Microsoft.NETCore.App\2.1.7\System.Security.Cryptography.Algorithms.dll</FullName>
      <ModuleName>System.Security.Cryptography.Algorithms</ModuleName>
      <Classes />
    </Module>
    <Module skippedDueTo="Filter" hash="A0-33-50-FC-67-2B-6B-9C-33-C7-2B-C6-4C-9B-FA-27-9B-59-CE-D7">
      <FullName>C:\Program Files\dotnet\shared\Microsoft.NETCore.App\2.1.7\System.Threading.Timer.dll</FullName>
      <ModuleName>System.Threading.Timer</ModuleName>
      <Classes />
    </Module>
    <Module skippedDueTo="Filter" hash="70-C7-EB-24-44-C0-99-70-19-2F-20-74-7B-F5-D6-18-36-D7-1E-FD">
      <FullName>C:\Program Files\dotnet\shared\Microsoft.NETCore.App\2.1.7\System.Xml.XmlDocument.dll</FullName>
      <ModuleName>System.Xml.XmlDocument</ModuleName>
      <Classes />
    </Module>
    <Module skippedDueTo="Filter" hash="72-2B-C2-77-F5-94-EB-24-25-EE-59-D8-59-26-75-28-29-A8-87-F1">
      <FullName>C:\Program Files\dotnet\shared\Microsoft.NETCore.App\2.1.7\System.Resources.ResourceManager.dll</FullName>
      <ModuleName>System.Resources.ResourceManager</ModuleName>
      <Classes />
    </Module>
    <Module skippedDueTo="Filter" hash="E8-46-CC-B7-B6-24-0A-56-E1-1A-6E-54-C6-7E-D1-22-95-C1-35-29">
      <FullName>C:\Program Files\dotnet\shared\Microsoft.NETCore.App\2.1.7\System.Runtime.InteropServices.RuntimeInformation.dll</FullName>
      <ModuleName>System.Runtime.InteropServices.RuntimeInformation</ModuleName>
      <Classes />
    </Module>
    <Module skippedDueTo="Filter" hash="BF-43-F6-2F-9C-A2-1C-FF-68-EB-5F-99-05-8A-82-E8-BD-75-8A-4D">
      <FullName>C:\Program Files\dotnet\shared\Microsoft.NETCore.App\2.1.7\System.Text.Encoding.Extensions.dll</FullName>
      <ModuleName>System.Text.Encoding.Extensions</ModuleName>
      <Classes />
    </Module>
    <Module skippedDueTo="Filter" hash="98-B7-D5-F7-39-2C-79-A0-C9-17-C6-92-A3-2A-47-B9-84-AB-A2-B7">
      <FullName>C:\Program Files\dotnet\shared\Microsoft.NETCore.App\2.1.7\System.Xml.XDocument.dll</FullName>
      <ModuleName>System.Xml.XDocument</ModuleName>
      <Classes />
    </Module>
    <Module skippedDueTo="Filter" hash="98-4E-7A-74-39-7D-D4-72-31-A6-20-2F-86-6C-CF-0D-C7-F6-57-6A">
      <FullName>C:\Program Files\dotnet\shared\Microsoft.NETCore.App\2.1.7\System.Private.Xml.Linq.dll</FullName>
      <ModuleName>System.Private.Xml.Linq</ModuleName>
      <Classes />
    </Module>
    <Module skippedDueTo="Filter" hash="DE-C8-3B-56-98-5B-B1-D3-CD-C7-29-E7-54-1E-51-4E-17-80-7A-06">
      <FullName>C:\projects\sigstat\test\SigStat.Common.Test\bin\Release\netcoreapp2.1\SigStat.Common.Test.dll</FullName>
      <ModuleName>SigStat.Common.Test</ModuleName>
      <Classes />
    </Module>
    <Module skippedDueTo="Filter" hash="C2-05-D8-DE-ED-93-2F-89-DC-DE-A8-78-0E-E2-57-91-10-10-53-27">
      <FullName>C:\Users\appveyor\.nuget\packages\mstest.testframework\1.3.2\lib\netstandard1.0\Microsoft.VisualStudio.TestPlatform.TestFramework.Extensions.dll</FullName>
      <ModuleName>Microsoft.VisualStudio.TestPlatform.TestFramework.Extensions</ModuleName>
      <Classes />
    </Module>
    <Module skippedDueTo="Filter" hash="55-D1-AF-2B-C3-4A-98-C6-0A-B9-57-C4-3B-06-C8-E1-51-E1-E7-F7">
      <FullName>C:\Program Files\dotnet\shared\Microsoft.NETCore.App\2.1.7\System.Diagnostics.TextWriterTraceListener.dll</FullName>
      <ModuleName>System.Diagnostics.TextWriterTraceListener</ModuleName>
      <Classes />
    </Module>
    <Module skippedDueTo="Filter" hash="D2-CC-9B-5A-F1-F1-11-EB-BA-AC-50-E9-50-71-8D-4C-69-88-8B-5C">
      <FullName>C:\Program Files\dotnet\shared\Microsoft.NETCore.App\2.1.7\System.Console.dll</FullName>
      <ModuleName>System.Console</ModuleName>
      <Classes />
    </Module>
    <Module hash="AD-2E-09-54-8C-13-A6-F5-59-BA-75-C4-4A-19-86-FE-C0-5E-F9-DD">
      <Summary numSequencePoints="3507" visitedSequencePoints="69" numBranchPoints="2683" visitedBranchPoints="39" sequenceCoverage="1.97" branchCoverage="1.45" maxCyclomaticComplexity="50" minCyclomaticComplexity="1" />
      <FullName>C:\projects\sigstat\test\SigStat.Common.Test\bin\Release\netcoreapp2.1\SigStat.Common.dll</FullName>
      <ModuleName>SigStat.Common</ModuleName>
      <Files>
        <File uid="1" fullPath="C:\projects\sigstat\src\SigStat.Common\Features\Baseline.cs" />
        <File uid="2" fullPath="C:\projects\sigstat\src\SigStat.Common\Features\Features.cs" />
        <File uid="4" fullPath="C:\projects\sigstat\src\SigStat.Common\Features\Loop.cs" />
        <File uid="5" fullPath="C:\projects\sigstat\src\SigStat.Common\Framework\ILoggerObjectExtensions.cs" />
        <File uid="6" fullPath="C:\projects\sigstat\src\SigStat.Common\Framework\Sampler.cs" />
        <File uid="31" fullPath="C:\projects\sigstat\src\SigStat.Common\Framework\SigStatEvents.cs" />
        <File uid="32" fullPath="C:\projects\sigstat\src\SigStat.Common\Framework\VerifierBenchmark.cs" />
        <File uid="38" fullPath="C:\projects\sigstat\src\SigStat.Common\Helpers\ArrayExtension.cs" />
        <File uid="40" fullPath="C:\projects\sigstat\src\SigStat.Common\Helpers\DistanceMatrix.cs" />
        <File uid="42" fullPath="C:\projects\sigstat\src\SigStat.Common\Helpers\ErrorRate.cs" />
        <File uid="43" fullPath="C:\projects\sigstat\src\SigStat.Common\Helpers\MathHelper.cs" />
        <File uid="44" fullPath="C:\projects\sigstat\src\SigStat.Common\Model\FeatureDescriptor.cs" />
        <File uid="45" fullPath="C:\projects\sigstat\src\SigStat.Common\Model\FeatureDescriptorT.cs" />
        <File uid="46" fullPath="C:\projects\sigstat\src\SigStat.Common\Model\Signature.cs" />
        <File uid="48" fullPath="C:\projects\sigstat\src\SigStat.Common\Model\Signer.cs" />
        <File uid="49" fullPath="C:\projects\sigstat\src\SigStat.Common\PipelineItems\BasicMetadataExtraction.cs" />
        <File uid="50" fullPath="C:\projects\sigstat\src\SigStat.Common\PipelineItems\SimpleRenderingTransformation.cs" />
        <File uid="53" fullPath="C:\projects\sigstat\src\SigStat.Common\Pipeline\PipelineBase.cs" />
        <File uid="55" fullPath="C:\projects\sigstat\src\SigStat.Common\Pipeline\IOAttributes.cs" />
        <File uid="57" fullPath="C:\projects\sigstat\src\SigStat.Common\Pipeline\IPipelineIO.cs" />
        <File uid="59" fullPath="C:\projects\sigstat\src\SigStat.Common\Pipeline\ParallelPipeline.cs" />
        <File uid="62" fullPath="C:\projects\sigstat\src\SigStat.Common\Pipeline\SequentialPipeline.cs" />
        <File uid="65" fullPath="C:\projects\sigstat\src\SigStat.Common\PipelineItems\Transforms\ComponentSorter.cs" />
        <File uid="66" fullPath="C:\projects\sigstat\src\SigStat.Common\PipelineItems\Transforms\Composite\CentroidTranslate.cs" />
        <File uid="67" fullPath="C:\projects\sigstat\src\SigStat.Common\PipelineItems\Transforms\Composite\TimeReset.cs" />
        <File uid="68" fullPath="C:\projects\sigstat\src\SigStat.Common\PipelineItems\Transforms\Composite\Translate.cs" />
        <File uid="69" fullPath="C:\projects\sigstat\src\SigStat.Common\PipelineItems\Transforms\FeatureExtraction\ApproximateOnlineFeatures.cs" />
        <File uid="70" fullPath="C:\projects\sigstat\src\SigStat.Common\PipelineItems\Transforms\FeatureExtraction\CentroidExtraction.cs" />
        <File uid="71" fullPath="C:\projects\sigstat\src\SigStat.Common\PipelineItems\Transforms\FeatureExtraction\ComponentExtraction.cs" />
        <File uid="72" fullPath="C:\projects\sigstat\src\SigStat.Common\PipelineItems\Transforms\FeatureExtraction\ComponentsToFeatures.cs" />
        <File uid="73" fullPath="C:\projects\sigstat\src\SigStat.Common\PipelineItems\Transforms\FeatureExtraction\EndpointExtraction.cs" />
        <File uid="74" fullPath="C:\projects\sigstat\src\SigStat.Common\PipelineItems\Transforms\FeatureExtraction\TangentExtraction.cs" />
        <File uid="75" fullPath="C:\projects\sigstat\src\SigStat.Common\PipelineItems\Transforms\Operations\AddConst.cs" />
        <File uid="76" fullPath="C:\projects\sigstat\src\SigStat.Common\PipelineItems\Transforms\Operations\AddVector.cs" />
        <File uid="78" fullPath="C:\projects\sigstat\src\SigStat.Common\PipelineItems\Transforms\Operations\Extrema.cs" />
        <File uid="79" fullPath="C:\projects\sigstat\src\SigStat.Common\PipelineItems\Transforms\Operations\Map.cs" />
        <File uid="80" fullPath="C:\projects\sigstat\src\SigStat.Common\PipelineItems\Transforms\Operations\Multiply.cs" />
        <File uid="81" fullPath="C:\projects\sigstat\src\SigStat.Common\PipelineItems\Transforms\Operations\Normalize.cs" />
        <File uid="82" fullPath="C:\projects\sigstat\src\SigStat.Common\PipelineItems\Transforms\Raster\Binarization.cs" />
        <File uid="83" fullPath="C:\projects\sigstat\src\SigStat.Common\PipelineItems\Transforms\Raster\BinaryRasterizer.cs" />
        <File uid="85" fullPath="C:\projects\sigstat\src\SigStat.Common\PipelineItems\Transforms\Raster\HSCPThinning.cs" />
        <File uid="86" fullPath="C:\projects\sigstat\src\SigStat.Common\PipelineItems\Transforms\Raster\ImageGenerator.cs" />
        <File uid="87" fullPath="C:\projects\sigstat\src\SigStat.Common\PipelineItems\Transforms\Raster\OnePixelThinning.cs" />
        <File uid="88" fullPath="C:\projects\sigstat\src\SigStat.Common\PipelineItems\Transforms\Raster\RealisticImageGenerator.cs" />
        <File uid="90" fullPath="C:\projects\sigstat\src\SigStat.Common\PipelineItems\Transforms\Raster\Resize.cs" />
        <File uid="92" fullPath="C:\projects\sigstat\src\SigStat.Common\PipelineItems\Transforms\Raster\Trim.cs" />
        <File uid="93" fullPath="C:\projects\sigstat\src\SigStat.Common\PipelineItems\Transforms\Preprocessing\CubicInterpolation.cs" />
        <File uid="94" fullPath="C:\projects\sigstat\src\SigStat.Common\PipelineItems\Transforms\Preprocessing\FillPenUpDurations.cs" />
        <File uid="96" fullPath="C:\projects\sigstat\src\SigStat.Common\PipelineItems\Transforms\Preprocessing\FilterPoints.cs" />
        <File uid="97" fullPath="C:\projects\sigstat\src\SigStat.Common\PipelineItems\Transforms\Preprocessing\LinearInterpolation.cs" />
        <File uid="98" fullPath="C:\projects\sigstat\src\SigStat.Common\PipelineItems\Transforms\Preprocessing\NormalizeRotation.cs" />
        <File uid="100" fullPath="C:\projects\sigstat\src\SigStat.Common\PipelineItems\Transforms\Preprocessing\ResampleSamplesCountBased.cs" />
        <File uid="101" fullPath="C:\projects\sigstat\src\SigStat.Common\PipelineItems\Transforms\Preprocessing\ResampleTimeBased.cs" />
        <File uid="102" fullPath="C:\projects\sigstat\src\SigStat.Common\PipelineItems\Transforms\Preprocessing\Scale.cs" />
        <File uid="103" fullPath="C:\projects\sigstat\src\SigStat.Common\PipelineItems\Transforms\Preprocessing\Translate.cs" />
        <File uid="104" fullPath="C:\projects\sigstat\src\SigStat.Common\PipelineItems\Transforms\Preprocessing\UniformScale.cs" />
        <File uid="105" fullPath="C:\projects\sigstat\src\SigStat.Common\PipelineItems\Classifiers\DTWClassifier.cs" />
        <File uid="109" fullPath="C:\projects\sigstat\src\SigStat.Common\PipelineItems\Classifiers\OptimalDtwClassifier.cs" />
        <File uid="114" fullPath="C:\projects\sigstat\src\SigStat.Common\PipelineItems\Classifiers\WeightedClassifier.cs" />
        <File uid="115" fullPath="C:\projects\sigstat\src\SigStat.Common\Loaders\BenchmarkBuilder.cs" />
        <File uid="116" fullPath="C:\projects\sigstat\src\SigStat.Common\Loaders\DataSetLoader.cs" />
        <File uid="117" fullPath="C:\projects\sigstat\src\SigStat.Common\Loaders\ImageLoader.cs" />
        <File uid="121" fullPath="C:\projects\sigstat\src\SigStat.Common\Loaders\ImageSaver.cs" />
        <File uid="122" fullPath="C:\projects\sigstat\src\SigStat.Common\Loaders\MCYTLoader.cs" />
        <File uid="127" fullPath="C:\projects\sigstat\src\SigStat.Common\Loaders\SigComp11DutchLoader.cs" />
        <File uid="132" fullPath="C:\projects\sigstat\src\SigStat.Common\Loaders\Svc2004Loader.cs" />
        <File uid="138" fullPath="C:\projects\sigstat\src\SigStat.Common\Helpers\BenchmarkConfig.cs" />
        <File uid="149" fullPath="C:\projects\sigstat\src\SigStat.Common\Helpers\Serialization\FeatureDescriptorJsonConverter.cs" />
        <File uid="150" fullPath="C:\projects\sigstat\src\SigStat.Common\Helpers\Serialization\FeatureDescriptorTJsonConverter.cs" />
        <File uid="151" fullPath="C:\projects\sigstat\src\SigStat.Common\Helpers\Serialization\SerializationHelper.cs" />
        <File uid="152" fullPath="C:\projects\sigstat\src\SigStat.Common\Helpers\SimpleConsoleLogger.cs" />
        <File uid="153" fullPath="C:\projects\sigstat\src\SigStat.Common\Helpers\Serialization\RectangleFConverter.cs" />
        <File uid="154" fullPath="C:\projects\sigstat\src\SigStat.Common\Helpers\Excel\ExcelHelper.cs" />
        <File uid="155" fullPath="C:\projects\sigstat\src\SigStat.Common\Helpers\Excel\HierarchyElement.cs" />
        <File uid="156" fullPath="C:\projects\sigstat\src\SigStat.Common\Helpers\Excel\Palette\Palette.cs" />
        <File uid="157" fullPath="C:\projects\sigstat\src\SigStat.Common\Helpers\Excel\Palette\PaletteStorage.cs" />
        <File uid="158" fullPath="C:\projects\sigstat\src\SigStat.Common\Helpers\Excel\Level\Level.cs" />
        <File uid="159" fullPath="C:\projects\sigstat\src\SigStat.Common\Framework\Verifier.cs" />
        <File uid="161" fullPath="C:\projects\sigstat\src\SigStat.Common\Framework\Exceptions\VerifierTestingException.cs" />
        <File uid="162" fullPath="C:\projects\sigstat\src\SigStat.Common\Framework\Exceptions\VerifierTrainingException.cs" />
        <File uid="163" fullPath="C:\projects\sigstat\src\SigStat.Common\Algorithms\Dtw.cs" />
        <File uid="164" fullPath="C:\projects\sigstat\src\SigStat.Common\Algorithms\DtwPy.cs" />
        <File uid="165" fullPath="C:\projects\sigstat\src\SigStat.Common\Algorithms\HSCPThinningStep.cs" />
        <File uid="166" fullPath="C:\projects\sigstat\src\SigStat.Common\Algorithms\OnePixelThinningStep.cs" />
        <File uid="167" fullPath="C:\projects\sigstat\src\SigStat.Common\Algorithms\PatternMatching3x3.cs" />
      </Files>
      <Classes>
        <Class>
          <Summary numSequencePoints="0" visitedSequencePoints="0" numBranchPoints="0" visitedBranchPoints="0" sequenceCoverage="0" branchCoverage="0" maxCyclomaticComplexity="0" minCyclomaticComplexity="0" />
          <FullName>&lt;Module&gt;</FullName>
          <Methods />
        </Class>
        <Class>
          <Summary numSequencePoints="0" visitedSequencePoints="0" numBranchPoints="24" visitedBranchPoints="0" sequenceCoverage="0" branchCoverage="0" maxCyclomaticComplexity="13" minCyclomaticComplexity="1" />
          <FullName>&lt;&gt;f__AnonymousType0`4</FullName>
          <Methods>
            <Method visited="false" cyclomaticComplexity="1" sequenceCoverage="0" branchCoverage="0" isConstructor="false" isStatic="false" isGetter="true" isSetter="false">
              <Summary numSequencePoints="0" visitedSequencePoints="0" numBranchPoints="0" visitedBranchPoints="0" sequenceCoverage="0" branchCoverage="0" maxCyclomaticComplexity="1" minCyclomaticComplexity="1" />
              <MetadataToken>100663297</MetadataToken>
              <Name>&lt;Signer&gt;j__TPar &lt;&gt;f__AnonymousType0`4::get_Signer()</Name>
              <SequencePoints />
              <BranchPoints />
              <MethodPoint vc="0" uspid="1" ordinal="0" offset="0" />
            </Method>
            <Method visited="false" cyclomaticComplexity="1" sequenceCoverage="0" branchCoverage="0" isConstructor="false" isStatic="false" isGetter="true" isSetter="false">
              <Summary numSequencePoints="0" visitedSequencePoints="0" numBranchPoints="0" visitedBranchPoints="0" sequenceCoverage="0" branchCoverage="0" maxCyclomaticComplexity="1" minCyclomaticComplexity="1" />
              <MetadataToken>100663298</MetadataToken>
              <Name>&lt;FAR&gt;j__TPar &lt;&gt;f__AnonymousType0`4::get_FAR()</Name>
              <SequencePoints />
              <BranchPoints />
              <MethodPoint vc="0" uspid="2" ordinal="0" offset="0" />
            </Method>
            <Method visited="false" cyclomaticComplexity="1" sequenceCoverage="0" branchCoverage="0" isConstructor="false" isStatic="false" isGetter="true" isSetter="false">
              <Summary numSequencePoints="0" visitedSequencePoints="0" numBranchPoints="0" visitedBranchPoints="0" sequenceCoverage="0" branchCoverage="0" maxCyclomaticComplexity="1" minCyclomaticComplexity="1" />
              <MetadataToken>100663299</MetadataToken>
              <Name>&lt;FRR&gt;j__TPar &lt;&gt;f__AnonymousType0`4::get_FRR()</Name>
              <SequencePoints />
              <BranchPoints />
              <MethodPoint vc="0" uspid="3" ordinal="0" offset="0" />
            </Method>
            <Method visited="false" cyclomaticComplexity="1" sequenceCoverage="0" branchCoverage="0" isConstructor="false" isStatic="false" isGetter="true" isSetter="false">
              <Summary numSequencePoints="0" visitedSequencePoints="0" numBranchPoints="0" visitedBranchPoints="0" sequenceCoverage="0" branchCoverage="0" maxCyclomaticComplexity="1" minCyclomaticComplexity="1" />
              <MetadataToken>100663300</MetadataToken>
              <Name>&lt;AER&gt;j__TPar &lt;&gt;f__AnonymousType0`4::get_AER()</Name>
              <SequencePoints />
              <BranchPoints />
              <MethodPoint vc="0" uspid="4" ordinal="0" offset="0" />
            </Method>
            <Method visited="false" cyclomaticComplexity="1" sequenceCoverage="0" branchCoverage="0" isConstructor="true" isStatic="false" isGetter="false" isSetter="false">
              <Summary numSequencePoints="0" visitedSequencePoints="0" numBranchPoints="0" visitedBranchPoints="0" sequenceCoverage="0" branchCoverage="0" maxCyclomaticComplexity="1" minCyclomaticComplexity="1" />
              <MetadataToken>100663301</MetadataToken>
              <Name>System.Void &lt;&gt;f__AnonymousType0`4::.ctor(&lt;Signer&gt;j__TPar,&lt;FAR&gt;j__TPar,&lt;FRR&gt;j__TPar,&lt;AER&gt;j__TPar)</Name>
              <SequencePoints />
              <BranchPoints />
              <MethodPoint vc="0" uspid="5" ordinal="0" offset="0" />
            </Method>
            <Method visited="false" cyclomaticComplexity="5" sequenceCoverage="0" branchCoverage="0" isConstructor="false" isStatic="false" isGetter="false" isSetter="false">
              <Summary numSequencePoints="0" visitedSequencePoints="0" numBranchPoints="8" visitedBranchPoints="0" sequenceCoverage="0" branchCoverage="0" maxCyclomaticComplexity="5" minCyclomaticComplexity="5" />
              <MetadataToken>100663302</MetadataToken>
              <Name>System.Boolean &lt;&gt;f__AnonymousType0`4::Equals(System.Object)</Name>
              <SequencePoints />
              <BranchPoints>
                <BranchPoint vc="0" uspid="7" ordinal="0" offset="8" path="0" />
                <BranchPoint vc="0" uspid="8" ordinal="1" offset="8" path="1" />
                <BranchPoint vc="0" uspid="9" ordinal="2" offset="32" path="0" />
                <BranchPoint vc="0" uspid="10" ordinal="3" offset="32" path="1" />
                <BranchPoint vc="0" uspid="11" ordinal="4" offset="56" path="0" />
                <BranchPoint vc="0" uspid="12" ordinal="5" offset="56" path="1" />
                <BranchPoint vc="0" uspid="13" ordinal="6" offset="80" path="0" />
                <BranchPoint vc="0" uspid="14" ordinal="7" offset="80" path="1" />
              </BranchPoints>
              <MethodPoint vc="0" uspid="6" ordinal="0" offset="0" />
            </Method>
            <Method visited="false" cyclomaticComplexity="1" sequenceCoverage="0" branchCoverage="0" isConstructor="false" isStatic="false" isGetter="false" isSetter="false">
              <Summary numSequencePoints="0" visitedSequencePoints="0" numBranchPoints="0" visitedBranchPoints="0" sequenceCoverage="0" branchCoverage="0" maxCyclomaticComplexity="1" minCyclomaticComplexity="1" />
              <MetadataToken>100663303</MetadataToken>
              <Name>System.Int32 &lt;&gt;f__AnonymousType0`4::GetHashCode()</Name>
              <SequencePoints />
              <BranchPoints />
              <MethodPoint vc="0" uspid="15" ordinal="0" offset="0" />
            </Method>
            <Method visited="false" cyclomaticComplexity="13" sequenceCoverage="0" branchCoverage="0" isConstructor="false" isStatic="false" isGetter="false" isSetter="false">
              <Summary numSequencePoints="0" visitedSequencePoints="0" numBranchPoints="16" visitedBranchPoints="0" sequenceCoverage="0" branchCoverage="0" maxCyclomaticComplexity="13" minCyclomaticComplexity="13" />
              <MetadataToken>100663304</MetadataToken>
              <Name>System.String &lt;&gt;f__AnonymousType0`4::ToString()</Name>
              <SequencePoints />
              <BranchPoints>
                <BranchPoint vc="0" uspid="17" ordinal="0" offset="37" path="0" />
                <BranchPoint vc="0" uspid="18" ordinal="1" offset="37" path="1" />
                <BranchPoint vc="0" uspid="19" ordinal="2" offset="53" path="0" />
                <BranchPoint vc="0" uspid="20" ordinal="3" offset="53" path="1" />
                <BranchPoint vc="0" uspid="21" ordinal="4" offset="96" path="0" />
                <BranchPoint vc="0" uspid="22" ordinal="5" offset="96" path="1" />
                <BranchPoint vc="0" uspid="23" ordinal="6" offset="112" path="0" />
                <BranchPoint vc="0" uspid="24" ordinal="7" offset="112" path="1" />
                <BranchPoint vc="0" uspid="25" ordinal="8" offset="157" path="0" />
                <BranchPoint vc="0" uspid="26" ordinal="9" offset="157" path="1" />
                <BranchPoint vc="0" uspid="27" ordinal="10" offset="175" path="0" />
                <BranchPoint vc="0" uspid="28" ordinal="11" offset="175" path="1" />
                <BranchPoint vc="0" uspid="29" ordinal="12" offset="220" path="0" />
                <BranchPoint vc="0" uspid="30" ordinal="13" offset="220" path="1" />
                <BranchPoint vc="0" uspid="31" ordinal="14" offset="238" path="0" />
                <BranchPoint vc="0" uspid="32" ordinal="15" offset="238" path="1" />
              </BranchPoints>
              <MethodPoint vc="0" uspid="16" ordinal="0" offset="0" />
            </Method>
          </Methods>
        </Class>
        <Class>
          <Summary numSequencePoints="0" visitedSequencePoints="0" numBranchPoints="24" visitedBranchPoints="0" sequenceCoverage="0" branchCoverage="0" maxCyclomaticComplexity="13" minCyclomaticComplexity="1" />
          <FullName>&lt;&gt;f__AnonymousType1`4</FullName>
          <Methods>
            <Method visited="false" cyclomaticComplexity="1" sequenceCoverage="0" branchCoverage="0" isConstructor="false" isStatic="false" isGetter="true" isSetter="false">
              <Summary numSequencePoints="0" visitedSequencePoints="0" numBranchPoints="0" visitedBranchPoints="0" sequenceCoverage="0" branchCoverage="0" maxCyclomaticComplexity="1" minCyclomaticComplexity="1" />
              <MetadataToken>100663305</MetadataToken>
              <Name>&lt;Threshold&gt;j__TPar &lt;&gt;f__AnonymousType1`4::get_Threshold()</Name>
              <SequencePoints />
              <BranchPoints />
              <MethodPoint vc="0" uspid="33" ordinal="0" offset="0" />
            </Method>
            <Method visited="false" cyclomaticComplexity="1" sequenceCoverage="0" branchCoverage="0" isConstructor="false" isStatic="false" isGetter="true" isSetter="false">
              <Summary numSequencePoints="0" visitedSequencePoints="0" numBranchPoints="0" visitedBranchPoints="0" sequenceCoverage="0" branchCoverage="0" maxCyclomaticComplexity="1" minCyclomaticComplexity="1" />
              <MetadataToken>100663306</MetadataToken>
              <Name>&lt;FAR&gt;j__TPar &lt;&gt;f__AnonymousType1`4::get_FAR()</Name>
              <SequencePoints />
              <BranchPoints />
              <MethodPoint vc="0" uspid="34" ordinal="0" offset="0" />
            </Method>
            <Method visited="false" cyclomaticComplexity="1" sequenceCoverage="0" branchCoverage="0" isConstructor="false" isStatic="false" isGetter="true" isSetter="false">
              <Summary numSequencePoints="0" visitedSequencePoints="0" numBranchPoints="0" visitedBranchPoints="0" sequenceCoverage="0" branchCoverage="0" maxCyclomaticComplexity="1" minCyclomaticComplexity="1" />
              <MetadataToken>100663307</MetadataToken>
              <Name>&lt;FRR&gt;j__TPar &lt;&gt;f__AnonymousType1`4::get_FRR()</Name>
              <SequencePoints />
              <BranchPoints />
              <MethodPoint vc="0" uspid="35" ordinal="0" offset="0" />
            </Method>
            <Method visited="false" cyclomaticComplexity="1" sequenceCoverage="0" branchCoverage="0" isConstructor="false" isStatic="false" isGetter="true" isSetter="false">
              <Summary numSequencePoints="0" visitedSequencePoints="0" numBranchPoints="0" visitedBranchPoints="0" sequenceCoverage="0" branchCoverage="0" maxCyclomaticComplexity="1" minCyclomaticComplexity="1" />
              <MetadataToken>100663308</MetadataToken>
              <Name>&lt;AER&gt;j__TPar &lt;&gt;f__AnonymousType1`4::get_AER()</Name>
              <SequencePoints />
              <BranchPoints />
              <MethodPoint vc="0" uspid="36" ordinal="0" offset="0" />
            </Method>
            <Method visited="false" cyclomaticComplexity="1" sequenceCoverage="0" branchCoverage="0" isConstructor="true" isStatic="false" isGetter="false" isSetter="false">
              <Summary numSequencePoints="0" visitedSequencePoints="0" numBranchPoints="0" visitedBranchPoints="0" sequenceCoverage="0" branchCoverage="0" maxCyclomaticComplexity="1" minCyclomaticComplexity="1" />
              <MetadataToken>100663309</MetadataToken>
              <Name>System.Void &lt;&gt;f__AnonymousType1`4::.ctor(&lt;Threshold&gt;j__TPar,&lt;FAR&gt;j__TPar,&lt;FRR&gt;j__TPar,&lt;AER&gt;j__TPar)</Name>
              <SequencePoints />
              <BranchPoints />
              <MethodPoint vc="0" uspid="37" ordinal="0" offset="0" />
            </Method>
            <Method visited="false" cyclomaticComplexity="5" sequenceCoverage="0" branchCoverage="0" isConstructor="false" isStatic="false" isGetter="false" isSetter="false">
              <Summary numSequencePoints="0" visitedSequencePoints="0" numBranchPoints="8" visitedBranchPoints="0" sequenceCoverage="0" branchCoverage="0" maxCyclomaticComplexity="5" minCyclomaticComplexity="5" />
              <MetadataToken>100663310</MetadataToken>
              <Name>System.Boolean &lt;&gt;f__AnonymousType1`4::Equals(System.Object)</Name>
              <SequencePoints />
              <BranchPoints>
                <BranchPoint vc="0" uspid="39" ordinal="0" offset="8" path="0" />
                <BranchPoint vc="0" uspid="40" ordinal="1" offset="8" path="1" />
                <BranchPoint vc="0" uspid="41" ordinal="2" offset="32" path="0" />
                <BranchPoint vc="0" uspid="42" ordinal="3" offset="32" path="1" />
                <BranchPoint vc="0" uspid="43" ordinal="4" offset="56" path="0" />
                <BranchPoint vc="0" uspid="44" ordinal="5" offset="56" path="1" />
                <BranchPoint vc="0" uspid="45" ordinal="6" offset="80" path="0" />
                <BranchPoint vc="0" uspid="46" ordinal="7" offset="80" path="1" />
              </BranchPoints>
              <MethodPoint vc="0" uspid="38" ordinal="0" offset="0" />
            </Method>
            <Method visited="false" cyclomaticComplexity="1" sequenceCoverage="0" branchCoverage="0" isConstructor="false" isStatic="false" isGetter="false" isSetter="false">
              <Summary numSequencePoints="0" visitedSequencePoints="0" numBranchPoints="0" visitedBranchPoints="0" sequenceCoverage="0" branchCoverage="0" maxCyclomaticComplexity="1" minCyclomaticComplexity="1" />
              <MetadataToken>100663311</MetadataToken>
              <Name>System.Int32 &lt;&gt;f__AnonymousType1`4::GetHashCode()</Name>
              <SequencePoints />
              <BranchPoints />
              <MethodPoint vc="0" uspid="47" ordinal="0" offset="0" />
            </Method>
            <Method visited="false" cyclomaticComplexity="13" sequenceCoverage="0" branchCoverage="0" isConstructor="false" isStatic="false" isGetter="false" isSetter="false">
              <Summary numSequencePoints="0" visitedSequencePoints="0" numBranchPoints="16" visitedBranchPoints="0" sequenceCoverage="0" branchCoverage="0" maxCyclomaticComplexity="13" minCyclomaticComplexity="13" />
              <MetadataToken>100663312</MetadataToken>
              <Name>System.String &lt;&gt;f__AnonymousType1`4::ToString()</Name>
              <SequencePoints />
              <BranchPoints>
                <BranchPoint vc="0" uspid="49" ordinal="0" offset="37" path="0" />
                <BranchPoint vc="0" uspid="50" ordinal="1" offset="37" path="1" />
                <BranchPoint vc="0" uspid="51" ordinal="2" offset="53" path="0" />
                <BranchPoint vc="0" uspid="52" ordinal="3" offset="53" path="1" />
                <BranchPoint vc="0" uspid="53" ordinal="4" offset="96" path="0" />
                <BranchPoint vc="0" uspid="54" ordinal="5" offset="96" path="1" />
                <BranchPoint vc="0" uspid="55" ordinal="6" offset="112" path="0" />
                <BranchPoint vc="0" uspid="56" ordinal="7" offset="112" path="1" />
                <BranchPoint vc="0" uspid="57" ordinal="8" offset="157" path="0" />
                <BranchPoint vc="0" uspid="58" ordinal="9" offset="157" path="1" />
                <BranchPoint vc="0" uspid="59" ordinal="10" offset="175" path="0" />
                <BranchPoint vc="0" uspid="60" ordinal="11" offset="175" path="1" />
                <BranchPoint vc="0" uspid="61" ordinal="12" offset="220" path="0" />
                <BranchPoint vc="0" uspid="62" ordinal="13" offset="220" path="1" />
                <BranchPoint vc="0" uspid="63" ordinal="14" offset="238" path="0" />
                <BranchPoint vc="0" uspid="64" ordinal="15" offset="238" path="1" />
              </BranchPoints>
              <MethodPoint vc="0" uspid="48" ordinal="0" offset="0" />
            </Method>
          </Methods>
        </Class>
        <Class>
          <Summary numSequencePoints="0" visitedSequencePoints="0" numBranchPoints="12" visitedBranchPoints="0" sequenceCoverage="0" branchCoverage="0" maxCyclomaticComplexity="7" minCyclomaticComplexity="1" />
          <FullName>&lt;&gt;f__AnonymousType2`2</FullName>
          <Methods>
            <Method visited="false" cyclomaticComplexity="1" sequenceCoverage="0" branchCoverage="0" isConstructor="false" isStatic="false" isGetter="true" isSetter="false">
              <Summary numSequencePoints="0" visitedSequencePoints="0" numBranchPoints="0" visitedBranchPoints="0" sequenceCoverage="0" branchCoverage="0" maxCyclomaticComplexity="1" minCyclomaticComplexity="1" />
              <MetadataToken>100663313</MetadataToken>
              <Name>&lt;ID&gt;j__TPar &lt;&gt;f__AnonymousType2`2::get_ID()</Name>
              <SequencePoints />
              <BranchPoints />
              <MethodPoint vc="0" uspid="65" ordinal="0" offset="0" />
            </Method>
            <Method visited="false" cyclomaticComplexity="1" sequenceCoverage="0" branchCoverage="0" isConstructor="false" isStatic="false" isGetter="true" isSetter="false">
              <Summary numSequencePoints="0" visitedSequencePoints="0" numBranchPoints="0" visitedBranchPoints="0" sequenceCoverage="0" branchCoverage="0" maxCyclomaticComplexity="1" minCyclomaticComplexity="1" />
              <MetadataToken>100663314</MetadataToken>
              <Name>&lt;Features&gt;j__TPar &lt;&gt;f__AnonymousType2`2::get_Features()</Name>
              <SequencePoints />
              <BranchPoints />
              <MethodPoint vc="0" uspid="66" ordinal="0" offset="0" />
            </Method>
            <Method visited="false" cyclomaticComplexity="1" sequenceCoverage="0" branchCoverage="0" isConstructor="true" isStatic="false" isGetter="false" isSetter="false">
              <Summary numSequencePoints="0" visitedSequencePoints="0" numBranchPoints="0" visitedBranchPoints="0" sequenceCoverage="0" branchCoverage="0" maxCyclomaticComplexity="1" minCyclomaticComplexity="1" />
              <MetadataToken>100663315</MetadataToken>
              <Name>System.Void &lt;&gt;f__AnonymousType2`2::.ctor(&lt;ID&gt;j__TPar,&lt;Features&gt;j__TPar)</Name>
              <SequencePoints />
              <BranchPoints />
              <MethodPoint vc="0" uspid="67" ordinal="0" offset="0" />
            </Method>
            <Method visited="false" cyclomaticComplexity="3" sequenceCoverage="0" branchCoverage="0" isConstructor="false" isStatic="false" isGetter="false" isSetter="false">
              <Summary numSequencePoints="0" visitedSequencePoints="0" numBranchPoints="4" visitedBranchPoints="0" sequenceCoverage="0" branchCoverage="0" maxCyclomaticComplexity="3" minCyclomaticComplexity="3" />
              <MetadataToken>100663316</MetadataToken>
              <Name>System.Boolean &lt;&gt;f__AnonymousType2`2::Equals(System.Object)</Name>
              <SequencePoints />
              <BranchPoints>
                <BranchPoint vc="0" uspid="69" ordinal="0" offset="8" path="0" />
                <BranchPoint vc="0" uspid="70" ordinal="1" offset="8" path="1" />
                <BranchPoint vc="0" uspid="71" ordinal="2" offset="32" path="0" />
                <BranchPoint vc="0" uspid="72" ordinal="3" offset="32" path="1" />
              </BranchPoints>
              <MethodPoint vc="0" uspid="68" ordinal="0" offset="0" />
            </Method>
            <Method visited="false" cyclomaticComplexity="1" sequenceCoverage="0" branchCoverage="0" isConstructor="false" isStatic="false" isGetter="false" isSetter="false">
              <Summary numSequencePoints="0" visitedSequencePoints="0" numBranchPoints="0" visitedBranchPoints="0" sequenceCoverage="0" branchCoverage="0" maxCyclomaticComplexity="1" minCyclomaticComplexity="1" />
              <MetadataToken>100663317</MetadataToken>
              <Name>System.Int32 &lt;&gt;f__AnonymousType2`2::GetHashCode()</Name>
              <SequencePoints />
              <BranchPoints />
              <MethodPoint vc="0" uspid="73" ordinal="0" offset="0" />
            </Method>
            <Method visited="false" cyclomaticComplexity="7" sequenceCoverage="0" branchCoverage="0" isConstructor="false" isStatic="false" isGetter="false" isSetter="false">
              <Summary numSequencePoints="0" visitedSequencePoints="0" numBranchPoints="8" visitedBranchPoints="0" sequenceCoverage="0" branchCoverage="0" maxCyclomaticComplexity="7" minCyclomaticComplexity="7" />
              <MetadataToken>100663318</MetadataToken>
              <Name>System.String &lt;&gt;f__AnonymousType2`2::ToString()</Name>
              <SequencePoints />
              <BranchPoints>
                <BranchPoint vc="0" uspid="75" ordinal="0" offset="37" path="0" />
                <BranchPoint vc="0" uspid="76" ordinal="1" offset="37" path="1" />
                <BranchPoint vc="0" uspid="77" ordinal="2" offset="53" path="0" />
                <BranchPoint vc="0" uspid="78" ordinal="3" offset="53" path="1" />
                <BranchPoint vc="0" uspid="79" ordinal="4" offset="96" path="0" />
                <BranchPoint vc="0" uspid="80" ordinal="5" offset="96" path="1" />
                <BranchPoint vc="0" uspid="81" ordinal="6" offset="112" path="0" />
                <BranchPoint vc="0" uspid="82" ordinal="7" offset="112" path="1" />
              </BranchPoints>
              <MethodPoint vc="0" uspid="74" ordinal="0" offset="0" />
            </Method>
          </Methods>
        </Class>
        <Class>
          <Summary numSequencePoints="0" visitedSequencePoints="0" numBranchPoints="18" visitedBranchPoints="0" sequenceCoverage="0" branchCoverage="0" maxCyclomaticComplexity="10" minCyclomaticComplexity="1" />
          <FullName>&lt;&gt;f__AnonymousType3`3</FullName>
          <Methods>
            <Method visited="false" cyclomaticComplexity="1" sequenceCoverage="0" branchCoverage="0" isConstructor="false" isStatic="false" isGetter="true" isSetter="false">
              <Summary numSequencePoints="0" visitedSequencePoints="0" numBranchPoints="0" visitedBranchPoints="0" sequenceCoverage="0" branchCoverage="0" maxCyclomaticComplexity="1" minCyclomaticComplexity="1" />
              <MetadataToken>100663319</MetadataToken>
              <Name>&lt;ID&gt;j__TPar &lt;&gt;f__AnonymousType3`3::get_ID()</Name>
              <SequencePoints />
              <BranchPoints />
              <MethodPoint vc="0" uspid="83" ordinal="0" offset="0" />
            </Method>
            <Method visited="false" cyclomaticComplexity="1" sequenceCoverage="0" branchCoverage="0" isConstructor="false" isStatic="false" isGetter="true" isSetter="false">
              <Summary numSequencePoints="0" visitedSequencePoints="0" numBranchPoints="0" visitedBranchPoints="0" sequenceCoverage="0" branchCoverage="0" maxCyclomaticComplexity="1" minCyclomaticComplexity="1" />
              <MetadataToken>100663320</MetadataToken>
              <Name>&lt;Origin&gt;j__TPar &lt;&gt;f__AnonymousType3`3::get_Origin()</Name>
              <SequencePoints />
              <BranchPoints />
              <MethodPoint vc="0" uspid="84" ordinal="0" offset="0" />
            </Method>
            <Method visited="false" cyclomaticComplexity="1" sequenceCoverage="0" branchCoverage="0" isConstructor="false" isStatic="false" isGetter="true" isSetter="false">
              <Summary numSequencePoints="0" visitedSequencePoints="0" numBranchPoints="0" visitedBranchPoints="0" sequenceCoverage="0" branchCoverage="0" maxCyclomaticComplexity="1" minCyclomaticComplexity="1" />
              <MetadataToken>100663321</MetadataToken>
              <Name>&lt;Values&gt;j__TPar &lt;&gt;f__AnonymousType3`3::get_Values()</Name>
              <SequencePoints />
              <BranchPoints />
              <MethodPoint vc="0" uspid="85" ordinal="0" offset="0" />
            </Method>
            <Method visited="false" cyclomaticComplexity="1" sequenceCoverage="0" branchCoverage="0" isConstructor="true" isStatic="false" isGetter="false" isSetter="false">
              <Summary numSequencePoints="0" visitedSequencePoints="0" numBranchPoints="0" visitedBranchPoints="0" sequenceCoverage="0" branchCoverage="0" maxCyclomaticComplexity="1" minCyclomaticComplexity="1" />
              <MetadataToken>100663322</MetadataToken>
              <Name>System.Void &lt;&gt;f__AnonymousType3`3::.ctor(&lt;ID&gt;j__TPar,&lt;Origin&gt;j__TPar,&lt;Values&gt;j__TPar)</Name>
              <SequencePoints />
              <BranchPoints />
              <MethodPoint vc="0" uspid="86" ordinal="0" offset="0" />
            </Method>
            <Method visited="false" cyclomaticComplexity="4" sequenceCoverage="0" branchCoverage="0" isConstructor="false" isStatic="false" isGetter="false" isSetter="false">
              <Summary numSequencePoints="0" visitedSequencePoints="0" numBranchPoints="6" visitedBranchPoints="0" sequenceCoverage="0" branchCoverage="0" maxCyclomaticComplexity="4" minCyclomaticComplexity="4" />
              <MetadataToken>100663323</MetadataToken>
              <Name>System.Boolean &lt;&gt;f__AnonymousType3`3::Equals(System.Object)</Name>
              <SequencePoints />
              <BranchPoints>
                <BranchPoint vc="0" uspid="88" ordinal="0" offset="8" path="0" />
                <BranchPoint vc="0" uspid="89" ordinal="1" offset="8" path="1" />
                <BranchPoint vc="0" uspid="90" ordinal="2" offset="32" path="0" />
                <BranchPoint vc="0" uspid="91" ordinal="3" offset="32" path="1" />
                <BranchPoint vc="0" uspid="92" ordinal="4" offset="56" path="0" />
                <BranchPoint vc="0" uspid="93" ordinal="5" offset="56" path="1" />
              </BranchPoints>
              <MethodPoint vc="0" uspid="87" ordinal="0" offset="0" />
            </Method>
            <Method visited="false" cyclomaticComplexity="1" sequenceCoverage="0" branchCoverage="0" isConstructor="false" isStatic="false" isGetter="false" isSetter="false">
              <Summary numSequencePoints="0" visitedSequencePoints="0" numBranchPoints="0" visitedBranchPoints="0" sequenceCoverage="0" branchCoverage="0" maxCyclomaticComplexity="1" minCyclomaticComplexity="1" />
              <MetadataToken>100663324</MetadataToken>
              <Name>System.Int32 &lt;&gt;f__AnonymousType3`3::GetHashCode()</Name>
              <SequencePoints />
              <BranchPoints />
              <MethodPoint vc="0" uspid="94" ordinal="0" offset="0" />
            </Method>
            <Method visited="false" cyclomaticComplexity="10" sequenceCoverage="0" branchCoverage="0" isConstructor="false" isStatic="false" isGetter="false" isSetter="false">
              <Summary numSequencePoints="0" visitedSequencePoints="0" numBranchPoints="12" visitedBranchPoints="0" sequenceCoverage="0" branchCoverage="0" maxCyclomaticComplexity="10" minCyclomaticComplexity="10" />
              <MetadataToken>100663325</MetadataToken>
              <Name>System.String &lt;&gt;f__AnonymousType3`3::ToString()</Name>
              <SequencePoints />
              <BranchPoints>
                <BranchPoint vc="0" uspid="96" ordinal="0" offset="37" path="0" />
                <BranchPoint vc="0" uspid="97" ordinal="1" offset="37" path="1" />
                <BranchPoint vc="0" uspid="98" ordinal="2" offset="53" path="0" />
                <BranchPoint vc="0" uspid="99" ordinal="3" offset="53" path="1" />
                <BranchPoint vc="0" uspid="100" ordinal="4" offset="96" path="0" />
                <BranchPoint vc="0" uspid="101" ordinal="5" offset="96" path="1" />
                <BranchPoint vc="0" uspid="102" ordinal="6" offset="112" path="0" />
                <BranchPoint vc="0" uspid="103" ordinal="7" offset="112" path="1" />
                <BranchPoint vc="0" uspid="104" ordinal="8" offset="157" path="0" />
                <BranchPoint vc="0" uspid="105" ordinal="9" offset="157" path="1" />
                <BranchPoint vc="0" uspid="106" ordinal="10" offset="175" path="0" />
                <BranchPoint vc="0" uspid="107" ordinal="11" offset="175" path="1" />
              </BranchPoints>
              <MethodPoint vc="0" uspid="95" ordinal="0" offset="0" />
            </Method>
          </Methods>
        </Class>
        <Class>
          <Summary numSequencePoints="11" visitedSequencePoints="0" numBranchPoints="7" visitedBranchPoints="0" sequenceCoverage="0" branchCoverage="0" maxCyclomaticComplexity="1" minCyclomaticComplexity="1" />
          <FullName>SigStat.Common.Baseline</FullName>
          <Methods>
            <Method visited="false" cyclomaticComplexity="1" sequenceCoverage="0" branchCoverage="0" isConstructor="false" isStatic="false" isGetter="true" isSetter="false">
              <Summary numSequencePoints="1" visitedSequencePoints="0" numBranchPoints="1" visitedBranchPoints="0" sequenceCoverage="0" branchCoverage="0" maxCyclomaticComplexity="1" minCyclomaticComplexity="1" />
              <MetadataToken>100663326</MetadataToken>
              <Name>System.Drawing.PointF SigStat.Common.Baseline::get_Start()</Name>
              <FileRef uid="1" />
              <SequencePoints>
                <SequencePoint vc="0" uspid="108" ordinal="0" offset="0" sl="19" sc="31" el="19" ec="35" />
              </SequencePoints>
              <BranchPoints />
              <MethodPoint xsi:type="SequencePoint" vc="0" uspid="108" ordinal="0" offset="0" sl="19" sc="31" el="19" ec="35" />
            </Method>
            <Method visited="false" cyclomaticComplexity="1" sequenceCoverage="0" branchCoverage="0" isConstructor="false" isStatic="false" isGetter="false" isSetter="true">
              <Summary numSequencePoints="1" visitedSequencePoints="0" numBranchPoints="1" visitedBranchPoints="0" sequenceCoverage="0" branchCoverage="0" maxCyclomaticComplexity="1" minCyclomaticComplexity="1" />
              <MetadataToken>100663327</MetadataToken>
              <Name>System.Void SigStat.Common.Baseline::set_Start(System.Drawing.PointF)</Name>
              <FileRef uid="1" />
              <SequencePoints>
                <SequencePoint vc="0" uspid="109" ordinal="0" offset="0" sl="19" sc="36" el="19" ec="40" />
              </SequencePoints>
              <BranchPoints />
              <MethodPoint xsi:type="SequencePoint" vc="0" uspid="109" ordinal="0" offset="0" sl="19" sc="36" el="19" ec="40" />
            </Method>
            <Method visited="false" cyclomaticComplexity="1" sequenceCoverage="0" branchCoverage="0" isConstructor="false" isStatic="false" isGetter="true" isSetter="false">
              <Summary numSequencePoints="1" visitedSequencePoints="0" numBranchPoints="1" visitedBranchPoints="0" sequenceCoverage="0" branchCoverage="0" maxCyclomaticComplexity="1" minCyclomaticComplexity="1" />
              <MetadataToken>100663328</MetadataToken>
              <Name>System.Drawing.PointF SigStat.Common.Baseline::get_End()</Name>
              <FileRef uid="1" />
              <SequencePoints>
                <SequencePoint vc="0" uspid="110" ordinal="0" offset="0" sl="24" sc="29" el="24" ec="33" />
              </SequencePoints>
              <BranchPoints />
              <MethodPoint xsi:type="SequencePoint" vc="0" uspid="110" ordinal="0" offset="0" sl="24" sc="29" el="24" ec="33" />
            </Method>
            <Method visited="false" cyclomaticComplexity="1" sequenceCoverage="0" branchCoverage="0" isConstructor="false" isStatic="false" isGetter="false" isSetter="true">
              <Summary numSequencePoints="1" visitedSequencePoints="0" numBranchPoints="1" visitedBranchPoints="0" sequenceCoverage="0" branchCoverage="0" maxCyclomaticComplexity="1" minCyclomaticComplexity="1" />
              <MetadataToken>100663329</MetadataToken>
              <Name>System.Void SigStat.Common.Baseline::set_End(System.Drawing.PointF)</Name>
              <FileRef uid="1" />
              <SequencePoints>
                <SequencePoint vc="0" uspid="111" ordinal="0" offset="0" sl="24" sc="34" el="24" ec="38" />
              </SequencePoints>
              <BranchPoints />
              <MethodPoint xsi:type="SequencePoint" vc="0" uspid="111" ordinal="0" offset="0" sl="24" sc="34" el="24" ec="38" />
            </Method>
            <Method visited="false" cyclomaticComplexity="1" sequenceCoverage="0" branchCoverage="0" isConstructor="true" isStatic="false" isGetter="false" isSetter="false">
              <Summary numSequencePoints="2" visitedSequencePoints="0" numBranchPoints="1" visitedBranchPoints="0" sequenceCoverage="0" branchCoverage="0" maxCyclomaticComplexity="1" minCyclomaticComplexity="1" />
              <MetadataToken>100663330</MetadataToken>
              <Name>System.Void SigStat.Common.Baseline::.ctor()</Name>
              <FileRef uid="1" />
              <SequencePoints>
                <SequencePoint vc="0" uspid="112" ordinal="0" offset="0" sl="29" sc="9" el="29" ec="26" />
                <SequencePoint vc="0" uspid="113" ordinal="1" offset="6" sl="31" sc="9" el="31" ec="10" />
              </SequencePoints>
              <BranchPoints />
              <MethodPoint xsi:type="SequencePoint" vc="0" uspid="112" ordinal="0" offset="0" sl="29" sc="9" el="29" ec="26" />
            </Method>
            <Method visited="false" cyclomaticComplexity="1" sequenceCoverage="0" branchCoverage="0" isConstructor="true" isStatic="false" isGetter="false" isSetter="false">
              <Summary numSequencePoints="4" visitedSequencePoints="0" numBranchPoints="1" visitedBranchPoints="0" sequenceCoverage="0" branchCoverage="0" maxCyclomaticComplexity="1" minCyclomaticComplexity="1" />
              <MetadataToken>100663331</MetadataToken>
              <Name>System.Void SigStat.Common.Baseline::.ctor(System.Int32,System.Int32,System.Int32,System.Int32)</Name>
              <FileRef uid="1" />
              <SequencePoints>
                <SequencePoint vc="0" uspid="114" ordinal="0" offset="0" sl="40" sc="9" el="40" ec="56" />
                <SequencePoint vc="0" uspid="115" ordinal="1" offset="6" sl="42" sc="13" el="42" ec="40" />
                <SequencePoint vc="0" uspid="116" ordinal="2" offset="21" sl="43" sc="13" el="43" ec="38" />
                <SequencePoint vc="0" uspid="117" ordinal="3" offset="37" sl="44" sc="9" el="44" ec="10" />
              </SequencePoints>
              <BranchPoints />
              <MethodPoint xsi:type="SequencePoint" vc="0" uspid="114" ordinal="0" offset="0" sl="40" sc="9" el="40" ec="56" />
            </Method>
            <Method visited="false" cyclomaticComplexity="1" sequenceCoverage="0" branchCoverage="0" isConstructor="false" isStatic="false" isGetter="false" isSetter="false">
              <Summary numSequencePoints="1" visitedSequencePoints="0" numBranchPoints="1" visitedBranchPoints="0" sequenceCoverage="0" branchCoverage="0" maxCyclomaticComplexity="1" minCyclomaticComplexity="1" />
              <MetadataToken>100663332</MetadataToken>
              <Name>System.String SigStat.Common.Baseline::ToString()</Name>
              <FileRef uid="1" />
              <SequencePoints>
                <SequencePoint vc="0" uspid="118" ordinal="0" offset="0" sl="52" sc="13" el="52" ec="46" />
              </SequencePoints>
              <BranchPoints />
              <MethodPoint xsi:type="SequencePoint" vc="0" uspid="118" ordinal="0" offset="0" sl="52" sc="13" el="52" ec="46" />
            </Method>
          </Methods>
        </Class>
        <Class>
          <Summary numSequencePoints="13" visitedSequencePoints="0" numBranchPoints="1" visitedBranchPoints="0" sequenceCoverage="0" branchCoverage="0" maxCyclomaticComplexity="1" minCyclomaticComplexity="1" />
          <FullName>SigStat.Common.Features</FullName>
          <Methods>
            <Method visited="false" cyclomaticComplexity="1" sequenceCoverage="0" branchCoverage="0" isConstructor="true" isStatic="true" isGetter="false" isSetter="false">
              <Summary numSequencePoints="13" visitedSequencePoints="0" numBranchPoints="1" visitedBranchPoints="0" sequenceCoverage="0" branchCoverage="0" maxCyclomaticComplexity="1" minCyclomaticComplexity="1" />
              <MetadataToken>100663333</MetadataToken>
              <Name>System.Void SigStat.Common.Features::.cctor()</Name>
              <FileRef uid="2" />
              <SequencePoints>
                <SequencePoint vc="0" uspid="119" ordinal="0" offset="0" sl="23" sc="9" el="23" ec="115" />
                <SequencePoint vc="0" uspid="120" ordinal="1" offset="15" sl="27" sc="9" el="27" ec="128" />
                <SequencePoint vc="0" uspid="121" ordinal="2" offset="30" sl="32" sc="9" el="32" ec="95" />
                <SequencePoint vc="0" uspid="122" ordinal="3" offset="45" sl="36" sc="9" el="36" ec="109" />
                <SequencePoint vc="0" uspid="123" ordinal="4" offset="60" sl="40" sc="9" el="40" ec="109" />
                <SequencePoint vc="0" uspid="124" ordinal="5" offset="75" sl="44" sc="9" el="44" ec="109" />
                <SequencePoint vc="0" uspid="125" ordinal="6" offset="90" sl="48" sc="9" el="48" ec="115" />
                <SequencePoint vc="0" uspid="126" ordinal="7" offset="105" sl="52" sc="9" el="52" ec="121" />
                <SequencePoint vc="0" uspid="127" ordinal="8" offset="120" sl="56" sc="9" el="56" ec="123" />
                <SequencePoint vc="0" uspid="128" ordinal="9" offset="135" sl="60" sc="9" el="60" ec="123" />
                <SequencePoint vc="0" uspid="129" ordinal="10" offset="150" sl="64" sc="9" el="64" ec="119" />
                <SequencePoint vc="0" uspid="130" ordinal="11" offset="165" sl="68" sc="9" el="68" ec="99" />
                <SequencePoint vc="0" uspid="131" ordinal="12" offset="180" sl="73" sc="9" el="74" ec="152" />
              </SequencePoints>
              <BranchPoints />
              <MethodPoint xsi:type="SequencePoint" vc="0" uspid="119" ordinal="0" offset="0" sl="23" sc="9" el="23" ec="115" />
            </Method>
          </Methods>
        </Class>
        <Class>
          <Summary numSequencePoints="1" visitedSequencePoints="0" numBranchPoints="1" visitedBranchPoints="0" sequenceCoverage="0" branchCoverage="0" maxCyclomaticComplexity="1" minCyclomaticComplexity="1" />
          <FullName>SigStat.Common.Features/&lt;&gt;c</FullName>
          <Methods>
            <Method visited="false" cyclomaticComplexity="1" sequenceCoverage="0" branchCoverage="0" isConstructor="true" isStatic="true" isGetter="false" isSetter="false">
              <Summary numSequencePoints="0" visitedSequencePoints="0" numBranchPoints="0" visitedBranchPoints="0" sequenceCoverage="0" branchCoverage="0" maxCyclomaticComplexity="1" minCyclomaticComplexity="1" />
              <MetadataToken>100664072</MetadataToken>
              <Name>System.Void SigStat.Common.Features/&lt;&gt;c::.cctor()</Name>
              <SequencePoints />
              <BranchPoints />
              <MethodPoint vc="0" uspid="132" ordinal="0" offset="0" />
            </Method>
            <Method visited="false" cyclomaticComplexity="1" sequenceCoverage="0" branchCoverage="0" isConstructor="true" isStatic="false" isGetter="false" isSetter="false">
              <Summary numSequencePoints="0" visitedSequencePoints="0" numBranchPoints="0" visitedBranchPoints="0" sequenceCoverage="0" branchCoverage="0" maxCyclomaticComplexity="1" minCyclomaticComplexity="1" />
              <MetadataToken>100664073</MetadataToken>
              <Name>System.Void SigStat.Common.Features/&lt;&gt;c::.ctor()</Name>
              <SequencePoints />
              <BranchPoints />
              <MethodPoint vc="0" uspid="133" ordinal="0" offset="0" />
            </Method>
            <Method visited="false" cyclomaticComplexity="1" sequenceCoverage="0" branchCoverage="0" isConstructor="false" isStatic="false" isGetter="false" isSetter="false">
              <Summary numSequencePoints="1" visitedSequencePoints="0" numBranchPoints="1" visitedBranchPoints="0" sequenceCoverage="0" branchCoverage="0" maxCyclomaticComplexity="1" minCyclomaticComplexity="1" />
              <MetadataToken>100664074</MetadataToken>
              <Name>System.Object SigStat.Common.Features/&lt;&gt;c::&lt;.cctor&gt;b__13_0(System.Reflection.FieldInfo)</Name>
              <FileRef uid="2" />
              <SequencePoints>
                <SequencePoint vc="0" uspid="134" ordinal="0" offset="0" sl="74" sc="96" el="74" ec="113" />
              </SequencePoints>
              <BranchPoints />
              <MethodPoint xsi:type="SequencePoint" vc="0" uspid="134" ordinal="0" offset="0" sl="74" sc="96" el="74" ec="113" />
            </Method>
          </Methods>
        </Class>
        <Class>
          <Summary numSequencePoints="12" visitedSequencePoints="0" numBranchPoints="9" visitedBranchPoints="0" sequenceCoverage="0" branchCoverage="0" maxCyclomaticComplexity="1" minCyclomaticComplexity="1" />
          <FullName>SigStat.Common.Loop</FullName>
          <Methods>
            <Method visited="false" cyclomaticComplexity="1" sequenceCoverage="0" branchCoverage="0" isConstructor="false" isStatic="false" isGetter="true" isSetter="false">
              <Summary numSequencePoints="1" visitedSequencePoints="0" numBranchPoints="1" visitedBranchPoints="0" sequenceCoverage="0" branchCoverage="0" maxCyclomaticComplexity="1" minCyclomaticComplexity="1" />
              <MetadataToken>100663334</MetadataToken>
              <Name>System.Drawing.PointF SigStat.Common.Loop::get_Center()</Name>
              <FileRef uid="4" />
              <SequencePoints>
                <SequencePoint vc="0" uspid="135" ordinal="0" offset="0" sl="20" sc="32" el="20" ec="36" />
              </SequencePoints>
              <BranchPoints />
              <MethodPoint xsi:type="SequencePoint" vc="0" uspid="135" ordinal="0" offset="0" sl="20" sc="32" el="20" ec="36" />
            </Method>
            <Method visited="false" cyclomaticComplexity="1" sequenceCoverage="0" branchCoverage="0" isConstructor="false" isStatic="false" isGetter="false" isSetter="true">
              <Summary numSequencePoints="1" visitedSequencePoints="0" numBranchPoints="1" visitedBranchPoints="0" sequenceCoverage="0" branchCoverage="0" maxCyclomaticComplexity="1" minCyclomaticComplexity="1" />
              <MetadataToken>100663335</MetadataToken>
              <Name>System.Void SigStat.Common.Loop::set_Center(System.Drawing.PointF)</Name>
              <FileRef uid="4" />
              <SequencePoints>
                <SequencePoint vc="0" uspid="136" ordinal="0" offset="0" sl="20" sc="37" el="20" ec="41" />
              </SequencePoints>
              <BranchPoints />
              <MethodPoint xsi:type="SequencePoint" vc="0" uspid="136" ordinal="0" offset="0" sl="20" sc="37" el="20" ec="41" />
            </Method>
            <Method visited="false" cyclomaticComplexity="1" sequenceCoverage="0" branchCoverage="0" isConstructor="false" isStatic="false" isGetter="true" isSetter="false">
              <Summary numSequencePoints="1" visitedSequencePoints="0" numBranchPoints="1" visitedBranchPoints="0" sequenceCoverage="0" branchCoverage="0" maxCyclomaticComplexity="1" minCyclomaticComplexity="1" />
              <MetadataToken>100663336</MetadataToken>
              <Name>System.Drawing.RectangleF SigStat.Common.Loop::get_Bounds()</Name>
              <FileRef uid="4" />
              <SequencePoints>
                <SequencePoint vc="0" uspid="137" ordinal="0" offset="0" sl="26" sc="36" el="26" ec="40" />
              </SequencePoints>
              <BranchPoints />
              <MethodPoint xsi:type="SequencePoint" vc="0" uspid="137" ordinal="0" offset="0" sl="26" sc="36" el="26" ec="40" />
            </Method>
            <Method visited="false" cyclomaticComplexity="1" sequenceCoverage="0" branchCoverage="0" isConstructor="false" isStatic="false" isGetter="false" isSetter="true">
              <Summary numSequencePoints="1" visitedSequencePoints="0" numBranchPoints="1" visitedBranchPoints="0" sequenceCoverage="0" branchCoverage="0" maxCyclomaticComplexity="1" minCyclomaticComplexity="1" />
              <MetadataToken>100663337</MetadataToken>
              <Name>System.Void SigStat.Common.Loop::set_Bounds(System.Drawing.RectangleF)</Name>
              <FileRef uid="4" />
              <SequencePoints>
                <SequencePoint vc="0" uspid="138" ordinal="0" offset="0" sl="26" sc="41" el="26" ec="45" />
              </SequencePoints>
              <BranchPoints />
              <MethodPoint xsi:type="SequencePoint" vc="0" uspid="138" ordinal="0" offset="0" sl="26" sc="41" el="26" ec="45" />
            </Method>
            <Method visited="false" cyclomaticComplexity="1" sequenceCoverage="0" branchCoverage="0" isConstructor="false" isStatic="false" isGetter="true" isSetter="false">
              <Summary numSequencePoints="1" visitedSequencePoints="0" numBranchPoints="1" visitedBranchPoints="0" sequenceCoverage="0" branchCoverage="0" maxCyclomaticComplexity="1" minCyclomaticComplexity="1" />
              <MetadataToken>100663338</MetadataToken>
              <Name>System.Collections.Generic.List`1&lt;System.Drawing.PointF&gt; SigStat.Common.Loop::get_Points()</Name>
              <FileRef uid="4" />
              <SequencePoints>
                <SequencePoint vc="0" uspid="139" ordinal="0" offset="0" sl="31" sc="38" el="31" ec="42" />
              </SequencePoints>
              <BranchPoints />
              <MethodPoint xsi:type="SequencePoint" vc="0" uspid="139" ordinal="0" offset="0" sl="31" sc="38" el="31" ec="42" />
            </Method>
            <Method visited="false" cyclomaticComplexity="1" sequenceCoverage="0" branchCoverage="0" isConstructor="false" isStatic="false" isGetter="false" isSetter="true">
              <Summary numSequencePoints="1" visitedSequencePoints="0" numBranchPoints="1" visitedBranchPoints="0" sequenceCoverage="0" branchCoverage="0" maxCyclomaticComplexity="1" minCyclomaticComplexity="1" />
              <MetadataToken>100663339</MetadataToken>
              <Name>System.Void SigStat.Common.Loop::set_Points(System.Collections.Generic.List`1&lt;System.Drawing.PointF&gt;)</Name>
              <FileRef uid="4" />
              <SequencePoints>
                <SequencePoint vc="0" uspid="140" ordinal="0" offset="0" sl="31" sc="43" el="31" ec="47" />
              </SequencePoints>
              <BranchPoints />
              <MethodPoint xsi:type="SequencePoint" vc="0" uspid="140" ordinal="0" offset="0" sl="31" sc="43" el="31" ec="47" />
            </Method>
            <Method visited="false" cyclomaticComplexity="1" sequenceCoverage="0" branchCoverage="0" isConstructor="true" isStatic="false" isGetter="false" isSetter="false">
              <Summary numSequencePoints="2" visitedSequencePoints="0" numBranchPoints="1" visitedBranchPoints="0" sequenceCoverage="0" branchCoverage="0" maxCyclomaticComplexity="1" minCyclomaticComplexity="1" />
              <MetadataToken>100663340</MetadataToken>
              <Name>System.Void SigStat.Common.Loop::.ctor()</Name>
              <FileRef uid="4" />
              <SequencePoints>
                <SequencePoint vc="0" uspid="141" ordinal="0" offset="0" sl="36" sc="9" el="36" ec="22" />
                <SequencePoint vc="0" uspid="142" ordinal="1" offset="6" sl="39" sc="9" el="39" ec="10" />
              </SequencePoints>
              <BranchPoints />
              <MethodPoint xsi:type="SequencePoint" vc="0" uspid="141" ordinal="0" offset="0" sl="36" sc="9" el="36" ec="22" />
            </Method>
            <Method visited="false" cyclomaticComplexity="1" sequenceCoverage="0" branchCoverage="0" isConstructor="true" isStatic="false" isGetter="false" isSetter="false">
              <Summary numSequencePoints="3" visitedSequencePoints="0" numBranchPoints="1" visitedBranchPoints="0" sequenceCoverage="0" branchCoverage="0" maxCyclomaticComplexity="1" minCyclomaticComplexity="1" />
              <MetadataToken>100663341</MetadataToken>
              <Name>System.Void SigStat.Common.Loop::.ctor(System.Single,System.Single)</Name>
              <FileRef uid="4" />
              <SequencePoints>
                <SequencePoint vc="0" uspid="143" ordinal="0" offset="0" sl="46" sc="9" el="46" ec="50" />
                <SequencePoint vc="0" uspid="144" ordinal="1" offset="6" sl="48" sc="13" el="48" ec="51" />
                <SequencePoint vc="0" uspid="145" ordinal="2" offset="19" sl="49" sc="9" el="49" ec="10" />
              </SequencePoints>
              <BranchPoints />
              <MethodPoint xsi:type="SequencePoint" vc="0" uspid="143" ordinal="0" offset="0" sl="46" sc="9" el="46" ec="50" />
            </Method>
            <Method visited="false" cyclomaticComplexity="1" sequenceCoverage="0" branchCoverage="0" isConstructor="false" isStatic="false" isGetter="false" isSetter="false">
              <Summary numSequencePoints="1" visitedSequencePoints="0" numBranchPoints="1" visitedBranchPoints="0" sequenceCoverage="0" branchCoverage="0" maxCyclomaticComplexity="1" minCyclomaticComplexity="1" />
              <MetadataToken>100663342</MetadataToken>
              <Name>System.String SigStat.Common.Loop::ToString()</Name>
              <FileRef uid="4" />
              <SequencePoints>
                <SequencePoint vc="0" uspid="146" ordinal="0" offset="0" sl="56" sc="13" el="56" ec="37" />
              </SequencePoints>
              <BranchPoints />
              <MethodPoint xsi:type="SequencePoint" vc="0" uspid="146" ordinal="0" offset="0" sl="56" sc="13" el="56" ec="37" />
            </Method>
          </Methods>
        </Class>
        <Class>
          <Summary numSequencePoints="16" visitedSequencePoints="0" numBranchPoints="24" visitedBranchPoints="0" sequenceCoverage="0" branchCoverage="0" maxCyclomaticComplexity="2" minCyclomaticComplexity="2" />
          <FullName>SigStat.Common.ILoggerObjectExtensions</FullName>
          <Methods>
            <Method visited="false" cyclomaticComplexity="2" sequenceCoverage="0" branchCoverage="0" isConstructor="false" isStatic="true" isGetter="false" isSetter="false">
              <Summary numSequencePoints="2" visitedSequencePoints="0" numBranchPoints="3" visitedBranchPoints="0" sequenceCoverage="0" branchCoverage="0" maxCyclomaticComplexity="2" minCyclomaticComplexity="2" />
              <MetadataToken>100663345</MetadataToken>
              <Name>System.Void SigStat.Common.ILoggerObjectExtensions::LogError(SigStat.Common.ILoggerObject,System.String,System.Object[])</Name>
              <FileRef uid="5" />
              <SequencePoints>
                <SequencePoint vc="0" uspid="147" ordinal="0" offset="0" sl="24" sc="13" el="24" ec="49" />
                <SequencePoint vc="0" uspid="148" ordinal="1" offset="18" sl="25" sc="9" el="25" ec="10" />
              </SequencePoints>
              <BranchPoints>
                <BranchPoint vc="0" uspid="149" ordinal="0" offset="7" path="0" />
                <BranchPoint vc="0" uspid="150" ordinal="1" offset="7" path="1" />
              </BranchPoints>
              <MethodPoint xsi:type="SequencePoint" vc="0" uspid="147" ordinal="0" offset="0" sl="24" sc="13" el="24" ec="49" />
            </Method>
            <Method visited="false" cyclomaticComplexity="2" sequenceCoverage="0" branchCoverage="0" isConstructor="false" isStatic="true" isGetter="false" isSetter="false">
              <Summary numSequencePoints="2" visitedSequencePoints="0" numBranchPoints="3" visitedBranchPoints="0" sequenceCoverage="0" branchCoverage="0" maxCyclomaticComplexity="2" minCyclomaticComplexity="2" />
              <MetadataToken>100663346</MetadataToken>
              <Name>System.Void SigStat.Common.ILoggerObjectExtensions::LogError(SigStat.Common.ILoggerObject,System.Exception,System.String,System.Object[])</Name>
              <FileRef uid="5" />
              <SequencePoints>
                <SequencePoint vc="0" uspid="151" ordinal="0" offset="0" sl="36" sc="13" el="36" ec="60" />
                <SequencePoint vc="0" uspid="152" ordinal="1" offset="19" sl="37" sc="9" el="37" ec="10" />
              </SequencePoints>
              <BranchPoints>
                <BranchPoint vc="0" uspid="153" ordinal="0" offset="7" path="0" />
                <BranchPoint vc="0" uspid="154" ordinal="1" offset="7" path="1" />
              </BranchPoints>
              <MethodPoint xsi:type="SequencePoint" vc="0" uspid="151" ordinal="0" offset="0" sl="36" sc="13" el="36" ec="60" />
            </Method>
            <Method visited="false" cyclomaticComplexity="2" sequenceCoverage="0" branchCoverage="0" isConstructor="false" isStatic="true" isGetter="false" isSetter="false">
              <Summary numSequencePoints="2" visitedSequencePoints="0" numBranchPoints="3" visitedBranchPoints="0" sequenceCoverage="0" branchCoverage="0" maxCyclomaticComplexity="2" minCyclomaticComplexity="2" />
              <MetadataToken>100663347</MetadataToken>
              <Name>System.Void SigStat.Common.ILoggerObjectExtensions::LogInformation(SigStat.Common.ILoggerObject,System.String,System.Object[])</Name>
              <FileRef uid="5" />
              <SequencePoints>
                <SequencePoint vc="0" uspid="155" ordinal="0" offset="0" sl="47" sc="13" el="47" ec="55" />
                <SequencePoint vc="0" uspid="156" ordinal="1" offset="18" sl="48" sc="9" el="48" ec="10" />
              </SequencePoints>
              <BranchPoints>
                <BranchPoint vc="0" uspid="157" ordinal="0" offset="7" path="0" />
                <BranchPoint vc="0" uspid="158" ordinal="1" offset="7" path="1" />
              </BranchPoints>
              <MethodPoint xsi:type="SequencePoint" vc="0" uspid="155" ordinal="0" offset="0" sl="47" sc="13" el="47" ec="55" />
            </Method>
            <Method visited="false" cyclomaticComplexity="2" sequenceCoverage="0" branchCoverage="0" isConstructor="false" isStatic="true" isGetter="false" isSetter="false">
              <Summary numSequencePoints="2" visitedSequencePoints="0" numBranchPoints="3" visitedBranchPoints="0" sequenceCoverage="0" branchCoverage="0" maxCyclomaticComplexity="2" minCyclomaticComplexity="2" />
              <MetadataToken>100663348</MetadataToken>
              <Name>System.Void SigStat.Common.ILoggerObjectExtensions::LogWarning(SigStat.Common.ILoggerObject,System.String,System.Object[])</Name>
              <FileRef uid="5" />
              <SequencePoints>
                <SequencePoint vc="0" uspid="159" ordinal="0" offset="0" sl="59" sc="13" el="59" ec="51" />
                <SequencePoint vc="0" uspid="160" ordinal="1" offset="18" sl="60" sc="9" el="60" ec="10" />
              </SequencePoints>
              <BranchPoints>
                <BranchPoint vc="0" uspid="161" ordinal="0" offset="7" path="0" />
                <BranchPoint vc="0" uspid="162" ordinal="1" offset="7" path="1" />
              </BranchPoints>
              <MethodPoint xsi:type="SequencePoint" vc="0" uspid="159" ordinal="0" offset="0" sl="59" sc="13" el="59" ec="51" />
            </Method>
            <Method visited="false" cyclomaticComplexity="2" sequenceCoverage="0" branchCoverage="0" isConstructor="false" isStatic="true" isGetter="false" isSetter="false">
              <Summary numSequencePoints="2" visitedSequencePoints="0" numBranchPoints="3" visitedBranchPoints="0" sequenceCoverage="0" branchCoverage="0" maxCyclomaticComplexity="2" minCyclomaticComplexity="2" />
              <MetadataToken>100663349</MetadataToken>
              <Name>System.Void SigStat.Common.ILoggerObjectExtensions::LogWarning(SigStat.Common.ILoggerObject,System.Exception,System.String,System.Object[])</Name>
              <FileRef uid="5" />
              <SequencePoints>
                <SequencePoint vc="0" uspid="163" ordinal="0" offset="0" sl="71" sc="13" el="71" ec="62" />
                <SequencePoint vc="0" uspid="164" ordinal="1" offset="19" sl="72" sc="9" el="72" ec="10" />
              </SequencePoints>
              <BranchPoints>
                <BranchPoint vc="0" uspid="165" ordinal="0" offset="7" path="0" />
                <BranchPoint vc="0" uspid="166" ordinal="1" offset="7" path="1" />
              </BranchPoints>
              <MethodPoint xsi:type="SequencePoint" vc="0" uspid="163" ordinal="0" offset="0" sl="71" sc="13" el="71" ec="62" />
            </Method>
            <Method visited="false" cyclomaticComplexity="2" sequenceCoverage="0" branchCoverage="0" isConstructor="false" isStatic="true" isGetter="false" isSetter="false">
              <Summary numSequencePoints="2" visitedSequencePoints="0" numBranchPoints="3" visitedBranchPoints="0" sequenceCoverage="0" branchCoverage="0" maxCyclomaticComplexity="2" minCyclomaticComplexity="2" />
              <MetadataToken>100663350</MetadataToken>
              <Name>System.Void SigStat.Common.ILoggerObjectExtensions::LogTrace(SigStat.Common.ILoggerObject,System.String,System.Object[])</Name>
              <FileRef uid="5" />
              <SequencePoints>
                <SequencePoint vc="0" uspid="167" ordinal="0" offset="0" sl="82" sc="13" el="82" ec="49" />
                <SequencePoint vc="0" uspid="168" ordinal="1" offset="18" sl="83" sc="9" el="83" ec="10" />
              </SequencePoints>
              <BranchPoints>
                <BranchPoint vc="0" uspid="169" ordinal="0" offset="7" path="0" />
                <BranchPoint vc="0" uspid="170" ordinal="1" offset="7" path="1" />
              </BranchPoints>
              <MethodPoint xsi:type="SequencePoint" vc="0" uspid="167" ordinal="0" offset="0" sl="82" sc="13" el="82" ec="49" />
            </Method>
            <Method visited="false" cyclomaticComplexity="2" sequenceCoverage="0" branchCoverage="0" isConstructor="false" isStatic="true" isGetter="false" isSetter="false">
              <Summary numSequencePoints="2" visitedSequencePoints="0" numBranchPoints="3" visitedBranchPoints="0" sequenceCoverage="0" branchCoverage="0" maxCyclomaticComplexity="2" minCyclomaticComplexity="2" />
              <MetadataToken>100663351</MetadataToken>
              <Name>System.Void SigStat.Common.ILoggerObjectExtensions::LogCritical(SigStat.Common.ILoggerObject,System.String,System.Object[])</Name>
              <FileRef uid="5" />
              <SequencePoints>
                <SequencePoint vc="0" uspid="171" ordinal="0" offset="0" sl="93" sc="13" el="93" ec="52" />
                <SequencePoint vc="0" uspid="172" ordinal="1" offset="18" sl="94" sc="9" el="94" ec="10" />
              </SequencePoints>
              <BranchPoints>
                <BranchPoint vc="0" uspid="173" ordinal="0" offset="7" path="0" />
                <BranchPoint vc="0" uspid="174" ordinal="1" offset="7" path="1" />
              </BranchPoints>
              <MethodPoint xsi:type="SequencePoint" vc="0" uspid="171" ordinal="0" offset="0" sl="93" sc="13" el="93" ec="52" />
            </Method>
            <Method visited="false" cyclomaticComplexity="2" sequenceCoverage="0" branchCoverage="0" isConstructor="false" isStatic="true" isGetter="false" isSetter="false">
              <Summary numSequencePoints="2" visitedSequencePoints="0" numBranchPoints="3" visitedBranchPoints="0" sequenceCoverage="0" branchCoverage="0" maxCyclomaticComplexity="2" minCyclomaticComplexity="2" />
              <MetadataToken>100663352</MetadataToken>
              <Name>System.Void SigStat.Common.ILoggerObjectExtensions::LogDebug(SigStat.Common.ILoggerObject,System.String,System.Object[])</Name>
              <FileRef uid="5" />
              <SequencePoints>
                <SequencePoint vc="0" uspid="175" ordinal="0" offset="0" sl="104" sc="13" el="104" ec="49" />
                <SequencePoint vc="0" uspid="176" ordinal="1" offset="18" sl="105" sc="9" el="105" ec="10" />
              </SequencePoints>
              <BranchPoints>
                <BranchPoint vc="0" uspid="177" ordinal="0" offset="7" path="0" />
                <BranchPoint vc="0" uspid="178" ordinal="1" offset="7" path="1" />
              </BranchPoints>
              <MethodPoint xsi:type="SequencePoint" vc="0" uspid="175" ordinal="0" offset="0" sl="104" sc="13" el="104" ec="49" />
            </Method>
          </Methods>
        </Class>
        <Class>
          <Summary numSequencePoints="8" visitedSequencePoints="0" numBranchPoints="4" visitedBranchPoints="0" sequenceCoverage="0" branchCoverage="0" maxCyclomaticComplexity="1" minCyclomaticComplexity="1" />
          <FullName>SigStat.Common.Sampler</FullName>
          <Methods>
            <Method visited="false" cyclomaticComplexity="1" sequenceCoverage="0" branchCoverage="0" isConstructor="true" isStatic="false" isGetter="false" isSetter="false">
              <Summary numSequencePoints="5" visitedSequencePoints="0" numBranchPoints="1" visitedBranchPoints="0" sequenceCoverage="0" branchCoverage="0" maxCyclomaticComplexity="1" minCyclomaticComplexity="1" />
              <MetadataToken>100663353</MetadataToken>
              <Name>System.Void SigStat.Common.Sampler::.ctor(System.Func`2&lt;System.Collections.Generic.List`1&lt;SigStat.Common.Signature&gt;,System.Collections.Generic.List`1&lt;SigStat.Common.Signature&gt;&gt;,System.Func`2&lt;System.Collections.Generic.List`1&lt;SigStat.Common.Signature&gt;,System.Collections.Generic.List`1&lt;SigStat.Common.Signature&gt;&gt;,System.Func`2&lt;System.Collections.Generic.List`1&lt;SigStat.Common.Signature&gt;,System.Collections.Generic.List`1&lt;SigStat.Common.Signature&gt;&gt;)</Name>
              <FileRef uid="6" />
              <SequencePoints>
                <SequencePoint vc="0" uspid="179" ordinal="0" offset="0" sl="24" sc="9" el="24" ec="180" />
                <SequencePoint vc="0" uspid="180" ordinal="1" offset="6" sl="26" sc="13" el="26" ec="42" />
                <SequencePoint vc="0" uspid="181" ordinal="2" offset="13" sl="27" sc="13" el="27" ec="46" />
                <SequencePoint vc="0" uspid="182" ordinal="3" offset="20" sl="28" sc="13" el="28" ec="46" />
                <SequencePoint vc="0" uspid="183" ordinal="4" offset="27" sl="29" sc="9" el="29" ec="10" />
              </SequencePoints>
              <BranchPoints />
              <MethodPoint xsi:type="SequencePoint" vc="0" uspid="179" ordinal="0" offset="0" sl="24" sc="9" el="24" ec="180" />
            </Method>
            <Method visited="false" cyclomaticComplexity="1" sequenceCoverage="0" branchCoverage="0" isConstructor="false" isStatic="false" isGetter="false" isSetter="false">
              <Summary numSequencePoints="1" visitedSequencePoints="0" numBranchPoints="1" visitedBranchPoints="0" sequenceCoverage="0" branchCoverage="0" maxCyclomaticComplexity="1" minCyclomaticComplexity="1" />
              <MetadataToken>100663354</MetadataToken>
              <Name>System.Collections.Generic.List`1&lt;SigStat.Common.Signature&gt; SigStat.Common.Sampler::SampleReferences(System.Collections.Generic.List`1&lt;SigStat.Common.Signature&gt;)</Name>
              <FileRef uid="6" />
              <SequencePoints>
                <SequencePoint vc="0" uspid="184" ordinal="0" offset="0" sl="37" sc="13" el="37" ec="43" />
              </SequencePoints>
              <BranchPoints />
              <MethodPoint xsi:type="SequencePoint" vc="0" uspid="184" ordinal="0" offset="0" sl="37" sc="13" el="37" ec="43" />
            </Method>
            <Method visited="false" cyclomaticComplexity="1" sequenceCoverage="0" branchCoverage="0" isConstructor="false" isStatic="false" isGetter="false" isSetter="false">
              <Summary numSequencePoints="1" visitedSequencePoints="0" numBranchPoints="1" visitedBranchPoints="0" sequenceCoverage="0" branchCoverage="0" maxCyclomaticComplexity="1" minCyclomaticComplexity="1" />
              <MetadataToken>100663355</MetadataToken>
              <Name>System.Collections.Generic.List`1&lt;SigStat.Common.Signature&gt; SigStat.Common.Sampler::SampleGenuineTests(System.Collections.Generic.List`1&lt;SigStat.Common.Signature&gt;)</Name>
              <FileRef uid="6" />
              <SequencePoints>
                <SequencePoint vc="0" uspid="185" ordinal="0" offset="0" sl="46" sc="13" el="46" ec="45" />
              </SequencePoints>
              <BranchPoints />
              <MethodPoint xsi:type="SequencePoint" vc="0" uspid="185" ordinal="0" offset="0" sl="46" sc="13" el="46" ec="45" />
            </Method>
            <Method visited="false" cyclomaticComplexity="1" sequenceCoverage="0" branchCoverage="0" isConstructor="false" isStatic="false" isGetter="false" isSetter="false">
              <Summary numSequencePoints="1" visitedSequencePoints="0" numBranchPoints="1" visitedBranchPoints="0" sequenceCoverage="0" branchCoverage="0" maxCyclomaticComplexity="1" minCyclomaticComplexity="1" />
              <MetadataToken>100663356</MetadataToken>
              <Name>System.Collections.Generic.List`1&lt;SigStat.Common.Signature&gt; SigStat.Common.Sampler::SampleForgeryTests(System.Collections.Generic.List`1&lt;SigStat.Common.Signature&gt;)</Name>
              <FileRef uid="6" />
              <SequencePoints>
                <SequencePoint vc="0" uspid="186" ordinal="0" offset="0" sl="55" sc="13" el="55" ec="45" />
              </SequencePoints>
              <BranchPoints />
              <MethodPoint xsi:type="SequencePoint" vc="0" uspid="186" ordinal="0" offset="0" sl="55" sc="13" el="55" ec="45" />
            </Method>
          </Methods>
        </Class>
        <Class>
          <Summary numSequencePoints="2" visitedSequencePoints="0" numBranchPoints="7" visitedBranchPoints="0" sequenceCoverage="0" branchCoverage="0" maxCyclomaticComplexity="4" minCyclomaticComplexity="4" />
          <FullName>SigStat.Common.SVC2004Sampler1</FullName>
          <Methods>
            <Method visited="false" cyclomaticComplexity="4" sequenceCoverage="0" branchCoverage="0" isConstructor="true" isStatic="false" isGetter="false" isSetter="false">
              <Summary numSequencePoints="2" visitedSequencePoints="0" numBranchPoints="7" visitedBranchPoints="0" sequenceCoverage="0" branchCoverage="0" maxCyclomaticComplexity="4" minCyclomaticComplexity="4" />
              <MetadataToken>100663357</MetadataToken>
              <Name>System.Void SigStat.Common.SVC2004Sampler1::.ctor()</Name>
              <FileRef uid="6" />
              <SequencePoints>
                <SequencePoint vc="0" uspid="187" ordinal="0" offset="0" sl="61" sc="36" el="64" ec="69" />
                <SequencePoint vc="0" uspid="188" ordinal="1" offset="99" sl="65" sc="11" el="65" ec="12" />
              </SequencePoints>
              <BranchPoints>
                <BranchPoint vc="0" uspid="189" ordinal="0" offset="7" path="0" />
                <BranchPoint vc="0" uspid="190" ordinal="1" offset="7" path="1" />
                <BranchPoint vc="0" uspid="191" ordinal="2" offset="38" path="0" />
                <BranchPoint vc="0" uspid="192" ordinal="3" offset="38" path="1" />
                <BranchPoint vc="0" uspid="193" ordinal="4" offset="69" path="0" />
                <BranchPoint vc="0" uspid="194" ordinal="5" offset="69" path="1" />
              </BranchPoints>
              <MethodPoint xsi:type="SequencePoint" vc="0" uspid="187" ordinal="0" offset="0" sl="61" sc="36" el="64" ec="69" />
            </Method>
          </Methods>
        </Class>
        <Class>
          <Summary numSequencePoints="6" visitedSequencePoints="0" numBranchPoints="12" visitedBranchPoints="0" sequenceCoverage="0" branchCoverage="0" maxCyclomaticComplexity="2" minCyclomaticComplexity="1" />
          <FullName>SigStat.Common.SVC2004Sampler1/&lt;&gt;c</FullName>
          <Methods>
            <Method visited="false" cyclomaticComplexity="1" sequenceCoverage="0" branchCoverage="0" isConstructor="true" isStatic="true" isGetter="false" isSetter="false">
              <Summary numSequencePoints="0" visitedSequencePoints="0" numBranchPoints="0" visitedBranchPoints="0" sequenceCoverage="0" branchCoverage="0" maxCyclomaticComplexity="1" minCyclomaticComplexity="1" />
              <MetadataToken>100664075</MetadataToken>
              <Name>System.Void SigStat.Common.SVC2004Sampler1/&lt;&gt;c::.cctor()</Name>
              <SequencePoints />
              <BranchPoints />
              <MethodPoint vc="0" uspid="195" ordinal="0" offset="0" />
            </Method>
            <Method visited="false" cyclomaticComplexity="1" sequenceCoverage="0" branchCoverage="0" isConstructor="true" isStatic="false" isGetter="false" isSetter="false">
              <Summary numSequencePoints="0" visitedSequencePoints="0" numBranchPoints="0" visitedBranchPoints="0" sequenceCoverage="0" branchCoverage="0" maxCyclomaticComplexity="1" minCyclomaticComplexity="1" />
              <MetadataToken>100664076</MetadataToken>
              <Name>System.Void SigStat.Common.SVC2004Sampler1/&lt;&gt;c::.ctor()</Name>
              <SequencePoints />
              <BranchPoints />
              <MethodPoint vc="0" uspid="196" ordinal="0" offset="0" />
            </Method>
            <Method visited="false" cyclomaticComplexity="2" sequenceCoverage="0" branchCoverage="0" isConstructor="false" isStatic="false" isGetter="false" isSetter="false">
              <Summary numSequencePoints="1" visitedSequencePoints="0" numBranchPoints="3" visitedBranchPoints="0" sequenceCoverage="0" branchCoverage="0" maxCyclomaticComplexity="2" minCyclomaticComplexity="2" />
              <MetadataToken>100664077</MetadataToken>
              <Name>System.Collections.Generic.List`1&lt;SigStat.Common.Signature&gt; SigStat.Common.SVC2004Sampler1/&lt;&gt;c::&lt;.ctor&gt;b__0_0(System.Collections.Generic.List`1&lt;SigStat.Common.Signature&gt;)</Name>
              <FileRef uid="6" />
              <SequencePoints>
                <SequencePoint vc="0" uspid="197" ordinal="0" offset="0" sl="62" sc="19" el="62" ec="78" />
              </SequencePoints>
              <BranchPoints>
                <BranchPoint vc="0" uspid="198" ordinal="0" offset="7" path="0" />
                <BranchPoint vc="0" uspid="199" ordinal="1" offset="7" path="1" />
              </BranchPoints>
              <MethodPoint xsi:type="SequencePoint" vc="0" uspid="197" ordinal="0" offset="0" sl="62" sc="19" el="62" ec="78" />
            </Method>
            <Method visited="false" cyclomaticComplexity="1" sequenceCoverage="0" branchCoverage="0" isConstructor="false" isStatic="false" isGetter="false" isSetter="false">
              <Summary numSequencePoints="1" visitedSequencePoints="0" numBranchPoints="1" visitedBranchPoints="0" sequenceCoverage="0" branchCoverage="0" maxCyclomaticComplexity="1" minCyclomaticComplexity="1" />
              <MetadataToken>100664078</MetadataToken>
              <Name>System.Boolean SigStat.Common.SVC2004Sampler1/&lt;&gt;c::&lt;.ctor&gt;b__0_3(SigStat.Common.Signature)</Name>
              <FileRef uid="6" />
              <SequencePoints>
                <SequencePoint vc="0" uspid="200" ordinal="0" offset="0" sl="62" sc="33" el="62" ec="59" />
              </SequencePoints>
              <BranchPoints />
              <MethodPoint xsi:type="SequencePoint" vc="0" uspid="200" ordinal="0" offset="0" sl="62" sc="33" el="62" ec="59" />
            </Method>
            <Method visited="false" cyclomaticComplexity="2" sequenceCoverage="0" branchCoverage="0" isConstructor="false" isStatic="false" isGetter="false" isSetter="false">
              <Summary numSequencePoints="1" visitedSequencePoints="0" numBranchPoints="3" visitedBranchPoints="0" sequenceCoverage="0" branchCoverage="0" maxCyclomaticComplexity="2" minCyclomaticComplexity="2" />
              <MetadataToken>100664079</MetadataToken>
              <Name>System.Collections.Generic.List`1&lt;SigStat.Common.Signature&gt; SigStat.Common.SVC2004Sampler1/&lt;&gt;c::&lt;.ctor&gt;b__0_1(System.Collections.Generic.List`1&lt;SigStat.Common.Signature&gt;)</Name>
              <FileRef uid="6" />
              <SequencePoints>
                <SequencePoint vc="0" uspid="201" ordinal="0" offset="0" sl="63" sc="19" el="63" ec="87" />
              </SequencePoints>
              <BranchPoints>
                <BranchPoint vc="0" uspid="202" ordinal="0" offset="7" path="0" />
                <BranchPoint vc="0" uspid="203" ordinal="1" offset="7" path="1" />
              </BranchPoints>
              <MethodPoint xsi:type="SequencePoint" vc="0" uspid="201" ordinal="0" offset="0" sl="63" sc="19" el="63" ec="87" />
            </Method>
            <Method visited="false" cyclomaticComplexity="1" sequenceCoverage="0" branchCoverage="0" isConstructor="false" isStatic="false" isGetter="false" isSetter="false">
              <Summary numSequencePoints="1" visitedSequencePoints="0" numBranchPoints="1" visitedBranchPoints="0" sequenceCoverage="0" branchCoverage="0" maxCyclomaticComplexity="1" minCyclomaticComplexity="1" />
              <MetadataToken>100664080</MetadataToken>
              <Name>System.Boolean SigStat.Common.SVC2004Sampler1/&lt;&gt;c::&lt;.ctor&gt;b__0_4(SigStat.Common.Signature)</Name>
              <FileRef uid="6" />
              <SequencePoints>
                <SequencePoint vc="0" uspid="204" ordinal="0" offset="0" sl="63" sc="33" el="63" ec="59" />
              </SequencePoints>
              <BranchPoints />
              <MethodPoint xsi:type="SequencePoint" vc="0" uspid="204" ordinal="0" offset="0" sl="63" sc="33" el="63" ec="59" />
            </Method>
            <Method visited="false" cyclomaticComplexity="2" sequenceCoverage="0" branchCoverage="0" isConstructor="false" isStatic="false" isGetter="false" isSetter="false">
              <Summary numSequencePoints="1" visitedSequencePoints="0" numBranchPoints="3" visitedBranchPoints="0" sequenceCoverage="0" branchCoverage="0" maxCyclomaticComplexity="2" minCyclomaticComplexity="2" />
              <MetadataToken>100664081</MetadataToken>
              <Name>System.Collections.Generic.List`1&lt;SigStat.Common.Signature&gt; SigStat.Common.SVC2004Sampler1/&lt;&gt;c::&lt;.ctor&gt;b__0_2(System.Collections.Generic.List`1&lt;SigStat.Common.Signature&gt;)</Name>
              <FileRef uid="6" />
              <SequencePoints>
                <SequencePoint vc="0" uspid="205" ordinal="0" offset="0" sl="64" sc="19" el="64" ec="68" />
              </SequencePoints>
              <BranchPoints>
                <BranchPoint vc="0" uspid="206" ordinal="0" offset="7" path="0" />
                <BranchPoint vc="0" uspid="207" ordinal="1" offset="7" path="1" />
              </BranchPoints>
              <MethodPoint xsi:type="SequencePoint" vc="0" uspid="205" ordinal="0" offset="0" sl="64" sc="19" el="64" ec="68" />
            </Method>
            <Method visited="false" cyclomaticComplexity="1" sequenceCoverage="0" branchCoverage="0" isConstructor="false" isStatic="false" isGetter="false" isSetter="false">
              <Summary numSequencePoints="1" visitedSequencePoints="0" numBranchPoints="1" visitedBranchPoints="0" sequenceCoverage="0" branchCoverage="0" maxCyclomaticComplexity="1" minCyclomaticComplexity="1" />
              <MetadataToken>100664082</MetadataToken>
              <Name>System.Boolean SigStat.Common.SVC2004Sampler1/&lt;&gt;c::&lt;.ctor&gt;b__0_5(SigStat.Common.Signature)</Name>
              <FileRef uid="6" />
              <SequencePoints>
                <SequencePoint vc="0" uspid="208" ordinal="0" offset="0" sl="64" sc="33" el="64" ec="58" />
              </SequencePoints>
              <BranchPoints />
              <MethodPoint xsi:type="SequencePoint" vc="0" uspid="208" ordinal="0" offset="0" sl="64" sc="33" el="64" ec="58" />
            </Method>
          </Methods>
        </Class>
        <Class>
          <Summary numSequencePoints="2" visitedSequencePoints="0" numBranchPoints="7" visitedBranchPoints="0" sequenceCoverage="0" branchCoverage="0" maxCyclomaticComplexity="4" minCyclomaticComplexity="4" />
          <FullName>SigStat.Common.SVC2004Sampler2</FullName>
          <Methods>
            <Method visited="false" cyclomaticComplexity="4" sequenceCoverage="0" branchCoverage="0" isConstructor="true" isStatic="false" isGetter="false" isSetter="false">
              <Summary numSequencePoints="2" visitedSequencePoints="0" numBranchPoints="7" visitedBranchPoints="0" sequenceCoverage="0" branchCoverage="0" maxCyclomaticComplexity="4" minCyclomaticComplexity="4" />
              <MetadataToken>100663358</MetadataToken>
              <Name>System.Void SigStat.Common.SVC2004Sampler2::.ctor()</Name>
              <FileRef uid="6" />
              <SequencePoints>
                <SequencePoint vc="0" uspid="209" ordinal="0" offset="0" sl="70" sc="36" el="73" ec="69" />
                <SequencePoint vc="0" uspid="210" ordinal="1" offset="99" sl="74" sc="11" el="74" ec="12" />
              </SequencePoints>
              <BranchPoints>
                <BranchPoint vc="0" uspid="211" ordinal="0" offset="7" path="0" />
                <BranchPoint vc="0" uspid="212" ordinal="1" offset="7" path="1" />
                <BranchPoint vc="0" uspid="213" ordinal="2" offset="38" path="0" />
                <BranchPoint vc="0" uspid="214" ordinal="3" offset="38" path="1" />
                <BranchPoint vc="0" uspid="215" ordinal="4" offset="69" path="0" />
                <BranchPoint vc="0" uspid="216" ordinal="5" offset="69" path="1" />
              </BranchPoints>
              <MethodPoint xsi:type="SequencePoint" vc="0" uspid="209" ordinal="0" offset="0" sl="70" sc="36" el="73" ec="69" />
            </Method>
          </Methods>
        </Class>
        <Class>
          <Summary numSequencePoints="6" visitedSequencePoints="0" numBranchPoints="12" visitedBranchPoints="0" sequenceCoverage="0" branchCoverage="0" maxCyclomaticComplexity="2" minCyclomaticComplexity="1" />
          <FullName>SigStat.Common.SVC2004Sampler2/&lt;&gt;c</FullName>
          <Methods>
            <Method visited="false" cyclomaticComplexity="1" sequenceCoverage="0" branchCoverage="0" isConstructor="true" isStatic="true" isGetter="false" isSetter="false">
              <Summary numSequencePoints="0" visitedSequencePoints="0" numBranchPoints="0" visitedBranchPoints="0" sequenceCoverage="0" branchCoverage="0" maxCyclomaticComplexity="1" minCyclomaticComplexity="1" />
              <MetadataToken>100664083</MetadataToken>
              <Name>System.Void SigStat.Common.SVC2004Sampler2/&lt;&gt;c::.cctor()</Name>
              <SequencePoints />
              <BranchPoints />
              <MethodPoint vc="0" uspid="217" ordinal="0" offset="0" />
            </Method>
            <Method visited="false" cyclomaticComplexity="1" sequenceCoverage="0" branchCoverage="0" isConstructor="true" isStatic="false" isGetter="false" isSetter="false">
              <Summary numSequencePoints="0" visitedSequencePoints="0" numBranchPoints="0" visitedBranchPoints="0" sequenceCoverage="0" branchCoverage="0" maxCyclomaticComplexity="1" minCyclomaticComplexity="1" />
              <MetadataToken>100664084</MetadataToken>
              <Name>System.Void SigStat.Common.SVC2004Sampler2/&lt;&gt;c::.ctor()</Name>
              <SequencePoints />
              <BranchPoints />
              <MethodPoint vc="0" uspid="218" ordinal="0" offset="0" />
            </Method>
            <Method visited="false" cyclomaticComplexity="2" sequenceCoverage="0" branchCoverage="0" isConstructor="false" isStatic="false" isGetter="false" isSetter="false">
              <Summary numSequencePoints="1" visitedSequencePoints="0" numBranchPoints="3" visitedBranchPoints="0" sequenceCoverage="0" branchCoverage="0" maxCyclomaticComplexity="2" minCyclomaticComplexity="2" />
              <MetadataToken>100664085</MetadataToken>
              <Name>System.Collections.Generic.List`1&lt;SigStat.Common.Signature&gt; SigStat.Common.SVC2004Sampler2/&lt;&gt;c::&lt;.ctor&gt;b__0_0(System.Collections.Generic.List`1&lt;SigStat.Common.Signature&gt;)</Name>
              <FileRef uid="6" />
              <SequencePoints>
                <SequencePoint vc="0" uspid="219" ordinal="0" offset="0" sl="71" sc="19" el="71" ec="87" />
              </SequencePoints>
              <BranchPoints>
                <BranchPoint vc="0" uspid="220" ordinal="0" offset="7" path="0" />
                <BranchPoint vc="0" uspid="221" ordinal="1" offset="7" path="1" />
              </BranchPoints>
              <MethodPoint xsi:type="SequencePoint" vc="0" uspid="219" ordinal="0" offset="0" sl="71" sc="19" el="71" ec="87" />
            </Method>
            <Method visited="false" cyclomaticComplexity="1" sequenceCoverage="0" branchCoverage="0" isConstructor="false" isStatic="false" isGetter="false" isSetter="false">
              <Summary numSequencePoints="1" visitedSequencePoints="0" numBranchPoints="1" visitedBranchPoints="0" sequenceCoverage="0" branchCoverage="0" maxCyclomaticComplexity="1" minCyclomaticComplexity="1" />
              <MetadataToken>100664086</MetadataToken>
              <Name>System.Boolean SigStat.Common.SVC2004Sampler2/&lt;&gt;c::&lt;.ctor&gt;b__0_3(SigStat.Common.Signature)</Name>
              <FileRef uid="6" />
              <SequencePoints>
                <SequencePoint vc="0" uspid="222" ordinal="0" offset="0" sl="71" sc="33" el="71" ec="59" />
              </SequencePoints>
              <BranchPoints />
              <MethodPoint xsi:type="SequencePoint" vc="0" uspid="222" ordinal="0" offset="0" sl="71" sc="33" el="71" ec="59" />
            </Method>
            <Method visited="false" cyclomaticComplexity="2" sequenceCoverage="0" branchCoverage="0" isConstructor="false" isStatic="false" isGetter="false" isSetter="false">
              <Summary numSequencePoints="1" visitedSequencePoints="0" numBranchPoints="3" visitedBranchPoints="0" sequenceCoverage="0" branchCoverage="0" maxCyclomaticComplexity="2" minCyclomaticComplexity="2" />
              <MetadataToken>100664087</MetadataToken>
              <Name>System.Collections.Generic.List`1&lt;SigStat.Common.Signature&gt; SigStat.Common.SVC2004Sampler2/&lt;&gt;c::&lt;.ctor&gt;b__0_1(System.Collections.Generic.List`1&lt;SigStat.Common.Signature&gt;)</Name>
              <FileRef uid="6" />
              <SequencePoints>
                <SequencePoint vc="0" uspid="223" ordinal="0" offset="0" sl="72" sc="19" el="72" ec="78" />
              </SequencePoints>
              <BranchPoints>
                <BranchPoint vc="0" uspid="224" ordinal="0" offset="7" path="0" />
                <BranchPoint vc="0" uspid="225" ordinal="1" offset="7" path="1" />
              </BranchPoints>
              <MethodPoint xsi:type="SequencePoint" vc="0" uspid="223" ordinal="0" offset="0" sl="72" sc="19" el="72" ec="78" />
            </Method>
            <Method visited="false" cyclomaticComplexity="1" sequenceCoverage="0" branchCoverage="0" isConstructor="false" isStatic="false" isGetter="false" isSetter="false">
              <Summary numSequencePoints="1" visitedSequencePoints="0" numBranchPoints="1" visitedBranchPoints="0" sequenceCoverage="0" branchCoverage="0" maxCyclomaticComplexity="1" minCyclomaticComplexity="1" />
              <MetadataToken>100664088</MetadataToken>
              <Name>System.Boolean SigStat.Common.SVC2004Sampler2/&lt;&gt;c::&lt;.ctor&gt;b__0_4(SigStat.Common.Signature)</Name>
              <FileRef uid="6" />
              <SequencePoints>
                <SequencePoint vc="0" uspid="226" ordinal="0" offset="0" sl="72" sc="33" el="72" ec="59" />
              </SequencePoints>
              <BranchPoints />
              <MethodPoint xsi:type="SequencePoint" vc="0" uspid="226" ordinal="0" offset="0" sl="72" sc="33" el="72" ec="59" />
            </Method>
            <Method visited="false" cyclomaticComplexity="2" sequenceCoverage="0" branchCoverage="0" isConstructor="false" isStatic="false" isGetter="false" isSetter="false">
              <Summary numSequencePoints="1" visitedSequencePoints="0" numBranchPoints="3" visitedBranchPoints="0" sequenceCoverage="0" branchCoverage="0" maxCyclomaticComplexity="2" minCyclomaticComplexity="2" />
              <MetadataToken>100664089</MetadataToken>
              <Name>System.Collections.Generic.List`1&lt;SigStat.Common.Signature&gt; SigStat.Common.SVC2004Sampler2/&lt;&gt;c::&lt;.ctor&gt;b__0_2(System.Collections.Generic.List`1&lt;SigStat.Common.Signature&gt;)</Name>
              <FileRef uid="6" />
              <SequencePoints>
                <SequencePoint vc="0" uspid="227" ordinal="0" offset="0" sl="73" sc="19" el="73" ec="68" />
              </SequencePoints>
              <BranchPoints>
                <BranchPoint vc="0" uspid="228" ordinal="0" offset="7" path="0" />
                <BranchPoint vc="0" uspid="229" ordinal="1" offset="7" path="1" />
              </BranchPoints>
              <MethodPoint xsi:type="SequencePoint" vc="0" uspid="227" ordinal="0" offset="0" sl="73" sc="19" el="73" ec="68" />
            </Method>
            <Method visited="false" cyclomaticComplexity="1" sequenceCoverage="0" branchCoverage="0" isConstructor="false" isStatic="false" isGetter="false" isSetter="false">
              <Summary numSequencePoints="1" visitedSequencePoints="0" numBranchPoints="1" visitedBranchPoints="0" sequenceCoverage="0" branchCoverage="0" maxCyclomaticComplexity="1" minCyclomaticComplexity="1" />
              <MetadataToken>100664090</MetadataToken>
              <Name>System.Boolean SigStat.Common.SVC2004Sampler2/&lt;&gt;c::&lt;.ctor&gt;b__0_5(SigStat.Common.Signature)</Name>
              <FileRef uid="6" />
              <SequencePoints>
                <SequencePoint vc="0" uspid="230" ordinal="0" offset="0" sl="73" sc="33" el="73" ec="58" />
              </SequencePoints>
              <BranchPoints />
              <MethodPoint xsi:type="SequencePoint" vc="0" uspid="230" ordinal="0" offset="0" sl="73" sc="33" el="73" ec="58" />
            </Method>
          </Methods>
        </Class>
        <Class>
          <Summary numSequencePoints="2" visitedSequencePoints="0" numBranchPoints="7" visitedBranchPoints="0" sequenceCoverage="0" branchCoverage="0" maxCyclomaticComplexity="4" minCyclomaticComplexity="4" />
          <FullName>SigStat.Common.SVC2004Sampler3</FullName>
          <Methods>
            <Method visited="false" cyclomaticComplexity="4" sequenceCoverage="0" branchCoverage="0" isConstructor="true" isStatic="false" isGetter="false" isSetter="false">
              <Summary numSequencePoints="2" visitedSequencePoints="0" numBranchPoints="7" visitedBranchPoints="0" sequenceCoverage="0" branchCoverage="0" maxCyclomaticComplexity="4" minCyclomaticComplexity="4" />
              <MetadataToken>100663359</MetadataToken>
              <Name>System.Void SigStat.Common.SVC2004Sampler3::.ctor()</Name>
              <FileRef uid="6" />
              <SequencePoints>
                <SequencePoint vc="0" uspid="231" ordinal="0" offset="0" sl="79" sc="36" el="82" ec="69" />
                <SequencePoint vc="0" uspid="232" ordinal="1" offset="99" sl="83" sc="11" el="83" ec="12" />
              </SequencePoints>
              <BranchPoints>
                <BranchPoint vc="0" uspid="233" ordinal="0" offset="7" path="0" />
                <BranchPoint vc="0" uspid="234" ordinal="1" offset="7" path="1" />
                <BranchPoint vc="0" uspid="235" ordinal="2" offset="38" path="0" />
                <BranchPoint vc="0" uspid="236" ordinal="3" offset="38" path="1" />
                <BranchPoint vc="0" uspid="237" ordinal="4" offset="69" path="0" />
                <BranchPoint vc="0" uspid="238" ordinal="5" offset="69" path="1" />
              </BranchPoints>
              <MethodPoint xsi:type="SequencePoint" vc="0" uspid="231" ordinal="0" offset="0" sl="79" sc="36" el="82" ec="69" />
            </Method>
          </Methods>
        </Class>
        <Class>
          <Summary numSequencePoints="8" visitedSequencePoints="0" numBranchPoints="18" visitedBranchPoints="0" sequenceCoverage="0" branchCoverage="0" maxCyclomaticComplexity="3" minCyclomaticComplexity="1" />
          <FullName>SigStat.Common.SVC2004Sampler3/&lt;&gt;c</FullName>
          <Methods>
            <Method visited="false" cyclomaticComplexity="1" sequenceCoverage="0" branchCoverage="0" isConstructor="true" isStatic="true" isGetter="false" isSetter="false">
              <Summary numSequencePoints="0" visitedSequencePoints="0" numBranchPoints="0" visitedBranchPoints="0" sequenceCoverage="0" branchCoverage="0" maxCyclomaticComplexity="1" minCyclomaticComplexity="1" />
              <MetadataToken>100664091</MetadataToken>
              <Name>System.Void SigStat.Common.SVC2004Sampler3/&lt;&gt;c::.cctor()</Name>
              <SequencePoints />
              <BranchPoints />
              <MethodPoint vc="0" uspid="239" ordinal="0" offset="0" />
            </Method>
            <Method visited="false" cyclomaticComplexity="1" sequenceCoverage="0" branchCoverage="0" isConstructor="true" isStatic="false" isGetter="false" isSetter="false">
              <Summary numSequencePoints="0" visitedSequencePoints="0" numBranchPoints="0" visitedBranchPoints="0" sequenceCoverage="0" branchCoverage="0" maxCyclomaticComplexity="1" minCyclomaticComplexity="1" />
              <MetadataToken>100664092</MetadataToken>
              <Name>System.Void SigStat.Common.SVC2004Sampler3/&lt;&gt;c::.ctor()</Name>
              <SequencePoints />
              <BranchPoints />
              <MethodPoint vc="0" uspid="240" ordinal="0" offset="0" />
            </Method>
            <Method visited="false" cyclomaticComplexity="3" sequenceCoverage="0" branchCoverage="0" isConstructor="false" isStatic="false" isGetter="false" isSetter="false">
              <Summary numSequencePoints="1" visitedSequencePoints="0" numBranchPoints="5" visitedBranchPoints="0" sequenceCoverage="0" branchCoverage="0" maxCyclomaticComplexity="3" minCyclomaticComplexity="3" />
              <MetadataToken>100664093</MetadataToken>
              <Name>System.Collections.Generic.List`1&lt;SigStat.Common.Signature&gt; SigStat.Common.SVC2004Sampler3/&lt;&gt;c::&lt;.ctor&gt;b__0_0(System.Collections.Generic.List`1&lt;SigStat.Common.Signature&gt;)</Name>
              <FileRef uid="6" />
              <SequencePoints>
                <SequencePoint vc="0" uspid="241" ordinal="0" offset="0" sl="80" sc="19" el="80" ec="106" />
              </SequencePoints>
              <BranchPoints>
                <BranchPoint vc="0" uspid="242" ordinal="0" offset="7" path="0" />
                <BranchPoint vc="0" uspid="243" ordinal="1" offset="7" path="1" />
                <BranchPoint vc="0" uspid="244" ordinal="2" offset="43" path="0" />
                <BranchPoint vc="0" uspid="245" ordinal="3" offset="43" path="1" />
              </BranchPoints>
              <MethodPoint xsi:type="SequencePoint" vc="0" uspid="241" ordinal="0" offset="0" sl="80" sc="19" el="80" ec="106" />
            </Method>
            <Method visited="false" cyclomaticComplexity="1" sequenceCoverage="0" branchCoverage="0" isConstructor="false" isStatic="false" isGetter="false" isSetter="false">
              <Summary numSequencePoints="1" visitedSequencePoints="0" numBranchPoints="1" visitedBranchPoints="0" sequenceCoverage="0" branchCoverage="0" maxCyclomaticComplexity="1" minCyclomaticComplexity="1" />
              <MetadataToken>100664094</MetadataToken>
              <Name>System.Boolean SigStat.Common.SVC2004Sampler3/&lt;&gt;c::&lt;.ctor&gt;b__0_3(SigStat.Common.Signature)</Name>
              <FileRef uid="6" />
              <SequencePoints>
                <SequencePoint vc="0" uspid="246" ordinal="0" offset="0" sl="80" sc="33" el="80" ec="59" />
              </SequencePoints>
              <BranchPoints />
              <MethodPoint xsi:type="SequencePoint" vc="0" uspid="246" ordinal="0" offset="0" sl="80" sc="33" el="80" ec="59" />
            </Method>
            <Method visited="false" cyclomaticComplexity="1" sequenceCoverage="0" branchCoverage="0" isConstructor="false" isStatic="false" isGetter="false" isSetter="false">
              <Summary numSequencePoints="1" visitedSequencePoints="0" numBranchPoints="1" visitedBranchPoints="0" sequenceCoverage="0" branchCoverage="0" maxCyclomaticComplexity="1" minCyclomaticComplexity="1" />
              <MetadataToken>100664095</MetadataToken>
              <Name>System.Boolean SigStat.Common.SVC2004Sampler3/&lt;&gt;c::&lt;.ctor&gt;b__0_4(SigStat.Common.Signature)</Name>
              <FileRef uid="6" />
              <SequencePoints>
                <SequencePoint vc="0" uspid="247" ordinal="0" offset="0" sl="80" sc="72" el="80" ec="96" />
              </SequencePoints>
              <BranchPoints />
              <MethodPoint xsi:type="SequencePoint" vc="0" uspid="247" ordinal="0" offset="0" sl="80" sc="72" el="80" ec="96" />
            </Method>
            <Method visited="false" cyclomaticComplexity="3" sequenceCoverage="0" branchCoverage="0" isConstructor="false" isStatic="false" isGetter="false" isSetter="false">
              <Summary numSequencePoints="1" visitedSequencePoints="0" numBranchPoints="5" visitedBranchPoints="0" sequenceCoverage="0" branchCoverage="0" maxCyclomaticComplexity="3" minCyclomaticComplexity="3" />
              <MetadataToken>100664096</MetadataToken>
              <Name>System.Collections.Generic.List`1&lt;SigStat.Common.Signature&gt; SigStat.Common.SVC2004Sampler3/&lt;&gt;c::&lt;.ctor&gt;b__0_1(System.Collections.Generic.List`1&lt;SigStat.Common.Signature&gt;)</Name>
              <FileRef uid="6" />
              <SequencePoints>
                <SequencePoint vc="0" uspid="248" ordinal="0" offset="0" sl="81" sc="19" el="81" ec="106" />
              </SequencePoints>
              <BranchPoints>
                <BranchPoint vc="0" uspid="249" ordinal="0" offset="7" path="0" />
                <BranchPoint vc="0" uspid="250" ordinal="1" offset="7" path="1" />
                <BranchPoint vc="0" uspid="251" ordinal="2" offset="43" path="0" />
                <BranchPoint vc="0" uspid="252" ordinal="3" offset="43" path="1" />
              </BranchPoints>
              <MethodPoint xsi:type="SequencePoint" vc="0" uspid="248" ordinal="0" offset="0" sl="81" sc="19" el="81" ec="106" />
            </Method>
            <Method visited="false" cyclomaticComplexity="1" sequenceCoverage="0" branchCoverage="0" isConstructor="false" isStatic="false" isGetter="false" isSetter="false">
              <Summary numSequencePoints="1" visitedSequencePoints="0" numBranchPoints="1" visitedBranchPoints="0" sequenceCoverage="0" branchCoverage="0" maxCyclomaticComplexity="1" minCyclomaticComplexity="1" />
              <MetadataToken>100664097</MetadataToken>
              <Name>System.Boolean SigStat.Common.SVC2004Sampler3/&lt;&gt;c::&lt;.ctor&gt;b__0_5(SigStat.Common.Signature)</Name>
              <FileRef uid="6" />
              <SequencePoints>
                <SequencePoint vc="0" uspid="253" ordinal="0" offset="0" sl="81" sc="33" el="81" ec="59" />
              </SequencePoints>
              <BranchPoints />
              <MethodPoint xsi:type="SequencePoint" vc="0" uspid="253" ordinal="0" offset="0" sl="81" sc="33" el="81" ec="59" />
            </Method>
            <Method visited="false" cyclomaticComplexity="1" sequenceCoverage="0" branchCoverage="0" isConstructor="false" isStatic="false" isGetter="false" isSetter="false">
              <Summary numSequencePoints="1" visitedSequencePoints="0" numBranchPoints="1" visitedBranchPoints="0" sequenceCoverage="0" branchCoverage="0" maxCyclomaticComplexity="1" minCyclomaticComplexity="1" />
              <MetadataToken>100664098</MetadataToken>
              <Name>System.Boolean SigStat.Common.SVC2004Sampler3/&lt;&gt;c::&lt;.ctor&gt;b__0_6(SigStat.Common.Signature)</Name>
              <FileRef uid="6" />
              <SequencePoints>
                <SequencePoint vc="0" uspid="254" ordinal="0" offset="0" sl="81" sc="72" el="81" ec="96" />
              </SequencePoints>
              <BranchPoints />
              <MethodPoint xsi:type="SequencePoint" vc="0" uspid="254" ordinal="0" offset="0" sl="81" sc="72" el="81" ec="96" />
            </Method>
            <Method visited="false" cyclomaticComplexity="2" sequenceCoverage="0" branchCoverage="0" isConstructor="false" isStatic="false" isGetter="false" isSetter="false">
              <Summary numSequencePoints="1" visitedSequencePoints="0" numBranchPoints="3" visitedBranchPoints="0" sequenceCoverage="0" branchCoverage="0" maxCyclomaticComplexity="2" minCyclomaticComplexity="2" />
              <MetadataToken>100664099</MetadataToken>
              <Name>System.Collections.Generic.List`1&lt;SigStat.Common.Signature&gt; SigStat.Common.SVC2004Sampler3/&lt;&gt;c::&lt;.ctor&gt;b__0_2(System.Collections.Generic.List`1&lt;SigStat.Common.Signature&gt;)</Name>
              <FileRef uid="6" />
              <SequencePoints>
                <SequencePoint vc="0" uspid="255" ordinal="0" offset="0" sl="82" sc="19" el="82" ec="68" />
              </SequencePoints>
              <BranchPoints>
                <BranchPoint vc="0" uspid="256" ordinal="0" offset="7" path="0" />
                <BranchPoint vc="0" uspid="257" ordinal="1" offset="7" path="1" />
              </BranchPoints>
              <MethodPoint xsi:type="SequencePoint" vc="0" uspid="255" ordinal="0" offset="0" sl="82" sc="19" el="82" ec="68" />
            </Method>
            <Method visited="false" cyclomaticComplexity="1" sequenceCoverage="0" branchCoverage="0" isConstructor="false" isStatic="false" isGetter="false" isSetter="false">
              <Summary numSequencePoints="1" visitedSequencePoints="0" numBranchPoints="1" visitedBranchPoints="0" sequenceCoverage="0" branchCoverage="0" maxCyclomaticComplexity="1" minCyclomaticComplexity="1" />
              <MetadataToken>100664100</MetadataToken>
              <Name>System.Boolean SigStat.Common.SVC2004Sampler3/&lt;&gt;c::&lt;.ctor&gt;b__0_7(SigStat.Common.Signature)</Name>
              <FileRef uid="6" />
              <SequencePoints>
                <SequencePoint vc="0" uspid="258" ordinal="0" offset="0" sl="82" sc="33" el="82" ec="58" />
              </SequencePoints>
              <BranchPoints />
              <MethodPoint xsi:type="SequencePoint" vc="0" uspid="258" ordinal="0" offset="0" sl="82" sc="33" el="82" ec="58" />
            </Method>
          </Methods>
        </Class>
        <Class>
          <Summary numSequencePoints="2" visitedSequencePoints="0" numBranchPoints="7" visitedBranchPoints="0" sequenceCoverage="0" branchCoverage="0" maxCyclomaticComplexity="4" minCyclomaticComplexity="4" />
          <FullName>SigStat.Common.SVC2004Sampler4</FullName>
          <Methods>
            <Method visited="false" cyclomaticComplexity="4" sequenceCoverage="0" branchCoverage="0" isConstructor="true" isStatic="false" isGetter="false" isSetter="false">
              <Summary numSequencePoints="2" visitedSequencePoints="0" numBranchPoints="7" visitedBranchPoints="0" sequenceCoverage="0" branchCoverage="0" maxCyclomaticComplexity="4" minCyclomaticComplexity="4" />
              <MetadataToken>100663360</MetadataToken>
              <Name>System.Void SigStat.Common.SVC2004Sampler4::.ctor()</Name>
              <FileRef uid="6" />
              <SequencePoints>
                <SequencePoint vc="0" uspid="259" ordinal="0" offset="0" sl="88" sc="36" el="91" ec="69" />
                <SequencePoint vc="0" uspid="260" ordinal="1" offset="99" sl="92" sc="11" el="92" ec="12" />
              </SequencePoints>
              <BranchPoints>
                <BranchPoint vc="0" uspid="261" ordinal="0" offset="7" path="0" />
                <BranchPoint vc="0" uspid="262" ordinal="1" offset="7" path="1" />
                <BranchPoint vc="0" uspid="263" ordinal="2" offset="38" path="0" />
                <BranchPoint vc="0" uspid="264" ordinal="3" offset="38" path="1" />
                <BranchPoint vc="0" uspid="265" ordinal="4" offset="69" path="0" />
                <BranchPoint vc="0" uspid="266" ordinal="5" offset="69" path="1" />
              </BranchPoints>
              <MethodPoint xsi:type="SequencePoint" vc="0" uspid="259" ordinal="0" offset="0" sl="88" sc="36" el="91" ec="69" />
            </Method>
          </Methods>
        </Class>
        <Class>
          <Summary numSequencePoints="8" visitedSequencePoints="0" numBranchPoints="18" visitedBranchPoints="0" sequenceCoverage="0" branchCoverage="0" maxCyclomaticComplexity="3" minCyclomaticComplexity="1" />
          <FullName>SigStat.Common.SVC2004Sampler4/&lt;&gt;c</FullName>
          <Methods>
            <Method visited="false" cyclomaticComplexity="1" sequenceCoverage="0" branchCoverage="0" isConstructor="true" isStatic="true" isGetter="false" isSetter="false">
              <Summary numSequencePoints="0" visitedSequencePoints="0" numBranchPoints="0" visitedBranchPoints="0" sequenceCoverage="0" branchCoverage="0" maxCyclomaticComplexity="1" minCyclomaticComplexity="1" />
              <MetadataToken>100664101</MetadataToken>
              <Name>System.Void SigStat.Common.SVC2004Sampler4/&lt;&gt;c::.cctor()</Name>
              <SequencePoints />
              <BranchPoints />
              <MethodPoint vc="0" uspid="267" ordinal="0" offset="0" />
            </Method>
            <Method visited="false" cyclomaticComplexity="1" sequenceCoverage="0" branchCoverage="0" isConstructor="true" isStatic="false" isGetter="false" isSetter="false">
              <Summary numSequencePoints="0" visitedSequencePoints="0" numBranchPoints="0" visitedBranchPoints="0" sequenceCoverage="0" branchCoverage="0" maxCyclomaticComplexity="1" minCyclomaticComplexity="1" />
              <MetadataToken>100664102</MetadataToken>
              <Name>System.Void SigStat.Common.SVC2004Sampler4/&lt;&gt;c::.ctor()</Name>
              <SequencePoints />
              <BranchPoints />
              <MethodPoint vc="0" uspid="268" ordinal="0" offset="0" />
            </Method>
            <Method visited="false" cyclomaticComplexity="3" sequenceCoverage="0" branchCoverage="0" isConstructor="false" isStatic="false" isGetter="false" isSetter="false">
              <Summary numSequencePoints="1" visitedSequencePoints="0" numBranchPoints="5" visitedBranchPoints="0" sequenceCoverage="0" branchCoverage="0" maxCyclomaticComplexity="3" minCyclomaticComplexity="3" />
              <MetadataToken>100664103</MetadataToken>
              <Name>System.Collections.Generic.List`1&lt;SigStat.Common.Signature&gt; SigStat.Common.SVC2004Sampler4/&lt;&gt;c::&lt;.ctor&gt;b__0_0(System.Collections.Generic.List`1&lt;SigStat.Common.Signature&gt;)</Name>
              <FileRef uid="6" />
              <SequencePoints>
                <SequencePoint vc="0" uspid="269" ordinal="0" offset="0" sl="89" sc="19" el="89" ec="106" />
              </SequencePoints>
              <BranchPoints>
                <BranchPoint vc="0" uspid="270" ordinal="0" offset="7" path="0" />
                <BranchPoint vc="0" uspid="271" ordinal="1" offset="7" path="1" />
                <BranchPoint vc="0" uspid="272" ordinal="2" offset="43" path="0" />
                <BranchPoint vc="0" uspid="273" ordinal="3" offset="43" path="1" />
              </BranchPoints>
              <MethodPoint xsi:type="SequencePoint" vc="0" uspid="269" ordinal="0" offset="0" sl="89" sc="19" el="89" ec="106" />
            </Method>
            <Method visited="false" cyclomaticComplexity="1" sequenceCoverage="0" branchCoverage="0" isConstructor="false" isStatic="false" isGetter="false" isSetter="false">
              <Summary numSequencePoints="1" visitedSequencePoints="0" numBranchPoints="1" visitedBranchPoints="0" sequenceCoverage="0" branchCoverage="0" maxCyclomaticComplexity="1" minCyclomaticComplexity="1" />
              <MetadataToken>100664104</MetadataToken>
              <Name>System.Boolean SigStat.Common.SVC2004Sampler4/&lt;&gt;c::&lt;.ctor&gt;b__0_3(SigStat.Common.Signature)</Name>
              <FileRef uid="6" />
              <SequencePoints>
                <SequencePoint vc="0" uspid="274" ordinal="0" offset="0" sl="89" sc="33" el="89" ec="59" />
              </SequencePoints>
              <BranchPoints />
              <MethodPoint xsi:type="SequencePoint" vc="0" uspid="274" ordinal="0" offset="0" sl="89" sc="33" el="89" ec="59" />
            </Method>
            <Method visited="false" cyclomaticComplexity="1" sequenceCoverage="0" branchCoverage="0" isConstructor="false" isStatic="false" isGetter="false" isSetter="false">
              <Summary numSequencePoints="1" visitedSequencePoints="0" numBranchPoints="1" visitedBranchPoints="0" sequenceCoverage="0" branchCoverage="0" maxCyclomaticComplexity="1" minCyclomaticComplexity="1" />
              <MetadataToken>100664105</MetadataToken>
              <Name>System.Boolean SigStat.Common.SVC2004Sampler4/&lt;&gt;c::&lt;.ctor&gt;b__0_4(SigStat.Common.Signature)</Name>
              <FileRef uid="6" />
              <SequencePoints>
                <SequencePoint vc="0" uspid="275" ordinal="0" offset="0" sl="89" sc="72" el="89" ec="96" />
              </SequencePoints>
              <BranchPoints />
              <MethodPoint xsi:type="SequencePoint" vc="0" uspid="275" ordinal="0" offset="0" sl="89" sc="72" el="89" ec="96" />
            </Method>
            <Method visited="false" cyclomaticComplexity="3" sequenceCoverage="0" branchCoverage="0" isConstructor="false" isStatic="false" isGetter="false" isSetter="false">
              <Summary numSequencePoints="1" visitedSequencePoints="0" numBranchPoints="5" visitedBranchPoints="0" sequenceCoverage="0" branchCoverage="0" maxCyclomaticComplexity="3" minCyclomaticComplexity="3" />
              <MetadataToken>100664106</MetadataToken>
              <Name>System.Collections.Generic.List`1&lt;SigStat.Common.Signature&gt; SigStat.Common.SVC2004Sampler4/&lt;&gt;c::&lt;.ctor&gt;b__0_1(System.Collections.Generic.List`1&lt;SigStat.Common.Signature&gt;)</Name>
              <FileRef uid="6" />
              <SequencePoints>
                <SequencePoint vc="0" uspid="276" ordinal="0" offset="0" sl="90" sc="19" el="90" ec="106" />
              </SequencePoints>
              <BranchPoints>
                <BranchPoint vc="0" uspid="277" ordinal="0" offset="7" path="0" />
                <BranchPoint vc="0" uspid="278" ordinal="1" offset="7" path="1" />
                <BranchPoint vc="0" uspid="279" ordinal="2" offset="43" path="0" />
                <BranchPoint vc="0" uspid="280" ordinal="3" offset="43" path="1" />
              </BranchPoints>
              <MethodPoint xsi:type="SequencePoint" vc="0" uspid="276" ordinal="0" offset="0" sl="90" sc="19" el="90" ec="106" />
            </Method>
            <Method visited="false" cyclomaticComplexity="1" sequenceCoverage="0" branchCoverage="0" isConstructor="false" isStatic="false" isGetter="false" isSetter="false">
              <Summary numSequencePoints="1" visitedSequencePoints="0" numBranchPoints="1" visitedBranchPoints="0" sequenceCoverage="0" branchCoverage="0" maxCyclomaticComplexity="1" minCyclomaticComplexity="1" />
              <MetadataToken>100664107</MetadataToken>
              <Name>System.Boolean SigStat.Common.SVC2004Sampler4/&lt;&gt;c::&lt;.ctor&gt;b__0_5(SigStat.Common.Signature)</Name>
              <FileRef uid="6" />
              <SequencePoints>
                <SequencePoint vc="0" uspid="281" ordinal="0" offset="0" sl="90" sc="33" el="90" ec="59" />
              </SequencePoints>
              <BranchPoints />
              <MethodPoint xsi:type="SequencePoint" vc="0" uspid="281" ordinal="0" offset="0" sl="90" sc="33" el="90" ec="59" />
            </Method>
            <Method visited="false" cyclomaticComplexity="1" sequenceCoverage="0" branchCoverage="0" isConstructor="false" isStatic="false" isGetter="false" isSetter="false">
              <Summary numSequencePoints="1" visitedSequencePoints="0" numBranchPoints="1" visitedBranchPoints="0" sequenceCoverage="0" branchCoverage="0" maxCyclomaticComplexity="1" minCyclomaticComplexity="1" />
              <MetadataToken>100664108</MetadataToken>
              <Name>System.Boolean SigStat.Common.SVC2004Sampler4/&lt;&gt;c::&lt;.ctor&gt;b__0_6(SigStat.Common.Signature)</Name>
              <FileRef uid="6" />
              <SequencePoints>
                <SequencePoint vc="0" uspid="282" ordinal="0" offset="0" sl="90" sc="72" el="90" ec="96" />
              </SequencePoints>
              <BranchPoints />
              <MethodPoint xsi:type="SequencePoint" vc="0" uspid="282" ordinal="0" offset="0" sl="90" sc="72" el="90" ec="96" />
            </Method>
            <Method visited="false" cyclomaticComplexity="2" sequenceCoverage="0" branchCoverage="0" isConstructor="false" isStatic="false" isGetter="false" isSetter="false">
              <Summary numSequencePoints="1" visitedSequencePoints="0" numBranchPoints="3" visitedBranchPoints="0" sequenceCoverage="0" branchCoverage="0" maxCyclomaticComplexity="2" minCyclomaticComplexity="2" />
              <MetadataToken>100664109</MetadataToken>
              <Name>System.Collections.Generic.List`1&lt;SigStat.Common.Signature&gt; SigStat.Common.SVC2004Sampler4/&lt;&gt;c::&lt;.ctor&gt;b__0_2(System.Collections.Generic.List`1&lt;SigStat.Common.Signature&gt;)</Name>
              <FileRef uid="6" />
              <SequencePoints>
                <SequencePoint vc="0" uspid="283" ordinal="0" offset="0" sl="91" sc="19" el="91" ec="68" />
              </SequencePoints>
              <BranchPoints>
                <BranchPoint vc="0" uspid="284" ordinal="0" offset="7" path="0" />
                <BranchPoint vc="0" uspid="285" ordinal="1" offset="7" path="1" />
              </BranchPoints>
              <MethodPoint xsi:type="SequencePoint" vc="0" uspid="283" ordinal="0" offset="0" sl="91" sc="19" el="91" ec="68" />
            </Method>
            <Method visited="false" cyclomaticComplexity="1" sequenceCoverage="0" branchCoverage="0" isConstructor="false" isStatic="false" isGetter="false" isSetter="false">
              <Summary numSequencePoints="1" visitedSequencePoints="0" numBranchPoints="1" visitedBranchPoints="0" sequenceCoverage="0" branchCoverage="0" maxCyclomaticComplexity="1" minCyclomaticComplexity="1" />
              <MetadataToken>100664110</MetadataToken>
              <Name>System.Boolean SigStat.Common.SVC2004Sampler4/&lt;&gt;c::&lt;.ctor&gt;b__0_7(SigStat.Common.Signature)</Name>
              <FileRef uid="6" />
              <SequencePoints>
                <SequencePoint vc="0" uspid="286" ordinal="0" offset="0" sl="91" sc="33" el="91" ec="58" />
              </SequencePoints>
              <BranchPoints />
              <MethodPoint xsi:type="SequencePoint" vc="0" uspid="286" ordinal="0" offset="0" sl="91" sc="33" el="91" ec="58" />
            </Method>
          </Methods>
        </Class>
        <Class>
          <Summary numSequencePoints="2" visitedSequencePoints="0" numBranchPoints="7" visitedBranchPoints="0" sequenceCoverage="0" branchCoverage="0" maxCyclomaticComplexity="4" minCyclomaticComplexity="4" />
          <FullName>SigStat.Common.McytSampler1</FullName>
          <Methods>
            <Method visited="false" cyclomaticComplexity="4" sequenceCoverage="0" branchCoverage="0" isConstructor="true" isStatic="false" isGetter="false" isSetter="false">
              <Summary numSequencePoints="2" visitedSequencePoints="0" numBranchPoints="7" visitedBranchPoints="0" sequenceCoverage="0" branchCoverage="0" maxCyclomaticComplexity="4" minCyclomaticComplexity="4" />
              <MetadataToken>100663361</MetadataToken>
              <Name>System.Void SigStat.Common.McytSampler1::.ctor()</Name>
              <FileRef uid="6" />
              <SequencePoints>
                <SequencePoint vc="0" uspid="287" ordinal="0" offset="0" sl="96" sc="33" el="99" ec="69" />
                <SequencePoint vc="0" uspid="288" ordinal="1" offset="99" sl="100" sc="11" el="100" ec="12" />
              </SequencePoints>
              <BranchPoints>
                <BranchPoint vc="0" uspid="289" ordinal="0" offset="7" path="0" />
                <BranchPoint vc="0" uspid="290" ordinal="1" offset="7" path="1" />
                <BranchPoint vc="0" uspid="291" ordinal="2" offset="38" path="0" />
                <BranchPoint vc="0" uspid="292" ordinal="3" offset="38" path="1" />
                <BranchPoint vc="0" uspid="293" ordinal="4" offset="69" path="0" />
                <BranchPoint vc="0" uspid="294" ordinal="5" offset="69" path="1" />
              </BranchPoints>
              <MethodPoint xsi:type="SequencePoint" vc="0" uspid="287" ordinal="0" offset="0" sl="96" sc="33" el="99" ec="69" />
            </Method>
          </Methods>
        </Class>
        <Class>
          <Summary numSequencePoints="6" visitedSequencePoints="0" numBranchPoints="12" visitedBranchPoints="0" sequenceCoverage="0" branchCoverage="0" maxCyclomaticComplexity="2" minCyclomaticComplexity="1" />
          <FullName>SigStat.Common.McytSampler1/&lt;&gt;c</FullName>
          <Methods>
            <Method visited="false" cyclomaticComplexity="1" sequenceCoverage="0" branchCoverage="0" isConstructor="true" isStatic="true" isGetter="false" isSetter="false">
              <Summary numSequencePoints="0" visitedSequencePoints="0" numBranchPoints="0" visitedBranchPoints="0" sequenceCoverage="0" branchCoverage="0" maxCyclomaticComplexity="1" minCyclomaticComplexity="1" />
              <MetadataToken>100664111</MetadataToken>
              <Name>System.Void SigStat.Common.McytSampler1/&lt;&gt;c::.cctor()</Name>
              <SequencePoints />
              <BranchPoints />
              <MethodPoint vc="0" uspid="295" ordinal="0" offset="0" />
            </Method>
            <Method visited="false" cyclomaticComplexity="1" sequenceCoverage="0" branchCoverage="0" isConstructor="true" isStatic="false" isGetter="false" isSetter="false">
              <Summary numSequencePoints="0" visitedSequencePoints="0" numBranchPoints="0" visitedBranchPoints="0" sequenceCoverage="0" branchCoverage="0" maxCyclomaticComplexity="1" minCyclomaticComplexity="1" />
              <MetadataToken>100664112</MetadataToken>
              <Name>System.Void SigStat.Common.McytSampler1/&lt;&gt;c::.ctor()</Name>
              <SequencePoints />
              <BranchPoints />
              <MethodPoint vc="0" uspid="296" ordinal="0" offset="0" />
            </Method>
            <Method visited="false" cyclomaticComplexity="2" sequenceCoverage="0" branchCoverage="0" isConstructor="false" isStatic="false" isGetter="false" isSetter="false">
              <Summary numSequencePoints="1" visitedSequencePoints="0" numBranchPoints="3" visitedBranchPoints="0" sequenceCoverage="0" branchCoverage="0" maxCyclomaticComplexity="2" minCyclomaticComplexity="2" />
              <MetadataToken>100664113</MetadataToken>
              <Name>System.Collections.Generic.List`1&lt;SigStat.Common.Signature&gt; SigStat.Common.McytSampler1/&lt;&gt;c::&lt;.ctor&gt;b__0_0(System.Collections.Generic.List`1&lt;SigStat.Common.Signature&gt;)</Name>
              <FileRef uid="6" />
              <SequencePoints>
                <SequencePoint vc="0" uspid="297" ordinal="0" offset="0" sl="97" sc="19" el="97" ec="78" />
              </SequencePoints>
              <BranchPoints>
                <BranchPoint vc="0" uspid="298" ordinal="0" offset="7" path="0" />
                <BranchPoint vc="0" uspid="299" ordinal="1" offset="7" path="1" />
              </BranchPoints>
              <MethodPoint xsi:type="SequencePoint" vc="0" uspid="297" ordinal="0" offset="0" sl="97" sc="19" el="97" ec="78" />
            </Method>
            <Method visited="false" cyclomaticComplexity="1" sequenceCoverage="0" branchCoverage="0" isConstructor="false" isStatic="false" isGetter="false" isSetter="false">
              <Summary numSequencePoints="1" visitedSequencePoints="0" numBranchPoints="1" visitedBranchPoints="0" sequenceCoverage="0" branchCoverage="0" maxCyclomaticComplexity="1" minCyclomaticComplexity="1" />
              <MetadataToken>100664114</MetadataToken>
              <Name>System.Boolean SigStat.Common.McytSampler1/&lt;&gt;c::&lt;.ctor&gt;b__0_3(SigStat.Common.Signature)</Name>
              <FileRef uid="6" />
              <SequencePoints>
                <SequencePoint vc="0" uspid="300" ordinal="0" offset="0" sl="97" sc="33" el="97" ec="59" />
              </SequencePoints>
              <BranchPoints />
              <MethodPoint xsi:type="SequencePoint" vc="0" uspid="300" ordinal="0" offset="0" sl="97" sc="33" el="97" ec="59" />
            </Method>
            <Method visited="false" cyclomaticComplexity="2" sequenceCoverage="0" branchCoverage="0" isConstructor="false" isStatic="false" isGetter="false" isSetter="false">
              <Summary numSequencePoints="1" visitedSequencePoints="0" numBranchPoints="3" visitedBranchPoints="0" sequenceCoverage="0" branchCoverage="0" maxCyclomaticComplexity="2" minCyclomaticComplexity="2" />
              <MetadataToken>100664115</MetadataToken>
              <Name>System.Collections.Generic.List`1&lt;SigStat.Common.Signature&gt; SigStat.Common.McytSampler1/&lt;&gt;c::&lt;.ctor&gt;b__0_1(System.Collections.Generic.List`1&lt;SigStat.Common.Signature&gt;)</Name>
              <FileRef uid="6" />
              <SequencePoints>
                <SequencePoint vc="0" uspid="301" ordinal="0" offset="0" sl="98" sc="19" el="98" ec="87" />
              </SequencePoints>
              <BranchPoints>
                <BranchPoint vc="0" uspid="302" ordinal="0" offset="7" path="0" />
                <BranchPoint vc="0" uspid="303" ordinal="1" offset="7" path="1" />
              </BranchPoints>
              <MethodPoint xsi:type="SequencePoint" vc="0" uspid="301" ordinal="0" offset="0" sl="98" sc="19" el="98" ec="87" />
            </Method>
            <Method visited="false" cyclomaticComplexity="1" sequenceCoverage="0" branchCoverage="0" isConstructor="false" isStatic="false" isGetter="false" isSetter="false">
              <Summary numSequencePoints="1" visitedSequencePoints="0" numBranchPoints="1" visitedBranchPoints="0" sequenceCoverage="0" branchCoverage="0" maxCyclomaticComplexity="1" minCyclomaticComplexity="1" />
              <MetadataToken>100664116</MetadataToken>
              <Name>System.Boolean SigStat.Common.McytSampler1/&lt;&gt;c::&lt;.ctor&gt;b__0_4(SigStat.Common.Signature)</Name>
              <FileRef uid="6" />
              <SequencePoints>
                <SequencePoint vc="0" uspid="304" ordinal="0" offset="0" sl="98" sc="33" el="98" ec="59" />
              </SequencePoints>
              <BranchPoints />
              <MethodPoint xsi:type="SequencePoint" vc="0" uspid="304" ordinal="0" offset="0" sl="98" sc="33" el="98" ec="59" />
            </Method>
            <Method visited="false" cyclomaticComplexity="2" sequenceCoverage="0" branchCoverage="0" isConstructor="false" isStatic="false" isGetter="false" isSetter="false">
              <Summary numSequencePoints="1" visitedSequencePoints="0" numBranchPoints="3" visitedBranchPoints="0" sequenceCoverage="0" branchCoverage="0" maxCyclomaticComplexity="2" minCyclomaticComplexity="2" />
              <MetadataToken>100664117</MetadataToken>
              <Name>System.Collections.Generic.List`1&lt;SigStat.Common.Signature&gt; SigStat.Common.McytSampler1/&lt;&gt;c::&lt;.ctor&gt;b__0_2(System.Collections.Generic.List`1&lt;SigStat.Common.Signature&gt;)</Name>
              <FileRef uid="6" />
              <SequencePoints>
                <SequencePoint vc="0" uspid="305" ordinal="0" offset="0" sl="99" sc="19" el="99" ec="68" />
              </SequencePoints>
              <BranchPoints>
                <BranchPoint vc="0" uspid="306" ordinal="0" offset="7" path="0" />
                <BranchPoint vc="0" uspid="307" ordinal="1" offset="7" path="1" />
              </BranchPoints>
              <MethodPoint xsi:type="SequencePoint" vc="0" uspid="305" ordinal="0" offset="0" sl="99" sc="19" el="99" ec="68" />
            </Method>
            <Method visited="false" cyclomaticComplexity="1" sequenceCoverage="0" branchCoverage="0" isConstructor="false" isStatic="false" isGetter="false" isSetter="false">
              <Summary numSequencePoints="1" visitedSequencePoints="0" numBranchPoints="1" visitedBranchPoints="0" sequenceCoverage="0" branchCoverage="0" maxCyclomaticComplexity="1" minCyclomaticComplexity="1" />
              <MetadataToken>100664118</MetadataToken>
              <Name>System.Boolean SigStat.Common.McytSampler1/&lt;&gt;c::&lt;.ctor&gt;b__0_5(SigStat.Common.Signature)</Name>
              <FileRef uid="6" />
              <SequencePoints>
                <SequencePoint vc="0" uspid="308" ordinal="0" offset="0" sl="99" sc="33" el="99" ec="58" />
              </SequencePoints>
              <BranchPoints />
              <MethodPoint xsi:type="SequencePoint" vc="0" uspid="308" ordinal="0" offset="0" sl="99" sc="33" el="99" ec="58" />
            </Method>
          </Methods>
        </Class>
        <Class>
          <Summary numSequencePoints="2" visitedSequencePoints="0" numBranchPoints="7" visitedBranchPoints="0" sequenceCoverage="0" branchCoverage="0" maxCyclomaticComplexity="4" minCyclomaticComplexity="4" />
          <FullName>SigStat.Common.McytSampler2</FullName>
          <Methods>
            <Method visited="false" cyclomaticComplexity="4" sequenceCoverage="0" branchCoverage="0" isConstructor="true" isStatic="false" isGetter="false" isSetter="false">
              <Summary numSequencePoints="2" visitedSequencePoints="0" numBranchPoints="7" visitedBranchPoints="0" sequenceCoverage="0" branchCoverage="0" maxCyclomaticComplexity="4" minCyclomaticComplexity="4" />
              <MetadataToken>100663362</MetadataToken>
              <Name>System.Void SigStat.Common.McytSampler2::.ctor()</Name>
              <FileRef uid="6" />
              <SequencePoints>
                <SequencePoint vc="0" uspid="309" ordinal="0" offset="0" sl="105" sc="33" el="108" ec="69" />
                <SequencePoint vc="0" uspid="310" ordinal="1" offset="99" sl="109" sc="11" el="109" ec="12" />
              </SequencePoints>
              <BranchPoints>
                <BranchPoint vc="0" uspid="311" ordinal="0" offset="7" path="0" />
                <BranchPoint vc="0" uspid="312" ordinal="1" offset="7" path="1" />
                <BranchPoint vc="0" uspid="313" ordinal="2" offset="38" path="0" />
                <BranchPoint vc="0" uspid="314" ordinal="3" offset="38" path="1" />
                <BranchPoint vc="0" uspid="315" ordinal="4" offset="69" path="0" />
                <BranchPoint vc="0" uspid="316" ordinal="5" offset="69" path="1" />
              </BranchPoints>
              <MethodPoint xsi:type="SequencePoint" vc="0" uspid="309" ordinal="0" offset="0" sl="105" sc="33" el="108" ec="69" />
            </Method>
          </Methods>
        </Class>
        <Class>
          <Summary numSequencePoints="6" visitedSequencePoints="0" numBranchPoints="12" visitedBranchPoints="0" sequenceCoverage="0" branchCoverage="0" maxCyclomaticComplexity="2" minCyclomaticComplexity="1" />
          <FullName>SigStat.Common.McytSampler2/&lt;&gt;c</FullName>
          <Methods>
            <Method visited="false" cyclomaticComplexity="1" sequenceCoverage="0" branchCoverage="0" isConstructor="true" isStatic="true" isGetter="false" isSetter="false">
              <Summary numSequencePoints="0" visitedSequencePoints="0" numBranchPoints="0" visitedBranchPoints="0" sequenceCoverage="0" branchCoverage="0" maxCyclomaticComplexity="1" minCyclomaticComplexity="1" />
              <MetadataToken>100664119</MetadataToken>
              <Name>System.Void SigStat.Common.McytSampler2/&lt;&gt;c::.cctor()</Name>
              <SequencePoints />
              <BranchPoints />
              <MethodPoint vc="0" uspid="317" ordinal="0" offset="0" />
            </Method>
            <Method visited="false" cyclomaticComplexity="1" sequenceCoverage="0" branchCoverage="0" isConstructor="true" isStatic="false" isGetter="false" isSetter="false">
              <Summary numSequencePoints="0" visitedSequencePoints="0" numBranchPoints="0" visitedBranchPoints="0" sequenceCoverage="0" branchCoverage="0" maxCyclomaticComplexity="1" minCyclomaticComplexity="1" />
              <MetadataToken>100664120</MetadataToken>
              <Name>System.Void SigStat.Common.McytSampler2/&lt;&gt;c::.ctor()</Name>
              <SequencePoints />
              <BranchPoints />
              <MethodPoint vc="0" uspid="318" ordinal="0" offset="0" />
            </Method>
            <Method visited="false" cyclomaticComplexity="2" sequenceCoverage="0" branchCoverage="0" isConstructor="false" isStatic="false" isGetter="false" isSetter="false">
              <Summary numSequencePoints="1" visitedSequencePoints="0" numBranchPoints="3" visitedBranchPoints="0" sequenceCoverage="0" branchCoverage="0" maxCyclomaticComplexity="2" minCyclomaticComplexity="2" />
              <MetadataToken>100664121</MetadataToken>
              <Name>System.Collections.Generic.List`1&lt;SigStat.Common.Signature&gt; SigStat.Common.McytSampler2/&lt;&gt;c::&lt;.ctor&gt;b__0_0(System.Collections.Generic.List`1&lt;SigStat.Common.Signature&gt;)</Name>
              <FileRef uid="6" />
              <SequencePoints>
                <SequencePoint vc="0" uspid="319" ordinal="0" offset="0" sl="106" sc="19" el="106" ec="87" />
              </SequencePoints>
              <BranchPoints>
                <BranchPoint vc="0" uspid="320" ordinal="0" offset="7" path="0" />
                <BranchPoint vc="0" uspid="321" ordinal="1" offset="7" path="1" />
              </BranchPoints>
              <MethodPoint xsi:type="SequencePoint" vc="0" uspid="319" ordinal="0" offset="0" sl="106" sc="19" el="106" ec="87" />
            </Method>
            <Method visited="false" cyclomaticComplexity="1" sequenceCoverage="0" branchCoverage="0" isConstructor="false" isStatic="false" isGetter="false" isSetter="false">
              <Summary numSequencePoints="1" visitedSequencePoints="0" numBranchPoints="1" visitedBranchPoints="0" sequenceCoverage="0" branchCoverage="0" maxCyclomaticComplexity="1" minCyclomaticComplexity="1" />
              <MetadataToken>100664122</MetadataToken>
              <Name>System.Boolean SigStat.Common.McytSampler2/&lt;&gt;c::&lt;.ctor&gt;b__0_3(SigStat.Common.Signature)</Name>
              <FileRef uid="6" />
              <SequencePoints>
                <SequencePoint vc="0" uspid="322" ordinal="0" offset="0" sl="106" sc="33" el="106" ec="59" />
              </SequencePoints>
              <BranchPoints />
              <MethodPoint xsi:type="SequencePoint" vc="0" uspid="322" ordinal="0" offset="0" sl="106" sc="33" el="106" ec="59" />
            </Method>
            <Method visited="false" cyclomaticComplexity="2" sequenceCoverage="0" branchCoverage="0" isConstructor="false" isStatic="false" isGetter="false" isSetter="false">
              <Summary numSequencePoints="1" visitedSequencePoints="0" numBranchPoints="3" visitedBranchPoints="0" sequenceCoverage="0" branchCoverage="0" maxCyclomaticComplexity="2" minCyclomaticComplexity="2" />
              <MetadataToken>100664123</MetadataToken>
              <Name>System.Collections.Generic.List`1&lt;SigStat.Common.Signature&gt; SigStat.Common.McytSampler2/&lt;&gt;c::&lt;.ctor&gt;b__0_1(System.Collections.Generic.List`1&lt;SigStat.Common.Signature&gt;)</Name>
              <FileRef uid="6" />
              <SequencePoints>
                <SequencePoint vc="0" uspid="323" ordinal="0" offset="0" sl="107" sc="19" el="107" ec="78" />
              </SequencePoints>
              <BranchPoints>
                <BranchPoint vc="0" uspid="324" ordinal="0" offset="7" path="0" />
                <BranchPoint vc="0" uspid="325" ordinal="1" offset="7" path="1" />
              </BranchPoints>
              <MethodPoint xsi:type="SequencePoint" vc="0" uspid="323" ordinal="0" offset="0" sl="107" sc="19" el="107" ec="78" />
            </Method>
            <Method visited="false" cyclomaticComplexity="1" sequenceCoverage="0" branchCoverage="0" isConstructor="false" isStatic="false" isGetter="false" isSetter="false">
              <Summary numSequencePoints="1" visitedSequencePoints="0" numBranchPoints="1" visitedBranchPoints="0" sequenceCoverage="0" branchCoverage="0" maxCyclomaticComplexity="1" minCyclomaticComplexity="1" />
              <MetadataToken>100664124</MetadataToken>
              <Name>System.Boolean SigStat.Common.McytSampler2/&lt;&gt;c::&lt;.ctor&gt;b__0_4(SigStat.Common.Signature)</Name>
              <FileRef uid="6" />
              <SequencePoints>
                <SequencePoint vc="0" uspid="326" ordinal="0" offset="0" sl="107" sc="33" el="107" ec="59" />
              </SequencePoints>
              <BranchPoints />
              <MethodPoint xsi:type="SequencePoint" vc="0" uspid="326" ordinal="0" offset="0" sl="107" sc="33" el="107" ec="59" />
            </Method>
            <Method visited="false" cyclomaticComplexity="2" sequenceCoverage="0" branchCoverage="0" isConstructor="false" isStatic="false" isGetter="false" isSetter="false">
              <Summary numSequencePoints="1" visitedSequencePoints="0" numBranchPoints="3" visitedBranchPoints="0" sequenceCoverage="0" branchCoverage="0" maxCyclomaticComplexity="2" minCyclomaticComplexity="2" />
              <MetadataToken>100664125</MetadataToken>
              <Name>System.Collections.Generic.List`1&lt;SigStat.Common.Signature&gt; SigStat.Common.McytSampler2/&lt;&gt;c::&lt;.ctor&gt;b__0_2(System.Collections.Generic.List`1&lt;SigStat.Common.Signature&gt;)</Name>
              <FileRef uid="6" />
              <SequencePoints>
                <SequencePoint vc="0" uspid="327" ordinal="0" offset="0" sl="108" sc="19" el="108" ec="68" />
              </SequencePoints>
              <BranchPoints>
                <BranchPoint vc="0" uspid="328" ordinal="0" offset="7" path="0" />
                <BranchPoint vc="0" uspid="329" ordinal="1" offset="7" path="1" />
              </BranchPoints>
              <MethodPoint xsi:type="SequencePoint" vc="0" uspid="327" ordinal="0" offset="0" sl="108" sc="19" el="108" ec="68" />
            </Method>
            <Method visited="false" cyclomaticComplexity="1" sequenceCoverage="0" branchCoverage="0" isConstructor="false" isStatic="false" isGetter="false" isSetter="false">
              <Summary numSequencePoints="1" visitedSequencePoints="0" numBranchPoints="1" visitedBranchPoints="0" sequenceCoverage="0" branchCoverage="0" maxCyclomaticComplexity="1" minCyclomaticComplexity="1" />
              <MetadataToken>100664126</MetadataToken>
              <Name>System.Boolean SigStat.Common.McytSampler2/&lt;&gt;c::&lt;.ctor&gt;b__0_5(SigStat.Common.Signature)</Name>
              <FileRef uid="6" />
              <SequencePoints>
                <SequencePoint vc="0" uspid="330" ordinal="0" offset="0" sl="108" sc="33" el="108" ec="58" />
              </SequencePoints>
              <BranchPoints />
              <MethodPoint xsi:type="SequencePoint" vc="0" uspid="330" ordinal="0" offset="0" sl="108" sc="33" el="108" ec="58" />
            </Method>
          </Methods>
        </Class>
        <Class>
          <Summary numSequencePoints="3" visitedSequencePoints="0" numBranchPoints="8" visitedBranchPoints="0" sequenceCoverage="0" branchCoverage="0" maxCyclomaticComplexity="4" minCyclomaticComplexity="1" />
          <FullName>SigStat.Common.McytSampler3</FullName>
          <Methods>
            <Method visited="false" cyclomaticComplexity="4" sequenceCoverage="0" branchCoverage="0" isConstructor="true" isStatic="false" isGetter="false" isSetter="false">
              <Summary numSequencePoints="2" visitedSequencePoints="0" numBranchPoints="7" visitedBranchPoints="0" sequenceCoverage="0" branchCoverage="0" maxCyclomaticComplexity="4" minCyclomaticComplexity="4" />
              <MetadataToken>100663363</MetadataToken>
              <Name>System.Void SigStat.Common.McytSampler3::.ctor()</Name>
              <FileRef uid="6" />
              <SequencePoints>
                <SequencePoint vc="0" uspid="331" ordinal="0" offset="0" sl="115" sc="33" el="118" ec="69" />
                <SequencePoint vc="0" uspid="332" ordinal="1" offset="99" sl="119" sc="11" el="119" ec="12" />
              </SequencePoints>
              <BranchPoints>
                <BranchPoint vc="0" uspid="333" ordinal="0" offset="7" path="0" />
                <BranchPoint vc="0" uspid="334" ordinal="1" offset="7" path="1" />
                <BranchPoint vc="0" uspid="335" ordinal="2" offset="38" path="0" />
                <BranchPoint vc="0" uspid="336" ordinal="3" offset="38" path="1" />
                <BranchPoint vc="0" uspid="337" ordinal="4" offset="69" path="0" />
                <BranchPoint vc="0" uspid="338" ordinal="5" offset="69" path="1" />
              </BranchPoints>
              <MethodPoint xsi:type="SequencePoint" vc="0" uspid="331" ordinal="0" offset="0" sl="115" sc="33" el="118" ec="69" />
            </Method>
            <Method visited="false" cyclomaticComplexity="1" sequenceCoverage="0" branchCoverage="0" isConstructor="true" isStatic="true" isGetter="false" isSetter="false">
              <Summary numSequencePoints="1" visitedSequencePoints="0" numBranchPoints="1" visitedBranchPoints="0" sequenceCoverage="0" branchCoverage="0" maxCyclomaticComplexity="1" minCyclomaticComplexity="1" />
              <MetadataToken>100663364</MetadataToken>
              <Name>System.Void SigStat.Common.McytSampler3::.cctor()</Name>
              <FileRef uid="6" />
              <SequencePoints>
                <SequencePoint vc="0" uspid="339" ordinal="0" offset="0" sl="114" sc="9" el="114" ec="104" />
              </SequencePoints>
              <BranchPoints />
              <MethodPoint xsi:type="SequencePoint" vc="0" uspid="339" ordinal="0" offset="0" sl="114" sc="9" el="114" ec="104" />
            </Method>
          </Methods>
        </Class>
        <Class>
          <Summary numSequencePoints="8" visitedSequencePoints="0" numBranchPoints="18" visitedBranchPoints="0" sequenceCoverage="0" branchCoverage="0" maxCyclomaticComplexity="3" minCyclomaticComplexity="1" />
          <FullName>SigStat.Common.McytSampler3/&lt;&gt;c</FullName>
          <Methods>
            <Method visited="false" cyclomaticComplexity="1" sequenceCoverage="0" branchCoverage="0" isConstructor="true" isStatic="true" isGetter="false" isSetter="false">
              <Summary numSequencePoints="0" visitedSequencePoints="0" numBranchPoints="0" visitedBranchPoints="0" sequenceCoverage="0" branchCoverage="0" maxCyclomaticComplexity="1" minCyclomaticComplexity="1" />
              <MetadataToken>100664127</MetadataToken>
              <Name>System.Void SigStat.Common.McytSampler3/&lt;&gt;c::.cctor()</Name>
              <SequencePoints />
              <BranchPoints />
              <MethodPoint vc="0" uspid="340" ordinal="0" offset="0" />
            </Method>
            <Method visited="false" cyclomaticComplexity="1" sequenceCoverage="0" branchCoverage="0" isConstructor="true" isStatic="false" isGetter="false" isSetter="false">
              <Summary numSequencePoints="0" visitedSequencePoints="0" numBranchPoints="0" visitedBranchPoints="0" sequenceCoverage="0" branchCoverage="0" maxCyclomaticComplexity="1" minCyclomaticComplexity="1" />
              <MetadataToken>100664128</MetadataToken>
              <Name>System.Void SigStat.Common.McytSampler3/&lt;&gt;c::.ctor()</Name>
              <SequencePoints />
              <BranchPoints />
              <MethodPoint vc="0" uspid="341" ordinal="0" offset="0" />
            </Method>
            <Method visited="false" cyclomaticComplexity="3" sequenceCoverage="0" branchCoverage="0" isConstructor="false" isStatic="false" isGetter="false" isSetter="false">
              <Summary numSequencePoints="1" visitedSequencePoints="0" numBranchPoints="5" visitedBranchPoints="0" sequenceCoverage="0" branchCoverage="0" maxCyclomaticComplexity="3" minCyclomaticComplexity="3" />
              <MetadataToken>100664129</MetadataToken>
              <Name>System.Collections.Generic.List`1&lt;SigStat.Common.Signature&gt; SigStat.Common.McytSampler3/&lt;&gt;c::&lt;.ctor&gt;b__1_0(System.Collections.Generic.List`1&lt;SigStat.Common.Signature&gt;)</Name>
              <FileRef uid="6" />
              <SequencePoints>
                <SequencePoint vc="0" uspid="342" ordinal="0" offset="0" sl="116" sc="19" el="116" ec="132" />
              </SequencePoints>
              <BranchPoints>
                <BranchPoint vc="0" uspid="343" ordinal="0" offset="7" path="0" />
                <BranchPoint vc="0" uspid="344" ordinal="1" offset="7" path="1" />
                <BranchPoint vc="0" uspid="345" ordinal="2" offset="43" path="0" />
                <BranchPoint vc="0" uspid="346" ordinal="3" offset="43" path="1" />
              </BranchPoints>
              <MethodPoint xsi:type="SequencePoint" vc="0" uspid="342" ordinal="0" offset="0" sl="116" sc="19" el="116" ec="132" />
            </Method>
            <Method visited="false" cyclomaticComplexity="1" sequenceCoverage="0" branchCoverage="0" isConstructor="false" isStatic="false" isGetter="false" isSetter="false">
              <Summary numSequencePoints="1" visitedSequencePoints="0" numBranchPoints="1" visitedBranchPoints="0" sequenceCoverage="0" branchCoverage="0" maxCyclomaticComplexity="1" minCyclomaticComplexity="1" />
              <MetadataToken>100664130</MetadataToken>
              <Name>System.Boolean SigStat.Common.McytSampler3/&lt;&gt;c::&lt;.ctor&gt;b__1_3(SigStat.Common.Signature)</Name>
              <FileRef uid="6" />
              <SequencePoints>
                <SequencePoint vc="0" uspid="347" ordinal="0" offset="0" sl="116" sc="33" el="116" ec="59" />
              </SequencePoints>
              <BranchPoints />
              <MethodPoint xsi:type="SequencePoint" vc="0" uspid="347" ordinal="0" offset="0" sl="116" sc="33" el="116" ec="59" />
            </Method>
            <Method visited="false" cyclomaticComplexity="1" sequenceCoverage="0" branchCoverage="0" isConstructor="false" isStatic="false" isGetter="false" isSetter="false">
              <Summary numSequencePoints="1" visitedSequencePoints="0" numBranchPoints="1" visitedBranchPoints="0" sequenceCoverage="0" branchCoverage="0" maxCyclomaticComplexity="1" minCyclomaticComplexity="1" />
              <MetadataToken>100664131</MetadataToken>
              <Name>System.Boolean SigStat.Common.McytSampler3/&lt;&gt;c::&lt;.ctor&gt;b__1_4(SigStat.Common.Signature)</Name>
              <FileRef uid="6" />
              <SequencePoints>
                <SequencePoint vc="0" uspid="348" ordinal="0" offset="0" sl="116" sc="72" el="116" ec="122" />
              </SequencePoints>
              <BranchPoints />
              <MethodPoint xsi:type="SequencePoint" vc="0" uspid="348" ordinal="0" offset="0" sl="116" sc="72" el="116" ec="122" />
            </Method>
            <Method visited="false" cyclomaticComplexity="3" sequenceCoverage="0" branchCoverage="0" isConstructor="false" isStatic="false" isGetter="false" isSetter="false">
              <Summary numSequencePoints="1" visitedSequencePoints="0" numBranchPoints="5" visitedBranchPoints="0" sequenceCoverage="0" branchCoverage="0" maxCyclomaticComplexity="3" minCyclomaticComplexity="3" />
              <MetadataToken>100664132</MetadataToken>
              <Name>System.Collections.Generic.List`1&lt;SigStat.Common.Signature&gt; SigStat.Common.McytSampler3/&lt;&gt;c::&lt;.ctor&gt;b__1_1(System.Collections.Generic.List`1&lt;SigStat.Common.Signature&gt;)</Name>
              <FileRef uid="6" />
              <SequencePoints>
                <SequencePoint vc="0" uspid="349" ordinal="0" offset="0" sl="117" sc="19" el="117" ec="133" />
              </SequencePoints>
              <BranchPoints>
                <BranchPoint vc="0" uspid="350" ordinal="0" offset="7" path="0" />
                <BranchPoint vc="0" uspid="351" ordinal="1" offset="7" path="1" />
                <BranchPoint vc="0" uspid="352" ordinal="2" offset="43" path="0" />
                <BranchPoint vc="0" uspid="353" ordinal="3" offset="43" path="1" />
              </BranchPoints>
              <MethodPoint xsi:type="SequencePoint" vc="0" uspid="349" ordinal="0" offset="0" sl="117" sc="19" el="117" ec="133" />
            </Method>
            <Method visited="false" cyclomaticComplexity="1" sequenceCoverage="0" branchCoverage="0" isConstructor="false" isStatic="false" isGetter="false" isSetter="false">
              <Summary numSequencePoints="1" visitedSequencePoints="0" numBranchPoints="1" visitedBranchPoints="0" sequenceCoverage="0" branchCoverage="0" maxCyclomaticComplexity="1" minCyclomaticComplexity="1" />
              <MetadataToken>100664133</MetadataToken>
              <Name>System.Boolean SigStat.Common.McytSampler3/&lt;&gt;c::&lt;.ctor&gt;b__1_5(SigStat.Common.Signature)</Name>
              <FileRef uid="6" />
              <SequencePoints>
                <SequencePoint vc="0" uspid="354" ordinal="0" offset="0" sl="117" sc="33" el="117" ec="59" />
              </SequencePoints>
              <BranchPoints />
              <MethodPoint xsi:type="SequencePoint" vc="0" uspid="354" ordinal="0" offset="0" sl="117" sc="33" el="117" ec="59" />
            </Method>
            <Method visited="false" cyclomaticComplexity="1" sequenceCoverage="0" branchCoverage="0" isConstructor="false" isStatic="false" isGetter="false" isSetter="false">
              <Summary numSequencePoints="1" visitedSequencePoints="0" numBranchPoints="1" visitedBranchPoints="0" sequenceCoverage="0" branchCoverage="0" maxCyclomaticComplexity="1" minCyclomaticComplexity="1" />
              <MetadataToken>100664134</MetadataToken>
              <Name>System.Boolean SigStat.Common.McytSampler3/&lt;&gt;c::&lt;.ctor&gt;b__1_6(SigStat.Common.Signature)</Name>
              <FileRef uid="6" />
              <SequencePoints>
                <SequencePoint vc="0" uspid="355" ordinal="0" offset="0" sl="117" sc="72" el="117" ec="123" />
              </SequencePoints>
              <BranchPoints />
              <MethodPoint xsi:type="SequencePoint" vc="0" uspid="355" ordinal="0" offset="0" sl="117" sc="72" el="117" ec="123" />
            </Method>
            <Method visited="false" cyclomaticComplexity="2" sequenceCoverage="0" branchCoverage="0" isConstructor="false" isStatic="false" isGetter="false" isSetter="false">
              <Summary numSequencePoints="1" visitedSequencePoints="0" numBranchPoints="3" visitedBranchPoints="0" sequenceCoverage="0" branchCoverage="0" maxCyclomaticComplexity="2" minCyclomaticComplexity="2" />
              <MetadataToken>100664135</MetadataToken>
              <Name>System.Collections.Generic.List`1&lt;SigStat.Common.Signature&gt; SigStat.Common.McytSampler3/&lt;&gt;c::&lt;.ctor&gt;b__1_2(System.Collections.Generic.List`1&lt;SigStat.Common.Signature&gt;)</Name>
              <FileRef uid="6" />
              <SequencePoints>
                <SequencePoint vc="0" uspid="356" ordinal="0" offset="0" sl="118" sc="19" el="118" ec="68" />
              </SequencePoints>
              <BranchPoints>
                <BranchPoint vc="0" uspid="357" ordinal="0" offset="7" path="0" />
                <BranchPoint vc="0" uspid="358" ordinal="1" offset="7" path="1" />
              </BranchPoints>
              <MethodPoint xsi:type="SequencePoint" vc="0" uspid="356" ordinal="0" offset="0" sl="118" sc="19" el="118" ec="68" />
            </Method>
            <Method visited="false" cyclomaticComplexity="1" sequenceCoverage="0" branchCoverage="0" isConstructor="false" isStatic="false" isGetter="false" isSetter="false">
              <Summary numSequencePoints="1" visitedSequencePoints="0" numBranchPoints="1" visitedBranchPoints="0" sequenceCoverage="0" branchCoverage="0" maxCyclomaticComplexity="1" minCyclomaticComplexity="1" />
              <MetadataToken>100664136</MetadataToken>
              <Name>System.Boolean SigStat.Common.McytSampler3/&lt;&gt;c::&lt;.ctor&gt;b__1_7(SigStat.Common.Signature)</Name>
              <FileRef uid="6" />
              <SequencePoints>
                <SequencePoint vc="0" uspid="359" ordinal="0" offset="0" sl="118" sc="33" el="118" ec="58" />
              </SequencePoints>
              <BranchPoints />
              <MethodPoint xsi:type="SequencePoint" vc="0" uspid="359" ordinal="0" offset="0" sl="118" sc="33" el="118" ec="58" />
            </Method>
          </Methods>
        </Class>
        <Class>
          <Summary numSequencePoints="3" visitedSequencePoints="0" numBranchPoints="8" visitedBranchPoints="0" sequenceCoverage="0" branchCoverage="0" maxCyclomaticComplexity="4" minCyclomaticComplexity="1" />
          <FullName>SigStat.Common.McytSampler4</FullName>
          <Methods>
            <Method visited="false" cyclomaticComplexity="4" sequenceCoverage="0" branchCoverage="0" isConstructor="true" isStatic="false" isGetter="false" isSetter="false">
              <Summary numSequencePoints="2" visitedSequencePoints="0" numBranchPoints="7" visitedBranchPoints="0" sequenceCoverage="0" branchCoverage="0" maxCyclomaticComplexity="4" minCyclomaticComplexity="4" />
              <MetadataToken>100663365</MetadataToken>
              <Name>System.Void SigStat.Common.McytSampler4::.ctor()</Name>
              <FileRef uid="6" />
              <SequencePoints>
                <SequencePoint vc="0" uspid="360" ordinal="0" offset="0" sl="125" sc="33" el="128" ec="69" />
                <SequencePoint vc="0" uspid="361" ordinal="1" offset="99" sl="129" sc="11" el="129" ec="12" />
              </SequencePoints>
              <BranchPoints>
                <BranchPoint vc="0" uspid="362" ordinal="0" offset="7" path="0" />
                <BranchPoint vc="0" uspid="363" ordinal="1" offset="7" path="1" />
                <BranchPoint vc="0" uspid="364" ordinal="2" offset="38" path="0" />
                <BranchPoint vc="0" uspid="365" ordinal="3" offset="38" path="1" />
                <BranchPoint vc="0" uspid="366" ordinal="4" offset="69" path="0" />
                <BranchPoint vc="0" uspid="367" ordinal="5" offset="69" path="1" />
              </BranchPoints>
              <MethodPoint xsi:type="SequencePoint" vc="0" uspid="360" ordinal="0" offset="0" sl="125" sc="33" el="128" ec="69" />
            </Method>
            <Method visited="false" cyclomaticComplexity="1" sequenceCoverage="0" branchCoverage="0" isConstructor="true" isStatic="true" isGetter="false" isSetter="false">
              <Summary numSequencePoints="1" visitedSequencePoints="0" numBranchPoints="1" visitedBranchPoints="0" sequenceCoverage="0" branchCoverage="0" maxCyclomaticComplexity="1" minCyclomaticComplexity="1" />
              <MetadataToken>100663366</MetadataToken>
              <Name>System.Void SigStat.Common.McytSampler4::.cctor()</Name>
              <FileRef uid="6" />
              <SequencePoints>
                <SequencePoint vc="0" uspid="368" ordinal="0" offset="0" sl="124" sc="9" el="124" ec="105" />
              </SequencePoints>
              <BranchPoints />
              <MethodPoint xsi:type="SequencePoint" vc="0" uspid="368" ordinal="0" offset="0" sl="124" sc="9" el="124" ec="105" />
            </Method>
          </Methods>
        </Class>
        <Class>
          <Summary numSequencePoints="8" visitedSequencePoints="0" numBranchPoints="18" visitedBranchPoints="0" sequenceCoverage="0" branchCoverage="0" maxCyclomaticComplexity="3" minCyclomaticComplexity="1" />
          <FullName>SigStat.Common.McytSampler4/&lt;&gt;c</FullName>
          <Methods>
            <Method visited="false" cyclomaticComplexity="1" sequenceCoverage="0" branchCoverage="0" isConstructor="true" isStatic="true" isGetter="false" isSetter="false">
              <Summary numSequencePoints="0" visitedSequencePoints="0" numBranchPoints="0" visitedBranchPoints="0" sequenceCoverage="0" branchCoverage="0" maxCyclomaticComplexity="1" minCyclomaticComplexity="1" />
              <MetadataToken>100664137</MetadataToken>
              <Name>System.Void SigStat.Common.McytSampler4/&lt;&gt;c::.cctor()</Name>
              <SequencePoints />
              <BranchPoints />
              <MethodPoint vc="0" uspid="369" ordinal="0" offset="0" />
            </Method>
            <Method visited="false" cyclomaticComplexity="1" sequenceCoverage="0" branchCoverage="0" isConstructor="true" isStatic="false" isGetter="false" isSetter="false">
              <Summary numSequencePoints="0" visitedSequencePoints="0" numBranchPoints="0" visitedBranchPoints="0" sequenceCoverage="0" branchCoverage="0" maxCyclomaticComplexity="1" minCyclomaticComplexity="1" />
              <MetadataToken>100664138</MetadataToken>
              <Name>System.Void SigStat.Common.McytSampler4/&lt;&gt;c::.ctor()</Name>
              <SequencePoints />
              <BranchPoints />
              <MethodPoint vc="0" uspid="370" ordinal="0" offset="0" />
            </Method>
            <Method visited="false" cyclomaticComplexity="3" sequenceCoverage="0" branchCoverage="0" isConstructor="false" isStatic="false" isGetter="false" isSetter="false">
              <Summary numSequencePoints="1" visitedSequencePoints="0" numBranchPoints="5" visitedBranchPoints="0" sequenceCoverage="0" branchCoverage="0" maxCyclomaticComplexity="3" minCyclomaticComplexity="3" />
              <MetadataToken>100664139</MetadataToken>
              <Name>System.Collections.Generic.List`1&lt;SigStat.Common.Signature&gt; SigStat.Common.McytSampler4/&lt;&gt;c::&lt;.ctor&gt;b__1_0(System.Collections.Generic.List`1&lt;SigStat.Common.Signature&gt;)</Name>
              <FileRef uid="6" />
              <SequencePoints>
                <SequencePoint vc="0" uspid="371" ordinal="0" offset="0" sl="126" sc="19" el="126" ec="132" />
              </SequencePoints>
              <BranchPoints>
                <BranchPoint vc="0" uspid="372" ordinal="0" offset="7" path="0" />
                <BranchPoint vc="0" uspid="373" ordinal="1" offset="7" path="1" />
                <BranchPoint vc="0" uspid="374" ordinal="2" offset="43" path="0" />
                <BranchPoint vc="0" uspid="375" ordinal="3" offset="43" path="1" />
              </BranchPoints>
              <MethodPoint xsi:type="SequencePoint" vc="0" uspid="371" ordinal="0" offset="0" sl="126" sc="19" el="126" ec="132" />
            </Method>
            <Method visited="false" cyclomaticComplexity="1" sequenceCoverage="0" branchCoverage="0" isConstructor="false" isStatic="false" isGetter="false" isSetter="false">
              <Summary numSequencePoints="1" visitedSequencePoints="0" numBranchPoints="1" visitedBranchPoints="0" sequenceCoverage="0" branchCoverage="0" maxCyclomaticComplexity="1" minCyclomaticComplexity="1" />
              <MetadataToken>100664140</MetadataToken>
              <Name>System.Boolean SigStat.Common.McytSampler4/&lt;&gt;c::&lt;.ctor&gt;b__1_3(SigStat.Common.Signature)</Name>
              <FileRef uid="6" />
              <SequencePoints>
                <SequencePoint vc="0" uspid="376" ordinal="0" offset="0" sl="126" sc="33" el="126" ec="59" />
              </SequencePoints>
              <BranchPoints />
              <MethodPoint xsi:type="SequencePoint" vc="0" uspid="376" ordinal="0" offset="0" sl="126" sc="33" el="126" ec="59" />
            </Method>
            <Method visited="false" cyclomaticComplexity="1" sequenceCoverage="0" branchCoverage="0" isConstructor="false" isStatic="false" isGetter="false" isSetter="false">
              <Summary numSequencePoints="1" visitedSequencePoints="0" numBranchPoints="1" visitedBranchPoints="0" sequenceCoverage="0" branchCoverage="0" maxCyclomaticComplexity="1" minCyclomaticComplexity="1" />
              <MetadataToken>100664141</MetadataToken>
              <Name>System.Boolean SigStat.Common.McytSampler4/&lt;&gt;c::&lt;.ctor&gt;b__1_4(SigStat.Common.Signature)</Name>
              <FileRef uid="6" />
              <SequencePoints>
                <SequencePoint vc="0" uspid="377" ordinal="0" offset="0" sl="126" sc="72" el="126" ec="122" />
              </SequencePoints>
              <BranchPoints />
              <MethodPoint xsi:type="SequencePoint" vc="0" uspid="377" ordinal="0" offset="0" sl="126" sc="72" el="126" ec="122" />
            </Method>
            <Method visited="false" cyclomaticComplexity="3" sequenceCoverage="0" branchCoverage="0" isConstructor="false" isStatic="false" isGetter="false" isSetter="false">
              <Summary numSequencePoints="1" visitedSequencePoints="0" numBranchPoints="5" visitedBranchPoints="0" sequenceCoverage="0" branchCoverage="0" maxCyclomaticComplexity="3" minCyclomaticComplexity="3" />
              <MetadataToken>100664142</MetadataToken>
              <Name>System.Collections.Generic.List`1&lt;SigStat.Common.Signature&gt; SigStat.Common.McytSampler4/&lt;&gt;c::&lt;.ctor&gt;b__1_1(System.Collections.Generic.List`1&lt;SigStat.Common.Signature&gt;)</Name>
              <FileRef uid="6" />
              <SequencePoints>
                <SequencePoint vc="0" uspid="378" ordinal="0" offset="0" sl="127" sc="19" el="127" ec="133" />
              </SequencePoints>
              <BranchPoints>
                <BranchPoint vc="0" uspid="379" ordinal="0" offset="7" path="0" />
                <BranchPoint vc="0" uspid="380" ordinal="1" offset="7" path="1" />
                <BranchPoint vc="0" uspid="381" ordinal="2" offset="43" path="0" />
                <BranchPoint vc="0" uspid="382" ordinal="3" offset="43" path="1" />
              </BranchPoints>
              <MethodPoint xsi:type="SequencePoint" vc="0" uspid="378" ordinal="0" offset="0" sl="127" sc="19" el="127" ec="133" />
            </Method>
            <Method visited="false" cyclomaticComplexity="1" sequenceCoverage="0" branchCoverage="0" isConstructor="false" isStatic="false" isGetter="false" isSetter="false">
              <Summary numSequencePoints="1" visitedSequencePoints="0" numBranchPoints="1" visitedBranchPoints="0" sequenceCoverage="0" branchCoverage="0" maxCyclomaticComplexity="1" minCyclomaticComplexity="1" />
              <MetadataToken>100664143</MetadataToken>
              <Name>System.Boolean SigStat.Common.McytSampler4/&lt;&gt;c::&lt;.ctor&gt;b__1_5(SigStat.Common.Signature)</Name>
              <FileRef uid="6" />
              <SequencePoints>
                <SequencePoint vc="0" uspid="383" ordinal="0" offset="0" sl="127" sc="33" el="127" ec="59" />
              </SequencePoints>
              <BranchPoints />
              <MethodPoint xsi:type="SequencePoint" vc="0" uspid="383" ordinal="0" offset="0" sl="127" sc="33" el="127" ec="59" />
            </Method>
            <Method visited="false" cyclomaticComplexity="1" sequenceCoverage="0" branchCoverage="0" isConstructor="false" isStatic="false" isGetter="false" isSetter="false">
              <Summary numSequencePoints="1" visitedSequencePoints="0" numBranchPoints="1" visitedBranchPoints="0" sequenceCoverage="0" branchCoverage="0" maxCyclomaticComplexity="1" minCyclomaticComplexity="1" />
              <MetadataToken>100664144</MetadataToken>
              <Name>System.Boolean SigStat.Common.McytSampler4/&lt;&gt;c::&lt;.ctor&gt;b__1_6(SigStat.Common.Signature)</Name>
              <FileRef uid="6" />
              <SequencePoints>
                <SequencePoint vc="0" uspid="384" ordinal="0" offset="0" sl="127" sc="72" el="127" ec="123" />
              </SequencePoints>
              <BranchPoints />
              <MethodPoint xsi:type="SequencePoint" vc="0" uspid="384" ordinal="0" offset="0" sl="127" sc="72" el="127" ec="123" />
            </Method>
            <Method visited="false" cyclomaticComplexity="2" sequenceCoverage="0" branchCoverage="0" isConstructor="false" isStatic="false" isGetter="false" isSetter="false">
              <Summary numSequencePoints="1" visitedSequencePoints="0" numBranchPoints="3" visitedBranchPoints="0" sequenceCoverage="0" branchCoverage="0" maxCyclomaticComplexity="2" minCyclomaticComplexity="2" />
              <MetadataToken>100664145</MetadataToken>
              <Name>System.Collections.Generic.List`1&lt;SigStat.Common.Signature&gt; SigStat.Common.McytSampler4/&lt;&gt;c::&lt;.ctor&gt;b__1_2(System.Collections.Generic.List`1&lt;SigStat.Common.Signature&gt;)</Name>
              <FileRef uid="6" />
              <SequencePoints>
                <SequencePoint vc="0" uspid="385" ordinal="0" offset="0" sl="128" sc="19" el="128" ec="68" />
              </SequencePoints>
              <BranchPoints>
                <BranchPoint vc="0" uspid="386" ordinal="0" offset="7" path="0" />
                <BranchPoint vc="0" uspid="387" ordinal="1" offset="7" path="1" />
              </BranchPoints>
              <MethodPoint xsi:type="SequencePoint" vc="0" uspid="385" ordinal="0" offset="0" sl="128" sc="19" el="128" ec="68" />
            </Method>
            <Method visited="false" cyclomaticComplexity="1" sequenceCoverage="0" branchCoverage="0" isConstructor="false" isStatic="false" isGetter="false" isSetter="false">
              <Summary numSequencePoints="1" visitedSequencePoints="0" numBranchPoints="1" visitedBranchPoints="0" sequenceCoverage="0" branchCoverage="0" maxCyclomaticComplexity="1" minCyclomaticComplexity="1" />
              <MetadataToken>100664146</MetadataToken>
              <Name>System.Boolean SigStat.Common.McytSampler4/&lt;&gt;c::&lt;.ctor&gt;b__1_7(SigStat.Common.Signature)</Name>
              <FileRef uid="6" />
              <SequencePoints>
                <SequencePoint vc="0" uspid="388" ordinal="0" offset="0" sl="128" sc="33" el="128" ec="58" />
              </SequencePoints>
              <BranchPoints />
              <MethodPoint xsi:type="SequencePoint" vc="0" uspid="388" ordinal="0" offset="0" sl="128" sc="33" el="128" ec="58" />
            </Method>
          </Methods>
        </Class>
        <Class>
          <Summary numSequencePoints="2" visitedSequencePoints="0" numBranchPoints="7" visitedBranchPoints="0" sequenceCoverage="0" branchCoverage="0" maxCyclomaticComplexity="4" minCyclomaticComplexity="4" />
          <FullName>SigStat.Common.DutchSampler1</FullName>
          <Methods>
            <Method visited="false" cyclomaticComplexity="4" sequenceCoverage="0" branchCoverage="0" isConstructor="true" isStatic="false" isGetter="false" isSetter="false">
              <Summary numSequencePoints="2" visitedSequencePoints="0" numBranchPoints="7" visitedBranchPoints="0" sequenceCoverage="0" branchCoverage="0" maxCyclomaticComplexity="4" minCyclomaticComplexity="4" />
              <MetadataToken>100663367</MetadataToken>
              <Name>System.Void SigStat.Common.DutchSampler1::.ctor()</Name>
              <FileRef uid="6" />
              <SequencePoints>
                <SequencePoint vc="0" uspid="389" ordinal="0" offset="0" sl="136" sc="34" el="139" ec="69" />
                <SequencePoint vc="0" uspid="390" ordinal="1" offset="99" sl="140" sc="11" el="140" ec="12" />
              </SequencePoints>
              <BranchPoints>
                <BranchPoint vc="0" uspid="391" ordinal="0" offset="7" path="0" />
                <BranchPoint vc="0" uspid="392" ordinal="1" offset="7" path="1" />
                <BranchPoint vc="0" uspid="393" ordinal="2" offset="38" path="0" />
                <BranchPoint vc="0" uspid="394" ordinal="3" offset="38" path="1" />
                <BranchPoint vc="0" uspid="395" ordinal="4" offset="69" path="0" />
                <BranchPoint vc="0" uspid="396" ordinal="5" offset="69" path="1" />
              </BranchPoints>
              <MethodPoint xsi:type="SequencePoint" vc="0" uspid="389" ordinal="0" offset="0" sl="136" sc="34" el="139" ec="69" />
            </Method>
          </Methods>
        </Class>
        <Class>
          <Summary numSequencePoints="6" visitedSequencePoints="0" numBranchPoints="12" visitedBranchPoints="0" sequenceCoverage="0" branchCoverage="0" maxCyclomaticComplexity="2" minCyclomaticComplexity="1" />
          <FullName>SigStat.Common.DutchSampler1/&lt;&gt;c</FullName>
          <Methods>
            <Method visited="false" cyclomaticComplexity="1" sequenceCoverage="0" branchCoverage="0" isConstructor="true" isStatic="true" isGetter="false" isSetter="false">
              <Summary numSequencePoints="0" visitedSequencePoints="0" numBranchPoints="0" visitedBranchPoints="0" sequenceCoverage="0" branchCoverage="0" maxCyclomaticComplexity="1" minCyclomaticComplexity="1" />
              <MetadataToken>100664147</MetadataToken>
              <Name>System.Void SigStat.Common.DutchSampler1/&lt;&gt;c::.cctor()</Name>
              <SequencePoints />
              <BranchPoints />
              <MethodPoint vc="0" uspid="397" ordinal="0" offset="0" />
            </Method>
            <Method visited="false" cyclomaticComplexity="1" sequenceCoverage="0" branchCoverage="0" isConstructor="true" isStatic="false" isGetter="false" isSetter="false">
              <Summary numSequencePoints="0" visitedSequencePoints="0" numBranchPoints="0" visitedBranchPoints="0" sequenceCoverage="0" branchCoverage="0" maxCyclomaticComplexity="1" minCyclomaticComplexity="1" />
              <MetadataToken>100664148</MetadataToken>
              <Name>System.Void SigStat.Common.DutchSampler1/&lt;&gt;c::.ctor()</Name>
              <SequencePoints />
              <BranchPoints />
              <MethodPoint vc="0" uspid="398" ordinal="0" offset="0" />
            </Method>
            <Method visited="false" cyclomaticComplexity="2" sequenceCoverage="0" branchCoverage="0" isConstructor="false" isStatic="false" isGetter="false" isSetter="false">
              <Summary numSequencePoints="1" visitedSequencePoints="0" numBranchPoints="3" visitedBranchPoints="0" sequenceCoverage="0" branchCoverage="0" maxCyclomaticComplexity="2" minCyclomaticComplexity="2" />
              <MetadataToken>100664149</MetadataToken>
              <Name>System.Collections.Generic.List`1&lt;SigStat.Common.Signature&gt; SigStat.Common.DutchSampler1/&lt;&gt;c::&lt;.ctor&gt;b__0_0(System.Collections.Generic.List`1&lt;SigStat.Common.Signature&gt;)</Name>
              <FileRef uid="6" />
              <SequencePoints>
                <SequencePoint vc="0" uspid="399" ordinal="0" offset="0" sl="137" sc="19" el="137" ec="78" />
              </SequencePoints>
              <BranchPoints>
                <BranchPoint vc="0" uspid="400" ordinal="0" offset="7" path="0" />
                <BranchPoint vc="0" uspid="401" ordinal="1" offset="7" path="1" />
              </BranchPoints>
              <MethodPoint xsi:type="SequencePoint" vc="0" uspid="399" ordinal="0" offset="0" sl="137" sc="19" el="137" ec="78" />
            </Method>
            <Method visited="false" cyclomaticComplexity="1" sequenceCoverage="0" branchCoverage="0" isConstructor="false" isStatic="false" isGetter="false" isSetter="false">
              <Summary numSequencePoints="1" visitedSequencePoints="0" numBranchPoints="1" visitedBranchPoints="0" sequenceCoverage="0" branchCoverage="0" maxCyclomaticComplexity="1" minCyclomaticComplexity="1" />
              <MetadataToken>100664150</MetadataToken>
              <Name>System.Boolean SigStat.Common.DutchSampler1/&lt;&gt;c::&lt;.ctor&gt;b__0_3(SigStat.Common.Signature)</Name>
              <FileRef uid="6" />
              <SequencePoints>
                <SequencePoint vc="0" uspid="402" ordinal="0" offset="0" sl="137" sc="33" el="137" ec="59" />
              </SequencePoints>
              <BranchPoints />
              <MethodPoint xsi:type="SequencePoint" vc="0" uspid="402" ordinal="0" offset="0" sl="137" sc="33" el="137" ec="59" />
            </Method>
            <Method visited="false" cyclomaticComplexity="2" sequenceCoverage="0" branchCoverage="0" isConstructor="false" isStatic="false" isGetter="false" isSetter="false">
              <Summary numSequencePoints="1" visitedSequencePoints="0" numBranchPoints="3" visitedBranchPoints="0" sequenceCoverage="0" branchCoverage="0" maxCyclomaticComplexity="2" minCyclomaticComplexity="2" />
              <MetadataToken>100664151</MetadataToken>
              <Name>System.Collections.Generic.List`1&lt;SigStat.Common.Signature&gt; SigStat.Common.DutchSampler1/&lt;&gt;c::&lt;.ctor&gt;b__0_1(System.Collections.Generic.List`1&lt;SigStat.Common.Signature&gt;)</Name>
              <FileRef uid="6" />
              <SequencePoints>
                <SequencePoint vc="0" uspid="403" ordinal="0" offset="0" sl="138" sc="19" el="138" ec="78" />
              </SequencePoints>
              <BranchPoints>
                <BranchPoint vc="0" uspid="404" ordinal="0" offset="7" path="0" />
                <BranchPoint vc="0" uspid="405" ordinal="1" offset="7" path="1" />
              </BranchPoints>
              <MethodPoint xsi:type="SequencePoint" vc="0" uspid="403" ordinal="0" offset="0" sl="138" sc="19" el="138" ec="78" />
            </Method>
            <Method visited="false" cyclomaticComplexity="1" sequenceCoverage="0" branchCoverage="0" isConstructor="false" isStatic="false" isGetter="false" isSetter="false">
              <Summary numSequencePoints="1" visitedSequencePoints="0" numBranchPoints="1" visitedBranchPoints="0" sequenceCoverage="0" branchCoverage="0" maxCyclomaticComplexity="1" minCyclomaticComplexity="1" />
              <MetadataToken>100664152</MetadataToken>
              <Name>System.Boolean SigStat.Common.DutchSampler1/&lt;&gt;c::&lt;.ctor&gt;b__0_4(SigStat.Common.Signature)</Name>
              <FileRef uid="6" />
              <SequencePoints>
                <SequencePoint vc="0" uspid="406" ordinal="0" offset="0" sl="138" sc="33" el="138" ec="59" />
              </SequencePoints>
              <BranchPoints />
              <MethodPoint xsi:type="SequencePoint" vc="0" uspid="406" ordinal="0" offset="0" sl="138" sc="33" el="138" ec="59" />
            </Method>
            <Method visited="false" cyclomaticComplexity="2" sequenceCoverage="0" branchCoverage="0" isConstructor="false" isStatic="false" isGetter="false" isSetter="false">
              <Summary numSequencePoints="1" visitedSequencePoints="0" numBranchPoints="3" visitedBranchPoints="0" sequenceCoverage="0" branchCoverage="0" maxCyclomaticComplexity="2" minCyclomaticComplexity="2" />
              <MetadataToken>100664153</MetadataToken>
              <Name>System.Collections.Generic.List`1&lt;SigStat.Common.Signature&gt; SigStat.Common.DutchSampler1/&lt;&gt;c::&lt;.ctor&gt;b__0_2(System.Collections.Generic.List`1&lt;SigStat.Common.Signature&gt;)</Name>
              <FileRef uid="6" />
              <SequencePoints>
                <SequencePoint vc="0" uspid="407" ordinal="0" offset="0" sl="139" sc="19" el="139" ec="68" />
              </SequencePoints>
              <BranchPoints>
                <BranchPoint vc="0" uspid="408" ordinal="0" offset="7" path="0" />
                <BranchPoint vc="0" uspid="409" ordinal="1" offset="7" path="1" />
              </BranchPoints>
              <MethodPoint xsi:type="SequencePoint" vc="0" uspid="407" ordinal="0" offset="0" sl="139" sc="19" el="139" ec="68" />
            </Method>
            <Method visited="false" cyclomaticComplexity="1" sequenceCoverage="0" branchCoverage="0" isConstructor="false" isStatic="false" isGetter="false" isSetter="false">
              <Summary numSequencePoints="1" visitedSequencePoints="0" numBranchPoints="1" visitedBranchPoints="0" sequenceCoverage="0" branchCoverage="0" maxCyclomaticComplexity="1" minCyclomaticComplexity="1" />
              <MetadataToken>100664154</MetadataToken>
              <Name>System.Boolean SigStat.Common.DutchSampler1/&lt;&gt;c::&lt;.ctor&gt;b__0_5(SigStat.Common.Signature)</Name>
              <FileRef uid="6" />
              <SequencePoints>
                <SequencePoint vc="0" uspid="410" ordinal="0" offset="0" sl="139" sc="33" el="139" ec="58" />
              </SequencePoints>
              <BranchPoints />
              <MethodPoint xsi:type="SequencePoint" vc="0" uspid="410" ordinal="0" offset="0" sl="139" sc="33" el="139" ec="58" />
            </Method>
          </Methods>
        </Class>
        <Class>
          <Summary numSequencePoints="2" visitedSequencePoints="0" numBranchPoints="7" visitedBranchPoints="0" sequenceCoverage="0" branchCoverage="0" maxCyclomaticComplexity="4" minCyclomaticComplexity="4" />
          <FullName>SigStat.Common.DutchSampler2</FullName>
          <Methods>
            <Method visited="false" cyclomaticComplexity="4" sequenceCoverage="0" branchCoverage="0" isConstructor="true" isStatic="false" isGetter="false" isSetter="false">
              <Summary numSequencePoints="2" visitedSequencePoints="0" numBranchPoints="7" visitedBranchPoints="0" sequenceCoverage="0" branchCoverage="0" maxCyclomaticComplexity="4" minCyclomaticComplexity="4" />
              <MetadataToken>100663368</MetadataToken>
              <Name>System.Void SigStat.Common.DutchSampler2::.ctor()</Name>
              <FileRef uid="6" />
              <SequencePoints>
                <SequencePoint vc="0" uspid="411" ordinal="0" offset="0" sl="145" sc="34" el="148" ec="69" />
                <SequencePoint vc="0" uspid="412" ordinal="1" offset="99" sl="149" sc="11" el="149" ec="12" />
              </SequencePoints>
              <BranchPoints>
                <BranchPoint vc="0" uspid="413" ordinal="0" offset="7" path="0" />
                <BranchPoint vc="0" uspid="414" ordinal="1" offset="7" path="1" />
                <BranchPoint vc="0" uspid="415" ordinal="2" offset="38" path="0" />
                <BranchPoint vc="0" uspid="416" ordinal="3" offset="38" path="1" />
                <BranchPoint vc="0" uspid="417" ordinal="4" offset="69" path="0" />
                <BranchPoint vc="0" uspid="418" ordinal="5" offset="69" path="1" />
              </BranchPoints>
              <MethodPoint xsi:type="SequencePoint" vc="0" uspid="411" ordinal="0" offset="0" sl="145" sc="34" el="148" ec="69" />
            </Method>
          </Methods>
        </Class>
        <Class>
          <Summary numSequencePoints="6" visitedSequencePoints="0" numBranchPoints="12" visitedBranchPoints="0" sequenceCoverage="0" branchCoverage="0" maxCyclomaticComplexity="2" minCyclomaticComplexity="1" />
          <FullName>SigStat.Common.DutchSampler2/&lt;&gt;c</FullName>
          <Methods>
            <Method visited="false" cyclomaticComplexity="1" sequenceCoverage="0" branchCoverage="0" isConstructor="true" isStatic="true" isGetter="false" isSetter="false">
              <Summary numSequencePoints="0" visitedSequencePoints="0" numBranchPoints="0" visitedBranchPoints="0" sequenceCoverage="0" branchCoverage="0" maxCyclomaticComplexity="1" minCyclomaticComplexity="1" />
              <MetadataToken>100664155</MetadataToken>
              <Name>System.Void SigStat.Common.DutchSampler2/&lt;&gt;c::.cctor()</Name>
              <SequencePoints />
              <BranchPoints />
              <MethodPoint vc="0" uspid="419" ordinal="0" offset="0" />
            </Method>
            <Method visited="false" cyclomaticComplexity="1" sequenceCoverage="0" branchCoverage="0" isConstructor="true" isStatic="false" isGetter="false" isSetter="false">
              <Summary numSequencePoints="0" visitedSequencePoints="0" numBranchPoints="0" visitedBranchPoints="0" sequenceCoverage="0" branchCoverage="0" maxCyclomaticComplexity="1" minCyclomaticComplexity="1" />
              <MetadataToken>100664156</MetadataToken>
              <Name>System.Void SigStat.Common.DutchSampler2/&lt;&gt;c::.ctor()</Name>
              <SequencePoints />
              <BranchPoints />
              <MethodPoint vc="0" uspid="420" ordinal="0" offset="0" />
            </Method>
            <Method visited="false" cyclomaticComplexity="2" sequenceCoverage="0" branchCoverage="0" isConstructor="false" isStatic="false" isGetter="false" isSetter="false">
              <Summary numSequencePoints="1" visitedSequencePoints="0" numBranchPoints="3" visitedBranchPoints="0" sequenceCoverage="0" branchCoverage="0" maxCyclomaticComplexity="2" minCyclomaticComplexity="2" />
              <MetadataToken>100664157</MetadataToken>
              <Name>System.Collections.Generic.List`1&lt;SigStat.Common.Signature&gt; SigStat.Common.DutchSampler2/&lt;&gt;c::&lt;.ctor&gt;b__0_0(System.Collections.Generic.List`1&lt;SigStat.Common.Signature&gt;)</Name>
              <FileRef uid="6" />
              <SequencePoints>
                <SequencePoint vc="0" uspid="421" ordinal="0" offset="0" sl="146" sc="19" el="146" ec="87" />
              </SequencePoints>
              <BranchPoints>
                <BranchPoint vc="0" uspid="422" ordinal="0" offset="7" path="0" />
                <BranchPoint vc="0" uspid="423" ordinal="1" offset="7" path="1" />
              </BranchPoints>
              <MethodPoint xsi:type="SequencePoint" vc="0" uspid="421" ordinal="0" offset="0" sl="146" sc="19" el="146" ec="87" />
            </Method>
            <Method visited="false" cyclomaticComplexity="1" sequenceCoverage="0" branchCoverage="0" isConstructor="false" isStatic="false" isGetter="false" isSetter="false">
              <Summary numSequencePoints="1" visitedSequencePoints="0" numBranchPoints="1" visitedBranchPoints="0" sequenceCoverage="0" branchCoverage="0" maxCyclomaticComplexity="1" minCyclomaticComplexity="1" />
              <MetadataToken>100664158</MetadataToken>
              <Name>System.Boolean SigStat.Common.DutchSampler2/&lt;&gt;c::&lt;.ctor&gt;b__0_3(SigStat.Common.Signature)</Name>
              <FileRef uid="6" />
              <SequencePoints>
                <SequencePoint vc="0" uspid="424" ordinal="0" offset="0" sl="146" sc="33" el="146" ec="59" />
              </SequencePoints>
              <BranchPoints />
              <MethodPoint xsi:type="SequencePoint" vc="0" uspid="424" ordinal="0" offset="0" sl="146" sc="33" el="146" ec="59" />
            </Method>
            <Method visited="false" cyclomaticComplexity="2" sequenceCoverage="0" branchCoverage="0" isConstructor="false" isStatic="false" isGetter="false" isSetter="false">
              <Summary numSequencePoints="1" visitedSequencePoints="0" numBranchPoints="3" visitedBranchPoints="0" sequenceCoverage="0" branchCoverage="0" maxCyclomaticComplexity="2" minCyclomaticComplexity="2" />
              <MetadataToken>100664159</MetadataToken>
              <Name>System.Collections.Generic.List`1&lt;SigStat.Common.Signature&gt; SigStat.Common.DutchSampler2/&lt;&gt;c::&lt;.ctor&gt;b__0_1(System.Collections.Generic.List`1&lt;SigStat.Common.Signature&gt;)</Name>
              <FileRef uid="6" />
              <SequencePoints>
                <SequencePoint vc="0" uspid="425" ordinal="0" offset="0" sl="147" sc="19" el="147" ec="78" />
              </SequencePoints>
              <BranchPoints>
                <BranchPoint vc="0" uspid="426" ordinal="0" offset="7" path="0" />
                <BranchPoint vc="0" uspid="427" ordinal="1" offset="7" path="1" />
              </BranchPoints>
              <MethodPoint xsi:type="SequencePoint" vc="0" uspid="425" ordinal="0" offset="0" sl="147" sc="19" el="147" ec="78" />
            </Method>
            <Method visited="false" cyclomaticComplexity="1" sequenceCoverage="0" branchCoverage="0" isConstructor="false" isStatic="false" isGetter="false" isSetter="false">
              <Summary numSequencePoints="1" visitedSequencePoints="0" numBranchPoints="1" visitedBranchPoints="0" sequenceCoverage="0" branchCoverage="0" maxCyclomaticComplexity="1" minCyclomaticComplexity="1" />
              <MetadataToken>100664160</MetadataToken>
              <Name>System.Boolean SigStat.Common.DutchSampler2/&lt;&gt;c::&lt;.ctor&gt;b__0_4(SigStat.Common.Signature)</Name>
              <FileRef uid="6" />
              <SequencePoints>
                <SequencePoint vc="0" uspid="428" ordinal="0" offset="0" sl="147" sc="33" el="147" ec="59" />
              </SequencePoints>
              <BranchPoints />
              <MethodPoint xsi:type="SequencePoint" vc="0" uspid="428" ordinal="0" offset="0" sl="147" sc="33" el="147" ec="59" />
            </Method>
            <Method visited="false" cyclomaticComplexity="2" sequenceCoverage="0" branchCoverage="0" isConstructor="false" isStatic="false" isGetter="false" isSetter="false">
              <Summary numSequencePoints="1" visitedSequencePoints="0" numBranchPoints="3" visitedBranchPoints="0" sequenceCoverage="0" branchCoverage="0" maxCyclomaticComplexity="2" minCyclomaticComplexity="2" />
              <MetadataToken>100664161</MetadataToken>
              <Name>System.Collections.Generic.List`1&lt;SigStat.Common.Signature&gt; SigStat.Common.DutchSampler2/&lt;&gt;c::&lt;.ctor&gt;b__0_2(System.Collections.Generic.List`1&lt;SigStat.Common.Signature&gt;)</Name>
              <FileRef uid="6" />
              <SequencePoints>
                <SequencePoint vc="0" uspid="429" ordinal="0" offset="0" sl="148" sc="19" el="148" ec="68" />
              </SequencePoints>
              <BranchPoints>
                <BranchPoint vc="0" uspid="430" ordinal="0" offset="7" path="0" />
                <BranchPoint vc="0" uspid="431" ordinal="1" offset="7" path="1" />
              </BranchPoints>
              <MethodPoint xsi:type="SequencePoint" vc="0" uspid="429" ordinal="0" offset="0" sl="148" sc="19" el="148" ec="68" />
            </Method>
            <Method visited="false" cyclomaticComplexity="1" sequenceCoverage="0" branchCoverage="0" isConstructor="false" isStatic="false" isGetter="false" isSetter="false">
              <Summary numSequencePoints="1" visitedSequencePoints="0" numBranchPoints="1" visitedBranchPoints="0" sequenceCoverage="0" branchCoverage="0" maxCyclomaticComplexity="1" minCyclomaticComplexity="1" />
              <MetadataToken>100664162</MetadataToken>
              <Name>System.Boolean SigStat.Common.DutchSampler2/&lt;&gt;c::&lt;.ctor&gt;b__0_5(SigStat.Common.Signature)</Name>
              <FileRef uid="6" />
              <SequencePoints>
                <SequencePoint vc="0" uspid="432" ordinal="0" offset="0" sl="148" sc="33" el="148" ec="58" />
              </SequencePoints>
              <BranchPoints />
              <MethodPoint xsi:type="SequencePoint" vc="0" uspid="432" ordinal="0" offset="0" sl="148" sc="33" el="148" ec="58" />
            </Method>
          </Methods>
        </Class>
        <Class>
          <Summary numSequencePoints="3" visitedSequencePoints="0" numBranchPoints="8" visitedBranchPoints="0" sequenceCoverage="0" branchCoverage="0" maxCyclomaticComplexity="4" minCyclomaticComplexity="1" />
          <FullName>SigStat.Common.DutchSampler3</FullName>
          <Methods>
            <Method visited="false" cyclomaticComplexity="4" sequenceCoverage="0" branchCoverage="0" isConstructor="true" isStatic="false" isGetter="false" isSetter="false">
              <Summary numSequencePoints="2" visitedSequencePoints="0" numBranchPoints="7" visitedBranchPoints="0" sequenceCoverage="0" branchCoverage="0" maxCyclomaticComplexity="4" minCyclomaticComplexity="4" />
              <MetadataToken>100663369</MetadataToken>
              <Name>System.Void SigStat.Common.DutchSampler3::.ctor()</Name>
              <FileRef uid="6" />
              <SequencePoints>
                <SequencePoint vc="0" uspid="433" ordinal="0" offset="0" sl="155" sc="34" el="158" ec="69" />
                <SequencePoint vc="0" uspid="434" ordinal="1" offset="99" sl="159" sc="11" el="159" ec="12" />
              </SequencePoints>
              <BranchPoints>
                <BranchPoint vc="0" uspid="435" ordinal="0" offset="7" path="0" />
                <BranchPoint vc="0" uspid="436" ordinal="1" offset="7" path="1" />
                <BranchPoint vc="0" uspid="437" ordinal="2" offset="38" path="0" />
                <BranchPoint vc="0" uspid="438" ordinal="3" offset="38" path="1" />
                <BranchPoint vc="0" uspid="439" ordinal="4" offset="69" path="0" />
                <BranchPoint vc="0" uspid="440" ordinal="5" offset="69" path="1" />
              </BranchPoints>
              <MethodPoint xsi:type="SequencePoint" vc="0" uspid="433" ordinal="0" offset="0" sl="155" sc="34" el="158" ec="69" />
            </Method>
            <Method visited="false" cyclomaticComplexity="1" sequenceCoverage="0" branchCoverage="0" isConstructor="true" isStatic="true" isGetter="false" isSetter="false">
              <Summary numSequencePoints="1" visitedSequencePoints="0" numBranchPoints="1" visitedBranchPoints="0" sequenceCoverage="0" branchCoverage="0" maxCyclomaticComplexity="1" minCyclomaticComplexity="1" />
              <MetadataToken>100663370</MetadataToken>
              <Name>System.Void SigStat.Common.DutchSampler3::.cctor()</Name>
              <FileRef uid="6" />
              <SequencePoints>
                <SequencePoint vc="0" uspid="441" ordinal="0" offset="0" sl="154" sc="9" el="154" ec="103" />
              </SequencePoints>
              <BranchPoints />
              <MethodPoint xsi:type="SequencePoint" vc="0" uspid="441" ordinal="0" offset="0" sl="154" sc="9" el="154" ec="103" />
            </Method>
          </Methods>
        </Class>
        <Class>
          <Summary numSequencePoints="8" visitedSequencePoints="0" numBranchPoints="18" visitedBranchPoints="0" sequenceCoverage="0" branchCoverage="0" maxCyclomaticComplexity="3" minCyclomaticComplexity="1" />
          <FullName>SigStat.Common.DutchSampler3/&lt;&gt;c</FullName>
          <Methods>
            <Method visited="false" cyclomaticComplexity="1" sequenceCoverage="0" branchCoverage="0" isConstructor="true" isStatic="true" isGetter="false" isSetter="false">
              <Summary numSequencePoints="0" visitedSequencePoints="0" numBranchPoints="0" visitedBranchPoints="0" sequenceCoverage="0" branchCoverage="0" maxCyclomaticComplexity="1" minCyclomaticComplexity="1" />
              <MetadataToken>100664163</MetadataToken>
              <Name>System.Void SigStat.Common.DutchSampler3/&lt;&gt;c::.cctor()</Name>
              <SequencePoints />
              <BranchPoints />
              <MethodPoint vc="0" uspid="442" ordinal="0" offset="0" />
            </Method>
            <Method visited="false" cyclomaticComplexity="1" sequenceCoverage="0" branchCoverage="0" isConstructor="true" isStatic="false" isGetter="false" isSetter="false">
              <Summary numSequencePoints="0" visitedSequencePoints="0" numBranchPoints="0" visitedBranchPoints="0" sequenceCoverage="0" branchCoverage="0" maxCyclomaticComplexity="1" minCyclomaticComplexity="1" />
              <MetadataToken>100664164</MetadataToken>
              <Name>System.Void SigStat.Common.DutchSampler3/&lt;&gt;c::.ctor()</Name>
              <SequencePoints />
              <BranchPoints />
              <MethodPoint vc="0" uspid="443" ordinal="0" offset="0" />
            </Method>
            <Method visited="false" cyclomaticComplexity="3" sequenceCoverage="0" branchCoverage="0" isConstructor="false" isStatic="false" isGetter="false" isSetter="false">
              <Summary numSequencePoints="1" visitedSequencePoints="0" numBranchPoints="5" visitedBranchPoints="0" sequenceCoverage="0" branchCoverage="0" maxCyclomaticComplexity="3" minCyclomaticComplexity="3" />
              <MetadataToken>100664165</MetadataToken>
              <Name>System.Collections.Generic.List`1&lt;SigStat.Common.Signature&gt; SigStat.Common.DutchSampler3/&lt;&gt;c::&lt;.ctor&gt;b__1_0(System.Collections.Generic.List`1&lt;SigStat.Common.Signature&gt;)</Name>
              <FileRef uid="6" />
              <SequencePoints>
                <SequencePoint vc="0" uspid="444" ordinal="0" offset="0" sl="156" sc="19" el="156" ec="132" />
              </SequencePoints>
              <BranchPoints>
                <BranchPoint vc="0" uspid="445" ordinal="0" offset="7" path="0" />
                <BranchPoint vc="0" uspid="446" ordinal="1" offset="7" path="1" />
                <BranchPoint vc="0" uspid="447" ordinal="2" offset="43" path="0" />
                <BranchPoint vc="0" uspid="448" ordinal="3" offset="43" path="1" />
              </BranchPoints>
              <MethodPoint xsi:type="SequencePoint" vc="0" uspid="444" ordinal="0" offset="0" sl="156" sc="19" el="156" ec="132" />
            </Method>
            <Method visited="false" cyclomaticComplexity="1" sequenceCoverage="0" branchCoverage="0" isConstructor="false" isStatic="false" isGetter="false" isSetter="false">
              <Summary numSequencePoints="1" visitedSequencePoints="0" numBranchPoints="1" visitedBranchPoints="0" sequenceCoverage="0" branchCoverage="0" maxCyclomaticComplexity="1" minCyclomaticComplexity="1" />
              <MetadataToken>100664166</MetadataToken>
              <Name>System.Boolean SigStat.Common.DutchSampler3/&lt;&gt;c::&lt;.ctor&gt;b__1_3(SigStat.Common.Signature)</Name>
              <FileRef uid="6" />
              <SequencePoints>
                <SequencePoint vc="0" uspid="449" ordinal="0" offset="0" sl="156" sc="33" el="156" ec="59" />
              </SequencePoints>
              <BranchPoints />
              <MethodPoint xsi:type="SequencePoint" vc="0" uspid="449" ordinal="0" offset="0" sl="156" sc="33" el="156" ec="59" />
            </Method>
            <Method visited="false" cyclomaticComplexity="1" sequenceCoverage="0" branchCoverage="0" isConstructor="false" isStatic="false" isGetter="false" isSetter="false">
              <Summary numSequencePoints="1" visitedSequencePoints="0" numBranchPoints="1" visitedBranchPoints="0" sequenceCoverage="0" branchCoverage="0" maxCyclomaticComplexity="1" minCyclomaticComplexity="1" />
              <MetadataToken>100664167</MetadataToken>
              <Name>System.Boolean SigStat.Common.DutchSampler3/&lt;&gt;c::&lt;.ctor&gt;b__1_4(SigStat.Common.Signature)</Name>
              <FileRef uid="6" />
              <SequencePoints>
                <SequencePoint vc="0" uspid="450" ordinal="0" offset="0" sl="156" sc="72" el="156" ec="122" />
              </SequencePoints>
              <BranchPoints />
              <MethodPoint xsi:type="SequencePoint" vc="0" uspid="450" ordinal="0" offset="0" sl="156" sc="72" el="156" ec="122" />
            </Method>
            <Method visited="false" cyclomaticComplexity="3" sequenceCoverage="0" branchCoverage="0" isConstructor="false" isStatic="false" isGetter="false" isSetter="false">
              <Summary numSequencePoints="1" visitedSequencePoints="0" numBranchPoints="5" visitedBranchPoints="0" sequenceCoverage="0" branchCoverage="0" maxCyclomaticComplexity="3" minCyclomaticComplexity="3" />
              <MetadataToken>100664168</MetadataToken>
              <Name>System.Collections.Generic.List`1&lt;SigStat.Common.Signature&gt; SigStat.Common.DutchSampler3/&lt;&gt;c::&lt;.ctor&gt;b__1_1(System.Collections.Generic.List`1&lt;SigStat.Common.Signature&gt;)</Name>
              <FileRef uid="6" />
              <SequencePoints>
                <SequencePoint vc="0" uspid="451" ordinal="0" offset="0" sl="157" sc="19" el="157" ec="133" />
              </SequencePoints>
              <BranchPoints>
                <BranchPoint vc="0" uspid="452" ordinal="0" offset="7" path="0" />
                <BranchPoint vc="0" uspid="453" ordinal="1" offset="7" path="1" />
                <BranchPoint vc="0" uspid="454" ordinal="2" offset="43" path="0" />
                <BranchPoint vc="0" uspid="455" ordinal="3" offset="43" path="1" />
              </BranchPoints>
              <MethodPoint xsi:type="SequencePoint" vc="0" uspid="451" ordinal="0" offset="0" sl="157" sc="19" el="157" ec="133" />
            </Method>
            <Method visited="false" cyclomaticComplexity="1" sequenceCoverage="0" branchCoverage="0" isConstructor="false" isStatic="false" isGetter="false" isSetter="false">
              <Summary numSequencePoints="1" visitedSequencePoints="0" numBranchPoints="1" visitedBranchPoints="0" sequenceCoverage="0" branchCoverage="0" maxCyclomaticComplexity="1" minCyclomaticComplexity="1" />
              <MetadataToken>100664169</MetadataToken>
              <Name>System.Boolean SigStat.Common.DutchSampler3/&lt;&gt;c::&lt;.ctor&gt;b__1_5(SigStat.Common.Signature)</Name>
              <FileRef uid="6" />
              <SequencePoints>
                <SequencePoint vc="0" uspid="456" ordinal="0" offset="0" sl="157" sc="33" el="157" ec="59" />
              </SequencePoints>
              <BranchPoints />
              <MethodPoint xsi:type="SequencePoint" vc="0" uspid="456" ordinal="0" offset="0" sl="157" sc="33" el="157" ec="59" />
            </Method>
            <Method visited="false" cyclomaticComplexity="1" sequenceCoverage="0" branchCoverage="0" isConstructor="false" isStatic="false" isGetter="false" isSetter="false">
              <Summary numSequencePoints="1" visitedSequencePoints="0" numBranchPoints="1" visitedBranchPoints="0" sequenceCoverage="0" branchCoverage="0" maxCyclomaticComplexity="1" minCyclomaticComplexity="1" />
              <MetadataToken>100664170</MetadataToken>
              <Name>System.Boolean SigStat.Common.DutchSampler3/&lt;&gt;c::&lt;.ctor&gt;b__1_6(SigStat.Common.Signature)</Name>
              <FileRef uid="6" />
              <SequencePoints>
                <SequencePoint vc="0" uspid="457" ordinal="0" offset="0" sl="157" sc="72" el="157" ec="123" />
              </SequencePoints>
              <BranchPoints />
              <MethodPoint xsi:type="SequencePoint" vc="0" uspid="457" ordinal="0" offset="0" sl="157" sc="72" el="157" ec="123" />
            </Method>
            <Method visited="false" cyclomaticComplexity="2" sequenceCoverage="0" branchCoverage="0" isConstructor="false" isStatic="false" isGetter="false" isSetter="false">
              <Summary numSequencePoints="1" visitedSequencePoints="0" numBranchPoints="3" visitedBranchPoints="0" sequenceCoverage="0" branchCoverage="0" maxCyclomaticComplexity="2" minCyclomaticComplexity="2" />
              <MetadataToken>100664171</MetadataToken>
              <Name>System.Collections.Generic.List`1&lt;SigStat.Common.Signature&gt; SigStat.Common.DutchSampler3/&lt;&gt;c::&lt;.ctor&gt;b__1_2(System.Collections.Generic.List`1&lt;SigStat.Common.Signature&gt;)</Name>
              <FileRef uid="6" />
              <SequencePoints>
                <SequencePoint vc="0" uspid="458" ordinal="0" offset="0" sl="158" sc="19" el="158" ec="68" />
              </SequencePoints>
              <BranchPoints>
                <BranchPoint vc="0" uspid="459" ordinal="0" offset="7" path="0" />
                <BranchPoint vc="0" uspid="460" ordinal="1" offset="7" path="1" />
              </BranchPoints>
              <MethodPoint xsi:type="SequencePoint" vc="0" uspid="458" ordinal="0" offset="0" sl="158" sc="19" el="158" ec="68" />
            </Method>
            <Method visited="false" cyclomaticComplexity="1" sequenceCoverage="0" branchCoverage="0" isConstructor="false" isStatic="false" isGetter="false" isSetter="false">
              <Summary numSequencePoints="1" visitedSequencePoints="0" numBranchPoints="1" visitedBranchPoints="0" sequenceCoverage="0" branchCoverage="0" maxCyclomaticComplexity="1" minCyclomaticComplexity="1" />
              <MetadataToken>100664172</MetadataToken>
              <Name>System.Boolean SigStat.Common.DutchSampler3/&lt;&gt;c::&lt;.ctor&gt;b__1_7(SigStat.Common.Signature)</Name>
              <FileRef uid="6" />
              <SequencePoints>
                <SequencePoint vc="0" uspid="461" ordinal="0" offset="0" sl="158" sc="33" el="158" ec="58" />
              </SequencePoints>
              <BranchPoints />
              <MethodPoint xsi:type="SequencePoint" vc="0" uspid="461" ordinal="0" offset="0" sl="158" sc="33" el="158" ec="58" />
            </Method>
          </Methods>
        </Class>
        <Class>
          <Summary numSequencePoints="3" visitedSequencePoints="0" numBranchPoints="8" visitedBranchPoints="0" sequenceCoverage="0" branchCoverage="0" maxCyclomaticComplexity="4" minCyclomaticComplexity="1" />
          <FullName>SigStat.Common.DutchSampler4</FullName>
          <Methods>
            <Method visited="false" cyclomaticComplexity="4" sequenceCoverage="0" branchCoverage="0" isConstructor="true" isStatic="false" isGetter="false" isSetter="false">
              <Summary numSequencePoints="2" visitedSequencePoints="0" numBranchPoints="7" visitedBranchPoints="0" sequenceCoverage="0" branchCoverage="0" maxCyclomaticComplexity="4" minCyclomaticComplexity="4" />
              <MetadataToken>100663371</MetadataToken>
              <Name>System.Void SigStat.Common.DutchSampler4::.ctor()</Name>
              <FileRef uid="6" />
              <SequencePoints>
                <SequencePoint vc="0" uspid="462" ordinal="0" offset="0" sl="165" sc="34" el="168" ec="69" />
                <SequencePoint vc="0" uspid="463" ordinal="1" offset="99" sl="169" sc="11" el="169" ec="12" />
              </SequencePoints>
              <BranchPoints>
                <BranchPoint vc="0" uspid="464" ordinal="0" offset="7" path="0" />
                <BranchPoint vc="0" uspid="465" ordinal="1" offset="7" path="1" />
                <BranchPoint vc="0" uspid="466" ordinal="2" offset="38" path="0" />
                <BranchPoint vc="0" uspid="467" ordinal="3" offset="38" path="1" />
                <BranchPoint vc="0" uspid="468" ordinal="4" offset="69" path="0" />
                <BranchPoint vc="0" uspid="469" ordinal="5" offset="69" path="1" />
              </BranchPoints>
              <MethodPoint xsi:type="SequencePoint" vc="0" uspid="462" ordinal="0" offset="0" sl="165" sc="34" el="168" ec="69" />
            </Method>
            <Method visited="false" cyclomaticComplexity="1" sequenceCoverage="0" branchCoverage="0" isConstructor="true" isStatic="true" isGetter="false" isSetter="false">
              <Summary numSequencePoints="1" visitedSequencePoints="0" numBranchPoints="1" visitedBranchPoints="0" sequenceCoverage="0" branchCoverage="0" maxCyclomaticComplexity="1" minCyclomaticComplexity="1" />
              <MetadataToken>100663372</MetadataToken>
              <Name>System.Void SigStat.Common.DutchSampler4::.cctor()</Name>
              <FileRef uid="6" />
              <SequencePoints>
                <SequencePoint vc="0" uspid="470" ordinal="0" offset="0" sl="164" sc="9" el="164" ec="105" />
              </SequencePoints>
              <BranchPoints />
              <MethodPoint xsi:type="SequencePoint" vc="0" uspid="470" ordinal="0" offset="0" sl="164" sc="9" el="164" ec="105" />
            </Method>
          </Methods>
        </Class>
        <Class>
          <Summary numSequencePoints="8" visitedSequencePoints="0" numBranchPoints="18" visitedBranchPoints="0" sequenceCoverage="0" branchCoverage="0" maxCyclomaticComplexity="3" minCyclomaticComplexity="1" />
          <FullName>SigStat.Common.DutchSampler4/&lt;&gt;c</FullName>
          <Methods>
            <Method visited="false" cyclomaticComplexity="1" sequenceCoverage="0" branchCoverage="0" isConstructor="true" isStatic="true" isGetter="false" isSetter="false">
              <Summary numSequencePoints="0" visitedSequencePoints="0" numBranchPoints="0" visitedBranchPoints="0" sequenceCoverage="0" branchCoverage="0" maxCyclomaticComplexity="1" minCyclomaticComplexity="1" />
              <MetadataToken>100664173</MetadataToken>
              <Name>System.Void SigStat.Common.DutchSampler4/&lt;&gt;c::.cctor()</Name>
              <SequencePoints />
              <BranchPoints />
              <MethodPoint vc="0" uspid="471" ordinal="0" offset="0" />
            </Method>
            <Method visited="false" cyclomaticComplexity="1" sequenceCoverage="0" branchCoverage="0" isConstructor="true" isStatic="false" isGetter="false" isSetter="false">
              <Summary numSequencePoints="0" visitedSequencePoints="0" numBranchPoints="0" visitedBranchPoints="0" sequenceCoverage="0" branchCoverage="0" maxCyclomaticComplexity="1" minCyclomaticComplexity="1" />
              <MetadataToken>100664174</MetadataToken>
              <Name>System.Void SigStat.Common.DutchSampler4/&lt;&gt;c::.ctor()</Name>
              <SequencePoints />
              <BranchPoints />
              <MethodPoint vc="0" uspid="472" ordinal="0" offset="0" />
            </Method>
            <Method visited="false" cyclomaticComplexity="3" sequenceCoverage="0" branchCoverage="0" isConstructor="false" isStatic="false" isGetter="false" isSetter="false">
              <Summary numSequencePoints="1" visitedSequencePoints="0" numBranchPoints="5" visitedBranchPoints="0" sequenceCoverage="0" branchCoverage="0" maxCyclomaticComplexity="3" minCyclomaticComplexity="3" />
              <MetadataToken>100664175</MetadataToken>
              <Name>System.Collections.Generic.List`1&lt;SigStat.Common.Signature&gt; SigStat.Common.DutchSampler4/&lt;&gt;c::&lt;.ctor&gt;b__1_0(System.Collections.Generic.List`1&lt;SigStat.Common.Signature&gt;)</Name>
              <FileRef uid="6" />
              <SequencePoints>
                <SequencePoint vc="0" uspid="473" ordinal="0" offset="0" sl="166" sc="19" el="166" ec="132" />
              </SequencePoints>
              <BranchPoints>
                <BranchPoint vc="0" uspid="474" ordinal="0" offset="7" path="0" />
                <BranchPoint vc="0" uspid="475" ordinal="1" offset="7" path="1" />
                <BranchPoint vc="0" uspid="476" ordinal="2" offset="43" path="0" />
                <BranchPoint vc="0" uspid="477" ordinal="3" offset="43" path="1" />
              </BranchPoints>
              <MethodPoint xsi:type="SequencePoint" vc="0" uspid="473" ordinal="0" offset="0" sl="166" sc="19" el="166" ec="132" />
            </Method>
            <Method visited="false" cyclomaticComplexity="1" sequenceCoverage="0" branchCoverage="0" isConstructor="false" isStatic="false" isGetter="false" isSetter="false">
              <Summary numSequencePoints="1" visitedSequencePoints="0" numBranchPoints="1" visitedBranchPoints="0" sequenceCoverage="0" branchCoverage="0" maxCyclomaticComplexity="1" minCyclomaticComplexity="1" />
              <MetadataToken>100664176</MetadataToken>
              <Name>System.Boolean SigStat.Common.DutchSampler4/&lt;&gt;c::&lt;.ctor&gt;b__1_3(SigStat.Common.Signature)</Name>
              <FileRef uid="6" />
              <SequencePoints>
                <SequencePoint vc="0" uspid="478" ordinal="0" offset="0" sl="166" sc="33" el="166" ec="59" />
              </SequencePoints>
              <BranchPoints />
              <MethodPoint xsi:type="SequencePoint" vc="0" uspid="478" ordinal="0" offset="0" sl="166" sc="33" el="166" ec="59" />
            </Method>
            <Method visited="false" cyclomaticComplexity="1" sequenceCoverage="0" branchCoverage="0" isConstructor="false" isStatic="false" isGetter="false" isSetter="false">
              <Summary numSequencePoints="1" visitedSequencePoints="0" numBranchPoints="1" visitedBranchPoints="0" sequenceCoverage="0" branchCoverage="0" maxCyclomaticComplexity="1" minCyclomaticComplexity="1" />
              <MetadataToken>100664177</MetadataToken>
              <Name>System.Boolean SigStat.Common.DutchSampler4/&lt;&gt;c::&lt;.ctor&gt;b__1_4(SigStat.Common.Signature)</Name>
              <FileRef uid="6" />
              <SequencePoints>
                <SequencePoint vc="0" uspid="479" ordinal="0" offset="0" sl="166" sc="72" el="166" ec="122" />
              </SequencePoints>
              <BranchPoints />
              <MethodPoint xsi:type="SequencePoint" vc="0" uspid="479" ordinal="0" offset="0" sl="166" sc="72" el="166" ec="122" />
            </Method>
            <Method visited="false" cyclomaticComplexity="3" sequenceCoverage="0" branchCoverage="0" isConstructor="false" isStatic="false" isGetter="false" isSetter="false">
              <Summary numSequencePoints="1" visitedSequencePoints="0" numBranchPoints="5" visitedBranchPoints="0" sequenceCoverage="0" branchCoverage="0" maxCyclomaticComplexity="3" minCyclomaticComplexity="3" />
              <MetadataToken>100664178</MetadataToken>
              <Name>System.Collections.Generic.List`1&lt;SigStat.Common.Signature&gt; SigStat.Common.DutchSampler4/&lt;&gt;c::&lt;.ctor&gt;b__1_1(System.Collections.Generic.List`1&lt;SigStat.Common.Signature&gt;)</Name>
              <FileRef uid="6" />
              <SequencePoints>
                <SequencePoint vc="0" uspid="480" ordinal="0" offset="0" sl="167" sc="19" el="167" ec="133" />
              </SequencePoints>
              <BranchPoints>
                <BranchPoint vc="0" uspid="481" ordinal="0" offset="7" path="0" />
                <BranchPoint vc="0" uspid="482" ordinal="1" offset="7" path="1" />
                <BranchPoint vc="0" uspid="483" ordinal="2" offset="43" path="0" />
                <BranchPoint vc="0" uspid="484" ordinal="3" offset="43" path="1" />
              </BranchPoints>
              <MethodPoint xsi:type="SequencePoint" vc="0" uspid="480" ordinal="0" offset="0" sl="167" sc="19" el="167" ec="133" />
            </Method>
            <Method visited="false" cyclomaticComplexity="1" sequenceCoverage="0" branchCoverage="0" isConstructor="false" isStatic="false" isGetter="false" isSetter="false">
              <Summary numSequencePoints="1" visitedSequencePoints="0" numBranchPoints="1" visitedBranchPoints="0" sequenceCoverage="0" branchCoverage="0" maxCyclomaticComplexity="1" minCyclomaticComplexity="1" />
              <MetadataToken>100664179</MetadataToken>
              <Name>System.Boolean SigStat.Common.DutchSampler4/&lt;&gt;c::&lt;.ctor&gt;b__1_5(SigStat.Common.Signature)</Name>
              <FileRef uid="6" />
              <SequencePoints>
                <SequencePoint vc="0" uspid="485" ordinal="0" offset="0" sl="167" sc="33" el="167" ec="59" />
              </SequencePoints>
              <BranchPoints />
              <MethodPoint xsi:type="SequencePoint" vc="0" uspid="485" ordinal="0" offset="0" sl="167" sc="33" el="167" ec="59" />
            </Method>
            <Method visited="false" cyclomaticComplexity="1" sequenceCoverage="0" branchCoverage="0" isConstructor="false" isStatic="false" isGetter="false" isSetter="false">
              <Summary numSequencePoints="1" visitedSequencePoints="0" numBranchPoints="1" visitedBranchPoints="0" sequenceCoverage="0" branchCoverage="0" maxCyclomaticComplexity="1" minCyclomaticComplexity="1" />
              <MetadataToken>100664180</MetadataToken>
              <Name>System.Boolean SigStat.Common.DutchSampler4/&lt;&gt;c::&lt;.ctor&gt;b__1_6(SigStat.Common.Signature)</Name>
              <FileRef uid="6" />
              <SequencePoints>
                <SequencePoint vc="0" uspid="486" ordinal="0" offset="0" sl="167" sc="72" el="167" ec="123" />
              </SequencePoints>
              <BranchPoints />
              <MethodPoint xsi:type="SequencePoint" vc="0" uspid="486" ordinal="0" offset="0" sl="167" sc="72" el="167" ec="123" />
            </Method>
            <Method visited="false" cyclomaticComplexity="2" sequenceCoverage="0" branchCoverage="0" isConstructor="false" isStatic="false" isGetter="false" isSetter="false">
              <Summary numSequencePoints="1" visitedSequencePoints="0" numBranchPoints="3" visitedBranchPoints="0" sequenceCoverage="0" branchCoverage="0" maxCyclomaticComplexity="2" minCyclomaticComplexity="2" />
              <MetadataToken>100664181</MetadataToken>
              <Name>System.Collections.Generic.List`1&lt;SigStat.Common.Signature&gt; SigStat.Common.DutchSampler4/&lt;&gt;c::&lt;.ctor&gt;b__1_2(System.Collections.Generic.List`1&lt;SigStat.Common.Signature&gt;)</Name>
              <FileRef uid="6" />
              <SequencePoints>
                <SequencePoint vc="0" uspid="487" ordinal="0" offset="0" sl="168" sc="19" el="168" ec="68" />
              </SequencePoints>
              <BranchPoints>
                <BranchPoint vc="0" uspid="488" ordinal="0" offset="7" path="0" />
                <BranchPoint vc="0" uspid="489" ordinal="1" offset="7" path="1" />
              </BranchPoints>
              <MethodPoint xsi:type="SequencePoint" vc="0" uspid="487" ordinal="0" offset="0" sl="168" sc="19" el="168" ec="68" />
            </Method>
            <Method visited="false" cyclomaticComplexity="1" sequenceCoverage="0" branchCoverage="0" isConstructor="false" isStatic="false" isGetter="false" isSetter="false">
              <Summary numSequencePoints="1" visitedSequencePoints="0" numBranchPoints="1" visitedBranchPoints="0" sequenceCoverage="0" branchCoverage="0" maxCyclomaticComplexity="1" minCyclomaticComplexity="1" />
              <MetadataToken>100664182</MetadataToken>
              <Name>System.Boolean SigStat.Common.DutchSampler4/&lt;&gt;c::&lt;.ctor&gt;b__1_7(SigStat.Common.Signature)</Name>
              <FileRef uid="6" />
              <SequencePoints>
                <SequencePoint vc="0" uspid="490" ordinal="0" offset="0" sl="168" sc="33" el="168" ec="58" />
              </SequencePoints>
              <BranchPoints />
              <MethodPoint xsi:type="SequencePoint" vc="0" uspid="490" ordinal="0" offset="0" sl="168" sc="33" el="168" ec="58" />
            </Method>
          </Methods>
        </Class>
        <Class>
          <Summary numSequencePoints="2" visitedSequencePoints="0" numBranchPoints="1" visitedBranchPoints="0" sequenceCoverage="0" branchCoverage="0" maxCyclomaticComplexity="1" minCyclomaticComplexity="1" />
          <FullName>SigStat.Common.SigStatEvents</FullName>
          <Methods>
            <Method visited="false" cyclomaticComplexity="1" sequenceCoverage="0" branchCoverage="0" isConstructor="true" isStatic="true" isGetter="false" isSetter="false">
              <Summary numSequencePoints="2" visitedSequencePoints="0" numBranchPoints="1" visitedBranchPoints="0" sequenceCoverage="0" branchCoverage="0" maxCyclomaticComplexity="1" minCyclomaticComplexity="1" />
              <MetadataToken>100663373</MetadataToken>
              <Name>System.Void SigStat.Common.SigStatEvents::.cctor()</Name>
              <FileRef uid="31" />
              <SequencePoints>
                <SequencePoint vc="0" uspid="491" ordinal="0" offset="0" sl="16" sc="9" el="16" ec="100" />
                <SequencePoint vc="0" uspid="492" ordinal="1" offset="20" sl="20" sc="9" el="20" ec="98" />
              </SequencePoints>
              <BranchPoints />
              <MethodPoint xsi:type="SequencePoint" vc="0" uspid="491" ordinal="0" offset="0" sl="16" sc="9" el="16" ec="100" />
            </Method>
          </Methods>
        </Class>
        <Class>
          <Summary numSequencePoints="7" visitedSequencePoints="0" numBranchPoints="1" visitedBranchPoints="0" sequenceCoverage="0" branchCoverage="0" maxCyclomaticComplexity="1" minCyclomaticComplexity="1" />
          <FullName>SigStat.Common.Result</FullName>
          <Methods>
            <Method visited="false" cyclomaticComplexity="1" sequenceCoverage="0" branchCoverage="0" isConstructor="true" isStatic="false" isGetter="false" isSetter="false">
              <Summary numSequencePoints="7" visitedSequencePoints="0" numBranchPoints="1" visitedBranchPoints="0" sequenceCoverage="0" branchCoverage="0" maxCyclomaticComplexity="1" minCyclomaticComplexity="1" />
              <MetadataToken>100663374</MetadataToken>
              <Name>System.Void SigStat.Common.Result::.ctor(System.String,System.Double,System.Double,System.Double,SigStat.Common.Pipeline.ISignerModel)</Name>
              <FileRef uid="32" />
              <SequencePoints>
                <SequencePoint vc="0" uspid="493" ordinal="0" offset="0" sl="39" sc="9" el="39" ec="95" />
                <SequencePoint vc="0" uspid="494" ordinal="1" offset="6" sl="41" sc="13" el="41" ec="29" />
                <SequencePoint vc="0" uspid="495" ordinal="2" offset="13" sl="42" sc="13" el="42" ec="23" />
                <SequencePoint vc="0" uspid="496" ordinal="3" offset="20" sl="43" sc="13" el="43" ec="23" />
                <SequencePoint vc="0" uspid="497" ordinal="4" offset="27" sl="44" sc="13" el="44" ec="23" />
                <SequencePoint vc="0" uspid="498" ordinal="5" offset="35" sl="45" sc="13" el="45" ec="27" />
                <SequencePoint vc="0" uspid="499" ordinal="6" offset="43" sl="46" sc="9" el="46" ec="10" />
              </SequencePoints>
              <BranchPoints />
              <MethodPoint xsi:type="SequencePoint" vc="0" uspid="493" ordinal="0" offset="0" sl="39" sc="9" el="39" ec="95" />
            </Method>
          </Methods>
        </Class>
        <Class>
          <Summary numSequencePoints="3" visitedSequencePoints="0" numBranchPoints="1" visitedBranchPoints="0" sequenceCoverage="0" branchCoverage="0" maxCyclomaticComplexity="1" minCyclomaticComplexity="1" />
          <FullName>SigStat.Common.BenchmarkResults</FullName>
          <Methods>
            <Method visited="false" cyclomaticComplexity="1" sequenceCoverage="0" branchCoverage="0" isConstructor="true" isStatic="false" isGetter="false" isSetter="false">
              <Summary numSequencePoints="3" visitedSequencePoints="0" numBranchPoints="1" visitedBranchPoints="0" sequenceCoverage="0" branchCoverage="0" maxCyclomaticComplexity="1" minCyclomaticComplexity="1" />
              <MetadataToken>100663375</MetadataToken>
              <Name>System.Void SigStat.Common.BenchmarkResults::.ctor(System.Collections.Generic.List`1&lt;SigStat.Common.Result&gt;,SigStat.Common.Result)</Name>
              <FileRef uid="32" />
              <SequencePoints>
                <SequencePoint vc="0" uspid="500" ordinal="0" offset="0" sl="60" sc="13" el="60" ec="43" />
                <SequencePoint vc="0" uspid="501" ordinal="1" offset="7" sl="61" sc="13" el="61" ec="39" />
                <SequencePoint vc="0" uspid="502" ordinal="2" offset="14" sl="62" sc="9" el="62" ec="10" />
              </SequencePoints>
              <BranchPoints />
              <MethodPoint xsi:type="SequencePoint" vc="0" uspid="500" ordinal="0" offset="0" sl="60" sc="13" el="60" ec="43" />
            </Method>
          </Methods>
        </Class>
        <Class>
          <Summary numSequencePoints="88" visitedSequencePoints="0" numBranchPoints="43" visitedBranchPoints="0" sequenceCoverage="0" branchCoverage="0" maxCyclomaticComplexity="8" minCyclomaticComplexity="1" />
          <FullName>SigStat.Common.VerifierBenchmark</FullName>
          <Methods>
            <Method visited="false" cyclomaticComplexity="1" sequenceCoverage="0" branchCoverage="0" isConstructor="false" isStatic="false" isGetter="true" isSetter="false">
              <Summary numSequencePoints="1" visitedSequencePoints="0" numBranchPoints="1" visitedBranchPoints="0" sequenceCoverage="0" branchCoverage="0" maxCyclomaticComplexity="1" minCyclomaticComplexity="1" />
              <MetadataToken>100663376</MetadataToken>
              <Name>SigStat.Common.Model.Verifier SigStat.Common.VerifierBenchmark::get_Verifier()</Name>
              <FileRef uid="32" />
              <SequencePoints>
                <SequencePoint vc="0" uspid="503" ordinal="0" offset="0" sl="79" sc="20" el="79" ec="28" />
              </SequencePoints>
              <BranchPoints />
              <MethodPoint xsi:type="SequencePoint" vc="0" uspid="503" ordinal="0" offset="0" sl="79" sc="20" el="79" ec="28" />
            </Method>
            <Method visited="false" cyclomaticComplexity="2" sequenceCoverage="0" branchCoverage="0" isConstructor="false" isStatic="false" isGetter="false" isSetter="true">
              <Summary numSequencePoints="4" visitedSequencePoints="0" numBranchPoints="3" visitedBranchPoints="0" sequenceCoverage="0" branchCoverage="0" maxCyclomaticComplexity="2" minCyclomaticComplexity="2" />
              <MetadataToken>100663377</MetadataToken>
              <Name>System.Void SigStat.Common.VerifierBenchmark::set_Verifier(SigStat.Common.Model.Verifier)</Name>
              <FileRef uid="32" />
              <SequencePoints>
                <SequencePoint vc="0" uspid="504" ordinal="0" offset="0" sl="82" sc="17" el="82" ec="34" />
                <SequencePoint vc="0" uspid="505" ordinal="1" offset="7" sl="83" sc="17" el="83" ec="38" />
                <SequencePoint vc="0" uspid="506" ordinal="2" offset="15" sl="85" sc="21" el="85" ec="46" />
                <SequencePoint vc="0" uspid="507" ordinal="3" offset="32" sl="87" sc="13" el="87" ec="14" />
              </SequencePoints>
              <BranchPoints>
                <BranchPoint vc="0" uspid="508" ordinal="0" offset="13" path="0" />
                <BranchPoint vc="0" uspid="509" ordinal="1" offset="13" path="1" />
              </BranchPoints>
              <MethodPoint xsi:type="SequencePoint" vc="0" uspid="504" ordinal="0" offset="0" sl="82" sc="17" el="82" ec="34" />
            </Method>
            <Method visited="false" cyclomaticComplexity="1" sequenceCoverage="0" branchCoverage="0" isConstructor="false" isStatic="false" isGetter="true" isSetter="false">
              <Summary numSequencePoints="1" visitedSequencePoints="0" numBranchPoints="1" visitedBranchPoints="0" sequenceCoverage="0" branchCoverage="0" maxCyclomaticComplexity="1" minCyclomaticComplexity="1" />
              <MetadataToken>100663379</MetadataToken>
              <Name>Microsoft.Extensions.Logging.ILogger SigStat.Common.VerifierBenchmark::get_Logger()</Name>
              <FileRef uid="32" />
              <SequencePoints>
                <SequencePoint vc="0" uspid="510" ordinal="0" offset="0" sl="155" sc="20" el="155" ec="26" />
              </SequencePoints>
              <BranchPoints />
              <MethodPoint xsi:type="SequencePoint" vc="0" uspid="510" ordinal="0" offset="0" sl="155" sc="20" el="155" ec="26" />
            </Method>
            <Method visited="false" cyclomaticComplexity="2" sequenceCoverage="0" branchCoverage="0" isConstructor="false" isStatic="false" isGetter="false" isSetter="true">
              <Summary numSequencePoints="4" visitedSequencePoints="0" numBranchPoints="3" visitedBranchPoints="0" sequenceCoverage="0" branchCoverage="0" maxCyclomaticComplexity="2" minCyclomaticComplexity="2" />
              <MetadataToken>100663380</MetadataToken>
              <Name>System.Void SigStat.Common.VerifierBenchmark::set_Logger(Microsoft.Extensions.Logging.ILogger)</Name>
              <FileRef uid="32" />
              <SequencePoints>
                <SequencePoint vc="0" uspid="511" ordinal="0" offset="0" sl="158" sc="17" el="158" ec="32" />
                <SequencePoint vc="0" uspid="512" ordinal="1" offset="7" sl="159" sc="17" el="159" ec="38" />
                <SequencePoint vc="0" uspid="513" ordinal="2" offset="15" sl="161" sc="21" el="161" ec="46" />
                <SequencePoint vc="0" uspid="514" ordinal="3" offset="32" sl="163" sc="13" el="163" ec="14" />
              </SequencePoints>
              <BranchPoints>
                <BranchPoint vc="0" uspid="515" ordinal="0" offset="13" path="0" />
                <BranchPoint vc="0" uspid="516" ordinal="1" offset="13" path="1" />
              </BranchPoints>
              <MethodPoint xsi:type="SequencePoint" vc="0" uspid="511" ordinal="0" offset="0" sl="158" sc="17" el="158" ec="32" />
            </Method>
            <Method visited="false" cyclomaticComplexity="1" sequenceCoverage="0" branchCoverage="0" isConstructor="false" isStatic="false" isGetter="true" isSetter="false">
              <Summary numSequencePoints="1" visitedSequencePoints="0" numBranchPoints="1" visitedBranchPoints="0" sequenceCoverage="0" branchCoverage="0" maxCyclomaticComplexity="1" minCyclomaticComplexity="1" />
              <MetadataToken>100663381</MetadataToken>
              <Name>System.Int32 SigStat.Common.VerifierBenchmark::get_Progress()</Name>
              <FileRef uid="32" />
              <SequencePoints>
                <SequencePoint vc="0" uspid="517" ordinal="0" offset="0" sl="168" sc="38" el="168" ec="46" />
              </SequencePoints>
              <BranchPoints />
              <MethodPoint xsi:type="SequencePoint" vc="0" uspid="517" ordinal="0" offset="0" sl="168" sc="38" el="168" ec="46" />
            </Method>
            <Method visited="false" cyclomaticComplexity="2" sequenceCoverage="0" branchCoverage="0" isConstructor="false" isStatic="false" isGetter="false" isSetter="true">
              <Summary numSequencePoints="3" visitedSequencePoints="0" numBranchPoints="3" visitedBranchPoints="0" sequenceCoverage="0" branchCoverage="0" maxCyclomaticComplexity="2" minCyclomaticComplexity="2" />
              <MetadataToken>100663382</MetadataToken>
              <Name>System.Void SigStat.Common.VerifierBenchmark::set_Progress(System.Int32)</Name>
              <FileRef uid="32" />
              <SequencePoints>
                <SequencePoint vc="0" uspid="518" ordinal="0" offset="0" sl="168" sc="54" el="168" ec="71" />
                <SequencePoint vc="0" uspid="519" ordinal="1" offset="7" sl="168" sc="72" el="168" ec="109" />
                <SequencePoint vc="0" uspid="520" ordinal="2" offset="25" sl="168" sc="110" el="168" ec="111" />
              </SequencePoints>
              <BranchPoints>
                <BranchPoint vc="0" uspid="521" ordinal="0" offset="14" path="0" />
                <BranchPoint vc="0" uspid="522" ordinal="1" offset="14" path="1" />
              </BranchPoints>
              <MethodPoint xsi:type="SequencePoint" vc="0" uspid="518" ordinal="0" offset="0" sl="168" sc="54" el="168" ec="71" />
            </Method>
            <Method visited="false" cyclomaticComplexity="1" sequenceCoverage="0" branchCoverage="0" isConstructor="false" isStatic="false" isGetter="true" isSetter="false">
              <Summary numSequencePoints="1" visitedSequencePoints="0" numBranchPoints="1" visitedBranchPoints="0" sequenceCoverage="0" branchCoverage="0" maxCyclomaticComplexity="1" minCyclomaticComplexity="1" />
              <MetadataToken>100663383</MetadataToken>
              <Name>SigStat.Common.Loaders.IDataSetLoader SigStat.Common.VerifierBenchmark::get_Loader()</Name>
              <FileRef uid="32" />
              <SequencePoints>
                <SequencePoint vc="0" uspid="523" ordinal="0" offset="0" sl="173" sc="47" el="173" ec="53" />
              </SequencePoints>
              <BranchPoints />
              <MethodPoint xsi:type="SequencePoint" vc="0" uspid="523" ordinal="0" offset="0" sl="173" sc="47" el="173" ec="53" />
            </Method>
            <Method visited="false" cyclomaticComplexity="1" sequenceCoverage="0" branchCoverage="0" isConstructor="false" isStatic="false" isGetter="false" isSetter="true">
              <Summary numSequencePoints="1" visitedSequencePoints="0" numBranchPoints="1" visitedBranchPoints="0" sequenceCoverage="0" branchCoverage="0" maxCyclomaticComplexity="1" minCyclomaticComplexity="1" />
              <MetadataToken>100663384</MetadataToken>
              <Name>System.Void SigStat.Common.VerifierBenchmark::set_Loader(SigStat.Common.Loaders.IDataSetLoader)</Name>
              <FileRef uid="32" />
              <SequencePoints>
                <SequencePoint vc="0" uspid="524" ordinal="0" offset="0" sl="173" sc="62" el="173" ec="76" />
              </SequencePoints>
              <BranchPoints />
              <MethodPoint xsi:type="SequencePoint" vc="0" uspid="524" ordinal="0" offset="0" sl="173" sc="62" el="173" ec="76" />
            </Method>
            <Method visited="false" cyclomaticComplexity="1" sequenceCoverage="0" branchCoverage="0" isConstructor="false" isStatic="false" isGetter="true" isSetter="false">
              <Summary numSequencePoints="1" visitedSequencePoints="0" numBranchPoints="1" visitedBranchPoints="0" sequenceCoverage="0" branchCoverage="0" maxCyclomaticComplexity="1" minCyclomaticComplexity="1" />
              <MetadataToken>100663385</MetadataToken>
              <Name>SigStat.Common.Sampler SigStat.Common.VerifierBenchmark::get_Sampler()</Name>
              <FileRef uid="32" />
              <SequencePoints>
                <SequencePoint vc="0" uspid="525" ordinal="0" offset="0" sl="177" sc="41" el="177" ec="48" />
              </SequencePoints>
              <BranchPoints />
              <MethodPoint xsi:type="SequencePoint" vc="0" uspid="525" ordinal="0" offset="0" sl="177" sc="41" el="177" ec="48" />
            </Method>
            <Method visited="false" cyclomaticComplexity="1" sequenceCoverage="0" branchCoverage="0" isConstructor="false" isStatic="false" isGetter="false" isSetter="true">
              <Summary numSequencePoints="1" visitedSequencePoints="0" numBranchPoints="1" visitedBranchPoints="0" sequenceCoverage="0" branchCoverage="0" maxCyclomaticComplexity="1" minCyclomaticComplexity="1" />
              <MetadataToken>100663386</MetadataToken>
              <Name>System.Void SigStat.Common.VerifierBenchmark::set_Sampler(SigStat.Common.Sampler)</Name>
              <FileRef uid="32" />
              <SequencePoints>
                <SequencePoint vc="0" uspid="526" ordinal="0" offset="0" sl="177" sc="57" el="177" ec="72" />
              </SequencePoints>
              <BranchPoints />
              <MethodPoint xsi:type="SequencePoint" vc="0" uspid="526" ordinal="0" offset="0" sl="177" sc="57" el="177" ec="72" />
            </Method>
            <Method visited="false" cyclomaticComplexity="8" sequenceCoverage="0" branchCoverage="0" isConstructor="false" isStatic="false" isGetter="false" isSetter="false">
              <Summary numSequencePoints="35" visitedSequencePoints="0" numBranchPoints="15" visitedBranchPoints="0" sequenceCoverage="0" branchCoverage="0" maxCyclomaticComplexity="8" minCyclomaticComplexity="8" />
              <MetadataToken>100663378</MetadataToken>
              <Name>System.Void SigStat.Common.VerifierBenchmark::Dump(System.String,System.Collections.Generic.IEnumerable`1&lt;System.Collections.Generic.KeyValuePair`2&lt;System.String,System.String&gt;&gt;)</Name>
              <FileRef uid="32" />
              <SequencePoints>
                <SequencePoint vc="0" uspid="527" ordinal="0" offset="0" sl="92" sc="20" el="92" ec="46" />
                <SequencePoint vc="0" uspid="528" ordinal="1" offset="6" sl="94" sc="17" el="94" ec="73" />
                <SequencePoint vc="0" uspid="529" ordinal="2" offset="28" sl="95" sc="17" el="95" ec="76" />
                <SequencePoint vc="0" uspid="530" ordinal="3" offset="51" sl="96" sc="17" el="96" ec="74" />
                <SequencePoint vc="0" uspid="531" ordinal="4" offset="83" sl="97" sc="17" el="97" ec="93" />
                <SequencePoint vc="0" uspid="532" ordinal="5" offset="107" sl="99" sc="17" el="99" ec="139" />
                <SequencePoint vc="0" uspid="533" ordinal="6" offset="139" sl="100" sc="17" el="106" ec="19" />
                <SequencePoint vc="0" uspid="534" ordinal="7" offset="250" sl="107" sc="17" el="107" ec="100" />
                <SequencePoint vc="0" uspid="535" ordinal="8" offset="268" sl="108" sc="17" el="108" ec="102" />
                <SequencePoint vc="0" uspid="536" ordinal="9" offset="286" sl="109" sc="17" el="114" ec="19" />
                <SequencePoint vc="0" uspid="537" ordinal="10" offset="403" sl="115" sc="17" el="115" ec="101" />
                <SequencePoint vc="0" uspid="538" ordinal="11" offset="421" sl="116" sc="17" el="116" ec="73" />
                <SequencePoint vc="0" uspid="539" ordinal="12" offset="444" sl="117" sc="17" el="117" ec="94" />
                <SequencePoint vc="0" uspid="540" ordinal="13" offset="498" sl="118" sc="17" el="123" ec="20" />
                <SequencePoint vc="0" uspid="541" ordinal="14" offset="538" sl="125" sc="17" el="125" ec="65" />
                <SequencePoint vc="0" uspid="542" ordinal="15" offset="554" sl="127" sc="40" el="127" ec="47" />
                <SequencePoint vc="0" uspid="543" ordinal="16" offset="568" sl="127" sc="26" el="127" ec="36" />
                <SequencePoint vc="0" uspid="544" ordinal="17" offset="577" sl="129" sc="21" el="129" ec="80" />
                <SequencePoint vc="0" uspid="545" ordinal="18" offset="602" sl="130" sc="21" el="130" ec="66" />
                <SequencePoint vc="0" uspid="546" ordinal="19" offset="622" sl="132" sc="25" el="132" ec="69" />
                <SequencePoint vc="0" uspid="547" ordinal="20" offset="636" sl="133" sc="25" el="133" ec="152" />
                <SequencePoint vc="0" uspid="548" ordinal="21" offset="681" sl="134" sc="25" el="134" ec="144" />
                <SequencePoint vc="0" uspid="549" ordinal="22" offset="716" sl="135" sc="25" el="135" ec="114" />
                <SequencePoint vc="0" uspid="550" ordinal="23" offset="737" sl="136" sc="25" el="136" ec="123" />
                <SequencePoint vc="0" uspid="551" ordinal="24" offset="762" sl="137" sc="25" el="137" ec="130" />
                <SequencePoint vc="0" uspid="552" ordinal="25" offset="791" sl="138" sc="21" el="138" ec="22" />
                <SequencePoint vc="0" uspid="553" ordinal="26" offset="793" sl="139" sc="26" el="139" ec="64" />
                <SequencePoint vc="0" uspid="554" ordinal="27" offset="810" sl="141" sc="25" el="141" ec="69" />
                <SequencePoint vc="0" uspid="555" ordinal="28" offset="824" sl="142" sc="25" el="142" ec="144" />
                <SequencePoint vc="0" uspid="556" ordinal="29" offset="859" sl="143" sc="25" el="143" ec="114" />
                <SequencePoint vc="0" uspid="557" ordinal="30" offset="880" sl="144" sc="25" el="144" ec="123" />
                <SequencePoint vc="0" uspid="558" ordinal="31" offset="905" sl="127" sc="37" el="127" ec="39" />
                <SequencePoint vc="0" uspid="559" ordinal="32" offset="933" sl="147" sc="17" el="147" ec="50" />
                <SequencePoint vc="0" uspid="560" ordinal="33" offset="945" sl="148" sc="13" el="148" ec="14" />
                <SequencePoint vc="0" uspid="561" ordinal="34" offset="957" sl="149" sc="9" el="149" ec="10" />
              </SequencePoints>
              <BranchPoints>
                <BranchPoint vc="0" uspid="562" ordinal="0" offset="461" path="0" />
                <BranchPoint vc="0" uspid="563" ordinal="1" offset="461" path="1" />
                <BranchPoint vc="0" uspid="564" ordinal="2" offset="506" path="0" />
                <BranchPoint vc="0" uspid="565" ordinal="3" offset="506" path="1" />
                <BranchPoint vc="0" uspid="566" ordinal="4" offset="617" path="0" />
                <BranchPoint vc="0" uspid="567" ordinal="5" offset="617" path="1" />
                <BranchPoint vc="0" uspid="568" ordinal="6" offset="649" path="0" />
                <BranchPoint vc="0" uspid="569" ordinal="7" offset="649" path="1" />
                <BranchPoint vc="0" uspid="570" ordinal="8" offset="808" path="0" />
                <BranchPoint vc="0" uspid="571" ordinal="9" offset="808" path="1" />
                <BranchPoint vc="0" uspid="572" ordinal="10" offset="912" path="0" />
                <BranchPoint vc="0" uspid="573" ordinal="11" offset="912" path="1" />
                <BranchPoint vc="0" uspid="574" ordinal="12" offset="948" path="0" />
                <BranchPoint vc="0" uspid="575" ordinal="13" offset="948" path="1" />
              </BranchPoints>
              <MethodPoint xsi:type="SequencePoint" vc="0" uspid="527" ordinal="0" offset="0" sl="92" sc="20" el="92" ec="46" />
            </Method>
            <Method visited="false" cyclomaticComplexity="2" sequenceCoverage="0" branchCoverage="0" isConstructor="false" isStatic="false" isGetter="false" isSetter="false">
              <Summary numSequencePoints="0" visitedSequencePoints="0" numBranchPoints="2" visitedBranchPoints="0" sequenceCoverage="0" branchCoverage="0" maxCyclomaticComplexity="2" minCyclomaticComplexity="2" />
              <MetadataToken>100663387</MetadataToken>
              <Name>System.Void SigStat.Common.VerifierBenchmark::add_ProgressChanged(System.EventHandler`1&lt;System.Int32&gt;)</Name>
              <SequencePoints />
              <BranchPoints>
                <BranchPoint vc="0" uspid="577" ordinal="0" offset="38" path="0" />
                <BranchPoint vc="0" uspid="578" ordinal="1" offset="38" path="1" />
              </BranchPoints>
              <MethodPoint vc="0" uspid="576" ordinal="0" offset="0" />
            </Method>
            <Method visited="false" cyclomaticComplexity="2" sequenceCoverage="0" branchCoverage="0" isConstructor="false" isStatic="false" isGetter="false" isSetter="false">
              <Summary numSequencePoints="0" visitedSequencePoints="0" numBranchPoints="2" visitedBranchPoints="0" sequenceCoverage="0" branchCoverage="0" maxCyclomaticComplexity="2" minCyclomaticComplexity="2" />
              <MetadataToken>100663388</MetadataToken>
              <Name>System.Void SigStat.Common.VerifierBenchmark::remove_ProgressChanged(System.EventHandler`1&lt;System.Int32&gt;)</Name>
              <SequencePoints />
              <BranchPoints>
                <BranchPoint vc="0" uspid="580" ordinal="0" offset="38" path="0" />
                <BranchPoint vc="0" uspid="581" ordinal="1" offset="38" path="1" />
              </BranchPoints>
              <MethodPoint vc="0" uspid="579" ordinal="0" offset="0" />
            </Method>
            <Method visited="false" cyclomaticComplexity="1" sequenceCoverage="0" branchCoverage="0" isConstructor="true" isStatic="false" isGetter="false" isSetter="false">
              <Summary numSequencePoints="6" visitedSequencePoints="0" numBranchPoints="1" visitedBranchPoints="0" sequenceCoverage="0" branchCoverage="0" maxCyclomaticComplexity="1" minCyclomaticComplexity="1" />
              <MetadataToken>100663389</MetadataToken>
              <Name>System.Void SigStat.Common.VerifierBenchmark::.ctor()</Name>
              <FileRef uid="32" />
              <SequencePoints>
                <SequencePoint vc="0" uspid="582" ordinal="0" offset="0" sl="68" sc="9" el="68" ec="72" />
                <SequencePoint vc="0" uspid="583" ordinal="1" offset="11" sl="197" sc="9" el="197" ec="55" />
                <SequencePoint vc="0" uspid="584" ordinal="2" offset="22" sl="187" sc="9" el="187" ec="35" />
                <SequencePoint vc="0" uspid="585" ordinal="3" offset="28" sl="189" sc="13" el="189" ec="29" />
                <SequencePoint vc="0" uspid="586" ordinal="4" offset="35" sl="190" sc="13" el="190" ec="45" />
                <SequencePoint vc="0" uspid="587" ordinal="5" offset="46" sl="191" sc="9" el="191" ec="10" />
              </SequencePoints>
              <BranchPoints />
              <MethodPoint xsi:type="SequencePoint" vc="0" uspid="582" ordinal="0" offset="0" sl="68" sc="9" el="68" ec="72" />
            </Method>
            <Method visited="false" cyclomaticComplexity="4" sequenceCoverage="0" branchCoverage="0" isConstructor="false" isStatic="false" isGetter="false" isSetter="false">
              <Summary numSequencePoints="29" visitedSequencePoints="0" numBranchPoints="7" visitedBranchPoints="0" sequenceCoverage="0" branchCoverage="0" maxCyclomaticComplexity="4" minCyclomaticComplexity="4" />
              <MetadataToken>100663390</MetadataToken>
              <Name>SigStat.Common.BenchmarkResults SigStat.Common.VerifierBenchmark::Execute(System.Boolean)</Name>
              <FileRef uid="32" />
              <SequencePoints>
                <SequencePoint vc="0" uspid="588" ordinal="0" offset="13" sl="206" sc="13" el="206" ec="50" />
                <SequencePoint vc="0" uspid="589" ordinal="1" offset="19" sl="209" sc="13" el="209" ec="38" />
                <SequencePoint vc="0" uspid="590" ordinal="2" offset="36" sl="210" sc="13" el="210" ec="109" />
                <SequencePoint vc="0" uspid="591" ordinal="3" offset="62" sl="211" sc="13" el="211" ec="46" />
                <SequencePoint vc="0" uspid="592" ordinal="4" offset="68" sl="212" sc="13" el="212" ec="24" />
                <SequencePoint vc="0" uspid="593" ordinal="5" offset="83" sl="213" sc="13" el="213" ec="24" />
                <SequencePoint vc="0" uspid="594" ordinal="6" offset="98" sl="214" sc="13" el="214" ec="22" />
                <SequencePoint vc="0" uspid="595" ordinal="7" offset="113" sl="216" sc="13" el="216" ec="45" />
                <SequencePoint vc="0" uspid="596" ordinal="8" offset="129" sl="217" sc="13" el="217" ec="71" />
                <SequencePoint vc="0" uspid="597" ordinal="9" offset="151" sl="218" sc="13" el="218" ec="96" />
                <SequencePoint vc="0" uspid="598" ordinal="10" offset="187" sl="220" sc="13" el="220" ec="30" />
                <SequencePoint vc="0" uspid="599" ordinal="11" offset="190" sl="222" sc="17" el="222" ec="108" />
                <SequencePoint vc="0" uspid="600" ordinal="12" offset="224" sl="223" sc="13" el="223" ec="14" />
                <SequencePoint vc="0" uspid="601" ordinal="13" offset="226" sl="226" sc="17" el="226" ec="95" />
                <SequencePoint vc="0" uspid="602" ordinal="14" offset="255" sl="229" sc="13" el="229" ec="54" />
                <SequencePoint vc="0" uspid="603" ordinal="15" offset="270" sl="230" sc="13" el="230" ec="54" />
                <SequencePoint vc="0" uspid="604" ordinal="16" offset="286" sl="231" sc="13" el="231" ec="59" />
                <SequencePoint vc="0" uspid="605" ordinal="17" offset="302" sl="233" sc="13" el="233" ec="63" />
                <SequencePoint vc="0" uspid="606" ordinal="18" offset="322" sl="234" sc="13" el="234" ec="35" />
                <SequencePoint vc="0" uspid="607" ordinal="19" offset="327" sl="236" sc="17" el="236" ec="140" />
                <SequencePoint vc="0" uspid="608" ordinal="20" offset="389" sl="238" sc="13" el="238" ec="36" />
                <SequencePoint vc="0" uspid="609" ordinal="21" offset="397" sl="240" sc="17" el="240" ec="80" />
                <SequencePoint vc="0" uspid="610" ordinal="22" offset="409" sl="241" sc="17" el="241" ec="63" />
                <SequencePoint vc="0" uspid="611" ordinal="23" offset="439" sl="242" sc="17" el="242" ec="26" />
                <SequencePoint vc="0" uspid="612" ordinal="24" offset="442" sl="246" sc="13" el="246" ec="28" />
                <SequencePoint vc="0" uspid="613" ordinal="25" offset="450" sl="247" sc="13" el="247" ec="66" />
                <SequencePoint vc="0" uspid="614" ordinal="26" offset="466" sl="248" sc="13" el="248" ec="116" />
                <SequencePoint vc="0" uspid="615" ordinal="27" offset="490" sl="249" sc="13" el="249" ec="42" />
                <SequencePoint vc="0" uspid="616" ordinal="28" offset="502" sl="250" sc="13" el="250" ec="37" />
              </SequencePoints>
              <BranchPoints>
                <BranchPoint vc="0" uspid="618" ordinal="0" offset="188" path="0" />
                <BranchPoint vc="0" uspid="619" ordinal="1" offset="188" path="1" />
                <BranchPoint vc="0" uspid="620" ordinal="2" offset="325" path="0" />
                <BranchPoint vc="0" uspid="621" ordinal="3" offset="325" path="1" />
                <BranchPoint vc="0" uspid="622" ordinal="4" offset="395" path="0" />
                <BranchPoint vc="0" uspid="623" ordinal="5" offset="395" path="1" />
              </BranchPoints>
              <MethodPoint vc="0" uspid="617" ordinal="0" offset="0" />
            </Method>
            <Method visited="false" cyclomaticComplexity="1" sequenceCoverage="0" branchCoverage="0" isConstructor="false" isStatic="false" isGetter="false" isSetter="false">
              <Summary numSequencePoints="0" visitedSequencePoints="0" numBranchPoints="0" visitedBranchPoints="0" sequenceCoverage="0" branchCoverage="0" maxCyclomaticComplexity="1" minCyclomaticComplexity="1" />
              <MetadataToken>100663391</MetadataToken>
              <Name>System.Collections.Generic.IEnumerable`1&lt;SigStat.Common.Result&gt; SigStat.Common.VerifierBenchmark::benchmarkSigner(SigStat.Common.Signer,System.Int32)</Name>
              <SequencePoints />
              <BranchPoints />
              <MethodPoint vc="0" uspid="624" ordinal="0" offset="0" />
            </Method>
          </Methods>
        </Class>
        <Class>
          <Summary numSequencePoints="3" visitedSequencePoints="0" numBranchPoints="3" visitedBranchPoints="0" sequenceCoverage="0" branchCoverage="0" maxCyclomaticComplexity="1" minCyclomaticComplexity="1" />
          <FullName>SigStat.Common.VerifierBenchmark/&lt;&gt;c</FullName>
          <Methods>
            <Method visited="false" cyclomaticComplexity="1" sequenceCoverage="0" branchCoverage="0" isConstructor="true" isStatic="true" isGetter="false" isSetter="false">
              <Summary numSequencePoints="0" visitedSequencePoints="0" numBranchPoints="0" visitedBranchPoints="0" sequenceCoverage="0" branchCoverage="0" maxCyclomaticComplexity="1" minCyclomaticComplexity="1" />
              <MetadataToken>100664183</MetadataToken>
              <Name>System.Void SigStat.Common.VerifierBenchmark/&lt;&gt;c::.cctor()</Name>
              <SequencePoints />
              <BranchPoints />
              <MethodPoint vc="0" uspid="625" ordinal="0" offset="0" />
            </Method>
            <Method visited="false" cyclomaticComplexity="1" sequenceCoverage="0" branchCoverage="0" isConstructor="true" isStatic="false" isGetter="false" isSetter="false">
              <Summary numSequencePoints="0" visitedSequencePoints="0" numBranchPoints="0" visitedBranchPoints="0" sequenceCoverage="0" branchCoverage="0" maxCyclomaticComplexity="1" minCyclomaticComplexity="1" />
              <MetadataToken>100664184</MetadataToken>
              <Name>System.Void SigStat.Common.VerifierBenchmark/&lt;&gt;c::.ctor()</Name>
              <SequencePoints />
              <BranchPoints />
              <MethodPoint vc="0" uspid="626" ordinal="0" offset="0" />
            </Method>
            <Method visited="false" cyclomaticComplexity="1" sequenceCoverage="0" branchCoverage="0" isConstructor="false" isStatic="false" isGetter="false" isSetter="false">
              <Summary numSequencePoints="1" visitedSequencePoints="0" numBranchPoints="1" visitedBranchPoints="0" sequenceCoverage="0" branchCoverage="0" maxCyclomaticComplexity="1" minCyclomaticComplexity="1" />
              <MetadataToken>100664185</MetadataToken>
              <Name>System.String SigStat.Common.VerifierBenchmark/&lt;&gt;c::&lt;Dump&gt;b__7_0(SigStat.Common.Result)</Name>
              <FileRef uid="32" />
              <SequencePoints>
                <SequencePoint vc="0" uspid="627" ordinal="0" offset="0" sl="117" sc="75" el="117" ec="83" />
              </SequencePoints>
              <BranchPoints />
              <MethodPoint xsi:type="SequencePoint" vc="0" uspid="627" ordinal="0" offset="0" sl="117" sc="75" el="117" ec="83" />
            </Method>
            <Method visited="false" cyclomaticComplexity="1" sequenceCoverage="0" branchCoverage="0" isConstructor="false" isStatic="false" isGetter="false" isSetter="false">
              <Summary numSequencePoints="1" visitedSequencePoints="0" numBranchPoints="1" visitedBranchPoints="0" sequenceCoverage="0" branchCoverage="0" maxCyclomaticComplexity="1" minCyclomaticComplexity="1" />
              <MetadataToken>100664186</MetadataToken>
              <Name>&lt;&gt;f__AnonymousType0`4&lt;System.String,System.Double,System.Double,System.Double&gt; SigStat.Common.VerifierBenchmark/&lt;&gt;c::&lt;Dump&gt;b__7_1(SigStat.Common.Result)</Name>
              <FileRef uid="32" />
              <SequencePoints>
                <SequencePoint vc="0" uspid="628" ordinal="0" offset="0" sl="118" sc="59" el="123" ec="18" />
              </SequencePoints>
              <BranchPoints />
              <MethodPoint xsi:type="SequencePoint" vc="0" uspid="628" ordinal="0" offset="0" sl="118" sc="59" el="123" ec="18" />
            </Method>
            <Method visited="false" cyclomaticComplexity="1" sequenceCoverage="0" branchCoverage="0" isConstructor="false" isStatic="false" isGetter="false" isSetter="false">
              <Summary numSequencePoints="1" visitedSequencePoints="0" numBranchPoints="1" visitedBranchPoints="0" sequenceCoverage="0" branchCoverage="0" maxCyclomaticComplexity="1" minCyclomaticComplexity="1" />
              <MetadataToken>100664187</MetadataToken>
              <Name>&lt;&gt;f__AnonymousType1`4&lt;System.Double,System.Double,System.Double,System.Double&gt; SigStat.Common.VerifierBenchmark/&lt;&gt;c::&lt;Dump&gt;b__7_2(System.Collections.Generic.KeyValuePair`2&lt;System.Double,SigStat.Common.ErrorRate&gt;)</Name>
              <FileRef uid="32" />
              <SequencePoints>
                <SequencePoint vc="0" uspid="629" ordinal="0" offset="0" sl="133" sc="68" el="133" ec="150" />
              </SequencePoints>
              <BranchPoints />
              <MethodPoint xsi:type="SequencePoint" vc="0" uspid="629" ordinal="0" offset="0" sl="133" sc="68" el="133" ec="150" />
            </Method>
          </Methods>
        </Class>
        <Class>
          <Summary numSequencePoints="2" visitedSequencePoints="0" numBranchPoints="2" visitedBranchPoints="0" sequenceCoverage="0" branchCoverage="0" maxCyclomaticComplexity="1" minCyclomaticComplexity="1" />
          <FullName>SigStat.Common.VerifierBenchmark/&lt;&gt;c__DisplayClass31_0</FullName>
          <Methods>
            <Method visited="false" cyclomaticComplexity="1" sequenceCoverage="0" branchCoverage="0" isConstructor="true" isStatic="false" isGetter="false" isSetter="false">
              <Summary numSequencePoints="0" visitedSequencePoints="0" numBranchPoints="0" visitedBranchPoints="0" sequenceCoverage="0" branchCoverage="0" maxCyclomaticComplexity="1" minCyclomaticComplexity="1" />
              <MetadataToken>100664188</MetadataToken>
              <Name>System.Void SigStat.Common.VerifierBenchmark/&lt;&gt;c__DisplayClass31_0::.ctor()</Name>
              <SequencePoints />
              <BranchPoints />
              <MethodPoint vc="0" uspid="630" ordinal="0" offset="0" />
            </Method>
            <Method visited="false" cyclomaticComplexity="1" sequenceCoverage="0" branchCoverage="0" isConstructor="false" isStatic="false" isGetter="false" isSetter="false">
              <Summary numSequencePoints="1" visitedSequencePoints="0" numBranchPoints="1" visitedBranchPoints="0" sequenceCoverage="0" branchCoverage="0" maxCyclomaticComplexity="1" minCyclomaticComplexity="1" />
              <MetadataToken>100664189</MetadataToken>
              <Name>System.Collections.Generic.IEnumerable`1&lt;SigStat.Common.Result&gt; SigStat.Common.VerifierBenchmark/&lt;&gt;c__DisplayClass31_0::&lt;Execute&gt;b__0(SigStat.Common.Signer)</Name>
              <FileRef uid="32" />
              <SequencePoints>
                <SequencePoint vc="0" uspid="631" ordinal="0" offset="0" sl="222" sc="64" el="222" ec="97" />
              </SequencePoints>
              <BranchPoints />
              <MethodPoint xsi:type="SequencePoint" vc="0" uspid="631" ordinal="0" offset="0" sl="222" sc="64" el="222" ec="97" />
            </Method>
            <Method visited="false" cyclomaticComplexity="1" sequenceCoverage="0" branchCoverage="0" isConstructor="false" isStatic="false" isGetter="false" isSetter="false">
              <Summary numSequencePoints="1" visitedSequencePoints="0" numBranchPoints="1" visitedBranchPoints="0" sequenceCoverage="0" branchCoverage="0" maxCyclomaticComplexity="1" minCyclomaticComplexity="1" />
              <MetadataToken>100664190</MetadataToken>
              <Name>System.Collections.Generic.IEnumerable`1&lt;SigStat.Common.Result&gt; SigStat.Common.VerifierBenchmark/&lt;&gt;c__DisplayClass31_0::&lt;Execute&gt;b__1(SigStat.Common.Signer)</Name>
              <FileRef uid="32" />
              <SequencePoints>
                <SequencePoint vc="0" uspid="632" ordinal="0" offset="0" sl="226" sc="51" el="226" ec="84" />
              </SequencePoints>
              <BranchPoints />
              <MethodPoint xsi:type="SequencePoint" vc="0" uspid="632" ordinal="0" offset="0" sl="226" sc="51" el="226" ec="84" />
            </Method>
          </Methods>
        </Class>
        <Class>
          <Summary numSequencePoints="48" visitedSequencePoints="0" numBranchPoints="19" visitedBranchPoints="0" sequenceCoverage="0" branchCoverage="0" maxCyclomaticComplexity="8" minCyclomaticComplexity="1" />
          <FullName>SigStat.Common.VerifierBenchmark/&lt;benchmarkSigner&gt;d__32</FullName>
          <Methods>
            <Method visited="false" cyclomaticComplexity="1" sequenceCoverage="0" branchCoverage="0" isConstructor="false" isStatic="false" isGetter="true" isSetter="false">
              <Summary numSequencePoints="0" visitedSequencePoints="0" numBranchPoints="0" visitedBranchPoints="0" sequenceCoverage="0" branchCoverage="0" maxCyclomaticComplexity="1" minCyclomaticComplexity="1" />
              <MetadataToken>100664194</MetadataToken>
              <Name>SigStat.Common.Result SigStat.Common.VerifierBenchmark/&lt;benchmarkSigner&gt;d__32::System.Collections.Generic.IEnumerator&lt;SigStat.Common.Result&gt;.get_Current()</Name>
              <SequencePoints />
              <BranchPoints />
              <MethodPoint vc="0" uspid="633" ordinal="0" offset="0" />
            </Method>
            <Method visited="false" cyclomaticComplexity="1" sequenceCoverage="0" branchCoverage="0" isConstructor="false" isStatic="false" isGetter="true" isSetter="false">
              <Summary numSequencePoints="0" visitedSequencePoints="0" numBranchPoints="0" visitedBranchPoints="0" sequenceCoverage="0" branchCoverage="0" maxCyclomaticComplexity="1" minCyclomaticComplexity="1" />
              <MetadataToken>100664196</MetadataToken>
              <Name>System.Object SigStat.Common.VerifierBenchmark/&lt;benchmarkSigner&gt;d__32::System.Collections.IEnumerator.get_Current()</Name>
              <SequencePoints />
              <BranchPoints />
              <MethodPoint vc="0" uspid="634" ordinal="0" offset="0" />
            </Method>
            <Method visited="false" cyclomaticComplexity="1" sequenceCoverage="0" branchCoverage="0" isConstructor="true" isStatic="false" isGetter="false" isSetter="false">
              <Summary numSequencePoints="0" visitedSequencePoints="0" numBranchPoints="0" visitedBranchPoints="0" sequenceCoverage="0" branchCoverage="0" maxCyclomaticComplexity="1" minCyclomaticComplexity="1" />
              <MetadataToken>100664191</MetadataToken>
              <Name>System.Void SigStat.Common.VerifierBenchmark/&lt;benchmarkSigner&gt;d__32::.ctor(System.Int32)</Name>
              <SequencePoints />
              <BranchPoints />
              <MethodPoint vc="0" uspid="635" ordinal="0" offset="0" />
            </Method>
            <Method visited="false" cyclomaticComplexity="1" sequenceCoverage="0" branchCoverage="0" isConstructor="false" isStatic="false" isGetter="false" isSetter="false">
              <Summary numSequencePoints="0" visitedSequencePoints="0" numBranchPoints="0" visitedBranchPoints="0" sequenceCoverage="0" branchCoverage="0" maxCyclomaticComplexity="1" minCyclomaticComplexity="1" />
              <MetadataToken>100664192</MetadataToken>
              <Name>System.Void SigStat.Common.VerifierBenchmark/&lt;benchmarkSigner&gt;d__32::System.IDisposable.Dispose()</Name>
              <SequencePoints />
              <BranchPoints />
              <MethodPoint vc="0" uspid="636" ordinal="0" offset="0" />
            </Method>
            <Method visited="false" cyclomaticComplexity="8" sequenceCoverage="0" branchCoverage="0" isConstructor="false" isStatic="false" isGetter="false" isSetter="false">
              <Summary numSequencePoints="48" visitedSequencePoints="0" numBranchPoints="15" visitedBranchPoints="0" sequenceCoverage="0" branchCoverage="0" maxCyclomaticComplexity="8" minCyclomaticComplexity="8" />
              <MetadataToken>100664193</MetadataToken>
              <Name>System.Boolean SigStat.Common.VerifierBenchmark/&lt;benchmarkSigner&gt;d__32::MoveNext()</Name>
              <FileRef uid="32" />
              <SequencePoints>
                <SequencePoint vc="0" uspid="637" ordinal="0" offset="33" sl="255" sc="13" el="255" ec="80" />
                <SequencePoint vc="0" uspid="638" ordinal="1" offset="64" sl="256" sc="13" el="256" ec="87" />
                <SequencePoint vc="0" uspid="639" ordinal="2" offset="87" sl="257" sc="13" el="257" ec="91" />
                <SequencePoint vc="0" uspid="640" ordinal="3" offset="111" sl="258" sc="13" el="258" ec="91" />
                <SequencePoint vc="0" uspid="641" ordinal="4" offset="135" sl="261" sc="13" el="261" ec="54" />
                <SequencePoint vc="0" uspid="642" ordinal="5" offset="148" sl="264" sc="13" el="264" ec="59" />
                <SequencePoint vc="0" uspid="643" ordinal="6" offset="162" sl="265" sc="17" el="265" ec="49" />
                <SequencePoint vc="0" uspid="644" ordinal="7" offset="175" sl="269" sc="17" el="269" ec="42" />
                <SequencePoint vc="0" uspid="645" ordinal="8" offset="183" sl="270" sc="13" el="270" ec="14" />
                <SequencePoint vc="0" uspid="646" ordinal="9" offset="185" sl="271" sc="13" el="271" ec="34" />
                <SequencePoint vc="0" uspid="647" ordinal="10" offset="187" sl="273" sc="17" el="273" ec="110" />
                <SequencePoint vc="0" uspid="648" ordinal="11" offset="220" sl="274" sc="17" el="274" ec="48" />
                <SequencePoint vc="0" uspid="649" ordinal="12" offset="252" sl="275" sc="17" el="275" ec="46" />
                <SequencePoint vc="0" uspid="650" ordinal="13" offset="275" sl="276" sc="17" el="276" ec="29" />
                <SequencePoint vc="0" uspid="651" ordinal="14" offset="282" sl="281" sc="13" el="281" ec="34" />
                <SequencePoint vc="0" uspid="652" ordinal="15" offset="285" sl="282" sc="13" el="282" ec="40" />
                <SequencePoint vc="0" uspid="653" ordinal="16" offset="288" sl="283" sc="43" el="283" ec="55" />
                <SequencePoint vc="0" uspid="654" ordinal="17" offset="299" sl="283" sc="22" el="283" ec="39" />
                <SequencePoint vc="0" uspid="655" ordinal="18" offset="308" sl="287" sc="21" el="287" ec="53" />
                <SequencePoint vc="0" uspid="656" ordinal="19" offset="328" sl="289" sc="25" el="289" ec="40" />
                <SequencePoint vc="0" uspid="657" ordinal="20" offset="334" sl="291" sc="17" el="291" ec="18" />
                <SequencePoint vc="0" uspid="658" ordinal="21" offset="336" sl="292" sc="17" el="292" ec="56" />
                <SequencePoint vc="0" uspid="659" ordinal="22" offset="338" sl="294" sc="21" el="294" ec="146" />
                <SequencePoint vc="0" uspid="660" ordinal="23" offset="381" sl="295" sc="21" el="295" ec="42" />
                <SequencePoint vc="0" uspid="661" ordinal="24" offset="387" sl="296" sc="17" el="296" ec="18" />
                <SequencePoint vc="0" uspid="662" ordinal="25" offset="389" sl="283" sc="40" el="283" ec="42" />
                <SequencePoint vc="0" uspid="663" ordinal="26" offset="414" sl="298" sc="13" el="298" ec="91" />
                <SequencePoint vc="0" uspid="664" ordinal="27" offset="431" sl="302" sc="13" el="302" ec="34" />
                <SequencePoint vc="0" uspid="665" ordinal="28" offset="434" sl="303" sc="13" el="303" ec="40" />
                <SequencePoint vc="0" uspid="666" ordinal="29" offset="437" sl="304" sc="43" el="304" ec="55" />
                <SequencePoint vc="0" uspid="667" ordinal="30" offset="448" sl="304" sc="22" el="304" ec="39" />
                <SequencePoint vc="0" uspid="668" ordinal="31" offset="457" sl="308" sc="21" el="308" ec="52" />
                <SequencePoint vc="0" uspid="669" ordinal="32" offset="477" sl="310" sc="25" el="310" ec="40" />
                <SequencePoint vc="0" uspid="670" ordinal="33" offset="483" sl="312" sc="17" el="312" ec="18" />
                <SequencePoint vc="0" uspid="671" ordinal="34" offset="485" sl="313" sc="17" el="313" ec="56" />
                <SequencePoint vc="0" uspid="672" ordinal="35" offset="487" sl="315" sc="21" el="315" ec="145" />
                <SequencePoint vc="0" uspid="673" ordinal="36" offset="530" sl="316" sc="21" el="316" ec="42" />
                <SequencePoint vc="0" uspid="674" ordinal="37" offset="536" sl="317" sc="17" el="317" ec="18" />
                <SequencePoint vc="0" uspid="675" ordinal="38" offset="538" sl="304" sc="40" el="304" ec="42" />
                <SequencePoint vc="0" uspid="676" ordinal="39" offset="563" sl="319" sc="13" el="319" ec="91" />
                <SequencePoint vc="0" uspid="677" ordinal="40" offset="580" sl="322" sc="13" el="322" ec="44" />
                <SequencePoint vc="0" uspid="678" ordinal="41" offset="597" sl="323" sc="13" el="323" ec="81" />
                <SequencePoint vc="0" uspid="679" ordinal="42" offset="638" sl="325" sc="13" el="325" ec="27" />
                <SequencePoint vc="0" uspid="680" ordinal="43" offset="653" sl="326" sc="13" el="326" ec="27" />
                <SequencePoint vc="0" uspid="681" ordinal="44" offset="668" sl="328" sc="13" el="328" ec="44" />
                <SequencePoint vc="0" uspid="682" ordinal="45" offset="700" sl="329" sc="13" el="329" ec="42" />
                <SequencePoint vc="0" uspid="683" ordinal="46" offset="723" sl="330" sc="13" el="330" ec="84" />
                <SequencePoint vc="0" uspid="684" ordinal="47" offset="774" sl="331" sc="9" el="331" ec="10" />
              </SequencePoints>
              <BranchPoints>
                <BranchPoint vc="0" uspid="686" ordinal="0" offset="15" path="0" />
                <BranchPoint vc="0" uspid="687" ordinal="1" offset="15" path="1" />
                <BranchPoint vc="0" uspid="688" ordinal="2" offset="19" path="0" />
                <BranchPoint vc="0" uspid="689" ordinal="3" offset="19" path="1" />
                <BranchPoint vc="0" uspid="690" ordinal="4" offset="160" path="0" />
                <BranchPoint vc="0" uspid="691" ordinal="5" offset="160" path="1" />
                <BranchPoint vc="0" uspid="692" ordinal="6" offset="326" path="0" />
                <BranchPoint vc="0" uspid="693" ordinal="7" offset="326" path="1" />
                <BranchPoint vc="0" uspid="694" ordinal="8" offset="396" path="0" />
                <BranchPoint vc="0" uspid="695" ordinal="9" offset="396" path="1" />
                <BranchPoint vc="0" uspid="696" ordinal="10" offset="475" path="0" />
                <BranchPoint vc="0" uspid="697" ordinal="11" offset="475" path="1" />
                <BranchPoint vc="0" uspid="698" ordinal="12" offset="545" path="0" />
                <BranchPoint vc="0" uspid="699" ordinal="13" offset="545" path="1" />
              </BranchPoints>
              <MethodPoint vc="0" uspid="685" ordinal="0" offset="0" />
            </Method>
            <Method visited="false" cyclomaticComplexity="1" sequenceCoverage="0" branchCoverage="0" isConstructor="false" isStatic="false" isGetter="false" isSetter="false">
              <Summary numSequencePoints="0" visitedSequencePoints="0" numBranchPoints="0" visitedBranchPoints="0" sequenceCoverage="0" branchCoverage="0" maxCyclomaticComplexity="1" minCyclomaticComplexity="1" />
              <MetadataToken>100664195</MetadataToken>
              <Name>System.Void SigStat.Common.VerifierBenchmark/&lt;benchmarkSigner&gt;d__32::System.Collections.IEnumerator.Reset()</Name>
              <SequencePoints />
              <BranchPoints />
              <MethodPoint vc="0" uspid="700" ordinal="0" offset="0" />
            </Method>
            <Method visited="false" cyclomaticComplexity="3" sequenceCoverage="0" branchCoverage="0" isConstructor="false" isStatic="false" isGetter="false" isSetter="false">
              <Summary numSequencePoints="0" visitedSequencePoints="0" numBranchPoints="4" visitedBranchPoints="0" sequenceCoverage="0" branchCoverage="0" maxCyclomaticComplexity="3" minCyclomaticComplexity="3" />
              <MetadataToken>100664197</MetadataToken>
              <Name>System.Collections.Generic.IEnumerator`1&lt;SigStat.Common.Result&gt; SigStat.Common.VerifierBenchmark/&lt;benchmarkSigner&gt;d__32::System.Collections.Generic.IEnumerable&lt;SigStat.Common.Result&gt;.GetEnumerator()</Name>
              <SequencePoints />
              <BranchPoints>
                <BranchPoint vc="0" uspid="702" ordinal="0" offset="8" path="0" />
                <BranchPoint vc="0" uspid="703" ordinal="1" offset="8" path="1" />
                <BranchPoint vc="0" uspid="704" ordinal="2" offset="21" path="0" />
                <BranchPoint vc="0" uspid="705" ordinal="3" offset="21" path="1" />
              </BranchPoints>
              <MethodPoint vc="0" uspid="701" ordinal="0" offset="0" />
            </Method>
            <Method visited="false" cyclomaticComplexity="1" sequenceCoverage="0" branchCoverage="0" isConstructor="false" isStatic="false" isGetter="false" isSetter="false">
              <Summary numSequencePoints="0" visitedSequencePoints="0" numBranchPoints="0" visitedBranchPoints="0" sequenceCoverage="0" branchCoverage="0" maxCyclomaticComplexity="1" minCyclomaticComplexity="1" />
              <MetadataToken>100664198</MetadataToken>
              <Name>System.Collections.IEnumerator SigStat.Common.VerifierBenchmark/&lt;benchmarkSigner&gt;d__32::System.Collections.IEnumerable.GetEnumerator()</Name>
              <SequencePoints />
              <BranchPoints />
              <MethodPoint vc="0" uspid="706" ordinal="0" offset="0" />
            </Method>
          </Methods>
        </Class>
        <Class>
          <Summary numSequencePoints="54" visitedSequencePoints="0" numBranchPoints="25" visitedBranchPoints="0" sequenceCoverage="0" branchCoverage="0" maxCyclomaticComplexity="7" minCyclomaticComplexity="1" />
          <FullName>SigStat.Common.ArrayExtension</FullName>
          <Methods>
            <Method visited="false" cyclomaticComplexity="1" sequenceCoverage="0" branchCoverage="0" isConstructor="false" isStatic="true" isGetter="false" isSetter="false">
              <Summary numSequencePoints="0" visitedSequencePoints="0" numBranchPoints="0" visitedBranchPoints="0" sequenceCoverage="0" branchCoverage="0" maxCyclomaticComplexity="1" minCyclomaticComplexity="1" />
              <MetadataToken>100663392</MetadataToken>
              <Name>System.Collections.Generic.IEnumerable`1&lt;T&gt; SigStat.Common.ArrayExtension::GetValues(T[0...,0...])</Name>
              <SequencePoints />
              <BranchPoints />
              <MethodPoint vc="0" uspid="707" ordinal="0" offset="0" />
            </Method>
            <Method visited="false" cyclomaticComplexity="3" sequenceCoverage="0" branchCoverage="0" isConstructor="false" isStatic="true" isGetter="false" isSetter="false">
              <Summary numSequencePoints="8" visitedSequencePoints="0" numBranchPoints="5" visitedBranchPoints="0" sequenceCoverage="0" branchCoverage="0" maxCyclomaticComplexity="3" minCyclomaticComplexity="3" />
              <MetadataToken>100663393</MetadataToken>
              <Name>T[0...,0...] SigStat.Common.ArrayExtension::SetValues(T[0...,0...],T)</Name>
              <FileRef uid="38" />
              <SequencePoints>
                <SequencePoint vc="0" uspid="708" ordinal="0" offset="0" sl="38" sc="18" el="38" ec="27" />
                <SequencePoint vc="0" uspid="709" ordinal="1" offset="4" sl="40" sc="22" el="40" ec="31" />
                <SequencePoint vc="0" uspid="710" ordinal="2" offset="8" sl="42" sc="21" el="42" ec="41" />
                <SequencePoint vc="0" uspid="711" ordinal="3" offset="17" sl="40" sc="57" el="40" ec="60" />
                <SequencePoint vc="0" uspid="712" ordinal="4" offset="21" sl="40" sc="33" el="40" ec="55" />
                <SequencePoint vc="0" uspid="713" ordinal="5" offset="31" sl="38" sc="53" el="38" ec="56" />
                <SequencePoint vc="0" uspid="714" ordinal="6" offset="35" sl="38" sc="29" el="38" ec="51" />
                <SequencePoint vc="0" uspid="715" ordinal="7" offset="45" sl="45" sc="13" el="45" ec="26" />
              </SequencePoints>
              <BranchPoints>
                <BranchPoint vc="0" uspid="716" ordinal="0" offset="29" path="0" />
                <BranchPoint vc="0" uspid="717" ordinal="1" offset="29" path="1" />
                <BranchPoint vc="0" uspid="718" ordinal="2" offset="43" path="0" />
                <BranchPoint vc="0" uspid="719" ordinal="3" offset="43" path="1" />
              </BranchPoints>
              <MethodPoint xsi:type="SequencePoint" vc="0" uspid="708" ordinal="0" offset="0" sl="38" sc="18" el="38" ec="27" />
            </Method>
            <Method visited="false" cyclomaticComplexity="3" sequenceCoverage="0" branchCoverage="0" isConstructor="false" isStatic="true" isGetter="false" isSetter="false">
              <Summary numSequencePoints="9" visitedSequencePoints="0" numBranchPoints="5" visitedBranchPoints="0" sequenceCoverage="0" branchCoverage="0" maxCyclomaticComplexity="3" minCyclomaticComplexity="3" />
              <MetadataToken>100663394</MetadataToken>
              <Name>System.Double SigStat.Common.ArrayExtension::Sum(System.Double[0...,0...],System.Int32,System.Int32,System.Int32,System.Int32)</Name>
              <FileRef uid="38" />
              <SequencePoints>
                <SequencePoint vc="0" uspid="720" ordinal="0" offset="0" sl="59" sc="13" el="59" ec="28" />
                <SequencePoint vc="0" uspid="721" ordinal="1" offset="10" sl="60" sc="18" el="60" ec="28" />
                <SequencePoint vc="0" uspid="722" ordinal="2" offset="14" sl="62" sc="22" el="62" ec="32" />
                <SequencePoint vc="0" uspid="723" ordinal="3" offset="18" sl="64" sc="21" el="64" ec="40" />
                <SequencePoint vc="0" uspid="724" ordinal="4" offset="29" sl="62" sc="43" el="62" ec="46" />
                <SequencePoint vc="0" uspid="725" ordinal="5" offset="33" sl="62" sc="34" el="62" ec="41" />
                <SequencePoint vc="0" uspid="726" ordinal="6" offset="38" sl="60" sc="39" el="60" ec="42" />
                <SequencePoint vc="0" uspid="727" ordinal="7" offset="42" sl="60" sc="30" el="60" ec="37" />
                <SequencePoint vc="0" uspid="728" ordinal="8" offset="46" sl="68" sc="13" el="68" ec="24" />
              </SequencePoints>
              <BranchPoints>
                <BranchPoint vc="0" uspid="729" ordinal="0" offset="36" path="0" />
                <BranchPoint vc="0" uspid="730" ordinal="1" offset="36" path="1" />
                <BranchPoint vc="0" uspid="731" ordinal="2" offset="44" path="0" />
                <BranchPoint vc="0" uspid="732" ordinal="3" offset="44" path="1" />
              </BranchPoints>
              <MethodPoint xsi:type="SequencePoint" vc="0" uspid="720" ordinal="0" offset="0" sl="59" sc="13" el="59" ec="28" />
            </Method>
            <Method visited="false" cyclomaticComplexity="1" sequenceCoverage="0" branchCoverage="0" isConstructor="false" isStatic="true" isGetter="false" isSetter="false">
              <Summary numSequencePoints="2" visitedSequencePoints="0" numBranchPoints="1" visitedBranchPoints="0" sequenceCoverage="0" branchCoverage="0" maxCyclomaticComplexity="1" minCyclomaticComplexity="1" />
              <MetadataToken>100663395</MetadataToken>
              <Name>System.Double SigStat.Common.ArrayExtension::SumCol(System.Double[0...,0...],System.Int32)</Name>
              <FileRef uid="38" />
              <SequencePoints>
                <SequencePoint vc="0" uspid="733" ordinal="0" offset="0" sl="79" sc="13" el="79" ec="45" />
                <SequencePoint vc="0" uspid="734" ordinal="1" offset="8" sl="80" sc="13" el="80" ec="62" />
              </SequencePoints>
              <BranchPoints />
              <MethodPoint xsi:type="SequencePoint" vc="0" uspid="733" ordinal="0" offset="0" sl="79" sc="13" el="79" ec="45" />
            </Method>
            <Method visited="false" cyclomaticComplexity="1" sequenceCoverage="0" branchCoverage="0" isConstructor="false" isStatic="true" isGetter="false" isSetter="false">
              <Summary numSequencePoints="2" visitedSequencePoints="0" numBranchPoints="1" visitedBranchPoints="0" sequenceCoverage="0" branchCoverage="0" maxCyclomaticComplexity="1" minCyclomaticComplexity="1" />
              <MetadataToken>100663396</MetadataToken>
              <Name>System.Double SigStat.Common.ArrayExtension::SumRow(System.Double[0...,0...],System.Int32)</Name>
              <FileRef uid="38" />
              <SequencePoints>
                <SequencePoint vc="0" uspid="735" ordinal="0" offset="0" sl="90" sc="13" el="90" ec="44" />
                <SequencePoint vc="0" uspid="736" ordinal="1" offset="8" sl="91" sc="13" el="91" ec="55" />
              </SequencePoints>
              <BranchPoints />
              <MethodPoint xsi:type="SequencePoint" vc="0" uspid="735" ordinal="0" offset="0" sl="90" sc="13" el="90" ec="44" />
            </Method>
            <Method visited="false" cyclomaticComplexity="7" sequenceCoverage="0" branchCoverage="0" isConstructor="false" isStatic="true" isGetter="false" isSetter="false">
              <Summary numSequencePoints="33" visitedSequencePoints="0" numBranchPoints="13" visitedBranchPoints="0" sequenceCoverage="0" branchCoverage="0" maxCyclomaticComplexity="7" minCyclomaticComplexity="7" />
              <MetadataToken>100663397</MetadataToken>
              <Name>System.ValueTuple`2&lt;System.Int32,System.Int32&gt; SigStat.Common.ArrayExtension::GetCog(System.Double[0...,0...])</Name>
              <FileRef uid="38" />
              <SequencePoints>
                <SequencePoint vc="0" uspid="737" ordinal="0" offset="0" sl="107" sc="13" el="107" ec="51" />
                <SequencePoint vc="0" uspid="738" ordinal="1" offset="8" sl="108" sc="13" el="108" ec="52" />
                <SequencePoint vc="0" uspid="739" ordinal="2" offset="16" sl="109" sc="13" el="109" ec="37" />
                <SequencePoint vc="0" uspid="740" ordinal="3" offset="20" sl="110" sc="13" el="110" ec="38" />
                <SequencePoint vc="0" uspid="741" ordinal="4" offset="24" sl="113" sc="13" el="113" ec="30" />
                <SequencePoint vc="0" uspid="742" ordinal="5" offset="35" sl="114" sc="13" el="114" ec="29" />
                <SequencePoint vc="0" uspid="743" ordinal="6" offset="46" sl="115" sc="18" el="115" ec="27" />
                <SequencePoint vc="0" uspid="744" ordinal="7" offset="51" sl="117" sc="17" el="117" ec="35" />
                <SequencePoint vc="0" uspid="745" ordinal="8" offset="62" sl="118" sc="22" el="118" ec="31" />
                <SequencePoint vc="0" uspid="746" ordinal="9" offset="67" sl="120" sc="21" el="120" ec="50" />
                <SequencePoint vc="0" uspid="747" ordinal="10" offset="82" sl="118" sc="44" el="118" ec="47" />
                <SequencePoint vc="0" uspid="748" ordinal="11" offset="88" sl="118" sc="33" el="118" ec="42" />
                <SequencePoint vc="0" uspid="749" ordinal="12" offset="93" sl="122" sc="17" el="122" ec="32" />
                <SequencePoint vc="0" uspid="750" ordinal="13" offset="100" sl="123" sc="17" el="123" ec="37" />
                <SequencePoint vc="0" uspid="751" ordinal="14" offset="111" sl="115" sc="41" el="115" ec="44" />
                <SequencePoint vc="0" uspid="752" ordinal="15" offset="117" sl="115" sc="29" el="115" ec="39" />
                <SequencePoint vc="0" uspid="753" ordinal="16" offset="122" sl="126" sc="13" el="126" ec="26" />
                <SequencePoint vc="0" uspid="754" ordinal="17" offset="135" sl="128" sc="17" el="128" ec="57" />
                <SequencePoint vc="0" uspid="755" ordinal="18" offset="146" sl="133" sc="13" el="133" ec="23" />
                <SequencePoint vc="0" uspid="756" ordinal="19" offset="157" sl="134" sc="13" el="134" ec="22" />
                <SequencePoint vc="0" uspid="757" ordinal="20" offset="168" sl="135" sc="18" el="135" ec="27" />
                <SequencePoint vc="0" uspid="758" ordinal="21" offset="173" sl="137" sc="17" el="137" ec="35" />
                <SequencePoint vc="0" uspid="759" ordinal="22" offset="184" sl="138" sc="22" el="138" ec="31" />
                <SequencePoint vc="0" uspid="760" ordinal="23" offset="189" sl="140" sc="21" el="140" ec="50" />
                <SequencePoint vc="0" uspid="761" ordinal="24" offset="204" sl="138" sc="45" el="138" ec="48" />
                <SequencePoint vc="0" uspid="762" ordinal="25" offset="210" sl="138" sc="33" el="138" ec="43" />
                <SequencePoint vc="0" uspid="763" ordinal="26" offset="215" sl="142" sc="17" el="142" ec="32" />
                <SequencePoint vc="0" uspid="764" ordinal="27" offset="222" sl="143" sc="17" el="143" ec="37" />
                <SequencePoint vc="0" uspid="765" ordinal="28" offset="233" sl="135" sc="40" el="135" ec="43" />
                <SequencePoint vc="0" uspid="766" ordinal="29" offset="239" sl="135" sc="29" el="135" ec="38" />
                <SequencePoint vc="0" uspid="767" ordinal="30" offset="244" sl="146" sc="13" el="146" ec="26" />
                <SequencePoint vc="0" uspid="768" ordinal="31" offset="257" sl="148" sc="17" el="148" ec="57" />
                <SequencePoint vc="0" uspid="769" ordinal="32" offset="268" sl="151" sc="13" el="151" ec="39" />
              </SequencePoints>
              <BranchPoints>
                <BranchPoint vc="0" uspid="770" ordinal="0" offset="91" path="0" />
                <BranchPoint vc="0" uspid="771" ordinal="1" offset="91" path="1" />
                <BranchPoint vc="0" uspid="772" ordinal="2" offset="120" path="0" />
                <BranchPoint vc="0" uspid="773" ordinal="3" offset="120" path="1" />
                <BranchPoint vc="0" uspid="774" ordinal="4" offset="133" path="0" />
                <BranchPoint vc="0" uspid="775" ordinal="5" offset="133" path="1" />
                <BranchPoint vc="0" uspid="776" ordinal="6" offset="213" path="0" />
                <BranchPoint vc="0" uspid="777" ordinal="7" offset="213" path="1" />
                <BranchPoint vc="0" uspid="778" ordinal="8" offset="242" path="0" />
                <BranchPoint vc="0" uspid="779" ordinal="9" offset="242" path="1" />
                <BranchPoint vc="0" uspid="780" ordinal="10" offset="255" path="0" />
                <BranchPoint vc="0" uspid="781" ordinal="11" offset="255" path="1" />
              </BranchPoints>
              <MethodPoint xsi:type="SequencePoint" vc="0" uspid="737" ordinal="0" offset="0" sl="107" sc="13" el="107" ec="51" />
            </Method>
          </Methods>
        </Class>
        <Class>
          <Summary numSequencePoints="8" visitedSequencePoints="0" numBranchPoints="13" visitedBranchPoints="0" sequenceCoverage="0" branchCoverage="0" maxCyclomaticComplexity="5" minCyclomaticComplexity="1" />
          <FullName>SigStat.Common.ArrayExtension/&lt;GetValues&gt;d__0`1</FullName>
          <Methods>
            <Method visited="false" cyclomaticComplexity="1" sequenceCoverage="0" branchCoverage="0" isConstructor="false" isStatic="false" isGetter="true" isSetter="false">
              <Summary numSequencePoints="0" visitedSequencePoints="0" numBranchPoints="0" visitedBranchPoints="0" sequenceCoverage="0" branchCoverage="0" maxCyclomaticComplexity="1" minCyclomaticComplexity="1" />
              <MetadataToken>100664202</MetadataToken>
              <Name>T SigStat.Common.ArrayExtension/&lt;GetValues&gt;d__0`1::System.Collections.Generic.IEnumerator&lt;T&gt;.get_Current()</Name>
              <SequencePoints />
              <BranchPoints />
              <MethodPoint vc="0" uspid="782" ordinal="0" offset="0" />
            </Method>
            <Method visited="false" cyclomaticComplexity="1" sequenceCoverage="0" branchCoverage="0" isConstructor="false" isStatic="false" isGetter="true" isSetter="false">
              <Summary numSequencePoints="0" visitedSequencePoints="0" numBranchPoints="0" visitedBranchPoints="0" sequenceCoverage="0" branchCoverage="0" maxCyclomaticComplexity="1" minCyclomaticComplexity="1" />
              <MetadataToken>100664204</MetadataToken>
              <Name>System.Object SigStat.Common.ArrayExtension/&lt;GetValues&gt;d__0`1::System.Collections.IEnumerator.get_Current()</Name>
              <SequencePoints />
              <BranchPoints />
              <MethodPoint vc="0" uspid="783" ordinal="0" offset="0" />
            </Method>
            <Method visited="false" cyclomaticComplexity="1" sequenceCoverage="0" branchCoverage="0" isConstructor="true" isStatic="false" isGetter="false" isSetter="false">
              <Summary numSequencePoints="0" visitedSequencePoints="0" numBranchPoints="0" visitedBranchPoints="0" sequenceCoverage="0" branchCoverage="0" maxCyclomaticComplexity="1" minCyclomaticComplexity="1" />
              <MetadataToken>100664199</MetadataToken>
              <Name>System.Void SigStat.Common.ArrayExtension/&lt;GetValues&gt;d__0`1::.ctor(System.Int32)</Name>
              <SequencePoints />
              <BranchPoints />
              <MethodPoint vc="0" uspid="784" ordinal="0" offset="0" />
            </Method>
            <Method visited="false" cyclomaticComplexity="1" sequenceCoverage="0" branchCoverage="0" isConstructor="false" isStatic="false" isGetter="false" isSetter="false">
              <Summary numSequencePoints="0" visitedSequencePoints="0" numBranchPoints="0" visitedBranchPoints="0" sequenceCoverage="0" branchCoverage="0" maxCyclomaticComplexity="1" minCyclomaticComplexity="1" />
              <MetadataToken>100664200</MetadataToken>
              <Name>System.Void SigStat.Common.ArrayExtension/&lt;GetValues&gt;d__0`1::System.IDisposable.Dispose()</Name>
              <SequencePoints />
              <BranchPoints />
              <MethodPoint vc="0" uspid="785" ordinal="0" offset="0" />
            </Method>
            <Method visited="false" cyclomaticComplexity="5" sequenceCoverage="0" branchCoverage="0" isConstructor="false" isStatic="false" isGetter="false" isSetter="false">
              <Summary numSequencePoints="8" visitedSequencePoints="0" numBranchPoints="9" visitedBranchPoints="0" sequenceCoverage="0" branchCoverage="0" maxCyclomaticComplexity="5" minCyclomaticComplexity="5" />
              <MetadataToken>100664201</MetadataToken>
              <Name>System.Boolean SigStat.Common.ArrayExtension/&lt;GetValues&gt;d__0`1::MoveNext()</Name>
              <FileRef uid="38" />
              <SequencePoints>
                <SequencePoint vc="0" uspid="786" ordinal="0" offset="23" sl="22" sc="18" el="22" ec="27" />
                <SequencePoint vc="0" uspid="787" ordinal="1" offset="32" sl="23" sc="22" el="23" ec="31" />
                <SequencePoint vc="0" uspid="788" ordinal="2" offset="41" sl="25" sc="21" el="25" ec="46" />
                <SequencePoint vc="0" uspid="789" ordinal="3" offset="86" sl="23" sc="57" el="23" ec="60" />
                <SequencePoint vc="0" uspid="790" ordinal="4" offset="102" sl="23" sc="33" el="23" ec="55" />
                <SequencePoint vc="0" uspid="791" ordinal="5" offset="122" sl="22" sc="53" el="22" ec="56" />
                <SequencePoint vc="0" uspid="792" ordinal="6" offset="138" sl="22" sc="29" el="22" ec="51" />
                <SequencePoint vc="0" uspid="793" ordinal="7" offset="158" sl="27" sc="9" el="27" ec="10" />
              </SequencePoints>
              <BranchPoints>
                <BranchPoint vc="0" uspid="795" ordinal="0" offset="8" path="0" />
                <BranchPoint vc="0" uspid="796" ordinal="1" offset="8" path="1" />
                <BranchPoint vc="0" uspid="797" ordinal="2" offset="12" path="0" />
                <BranchPoint vc="0" uspid="798" ordinal="3" offset="12" path="1" />
                <BranchPoint vc="0" uspid="799" ordinal="4" offset="120" path="0" />
                <BranchPoint vc="0" uspid="800" ordinal="5" offset="120" path="1" />
                <BranchPoint vc="0" uspid="801" ordinal="6" offset="156" path="0" />
                <BranchPoint vc="0" uspid="802" ordinal="7" offset="156" path="1" />
              </BranchPoints>
              <MethodPoint vc="0" uspid="794" ordinal="0" offset="0" />
            </Method>
            <Method visited="false" cyclomaticComplexity="1" sequenceCoverage="0" branchCoverage="0" isConstructor="false" isStatic="false" isGetter="false" isSetter="false">
              <Summary numSequencePoints="0" visitedSequencePoints="0" numBranchPoints="0" visitedBranchPoints="0" sequenceCoverage="0" branchCoverage="0" maxCyclomaticComplexity="1" minCyclomaticComplexity="1" />
              <MetadataToken>100664203</MetadataToken>
              <Name>System.Void SigStat.Common.ArrayExtension/&lt;GetValues&gt;d__0`1::System.Collections.IEnumerator.Reset()</Name>
              <SequencePoints />
              <BranchPoints />
              <MethodPoint vc="0" uspid="803" ordinal="0" offset="0" />
            </Method>
            <Method visited="false" cyclomaticComplexity="3" sequenceCoverage="0" branchCoverage="0" isConstructor="false" isStatic="false" isGetter="false" isSetter="false">
              <Summary numSequencePoints="0" visitedSequencePoints="0" numBranchPoints="4" visitedBranchPoints="0" sequenceCoverage="0" branchCoverage="0" maxCyclomaticComplexity="3" minCyclomaticComplexity="3" />
              <MetadataToken>100664205</MetadataToken>
              <Name>System.Collections.Generic.IEnumerator`1&lt;T&gt; SigStat.Common.ArrayExtension/&lt;GetValues&gt;d__0`1::System.Collections.Generic.IEnumerable&lt;T&gt;.GetEnumerator()</Name>
              <SequencePoints />
              <BranchPoints>
                <BranchPoint vc="0" uspid="805" ordinal="0" offset="8" path="0" />
                <BranchPoint vc="0" uspid="806" ordinal="1" offset="8" path="1" />
                <BranchPoint vc="0" uspid="807" ordinal="2" offset="21" path="0" />
                <BranchPoint vc="0" uspid="808" ordinal="3" offset="21" path="1" />
              </BranchPoints>
              <MethodPoint vc="0" uspid="804" ordinal="0" offset="0" />
            </Method>
            <Method visited="false" cyclomaticComplexity="1" sequenceCoverage="0" branchCoverage="0" isConstructor="false" isStatic="false" isGetter="false" isSetter="false">
              <Summary numSequencePoints="0" visitedSequencePoints="0" numBranchPoints="0" visitedBranchPoints="0" sequenceCoverage="0" branchCoverage="0" maxCyclomaticComplexity="1" minCyclomaticComplexity="1" />
              <MetadataToken>100664206</MetadataToken>
              <Name>System.Collections.IEnumerator SigStat.Common.ArrayExtension/&lt;GetValues&gt;d__0`1::System.Collections.IEnumerable.GetEnumerator()</Name>
              <SequencePoints />
              <BranchPoints />
              <MethodPoint vc="0" uspid="809" ordinal="0" offset="0" />
            </Method>
          </Methods>
        </Class>
        <Class>
          <Summary numSequencePoints="29" visitedSequencePoints="0" numBranchPoints="27" visitedBranchPoints="0" sequenceCoverage="0" branchCoverage="0" maxCyclomaticComplexity="10" minCyclomaticComplexity="1" />
          <FullName>SigStat.Common.DistanceMatrix`3</FullName>
          <Methods>
            <Method visited="false" cyclomaticComplexity="2" sequenceCoverage="0" branchCoverage="0" isConstructor="false" isStatic="false" isGetter="true" isSetter="false">
              <Summary numSequencePoints="3" visitedSequencePoints="0" numBranchPoints="3" visitedBranchPoints="0" sequenceCoverage="0" branchCoverage="0" maxCyclomaticComplexity="2" minCyclomaticComplexity="2" />
              <MetadataToken>100663398</MetadataToken>
              <Name>TValue SigStat.Common.DistanceMatrix`3::get_Item(TRowKey,TColumnKey)</Name>
              <FileRef uid="40" />
              <SequencePoints>
                <SequencePoint vc="0" uspid="810" ordinal="0" offset="0" sl="17" sc="17" el="17" ec="106" />
                <SequencePoint vc="0" uspid="811" ordinal="1" offset="22" sl="18" sc="21" el="18" ec="34" />
                <SequencePoint vc="0" uspid="812" ordinal="2" offset="24" sl="20" sc="21" el="20" ec="44" />
              </SequencePoints>
              <BranchPoints>
                <BranchPoint vc="0" uspid="813" ordinal="0" offset="20" path="0" />
                <BranchPoint vc="0" uspid="814" ordinal="1" offset="20" path="1" />
              </BranchPoints>
              <MethodPoint xsi:type="SequencePoint" vc="0" uspid="810" ordinal="0" offset="0" sl="17" sc="17" el="17" ec="106" />
            </Method>
            <Method visited="false" cyclomaticComplexity="1" sequenceCoverage="0" branchCoverage="0" isConstructor="false" isStatic="false" isGetter="false" isSetter="true">
              <Summary numSequencePoints="2" visitedSequencePoints="0" numBranchPoints="1" visitedBranchPoints="0" sequenceCoverage="0" branchCoverage="0" maxCyclomaticComplexity="1" minCyclomaticComplexity="1" />
              <MetadataToken>100663399</MetadataToken>
              <Name>System.Void SigStat.Common.DistanceMatrix`3::set_Item(TRowKey,TColumnKey,TValue)</Name>
              <FileRef uid="40" />
              <SequencePoints>
                <SequencePoint vc="0" uspid="815" ordinal="0" offset="0" sl="25" sc="17" el="25" ec="83" />
                <SequencePoint vc="0" uspid="816" ordinal="1" offset="19" sl="26" sc="13" el="26" ec="14" />
              </SequencePoints>
              <BranchPoints />
              <MethodPoint xsi:type="SequencePoint" vc="0" uspid="815" ordinal="0" offset="0" sl="25" sc="17" el="25" ec="83" />
            </Method>
            <Method visited="false" cyclomaticComplexity="1" sequenceCoverage="0" branchCoverage="0" isConstructor="false" isStatic="false" isGetter="false" isSetter="false">
              <Summary numSequencePoints="1" visitedSequencePoints="0" numBranchPoints="1" visitedBranchPoints="0" sequenceCoverage="0" branchCoverage="0" maxCyclomaticComplexity="1" minCyclomaticComplexity="1" />
              <MetadataToken>100663400</MetadataToken>
              <Name>System.Boolean SigStat.Common.DistanceMatrix`3::TryGetValue(TRowKey,TColumnKey,TValue&amp;)</Name>
              <FileRef uid="40" />
              <SequencePoints>
                <SequencePoint vc="0" uspid="817" ordinal="0" offset="0" sl="31" sc="13" el="31" ec="101" />
              </SequencePoints>
              <BranchPoints />
              <MethodPoint xsi:type="SequencePoint" vc="0" uspid="817" ordinal="0" offset="0" sl="31" sc="13" el="31" ec="101" />
            </Method>
            <Method visited="false" cyclomaticComplexity="1" sequenceCoverage="0" branchCoverage="0" isConstructor="false" isStatic="false" isGetter="false" isSetter="false">
              <Summary numSequencePoints="1" visitedSequencePoints="0" numBranchPoints="1" visitedBranchPoints="0" sequenceCoverage="0" branchCoverage="0" maxCyclomaticComplexity="1" minCyclomaticComplexity="1" />
              <MetadataToken>100663401</MetadataToken>
              <Name>System.Boolean SigStat.Common.DistanceMatrix`3::ContainsKey(TRowKey,TColumnKey)</Name>
              <FileRef uid="40" />
              <SequencePoints>
                <SequencePoint vc="0" uspid="818" ordinal="0" offset="0" sl="36" sc="13" el="36" ec="90" />
              </SequencePoints>
              <BranchPoints />
              <MethodPoint xsi:type="SequencePoint" vc="0" uspid="818" ordinal="0" offset="0" sl="36" sc="13" el="36" ec="90" />
            </Method>
            <Method visited="false" cyclomaticComplexity="10" sequenceCoverage="0" branchCoverage="0" isConstructor="false" isStatic="false" isGetter="false" isSetter="false">
              <Summary numSequencePoints="20" visitedSequencePoints="0" numBranchPoints="19" visitedBranchPoints="0" sequenceCoverage="0" branchCoverage="0" maxCyclomaticComplexity="10" minCyclomaticComplexity="10" />
              <MetadataToken>100663402</MetadataToken>
              <Name>System.Object[0...,0...] SigStat.Common.DistanceMatrix`3::ToArray()</Name>
              <FileRef uid="40" />
              <SequencePoints>
                <SequencePoint vc="0" uspid="819" ordinal="0" offset="0" sl="42" sc="13" el="42" ec="94" />
                <SequencePoint vc="0" uspid="820" ordinal="1" offset="94" sl="43" sc="13" el="43" ec="99" />
                <SequencePoint vc="0" uspid="821" ordinal="2" offset="188" sl="45" sc="13" el="45" ec="72" />
                <SequencePoint vc="0" uspid="822" ordinal="3" offset="210" sl="46" sc="18" el="46" ec="27" />
                <SequencePoint vc="0" uspid="823" ordinal="4" offset="214" sl="48" sc="17" el="48" ec="56" />
                <SequencePoint vc="0" uspid="824" ordinal="5" offset="246" sl="46" sc="48" el="46" ec="51" />
                <SequencePoint vc="0" uspid="825" ordinal="6" offset="250" sl="46" sc="29" el="46" ec="46" />
                <SequencePoint vc="0" uspid="826" ordinal="7" offset="259" sl="50" sc="18" el="50" ec="27" />
                <SequencePoint vc="0" uspid="827" ordinal="8" offset="264" sl="52" sc="17" el="52" ec="53" />
                <SequencePoint vc="0" uspid="828" ordinal="9" offset="298" sl="50" sc="45" el="50" ec="48" />
                <SequencePoint vc="0" uspid="829" ordinal="10" offset="304" sl="50" sc="29" el="50" ec="43" />
                <SequencePoint vc="0" uspid="830" ordinal="11" offset="314" sl="54" sc="18" el="54" ec="27" />
                <SequencePoint vc="0" uspid="831" ordinal="12" offset="319" sl="56" sc="22" el="56" ec="31" />
                <SequencePoint vc="0" uspid="832" ordinal="13" offset="324" sl="58" sc="21" el="58" ec="72" />
                <SequencePoint vc="0" uspid="833" ordinal="14" offset="350" sl="59" sc="25" el="59" ec="53" />
                <SequencePoint vc="0" uspid="834" ordinal="15" offset="371" sl="56" sc="49" el="56" ec="52" />
                <SequencePoint vc="0" uspid="835" ordinal="16" offset="377" sl="56" sc="33" el="56" ec="47" />
                <SequencePoint vc="0" uspid="836" ordinal="17" offset="387" sl="54" sc="48" el="54" ec="51" />
                <SequencePoint vc="0" uspid="837" ordinal="18" offset="393" sl="54" sc="29" el="54" ec="46" />
                <SequencePoint vc="0" uspid="838" ordinal="19" offset="403" sl="62" sc="13" el="62" ec="27" />
              </SequencePoints>
              <BranchPoints>
                <BranchPoint vc="0" uspid="839" ordinal="0" offset="17" path="0" />
                <BranchPoint vc="0" uspid="840" ordinal="1" offset="17" path="1" />
                <BranchPoint vc="0" uspid="841" ordinal="2" offset="58" path="0" />
                <BranchPoint vc="0" uspid="842" ordinal="3" offset="58" path="1" />
                <BranchPoint vc="0" uspid="843" ordinal="4" offset="111" path="0" />
                <BranchPoint vc="0" uspid="844" ordinal="5" offset="111" path="1" />
                <BranchPoint vc="0" uspid="845" ordinal="6" offset="152" path="0" />
                <BranchPoint vc="0" uspid="846" ordinal="7" offset="152" path="1" />
                <BranchPoint vc="0" uspid="847" ordinal="8" offset="257" path="0" />
                <BranchPoint vc="0" uspid="848" ordinal="9" offset="257" path="1" />
                <BranchPoint vc="0" uspid="849" ordinal="10" offset="312" path="0" />
                <BranchPoint vc="0" uspid="850" ordinal="11" offset="312" path="1" />
                <BranchPoint vc="0" uspid="851" ordinal="12" offset="348" path="0" />
                <BranchPoint vc="0" uspid="852" ordinal="13" offset="348" path="1" />
                <BranchPoint vc="0" uspid="853" ordinal="14" offset="385" path="0" />
                <BranchPoint vc="0" uspid="854" ordinal="15" offset="385" path="1" />
                <BranchPoint vc="0" uspid="855" ordinal="16" offset="401" path="0" />
                <BranchPoint vc="0" uspid="856" ordinal="17" offset="401" path="1" />
              </BranchPoints>
              <MethodPoint xsi:type="SequencePoint" vc="0" uspid="819" ordinal="0" offset="0" sl="42" sc="13" el="42" ec="94" />
            </Method>
            <Method visited="false" cyclomaticComplexity="1" sequenceCoverage="0" branchCoverage="0" isConstructor="false" isStatic="false" isGetter="false" isSetter="false">
              <Summary numSequencePoints="1" visitedSequencePoints="0" numBranchPoints="1" visitedBranchPoints="0" sequenceCoverage="0" branchCoverage="0" maxCyclomaticComplexity="1" minCyclomaticComplexity="1" />
              <MetadataToken>100663403</MetadataToken>
              <Name>System.Collections.Generic.IEnumerable`1&lt;TValue&gt; SigStat.Common.DistanceMatrix`3::GetValues()</Name>
              <FileRef uid="40" />
              <SequencePoints>
                <SequencePoint vc="0" uspid="857" ordinal="0" offset="0" sl="68" sc="13" el="68" ec="33" />
              </SequencePoints>
              <BranchPoints />
              <MethodPoint xsi:type="SequencePoint" vc="0" uspid="857" ordinal="0" offset="0" sl="68" sc="13" el="68" ec="33" />
            </Method>
            <Method visited="false" cyclomaticComplexity="1" sequenceCoverage="0" branchCoverage="0" isConstructor="true" isStatic="false" isGetter="false" isSetter="false">
              <Summary numSequencePoints="1" visitedSequencePoints="0" numBranchPoints="1" visitedBranchPoints="0" sequenceCoverage="0" branchCoverage="0" maxCyclomaticComplexity="1" minCyclomaticComplexity="1" />
              <MetadataToken>100663404</MetadataToken>
              <Name>System.Void SigStat.Common.DistanceMatrix`3::.ctor()</Name>
              <FileRef uid="40" />
              <SequencePoints>
                <SequencePoint vc="0" uspid="858" ordinal="0" offset="0" sl="10" sc="9" el="10" ec="131" />
              </SequencePoints>
              <BranchPoints />
              <MethodPoint xsi:type="SequencePoint" vc="0" uspid="858" ordinal="0" offset="0" sl="10" sc="9" el="10" ec="131" />
            </Method>
          </Methods>
        </Class>
        <Class>
          <Summary numSequencePoints="4" visitedSequencePoints="0" numBranchPoints="4" visitedBranchPoints="0" sequenceCoverage="0" branchCoverage="0" maxCyclomaticComplexity="1" minCyclomaticComplexity="1" />
          <FullName>SigStat.Common.DistanceMatrix`3/&lt;&gt;c</FullName>
          <Methods>
            <Method visited="false" cyclomaticComplexity="1" sequenceCoverage="0" branchCoverage="0" isConstructor="true" isStatic="true" isGetter="false" isSetter="false">
              <Summary numSequencePoints="0" visitedSequencePoints="0" numBranchPoints="0" visitedBranchPoints="0" sequenceCoverage="0" branchCoverage="0" maxCyclomaticComplexity="1" minCyclomaticComplexity="1" />
              <MetadataToken>100664207</MetadataToken>
              <Name>System.Void SigStat.Common.DistanceMatrix`3/&lt;&gt;c::.cctor()</Name>
              <SequencePoints />
              <BranchPoints />
              <MethodPoint vc="0" uspid="859" ordinal="0" offset="0" />
            </Method>
            <Method visited="false" cyclomaticComplexity="1" sequenceCoverage="0" branchCoverage="0" isConstructor="true" isStatic="false" isGetter="false" isSetter="false">
              <Summary numSequencePoints="0" visitedSequencePoints="0" numBranchPoints="0" visitedBranchPoints="0" sequenceCoverage="0" branchCoverage="0" maxCyclomaticComplexity="1" minCyclomaticComplexity="1" />
              <MetadataToken>100664208</MetadataToken>
              <Name>System.Void SigStat.Common.DistanceMatrix`3/&lt;&gt;c::.ctor()</Name>
              <SequencePoints />
              <BranchPoints />
              <MethodPoint vc="0" uspid="860" ordinal="0" offset="0" />
            </Method>
            <Method visited="false" cyclomaticComplexity="1" sequenceCoverage="0" branchCoverage="0" isConstructor="false" isStatic="false" isGetter="false" isSetter="false">
              <Summary numSequencePoints="1" visitedSequencePoints="0" numBranchPoints="1" visitedBranchPoints="0" sequenceCoverage="0" branchCoverage="0" maxCyclomaticComplexity="1" minCyclomaticComplexity="1" />
              <MetadataToken>100664209</MetadataToken>
              <Name>TRowKey SigStat.Common.DistanceMatrix`3/&lt;&gt;c::&lt;ToArray&gt;b__6_0(System.Collections.Generic.KeyValuePair`2&lt;TRowKey,TColumnKey&gt;)</Name>
              <FileRef uid="40" />
              <SequencePoints>
                <SequencePoint vc="0" uspid="861" ordinal="0" offset="0" sl="42" sc="49" el="42" ec="56" />
              </SequencePoints>
              <BranchPoints />
              <MethodPoint xsi:type="SequencePoint" vc="0" uspid="861" ordinal="0" offset="0" sl="42" sc="49" el="42" ec="56" />
            </Method>
            <Method visited="false" cyclomaticComplexity="1" sequenceCoverage="0" branchCoverage="0" isConstructor="false" isStatic="false" isGetter="false" isSetter="false">
              <Summary numSequencePoints="1" visitedSequencePoints="0" numBranchPoints="1" visitedBranchPoints="0" sequenceCoverage="0" branchCoverage="0" maxCyclomaticComplexity="1" minCyclomaticComplexity="1" />
              <MetadataToken>100664210</MetadataToken>
              <Name>TRowKey SigStat.Common.DistanceMatrix`3/&lt;&gt;c::&lt;ToArray&gt;b__6_1(TRowKey)</Name>
              <FileRef uid="40" />
              <SequencePoints>
                <SequencePoint vc="0" uspid="862" ordinal="0" offset="0" sl="42" sc="82" el="42" ec="83" />
              </SequencePoints>
              <BranchPoints />
              <MethodPoint xsi:type="SequencePoint" vc="0" uspid="862" ordinal="0" offset="0" sl="42" sc="82" el="42" ec="83" />
            </Method>
            <Method visited="false" cyclomaticComplexity="1" sequenceCoverage="0" branchCoverage="0" isConstructor="false" isStatic="false" isGetter="false" isSetter="false">
              <Summary numSequencePoints="1" visitedSequencePoints="0" numBranchPoints="1" visitedBranchPoints="0" sequenceCoverage="0" branchCoverage="0" maxCyclomaticComplexity="1" minCyclomaticComplexity="1" />
              <MetadataToken>100664211</MetadataToken>
              <Name>TColumnKey SigStat.Common.DistanceMatrix`3/&lt;&gt;c::&lt;ToArray&gt;b__6_2(System.Collections.Generic.KeyValuePair`2&lt;TRowKey,TColumnKey&gt;)</Name>
              <FileRef uid="40" />
              <SequencePoints>
                <SequencePoint vc="0" uspid="863" ordinal="0" offset="0" sl="43" sc="52" el="43" ec="61" />
              </SequencePoints>
              <BranchPoints />
              <MethodPoint xsi:type="SequencePoint" vc="0" uspid="863" ordinal="0" offset="0" sl="43" sc="52" el="43" ec="61" />
            </Method>
            <Method visited="false" cyclomaticComplexity="1" sequenceCoverage="0" branchCoverage="0" isConstructor="false" isStatic="false" isGetter="false" isSetter="false">
              <Summary numSequencePoints="1" visitedSequencePoints="0" numBranchPoints="1" visitedBranchPoints="0" sequenceCoverage="0" branchCoverage="0" maxCyclomaticComplexity="1" minCyclomaticComplexity="1" />
              <MetadataToken>100664212</MetadataToken>
              <Name>TColumnKey SigStat.Common.DistanceMatrix`3/&lt;&gt;c::&lt;ToArray&gt;b__6_3(TColumnKey)</Name>
              <FileRef uid="40" />
              <SequencePoints>
                <SequencePoint vc="0" uspid="864" ordinal="0" offset="0" sl="43" sc="87" el="43" ec="88" />
              </SequencePoints>
              <BranchPoints />
              <MethodPoint xsi:type="SequencePoint" vc="0" uspid="864" ordinal="0" offset="0" sl="43" sc="87" el="43" ec="88" />
            </Method>
          </Methods>
        </Class>
        <Class>
          <Summary numSequencePoints="1" visitedSequencePoints="0" numBranchPoints="1" visitedBranchPoints="0" sequenceCoverage="0" branchCoverage="0" maxCyclomaticComplexity="1" minCyclomaticComplexity="1" />
          <FullName>SigStat.Common.ErrorRate</FullName>
          <Methods>
            <Method visited="false" cyclomaticComplexity="1" sequenceCoverage="0" branchCoverage="0" isConstructor="false" isStatic="false" isGetter="true" isSetter="false">
              <Summary numSequencePoints="1" visitedSequencePoints="0" numBranchPoints="1" visitedBranchPoints="0" sequenceCoverage="0" branchCoverage="0" maxCyclomaticComplexity="1" minCyclomaticComplexity="1" />
              <MetadataToken>100663405</MetadataToken>
              <Name>System.Double SigStat.Common.ErrorRate::get_Aer()</Name>
              <FileRef uid="42" />
              <SequencePoints>
                <SequencePoint vc="0" uspid="865" ordinal="0" offset="0" sl="11" sc="35" el="11" ec="58" />
              </SequencePoints>
              <BranchPoints />
              <MethodPoint xsi:type="SequencePoint" vc="0" uspid="865" ordinal="0" offset="0" sl="11" sc="35" el="11" ec="58" />
            </Method>
          </Methods>
        </Class>
        <Class>
          <Summary numSequencePoints="7" visitedSequencePoints="0" numBranchPoints="7" visitedBranchPoints="0" sequenceCoverage="0" branchCoverage="0" maxCyclomaticComplexity="4" minCyclomaticComplexity="4" />
          <FullName>SigStat.Common.MathHelper</FullName>
          <Methods>
            <Method visited="false" cyclomaticComplexity="4" sequenceCoverage="0" branchCoverage="0" isConstructor="false" isStatic="true" isGetter="false" isSetter="false">
              <Summary numSequencePoints="7" visitedSequencePoints="0" numBranchPoints="7" visitedBranchPoints="0" sequenceCoverage="0" branchCoverage="0" maxCyclomaticComplexity="4" minCyclomaticComplexity="4" />
              <MetadataToken>100663406</MetadataToken>
              <Name>System.Double SigStat.Common.MathHelper::Min(System.Double,System.Double,System.Double)</Name>
              <FileRef uid="43" />
              <SequencePoints>
                <SequencePoint vc="0" uspid="866" ordinal="0" offset="0" sl="21" sc="13" el="21" ec="25" />
                <SequencePoint vc="0" uspid="867" ordinal="1" offset="4" sl="23" sc="17" el="23" ec="29" />
                <SequencePoint vc="0" uspid="868" ordinal="2" offset="8" sl="25" sc="21" el="25" ec="31" />
                <SequencePoint vc="0" uspid="869" ordinal="3" offset="10" sl="29" sc="21" el="29" ec="31" />
                <SequencePoint vc="0" uspid="870" ordinal="4" offset="12" sl="34" sc="17" el="34" ec="29" />
                <SequencePoint vc="0" uspid="871" ordinal="5" offset="16" sl="36" sc="21" el="36" ec="31" />
                <SequencePoint vc="0" uspid="872" ordinal="6" offset="18" sl="40" sc="21" el="40" ec="31" />
              </SequencePoints>
              <BranchPoints>
                <BranchPoint vc="0" uspid="873" ordinal="0" offset="2" path="0" />
                <BranchPoint vc="0" uspid="874" ordinal="1" offset="2" path="1" />
                <BranchPoint vc="0" uspid="875" ordinal="2" offset="6" path="0" />
                <BranchPoint vc="0" uspid="876" ordinal="3" offset="6" path="1" />
                <BranchPoint vc="0" uspid="877" ordinal="4" offset="14" path="0" />
                <BranchPoint vc="0" uspid="878" ordinal="5" offset="14" path="1" />
              </BranchPoints>
              <MethodPoint xsi:type="SequencePoint" vc="0" uspid="866" ordinal="0" offset="0" sl="21" sc="13" el="21" ec="25" />
            </Method>
          </Methods>
        </Class>
        <Class>
          <Summary numSequencePoints="27" visitedSequencePoints="24" numBranchPoints="22" visitedBranchPoints="13" sequenceCoverage="88.89" branchCoverage="59.09" maxCyclomaticComplexity="2" minCyclomaticComplexity="1" />
          <FullName>SigStat.Common.FeatureDescriptor</FullName>
          <Methods>
            <Method visited="true" cyclomaticComplexity="1" sequenceCoverage="100" branchCoverage="100" isConstructor="false" isStatic="false" isGetter="true" isSetter="false">
              <Summary numSequencePoints="1" visitedSequencePoints="1" numBranchPoints="1" visitedBranchPoints="1" sequenceCoverage="100" branchCoverage="100" maxCyclomaticComplexity="1" minCyclomaticComplexity="1" />
              <MetadataToken>100663407</MetadataToken>
              <Name>System.String SigStat.Common.FeatureDescriptor::get_Name()</Name>
              <FileRef uid="44" />
              <SequencePoints>
                <SequencePoint vc="1" uspid="879" ordinal="0" offset="0" sl="14" sc="30" el="14" ec="34" />
              </SequencePoints>
              <BranchPoints />
              <MethodPoint xsi:type="SequencePoint" vc="1" uspid="879" ordinal="0" offset="0" sl="14" sc="30" el="14" ec="34" />
            </Method>
            <Method visited="true" cyclomaticComplexity="1" sequenceCoverage="100" branchCoverage="100" isConstructor="false" isStatic="false" isGetter="false" isSetter="true">
              <Summary numSequencePoints="1" visitedSequencePoints="1" numBranchPoints="1" visitedBranchPoints="1" sequenceCoverage="100" branchCoverage="100" maxCyclomaticComplexity="1" minCyclomaticComplexity="1" />
              <MetadataToken>100663408</MetadataToken>
              <Name>System.Void SigStat.Common.FeatureDescriptor::set_Name(System.String)</Name>
              <FileRef uid="44" />
              <SequencePoints>
                <SequencePoint vc="8" uspid="880" ordinal="0" offset="0" sl="14" sc="35" el="14" ec="39" />
              </SequencePoints>
              <BranchPoints />
              <MethodPoint xsi:type="SequencePoint" vc="8" uspid="880" ordinal="0" offset="0" sl="14" sc="35" el="14" ec="39" />
            </Method>
            <Method visited="true" cyclomaticComplexity="1" sequenceCoverage="100" branchCoverage="100" isConstructor="false" isStatic="false" isGetter="true" isSetter="false">
              <Summary numSequencePoints="1" visitedSequencePoints="1" numBranchPoints="1" visitedBranchPoints="1" sequenceCoverage="100" branchCoverage="100" maxCyclomaticComplexity="1" minCyclomaticComplexity="1" />
              <MetadataToken>100663409</MetadataToken>
              <Name>System.String SigStat.Common.FeatureDescriptor::get_Key()</Name>
              <FileRef uid="44" />
              <SequencePoints>
                <SequencePoint vc="7" uspid="881" ordinal="0" offset="0" sl="16" sc="29" el="16" ec="33" />
              </SequencePoints>
              <BranchPoints />
              <MethodPoint xsi:type="SequencePoint" vc="7" uspid="881" ordinal="0" offset="0" sl="16" sc="29" el="16" ec="33" />
            </Method>
            <Method visited="true" cyclomaticComplexity="1" sequenceCoverage="100" branchCoverage="100" isConstructor="false" isStatic="false" isGetter="false" isSetter="true">
              <Summary numSequencePoints="1" visitedSequencePoints="1" numBranchPoints="1" visitedBranchPoints="1" sequenceCoverage="100" branchCoverage="100" maxCyclomaticComplexity="1" minCyclomaticComplexity="1" />
              <MetadataToken>100663410</MetadataToken>
              <Name>System.Void SigStat.Common.FeatureDescriptor::set_Key(System.String)</Name>
              <FileRef uid="44" />
              <SequencePoints>
                <SequencePoint vc="7" uspid="882" ordinal="0" offset="0" sl="16" sc="34" el="16" ec="48" />
              </SequencePoints>
              <BranchPoints />
              <MethodPoint xsi:type="SequencePoint" vc="7" uspid="882" ordinal="0" offset="0" sl="16" sc="34" el="16" ec="48" />
            </Method>
            <Method visited="true" cyclomaticComplexity="1" sequenceCoverage="100" branchCoverage="100" isConstructor="false" isStatic="false" isGetter="true" isSetter="false">
              <Summary numSequencePoints="1" visitedSequencePoints="1" numBranchPoints="1" visitedBranchPoints="1" sequenceCoverage="100" branchCoverage="100" maxCyclomaticComplexity="1" minCyclomaticComplexity="1" />
              <MetadataToken>100663411</MetadataToken>
              <Name>System.Type SigStat.Common.FeatureDescriptor::get_FeatureType()</Name>
              <FileRef uid="44" />
              <SequencePoints>
                <SequencePoint vc="4" uspid="883" ordinal="0" offset="0" sl="18" sc="35" el="18" ec="39" />
              </SequencePoints>
              <BranchPoints />
              <MethodPoint xsi:type="SequencePoint" vc="4" uspid="883" ordinal="0" offset="0" sl="18" sc="35" el="18" ec="39" />
            </Method>
            <Method visited="true" cyclomaticComplexity="1" sequenceCoverage="100" branchCoverage="100" isConstructor="false" isStatic="false" isGetter="false" isSetter="true">
              <Summary numSequencePoints="1" visitedSequencePoints="1" numBranchPoints="1" visitedBranchPoints="1" sequenceCoverage="100" branchCoverage="100" maxCyclomaticComplexity="1" minCyclomaticComplexity="1" />
              <MetadataToken>100663412</MetadataToken>
              <Name>System.Void SigStat.Common.FeatureDescriptor::set_FeatureType(System.Type)</Name>
              <FileRef uid="44" />
              <SequencePoints>
                <SequencePoint vc="7" uspid="884" ordinal="0" offset="0" sl="18" sc="40" el="18" ec="44" />
              </SequencePoints>
              <BranchPoints />
              <MethodPoint xsi:type="SequencePoint" vc="7" uspid="884" ordinal="0" offset="0" sl="18" sc="40" el="18" ec="44" />
            </Method>
            <Method visited="true" cyclomaticComplexity="2" sequenceCoverage="100" branchCoverage="33.33" isConstructor="false" isStatic="false" isGetter="true" isSetter="false">
              <Summary numSequencePoints="1" visitedSequencePoints="1" numBranchPoints="3" visitedBranchPoints="1" sequenceCoverage="100" branchCoverage="33.33" maxCyclomaticComplexity="2" minCyclomaticComplexity="2" />
              <MetadataToken>100663413</MetadataToken>
              <Name>System.Boolean SigStat.Common.FeatureDescriptor::get_IsCollection()</Name>
              <FileRef uid="44" />
              <SequencePoints>
                <SequencePoint vc="2" uspid="885" ordinal="0" offset="0" sl="26" sc="17" el="26" ec="110" />
              </SequencePoints>
              <BranchPoints>
                <BranchPoint vc="0" uspid="886" ordinal="0" offset="11" path="0" />
                <BranchPoint vc="0" uspid="887" ordinal="1" offset="11" path="1" />
              </BranchPoints>
              <MethodPoint xsi:type="SequencePoint" vc="2" uspid="885" ordinal="0" offset="0" sl="26" sc="17" el="26" ec="110" />
            </Method>
            <Method visited="true" cyclomaticComplexity="2" sequenceCoverage="87.5" branchCoverage="33.33" isConstructor="true" isStatic="false" isGetter="false" isSetter="false">
              <Summary numSequencePoints="8" visitedSequencePoints="7" numBranchPoints="3" visitedBranchPoints="1" sequenceCoverage="87.5" branchCoverage="33.33" maxCyclomaticComplexity="2" minCyclomaticComplexity="2" />
              <MetadataToken>100663414</MetadataToken>
              <Name>System.Void SigStat.Common.FeatureDescriptor::.ctor(System.String,System.String,System.Type)</Name>
              <FileRef uid="44" />
              <SequencePoints>
                <SequencePoint vc="7" uspid="888" ordinal="0" offset="0" sl="39" sc="9" el="39" ec="79" />
                <SequencePoint vc="7" uspid="889" ordinal="1" offset="6" sl="41" sc="13" el="41" ec="46" />
                <SequencePoint vc="0" uspid="890" ordinal="2" offset="19" sl="43" sc="17" el="43" ec="245" />
                <SequencePoint vc="7" uspid="891" ordinal="3" offset="41" sl="46" sc="13" el="46" ec="25" />
                <SequencePoint vc="7" uspid="892" ordinal="4" offset="48" sl="47" sc="13" el="47" ec="23" />
                <SequencePoint vc="7" uspid="893" ordinal="5" offset="55" sl="48" sc="13" el="48" ec="39" />
                <SequencePoint vc="7" uspid="894" ordinal="6" offset="62" sl="49" sc="13" el="49" ec="40" />
                <SequencePoint vc="7" uspid="895" ordinal="7" offset="74" sl="50" sc="9" el="50" ec="10" />
              </SequencePoints>
              <BranchPoints>
                <BranchPoint vc="0" uspid="896" ordinal="0" offset="17" path="0" />
                <BranchPoint vc="0" uspid="897" ordinal="1" offset="17" path="1" />
              </BranchPoints>
              <MethodPoint xsi:type="SequencePoint" vc="7" uspid="888" ordinal="0" offset="0" sl="39" sc="9" el="39" ec="79" />
            </Method>
            <Method visited="true" cyclomaticComplexity="1" sequenceCoverage="100" branchCoverage="100" isConstructor="false" isStatic="true" isGetter="false" isSetter="false">
              <Summary numSequencePoints="1" visitedSequencePoints="1" numBranchPoints="1" visitedBranchPoints="1" sequenceCoverage="100" branchCoverage="100" maxCyclomaticComplexity="1" minCyclomaticComplexity="1" />
              <MetadataToken>100663415</MetadataToken>
              <Name>System.Boolean SigStat.Common.FeatureDescriptor::IsRegistered(System.String)</Name>
              <FileRef uid="44" />
              <SequencePoints>
                <SequencePoint vc="2" uspid="898" ordinal="0" offset="0" sl="59" sc="13" el="59" ec="56" />
              </SequencePoints>
              <BranchPoints />
              <MethodPoint xsi:type="SequencePoint" vc="2" uspid="898" ordinal="0" offset="0" sl="59" sc="13" el="59" ec="56" />
            </Method>
            <Method visited="true" cyclomaticComplexity="1" sequenceCoverage="100" branchCoverage="100" isConstructor="false" isStatic="true" isGetter="false" isSetter="false">
              <Summary numSequencePoints="3" visitedSequencePoints="3" numBranchPoints="1" visitedBranchPoints="1" sequenceCoverage="100" branchCoverage="100" maxCyclomaticComplexity="1" minCyclomaticComplexity="1" />
              <MetadataToken>100663416</MetadataToken>
              <Name>SigStat.Common.FeatureDescriptor SigStat.Common.FeatureDescriptor::Register(System.String,System.Type)</Name>
              <FileRef uid="44" />
              <SequencePoints>
                <SequencePoint vc="2" uspid="899" ordinal="0" offset="0" sl="73" sc="13" el="73" ec="76" />
                <SequencePoint vc="2" uspid="900" ordinal="1" offset="26" sl="74" sc="13" el="74" ec="90" />
                <SequencePoint vc="2" uspid="901" ordinal="2" offset="40" sl="75" sc="13" el="75" ec="85" />
              </SequencePoints>
              <BranchPoints />
              <MethodPoint xsi:type="SequencePoint" vc="2" uspid="899" ordinal="0" offset="0" sl="73" sc="13" el="73" ec="76" />
            </Method>
            <Method visited="true" cyclomaticComplexity="2" sequenceCoverage="66.67" branchCoverage="33.33" isConstructor="false" isStatic="true" isGetter="false" isSetter="false">
              <Summary numSequencePoints="3" visitedSequencePoints="2" numBranchPoints="3" visitedBranchPoints="1" sequenceCoverage="66.67" branchCoverage="33.33" maxCyclomaticComplexity="2" minCyclomaticComplexity="2" />
              <MetadataToken>100663417</MetadataToken>
              <Name>SigStat.Common.FeatureDescriptor SigStat.Common.FeatureDescriptor::Get(System.String)</Name>
              <FileRef uid="44" />
              <SequencePoints>
                <SequencePoint vc="1" uspid="902" ordinal="0" offset="0" sl="86" sc="13" el="86" ec="66" />
                <SequencePoint vc="0" uspid="903" ordinal="1" offset="15" sl="88" sc="17" el="88" ec="35" />
                <SequencePoint vc="1" uspid="904" ordinal="2" offset="17" sl="91" sc="13" el="91" ec="112" />
              </SequencePoints>
              <BranchPoints>
                <BranchPoint vc="0" uspid="905" ordinal="0" offset="13" path="0" />
                <BranchPoint vc="0" uspid="906" ordinal="1" offset="13" path="1" />
              </BranchPoints>
              <MethodPoint xsi:type="SequencePoint" vc="1" uspid="902" ordinal="0" offset="0" sl="86" sc="13" el="86" ec="66" />
            </Method>
            <Method visited="true" cyclomaticComplexity="2" sequenceCoverage="100" branchCoverage="33.33" isConstructor="false" isStatic="true" isGetter="false" isSetter="false">
              <Summary numSequencePoints="3" visitedSequencePoints="3" numBranchPoints="3" visitedBranchPoints="1" sequenceCoverage="100" branchCoverage="33.33" maxCyclomaticComplexity="2" minCyclomaticComplexity="2" />
              <MetadataToken>100663418</MetadataToken>
              <Name>SigStat.Common.FeatureDescriptor`1&lt;T&gt; SigStat.Common.FeatureDescriptor::Get(System.String)</Name>
              <FileRef uid="44" />
              <SequencePoints>
                <SequencePoint vc="4" uspid="907" ordinal="0" offset="0" sl="103" sc="13" el="103" ec="46" />
                <SequencePoint vc="1" uspid="908" ordinal="1" offset="13" sl="105" sc="17" el="105" ec="63" />
                <SequencePoint vc="3" uspid="909" ordinal="2" offset="30" sl="108" sc="13" el="108" ec="50" />
              </SequencePoints>
              <BranchPoints>
                <BranchPoint vc="0" uspid="910" ordinal="0" offset="11" path="0" />
                <BranchPoint vc="0" uspid="911" ordinal="1" offset="11" path="1" />
              </BranchPoints>
              <MethodPoint xsi:type="SequencePoint" vc="4" uspid="907" ordinal="0" offset="0" sl="103" sc="13" el="103" ec="46" />
            </Method>
            <Method visited="false" cyclomaticComplexity="1" sequenceCoverage="0" branchCoverage="0" isConstructor="false" isStatic="false" isGetter="false" isSetter="false">
              <Summary numSequencePoints="1" visitedSequencePoints="0" numBranchPoints="1" visitedBranchPoints="0" sequenceCoverage="0" branchCoverage="0" maxCyclomaticComplexity="1" minCyclomaticComplexity="1" />
              <MetadataToken>100663419</MetadataToken>
              <Name>System.String SigStat.Common.FeatureDescriptor::ToString()</Name>
              <FileRef uid="44" />
              <SequencePoints>
                <SequencePoint vc="0" uspid="912" ordinal="0" offset="0" sl="117" sc="13" el="117" ec="38" />
              </SequencePoints>
              <BranchPoints />
              <MethodPoint xsi:type="SequencePoint" vc="0" uspid="912" ordinal="0" offset="0" sl="117" sc="13" el="117" ec="38" />
            </Method>
            <Method visited="true" cyclomaticComplexity="1" sequenceCoverage="100" branchCoverage="100" isConstructor="true" isStatic="true" isGetter="false" isSetter="false">
              <Summary numSequencePoints="1" visitedSequencePoints="1" numBranchPoints="1" visitedBranchPoints="1" sequenceCoverage="100" branchCoverage="100" maxCyclomaticComplexity="1" minCyclomaticComplexity="1" />
              <MetadataToken>100663420</MetadataToken>
              <Name>System.Void SigStat.Common.FeatureDescriptor::.cctor()</Name>
              <FileRef uid="44" />
              <SequencePoints>
                <SequencePoint vc="1" uspid="913" ordinal="0" offset="0" sl="30" sc="9" el="30" ec="131" />
              </SequencePoints>
              <BranchPoints />
              <MethodPoint xsi:type="SequencePoint" vc="1" uspid="913" ordinal="0" offset="0" sl="30" sc="9" el="30" ec="131" />
            </Method>
          </Methods>
        </Class>
        <Class>
          <Summary numSequencePoints="12" visitedSequencePoints="9" numBranchPoints="10" visitedBranchPoints="3" sequenceCoverage="75" branchCoverage="30" maxCyclomaticComplexity="4" minCyclomaticComplexity="1" />
          <FullName>SigStat.Common.FeatureDescriptor`1</FullName>
          <Methods>
            <Method visited="false" cyclomaticComplexity="1" sequenceCoverage="0" branchCoverage="0" isConstructor="true" isStatic="false" isGetter="false" isSetter="false">
              <Summary numSequencePoints="2" visitedSequencePoints="0" numBranchPoints="1" visitedBranchPoints="0" sequenceCoverage="0" branchCoverage="0" maxCyclomaticComplexity="1" minCyclomaticComplexity="1" />
              <MetadataToken>100663421</MetadataToken>
              <Name>System.Void SigStat.Common.FeatureDescriptor`1::.ctor(System.String,System.String,System.Type)</Name>
              <FileRef uid="45" />
              <SequencePoints>
                <SequencePoint vc="0" uspid="914" ordinal="0" offset="0" sl="14" sc="80" el="14" ec="108" />
                <SequencePoint vc="0" uspid="915" ordinal="1" offset="9" sl="14" sc="111" el="14" ec="112" />
              </SequencePoints>
              <BranchPoints />
              <MethodPoint xsi:type="SequencePoint" vc="0" uspid="914" ordinal="0" offset="0" sl="14" sc="80" el="14" ec="108" />
            </Method>
            <Method visited="true" cyclomaticComplexity="1" sequenceCoverage="100" branchCoverage="100" isConstructor="true" isStatic="false" isGetter="false" isSetter="false">
              <Summary numSequencePoints="2" visitedSequencePoints="2" numBranchPoints="1" visitedBranchPoints="1" sequenceCoverage="100" branchCoverage="100" maxCyclomaticComplexity="1" minCyclomaticComplexity="1" />
              <MetadataToken>100663422</MetadataToken>
              <Name>System.Void SigStat.Common.FeatureDescriptor`1::.ctor(System.String,System.String)</Name>
              <FileRef uid="45" />
              <SequencePoints>
                <SequencePoint vc="7" uspid="916" ordinal="0" offset="0" sl="16" sc="62" el="16" ec="88" />
                <SequencePoint vc="7" uspid="917" ordinal="1" offset="18" sl="16" sc="91" el="16" ec="92" />
              </SequencePoints>
              <BranchPoints />
              <MethodPoint xsi:type="SequencePoint" vc="7" uspid="916" ordinal="0" offset="0" sl="16" sc="62" el="16" ec="88" />
            </Method>
            <Method visited="true" cyclomaticComplexity="4" sequenceCoverage="85.71" branchCoverage="14.29" isConstructor="false" isStatic="true" isGetter="false" isSetter="false">
              <Summary numSequencePoints="7" visitedSequencePoints="6" numBranchPoints="7" visitedBranchPoints="1" sequenceCoverage="85.71" branchCoverage="14.29" maxCyclomaticComplexity="4" minCyclomaticComplexity="4" />
              <MetadataToken>100663423</MetadataToken>
              <Name>SigStat.Common.FeatureDescriptor`1&lt;T&gt; SigStat.Common.FeatureDescriptor`1::Get(System.String)</Name>
              <FileRef uid="45" />
              <SequencePoints>
                <SequencePoint vc="9" uspid="918" ordinal="0" offset="0" sl="28" sc="13" el="28" ec="73" />
                <SequencePoint vc="2" uspid="919" ordinal="1" offset="15" sl="30" sc="17" el="30" ec="64" />
                <SequencePoint vc="7" uspid="920" ordinal="2" offset="22" sl="33" sc="13" el="33" ec="28" />
                <SequencePoint vc="7" uspid="921" ordinal="3" offset="38" sl="35" sc="17" el="35" ec="73" />
                <SequencePoint vc="0" uspid="922" ordinal="4" offset="53" sl="37" sc="21" el="37" ec="68" />
                <SequencePoint vc="7" uspid="923" ordinal="5" offset="62" sl="42" sc="17" el="42" ec="59" />
                <SequencePoint vc="7" uspid="924" ordinal="6" offset="82" sl="44" sc="9" el="44" ec="10" />
              </SequencePoints>
              <BranchPoints>
                <BranchPoint vc="0" uspid="925" ordinal="0" offset="13" path="0" />
                <BranchPoint vc="0" uspid="926" ordinal="1" offset="13" path="1" />
                <BranchPoint vc="0" uspid="927" ordinal="2" offset="51" path="0" />
                <BranchPoint vc="0" uspid="928" ordinal="3" offset="51" path="1" />
                <BranchPoint vc="0" uspid="929" ordinal="4" offset="73" path="0" />
                <BranchPoint vc="0" uspid="930" ordinal="5" offset="73" path="1" />
              </BranchPoints>
              <MethodPoint xsi:type="SequencePoint" vc="9" uspid="918" ordinal="0" offset="0" sl="28" sc="13" el="28" ec="73" />
            </Method>
            <Method visited="true" cyclomaticComplexity="1" sequenceCoverage="100" branchCoverage="100" isConstructor="true" isStatic="true" isGetter="false" isSetter="false">
              <Summary numSequencePoints="1" visitedSequencePoints="1" numBranchPoints="1" visitedBranchPoints="1" sequenceCoverage="100" branchCoverage="100" maxCyclomaticComplexity="1" minCyclomaticComplexity="1" />
              <MetadataToken>100663424</MetadataToken>
              <Name>System.Void SigStat.Common.FeatureDescriptor`1::.cctor()</Name>
              <FileRef uid="45" />
              <SequencePoints>
                <SequencePoint vc="3" uspid="931" ordinal="0" offset="0" sl="18" sc="9" el="18" ec="55" />
              </SequencePoints>
              <BranchPoints />
              <MethodPoint xsi:type="SequencePoint" vc="3" uspid="931" ordinal="0" offset="0" sl="18" sc="9" el="18" ec="55" />
            </Method>
          </Methods>
        </Class>
        <Class>
          <Summary numSequencePoints="50" visitedSequencePoints="33" numBranchPoints="32" visitedBranchPoints="20" sequenceCoverage="66" branchCoverage="62.5" maxCyclomaticComplexity="4" minCyclomaticComplexity="1" />
          <FullName>SigStat.Common.Signature</FullName>
          <Methods>
            <Method visited="true" cyclomaticComplexity="1" sequenceCoverage="100" branchCoverage="100" isConstructor="false" isStatic="false" isGetter="true" isSetter="false">
              <Summary numSequencePoints="1" visitedSequencePoints="1" numBranchPoints="1" visitedBranchPoints="1" sequenceCoverage="100" branchCoverage="100" maxCyclomaticComplexity="1" minCyclomaticComplexity="1" />
              <MetadataToken>100663425</MetadataToken>
              <Name>System.String SigStat.Common.Signature::get_ID()</Name>
              <FileRef uid="46" />
              <SequencePoints>
                <SequencePoint vc="3" uspid="932" ordinal="0" offset="0" sl="19" sc="28" el="19" ec="32" />
              </SequencePoints>
              <BranchPoints />
              <MethodPoint xsi:type="SequencePoint" vc="3" uspid="932" ordinal="0" offset="0" sl="19" sc="28" el="19" ec="32" />
            </Method>
            <Method visited="true" cyclomaticComplexity="1" sequenceCoverage="100" branchCoverage="100" isConstructor="false" isStatic="false" isGetter="false" isSetter="true">
              <Summary numSequencePoints="1" visitedSequencePoints="1" numBranchPoints="1" visitedBranchPoints="1" sequenceCoverage="100" branchCoverage="100" maxCyclomaticComplexity="1" minCyclomaticComplexity="1" />
              <MetadataToken>100663426</MetadataToken>
              <Name>System.Void SigStat.Common.Signature::set_ID(System.String)</Name>
              <FileRef uid="46" />
              <SequencePoints>
                <SequencePoint vc="2" uspid="933" ordinal="0" offset="0" sl="19" sc="33" el="19" ec="37" />
              </SequencePoints>
              <BranchPoints />
              <MethodPoint xsi:type="SequencePoint" vc="2" uspid="933" ordinal="0" offset="0" sl="19" sc="33" el="19" ec="37" />
            </Method>
            <Method visited="true" cyclomaticComplexity="1" sequenceCoverage="100" branchCoverage="100" isConstructor="false" isStatic="false" isGetter="true" isSetter="false">
              <Summary numSequencePoints="1" visitedSequencePoints="1" numBranchPoints="1" visitedBranchPoints="1" sequenceCoverage="100" branchCoverage="100" maxCyclomaticComplexity="1" minCyclomaticComplexity="1" />
              <MetadataToken>100663427</MetadataToken>
              <Name>SigStat.Common.Origin SigStat.Common.Signature::get_Origin()</Name>
              <FileRef uid="46" />
              <SequencePoints>
                <SequencePoint vc="2" uspid="934" ordinal="0" offset="0" sl="23" sc="32" el="23" ec="36" />
              </SequencePoints>
              <BranchPoints />
              <MethodPoint xsi:type="SequencePoint" vc="2" uspid="934" ordinal="0" offset="0" sl="23" sc="32" el="23" ec="36" />
            </Method>
            <Method visited="true" cyclomaticComplexity="1" sequenceCoverage="100" branchCoverage="100" isConstructor="false" isStatic="false" isGetter="false" isSetter="true">
              <Summary numSequencePoints="1" visitedSequencePoints="1" numBranchPoints="1" visitedBranchPoints="1" sequenceCoverage="100" branchCoverage="100" maxCyclomaticComplexity="1" minCyclomaticComplexity="1" />
              <MetadataToken>100663428</MetadataToken>
              <Name>System.Void SigStat.Common.Signature::set_Origin(SigStat.Common.Origin)</Name>
              <FileRef uid="46" />
              <SequencePoints>
                <SequencePoint vc="2" uspid="935" ordinal="0" offset="0" sl="23" sc="37" el="23" ec="41" />
              </SequencePoints>
              <BranchPoints />
              <MethodPoint xsi:type="SequencePoint" vc="2" uspid="935" ordinal="0" offset="0" sl="23" sc="37" el="23" ec="41" />
            </Method>
            <Method visited="true" cyclomaticComplexity="1" sequenceCoverage="100" branchCoverage="100" isConstructor="false" isStatic="false" isGetter="true" isSetter="false">
              <Summary numSequencePoints="1" visitedSequencePoints="1" numBranchPoints="1" visitedBranchPoints="1" sequenceCoverage="100" branchCoverage="100" maxCyclomaticComplexity="1" minCyclomaticComplexity="1" />
              <MetadataToken>100663429</MetadataToken>
              <Name>SigStat.Common.Signer SigStat.Common.Signature::get_Signer()</Name>
              <FileRef uid="46" />
              <SequencePoints>
                <SequencePoint vc="2" uspid="936" ordinal="0" offset="0" sl="26" sc="32" el="26" ec="36" />
              </SequencePoints>
              <BranchPoints />
              <MethodPoint xsi:type="SequencePoint" vc="2" uspid="936" ordinal="0" offset="0" sl="26" sc="32" el="26" ec="36" />
            </Method>
            <Method visited="true" cyclomaticComplexity="1" sequenceCoverage="100" branchCoverage="100" isConstructor="false" isStatic="false" isGetter="false" isSetter="true">
              <Summary numSequencePoints="1" visitedSequencePoints="1" numBranchPoints="1" visitedBranchPoints="1" sequenceCoverage="100" branchCoverage="100" maxCyclomaticComplexity="1" minCyclomaticComplexity="1" />
              <MetadataToken>100663430</MetadataToken>
              <Name>System.Void SigStat.Common.Signature::set_Signer(SigStat.Common.Signer)</Name>
              <FileRef uid="46" />
              <SequencePoints>
                <SequencePoint vc="2" uspid="937" ordinal="0" offset="0" sl="26" sc="37" el="26" ec="41" />
              </SequencePoints>
              <BranchPoints />
              <MethodPoint xsi:type="SequencePoint" vc="2" uspid="937" ordinal="0" offset="0" sl="26" sc="37" el="26" ec="41" />
            </Method>
            <Method visited="true" cyclomaticComplexity="1" sequenceCoverage="100" branchCoverage="100" isConstructor="false" isStatic="false" isGetter="true" isSetter="false">
              <Summary numSequencePoints="1" visitedSequencePoints="1" numBranchPoints="1" visitedBranchPoints="1" sequenceCoverage="100" branchCoverage="100" maxCyclomaticComplexity="1" minCyclomaticComplexity="1" />
              <MetadataToken>100663431</MetadataToken>
              <Name>System.Object SigStat.Common.Signature::get_Item(System.String)</Name>
              <FileRef uid="46" />
              <SequencePoints>
                <SequencePoint vc="1" uspid="938" ordinal="0" offset="0" sl="41" sc="17" el="41" ec="45" />
              </SequencePoints>
              <BranchPoints />
              <MethodPoint xsi:type="SequencePoint" vc="1" uspid="938" ordinal="0" offset="0" sl="41" sc="17" el="41" ec="45" />
            </Method>
            <Method visited="true" cyclomaticComplexity="1" sequenceCoverage="100" branchCoverage="100" isConstructor="false" isStatic="false" isGetter="false" isSetter="true">
              <Summary numSequencePoints="3" visitedSequencePoints="3" numBranchPoints="1" visitedBranchPoints="1" sequenceCoverage="100" branchCoverage="100" maxCyclomaticComplexity="1" minCyclomaticComplexity="1" />
              <MetadataToken>100663432</MetadataToken>
              <Name>System.Void SigStat.Common.Signature::set_Item(System.String,System.Object)</Name>
              <FileRef uid="46" />
              <SequencePoints>
                <SequencePoint vc="1" uspid="939" ordinal="0" offset="0" sl="46" sc="17" el="46" ec="73" />
                <SequencePoint vc="1" uspid="940" ordinal="1" offset="13" sl="47" sc="17" el="47" ec="46" />
                <SequencePoint vc="1" uspid="941" ordinal="2" offset="26" sl="48" sc="13" el="48" ec="14" />
              </SequencePoints>
              <BranchPoints />
              <MethodPoint xsi:type="SequencePoint" vc="1" uspid="939" ordinal="0" offset="0" sl="46" sc="17" el="46" ec="73" />
            </Method>
            <Method visited="true" cyclomaticComplexity="1" sequenceCoverage="100" branchCoverage="100" isConstructor="false" isStatic="false" isGetter="true" isSetter="false">
              <Summary numSequencePoints="1" visitedSequencePoints="1" numBranchPoints="1" visitedBranchPoints="1" sequenceCoverage="100" branchCoverage="100" maxCyclomaticComplexity="1" minCyclomaticComplexity="1" />
              <MetadataToken>100663433</MetadataToken>
              <Name>System.Object SigStat.Common.Signature::get_Item(SigStat.Common.FeatureDescriptor)</Name>
              <FileRef uid="46" />
              <SequencePoints>
                <SequencePoint vc="1" uspid="942" ordinal="0" offset="0" sl="61" sc="17" el="61" ec="56" />
              </SequencePoints>
              <BranchPoints />
              <MethodPoint xsi:type="SequencePoint" vc="1" uspid="942" ordinal="0" offset="0" sl="61" sc="17" el="61" ec="56" />
            </Method>
            <Method visited="true" cyclomaticComplexity="1" sequenceCoverage="100" branchCoverage="100" isConstructor="false" isStatic="false" isGetter="false" isSetter="true">
              <Summary numSequencePoints="2" visitedSequencePoints="2" numBranchPoints="1" visitedBranchPoints="1" sequenceCoverage="100" branchCoverage="100" maxCyclomaticComplexity="1" minCyclomaticComplexity="1" />
              <MetadataToken>100663434</MetadataToken>
              <Name>System.Void SigStat.Common.Signature::set_Item(SigStat.Common.FeatureDescriptor,System.Object)</Name>
              <FileRef uid="46" />
              <SequencePoints>
                <SequencePoint vc="2" uspid="943" ordinal="0" offset="0" sl="65" sc="17" el="65" ec="57" />
                <SequencePoint vc="2" uspid="944" ordinal="1" offset="18" sl="66" sc="13" el="66" ec="14" />
              </SequencePoints>
              <BranchPoints />
              <MethodPoint xsi:type="SequencePoint" vc="2" uspid="943" ordinal="0" offset="0" sl="65" sc="17" el="65" ec="57" />
            </Method>
            <Method visited="true" cyclomaticComplexity="1" sequenceCoverage="100" branchCoverage="100" isConstructor="true" isStatic="false" isGetter="false" isSetter="false">
              <Summary numSequencePoints="3" visitedSequencePoints="3" numBranchPoints="1" visitedBranchPoints="1" sequenceCoverage="100" branchCoverage="100" maxCyclomaticComplexity="1" minCyclomaticComplexity="1" />
              <MetadataToken>100663435</MetadataToken>
              <Name>System.Void SigStat.Common.Signature::.ctor()</Name>
              <FileRef uid="46" />
              <SequencePoints>
                <SequencePoint vc="2" uspid="945" ordinal="0" offset="0" sl="29" sc="9" el="29" ec="117" />
                <SequencePoint vc="2" uspid="946" ordinal="1" offset="11" sl="72" sc="9" el="72" ec="27" />
                <SequencePoint vc="2" uspid="947" ordinal="2" offset="17" sl="75" sc="9" el="75" ec="10" />
              </SequencePoints>
              <BranchPoints />
              <MethodPoint xsi:type="SequencePoint" vc="2" uspid="945" ordinal="0" offset="0" sl="29" sc="9" el="29" ec="117" />
            </Method>
            <Method visited="true" cyclomaticComplexity="1" sequenceCoverage="100" branchCoverage="100" isConstructor="true" isStatic="false" isGetter="false" isSetter="false">
              <Summary numSequencePoints="6" visitedSequencePoints="6" numBranchPoints="1" visitedBranchPoints="1" sequenceCoverage="100" branchCoverage="100" maxCyclomaticComplexity="1" minCyclomaticComplexity="1" />
              <MetadataToken>100663436</MetadataToken>
              <Name>System.Void SigStat.Common.Signature::.ctor(System.String,SigStat.Common.Origin,SigStat.Common.Signer)</Name>
              <FileRef uid="46" />
              <SequencePoints>
                <SequencePoint vc="1" uspid="948" ordinal="0" offset="0" sl="29" sc="9" el="29" ec="117" />
                <SequencePoint vc="1" uspid="949" ordinal="1" offset="11" sl="83" sc="9" el="83" ec="99" />
                <SequencePoint vc="1" uspid="950" ordinal="2" offset="17" sl="85" sc="13" el="85" ec="30" />
                <SequencePoint vc="1" uspid="951" ordinal="3" offset="24" sl="86" sc="13" el="86" ec="29" />
                <SequencePoint vc="1" uspid="952" ordinal="4" offset="31" sl="87" sc="13" el="87" ec="29" />
                <SequencePoint vc="1" uspid="953" ordinal="5" offset="38" sl="88" sc="9" el="88" ec="10" />
              </SequencePoints>
              <BranchPoints />
              <MethodPoint xsi:type="SequencePoint" vc="1" uspid="948" ordinal="0" offset="0" sl="29" sc="9" el="29" ec="117" />
            </Method>
            <Method visited="true" cyclomaticComplexity="1" sequenceCoverage="100" branchCoverage="100" isConstructor="false" isStatic="false" isGetter="false" isSetter="false">
              <Summary numSequencePoints="1" visitedSequencePoints="1" numBranchPoints="1" visitedBranchPoints="1" sequenceCoverage="100" branchCoverage="100" maxCyclomaticComplexity="1" minCyclomaticComplexity="1" />
              <MetadataToken>100663437</MetadataToken>
              <Name>T SigStat.Common.Signature::GetFeature(System.String)</Name>
              <FileRef uid="46" />
              <SequencePoints>
                <SequencePoint vc="3" uspid="954" ordinal="0" offset="0" sl="97" sc="13" el="97" ec="44" />
              </SequencePoints>
              <BranchPoints />
              <MethodPoint xsi:type="SequencePoint" vc="3" uspid="954" ordinal="0" offset="0" sl="97" sc="13" el="97" ec="44" />
            </Method>
            <Method visited="false" cyclomaticComplexity="1" sequenceCoverage="0" branchCoverage="0" isConstructor="false" isStatic="false" isGetter="false" isSetter="false">
              <Summary numSequencePoints="1" visitedSequencePoints="0" numBranchPoints="1" visitedBranchPoints="0" sequenceCoverage="0" branchCoverage="0" maxCyclomaticComplexity="1" minCyclomaticComplexity="1" />
              <MetadataToken>100663438</MetadataToken>
              <Name>T SigStat.Common.Signature::GetFeature(SigStat.Common.FeatureDescriptor`1&lt;T&gt;)</Name>
              <FileRef uid="46" />
              <SequencePoints>
                <SequencePoint vc="0" uspid="955" ordinal="0" offset="0" sl="106" sc="13" el="106" ec="55" />
              </SequencePoints>
              <BranchPoints />
              <MethodPoint xsi:type="SequencePoint" vc="0" uspid="955" ordinal="0" offset="0" sl="106" sc="13" el="106" ec="55" />
            </Method>
            <Method visited="true" cyclomaticComplexity="1" sequenceCoverage="100" branchCoverage="100" isConstructor="false" isStatic="false" isGetter="false" isSetter="false">
              <Summary numSequencePoints="1" visitedSequencePoints="1" numBranchPoints="1" visitedBranchPoints="1" sequenceCoverage="100" branchCoverage="100" maxCyclomaticComplexity="1" minCyclomaticComplexity="1" />
              <MetadataToken>100663439</MetadataToken>
              <Name>T SigStat.Common.Signature::GetFeature(SigStat.Common.FeatureDescriptor)</Name>
              <FileRef uid="46" />
              <SequencePoints>
                <SequencePoint vc="1" uspid="956" ordinal="0" offset="0" sl="117" sc="13" el="117" ec="55" />
              </SequencePoints>
              <BranchPoints />
              <MethodPoint xsi:type="SequencePoint" vc="1" uspid="956" ordinal="0" offset="0" sl="117" sc="13" el="117" ec="55" />
            </Method>
            <Method visited="true" cyclomaticComplexity="2" sequenceCoverage="100" branchCoverage="33.33" isConstructor="false" isStatic="false" isGetter="false" isSetter="false">
              <Summary numSequencePoints="1" visitedSequencePoints="1" numBranchPoints="3" visitedBranchPoints="1" sequenceCoverage="100" branchCoverage="33.33" maxCyclomaticComplexity="2" minCyclomaticComplexity="2" />
              <MetadataToken>100663440</MetadataToken>
              <Name>System.Collections.Generic.IEnumerable`1&lt;SigStat.Common.FeatureDescriptor&gt; SigStat.Common.Signature::GetFeatureDescriptors()</Name>
              <FileRef uid="46" />
              <SequencePoints>
                <SequencePoint vc="1" uspid="957" ordinal="0" offset="0" sl="126" sc="13" el="126" ec="72" />
              </SequencePoints>
              <BranchPoints>
                <BranchPoint vc="0" uspid="958" ordinal="0" offset="17" path="0" />
                <BranchPoint vc="0" uspid="959" ordinal="1" offset="17" path="1" />
              </BranchPoints>
              <MethodPoint xsi:type="SequencePoint" vc="1" uspid="957" ordinal="0" offset="0" sl="126" sc="13" el="126" ec="72" />
            </Method>
            <Method visited="true" cyclomaticComplexity="1" sequenceCoverage="100" branchCoverage="100" isConstructor="false" isStatic="false" isGetter="false" isSetter="false">
              <Summary numSequencePoints="2" visitedSequencePoints="2" numBranchPoints="1" visitedBranchPoints="1" sequenceCoverage="100" branchCoverage="100" maxCyclomaticComplexity="1" minCyclomaticComplexity="1" />
              <MetadataToken>100663441</MetadataToken>
              <Name>System.Void SigStat.Common.Signature::SetFeature(SigStat.Common.FeatureDescriptor,T)</Name>
              <FileRef uid="46" />
              <SequencePoints>
                <SequencePoint vc="1" uspid="960" ordinal="0" offset="0" sl="136" sc="13" el="136" ec="55" />
                <SequencePoint vc="1" uspid="961" ordinal="1" offset="23" sl="137" sc="9" el="137" ec="10" />
              </SequencePoints>
              <BranchPoints />
              <MethodPoint xsi:type="SequencePoint" vc="1" uspid="960" ordinal="0" offset="0" sl="136" sc="13" el="136" ec="55" />
            </Method>
            <Method visited="true" cyclomaticComplexity="1" sequenceCoverage="100" branchCoverage="100" isConstructor="false" isStatic="false" isGetter="false" isSetter="false">
              <Summary numSequencePoints="3" visitedSequencePoints="3" numBranchPoints="1" visitedBranchPoints="1" sequenceCoverage="100" branchCoverage="100" maxCyclomaticComplexity="1" minCyclomaticComplexity="1" />
              <MetadataToken>100663442</MetadataToken>
              <Name>System.Void SigStat.Common.Signature::SetFeature(System.String,T)</Name>
              <FileRef uid="46" />
              <SequencePoints>
                <SequencePoint vc="1" uspid="962" ordinal="0" offset="0" sl="146" sc="13" el="146" ec="50" />
                <SequencePoint vc="1" uspid="963" ordinal="1" offset="7" sl="147" sc="13" el="147" ec="44" />
                <SequencePoint vc="1" uspid="964" ordinal="2" offset="25" sl="148" sc="9" el="148" ec="10" />
              </SequencePoints>
              <BranchPoints />
              <MethodPoint xsi:type="SequencePoint" vc="1" uspid="962" ordinal="0" offset="0" sl="146" sc="13" el="146" ec="50" />
            </Method>
            <Method visited="false" cyclomaticComplexity="4" sequenceCoverage="0" branchCoverage="0" isConstructor="false" isStatic="false" isGetter="false" isSetter="false">
              <Summary numSequencePoints="16" visitedSequencePoints="0" numBranchPoints="7" visitedBranchPoints="0" sequenceCoverage="0" branchCoverage="0" maxCyclomaticComplexity="4" minCyclomaticComplexity="4" />
              <MetadataToken>100663443</MetadataToken>
              <Name>System.Collections.Generic.List`1&lt;System.Double[]&gt; SigStat.Common.Signature::GetAggregateFeature(System.Collections.Generic.List`1&lt;SigStat.Common.FeatureDescriptor&gt;)</Name>
              <FileRef uid="46" />
              <SequencePoints>
                <SequencePoint vc="0" uspid="965" ordinal="0" offset="0" sl="158" sc="13" el="158" ec="38" />
                <SequencePoint vc="0" uspid="966" ordinal="1" offset="2" sl="160" sc="13" el="160" ec="70" />
                <SequencePoint vc="0" uspid="967" ordinal="2" offset="26" sl="162" sc="13" el="162" ec="40" />
                <SequencePoint vc="0" uspid="968" ordinal="3" offset="33" sl="163" sc="18" el="163" ec="27" />
                <SequencePoint vc="0" uspid="969" ordinal="4" offset="37" sl="165" sc="17" el="165" ec="50" />
                <SequencePoint vc="0" uspid="970" ordinal="5" offset="51" sl="163" sc="38" el="163" ec="41" />
                <SequencePoint vc="0" uspid="971" ordinal="6" offset="55" sl="163" sc="29" el="163" ec="36" />
                <SequencePoint vc="0" uspid="972" ordinal="7" offset="59" sl="168" sc="18" el="168" ec="28" />
                <SequencePoint vc="0" uspid="973" ordinal="8" offset="63" sl="170" sc="17" el="170" ec="67" />
                <SequencePoint vc="0" uspid="974" ordinal="9" offset="83" sl="171" sc="22" el="171" ec="31" />
                <SequencePoint vc="0" uspid="975" ordinal="10" offset="88" sl="173" sc="21" el="173" ec="42" />
                <SequencePoint vc="0" uspid="976" ordinal="11" offset="103" sl="171" sc="42" el="171" ec="45" />
                <SequencePoint vc="0" uspid="977" ordinal="12" offset="109" sl="171" sc="33" el="171" ec="40" />
                <SequencePoint vc="0" uspid="978" ordinal="13" offset="114" sl="168" sc="45" el="168" ec="49" />
                <SequencePoint vc="0" uspid="979" ordinal="14" offset="118" sl="168" sc="30" el="168" ec="43" />
                <SequencePoint vc="0" uspid="980" ordinal="15" offset="127" sl="176" sc="13" el="176" ec="36" />
              </SequencePoints>
              <BranchPoints>
                <BranchPoint vc="0" uspid="981" ordinal="0" offset="57" path="0" />
                <BranchPoint vc="0" uspid="982" ordinal="1" offset="57" path="1" />
                <BranchPoint vc="0" uspid="983" ordinal="2" offset="112" path="0" />
                <BranchPoint vc="0" uspid="984" ordinal="3" offset="112" path="1" />
                <BranchPoint vc="0" uspid="985" ordinal="4" offset="125" path="0" />
                <BranchPoint vc="0" uspid="986" ordinal="5" offset="125" path="1" />
              </BranchPoints>
              <MethodPoint xsi:type="SequencePoint" vc="0" uspid="965" ordinal="0" offset="0" sl="158" sc="13" el="158" ec="38" />
            </Method>
            <Method visited="true" cyclomaticComplexity="1" sequenceCoverage="100" branchCoverage="100" isConstructor="false" isStatic="false" isGetter="false" isSetter="false">
              <Summary numSequencePoints="1" visitedSequencePoints="1" numBranchPoints="1" visitedBranchPoints="1" sequenceCoverage="100" branchCoverage="100" maxCyclomaticComplexity="1" minCyclomaticComplexity="1" />
              <MetadataToken>100663444</MetadataToken>
              <Name>System.Boolean SigStat.Common.Signature::HasFeature(SigStat.Common.FeatureDescriptor)</Name>
              <FileRef uid="46" />
              <SequencePoints>
                <SequencePoint vc="1" uspid="987" ordinal="0" offset="0" sl="186" sc="13" el="186" ec="64" />
              </SequencePoints>
              <BranchPoints />
              <MethodPoint xsi:type="SequencePoint" vc="1" uspid="987" ordinal="0" offset="0" sl="186" sc="13" el="186" ec="64" />
            </Method>
            <Method visited="true" cyclomaticComplexity="1" sequenceCoverage="100" branchCoverage="100" isConstructor="false" isStatic="false" isGetter="false" isSetter="false">
              <Summary numSequencePoints="1" visitedSequencePoints="1" numBranchPoints="1" visitedBranchPoints="1" sequenceCoverage="100" branchCoverage="100" maxCyclomaticComplexity="1" minCyclomaticComplexity="1" />
              <MetadataToken>100663445</MetadataToken>
              <Name>System.Boolean SigStat.Common.Signature::HasFeature(System.String)</Name>
              <FileRef uid="46" />
              <SequencePoints>
                <SequencePoint vc="1" uspid="988" ordinal="0" offset="0" sl="196" sc="13" el="196" ec="53" />
              </SequencePoints>
              <BranchPoints />
              <MethodPoint xsi:type="SequencePoint" vc="1" uspid="988" ordinal="0" offset="0" sl="196" sc="13" el="196" ec="53" />
            </Method>
            <Method visited="true" cyclomaticComplexity="2" sequenceCoverage="100" branchCoverage="33.33" isConstructor="false" isStatic="false" isGetter="false" isSetter="false">
              <Summary numSequencePoints="1" visitedSequencePoints="1" numBranchPoints="3" visitedBranchPoints="1" sequenceCoverage="100" branchCoverage="33.33" maxCyclomaticComplexity="2" minCyclomaticComplexity="2" />
              <MetadataToken>100663446</MetadataToken>
              <Name>System.String SigStat.Common.Signature::ToString()</Name>
              <FileRef uid="46" />
              <SequencePoints>
                <SequencePoint vc="1" uspid="989" ordinal="0" offset="0" sl="205" sc="13" el="205" ec="27" />
              </SequencePoints>
              <BranchPoints>
                <BranchPoint vc="0" uspid="990" ordinal="0" offset="7" path="0" />
                <BranchPoint vc="0" uspid="991" ordinal="1" offset="7" path="1" />
              </BranchPoints>
              <MethodPoint xsi:type="SequencePoint" vc="1" uspid="989" ordinal="0" offset="0" sl="205" sc="13" el="205" ec="27" />
            </Method>
          </Methods>
        </Class>
        <Class>
          <Summary numSequencePoints="1" visitedSequencePoints="0" numBranchPoints="1" visitedBranchPoints="0" sequenceCoverage="0" branchCoverage="0" maxCyclomaticComplexity="1" minCyclomaticComplexity="1" />
          <FullName>SigStat.Common.Signature/&lt;&gt;c</FullName>
          <Methods>
            <Method visited="true" cyclomaticComplexity="1" sequenceCoverage="0" branchCoverage="0" isConstructor="true" isStatic="true" isGetter="false" isSetter="false">
              <Summary numSequencePoints="0" visitedSequencePoints="0" numBranchPoints="0" visitedBranchPoints="0" sequenceCoverage="0" branchCoverage="0" maxCyclomaticComplexity="1" minCyclomaticComplexity="1" />
              <MetadataToken>100664213</MetadataToken>
              <Name>System.Void SigStat.Common.Signature/&lt;&gt;c::.cctor()</Name>
              <SequencePoints />
              <BranchPoints />
              <MethodPoint vc="1" uspid="992" ordinal="0" offset="0" />
            </Method>
            <Method visited="true" cyclomaticComplexity="1" sequenceCoverage="0" branchCoverage="0" isConstructor="true" isStatic="false" isGetter="false" isSetter="false">
              <Summary numSequencePoints="0" visitedSequencePoints="0" numBranchPoints="0" visitedBranchPoints="0" sequenceCoverage="0" branchCoverage="0" maxCyclomaticComplexity="1" minCyclomaticComplexity="1" />
              <MetadataToken>100664214</MetadataToken>
              <Name>System.Void SigStat.Common.Signature/&lt;&gt;c::.ctor()</Name>
              <SequencePoints />
              <BranchPoints />
              <MethodPoint vc="1" uspid="993" ordinal="0" offset="0" />
            </Method>
            <Method visited="false" cyclomaticComplexity="1" sequenceCoverage="0" branchCoverage="0" isConstructor="false" isStatic="false" isGetter="false" isSetter="false">
              <Summary numSequencePoints="1" visitedSequencePoints="0" numBranchPoints="1" visitedBranchPoints="0" sequenceCoverage="0" branchCoverage="0" maxCyclomaticComplexity="1" minCyclomaticComplexity="1" />
              <MetadataToken>100664215</MetadataToken>
              <Name>SigStat.Common.FeatureDescriptor SigStat.Common.Signature/&lt;&gt;c::&lt;GetFeatureDescriptors&gt;b__24_0(System.String)</Name>
              <FileRef uid="46" />
              <SequencePoints>
                <SequencePoint vc="0" uspid="994" ordinal="0" offset="0" sl="126" sc="46" el="126" ec="70" />
              </SequencePoints>
              <BranchPoints />
              <MethodPoint xsi:type="SequencePoint" vc="0" uspid="994" ordinal="0" offset="0" sl="126" sc="46" el="126" ec="70" />
            </Method>
          </Methods>
        </Class>
        <Class>
          <Summary numSequencePoints="24" visitedSequencePoints="3" numBranchPoints="16" visitedBranchPoints="3" sequenceCoverage="12.5" branchCoverage="18.75" maxCyclomaticComplexity="8" minCyclomaticComplexity="1" />
          <FullName>SigStat.Common.Signer</FullName>
          <Methods>
            <Method visited="true" cyclomaticComplexity="1" sequenceCoverage="100" branchCoverage="100" isConstructor="false" isStatic="false" isGetter="true" isSetter="false">
              <Summary numSequencePoints="1" visitedSequencePoints="1" numBranchPoints="1" visitedBranchPoints="1" sequenceCoverage="100" branchCoverage="100" maxCyclomaticComplexity="1" minCyclomaticComplexity="1" />
              <MetadataToken>100663447</MetadataToken>
              <Name>System.String SigStat.Common.Signer::get_ID()</Name>
              <FileRef uid="48" />
              <SequencePoints>
                <SequencePoint vc="1" uspid="995" ordinal="0" offset="0" sl="17" sc="28" el="17" ec="32" />
              </SequencePoints>
              <BranchPoints />
              <MethodPoint xsi:type="SequencePoint" vc="1" uspid="995" ordinal="0" offset="0" sl="17" sc="28" el="17" ec="32" />
            </Method>
            <Method visited="true" cyclomaticComplexity="1" sequenceCoverage="100" branchCoverage="100" isConstructor="false" isStatic="false" isGetter="false" isSetter="true">
              <Summary numSequencePoints="1" visitedSequencePoints="1" numBranchPoints="1" visitedBranchPoints="1" sequenceCoverage="100" branchCoverage="100" maxCyclomaticComplexity="1" minCyclomaticComplexity="1" />
              <MetadataToken>100663448</MetadataToken>
              <Name>System.Void SigStat.Common.Signer::set_ID(System.String)</Name>
              <FileRef uid="48" />
              <SequencePoints>
                <SequencePoint vc="1" uspid="996" ordinal="0" offset="0" sl="17" sc="33" el="17" ec="37" />
              </SequencePoints>
              <BranchPoints />
              <MethodPoint xsi:type="SequencePoint" vc="1" uspid="996" ordinal="0" offset="0" sl="17" sc="33" el="17" ec="37" />
            </Method>
            <Method visited="false" cyclomaticComplexity="1" sequenceCoverage="0" branchCoverage="0" isConstructor="false" isStatic="false" isGetter="true" isSetter="false">
              <Summary numSequencePoints="1" visitedSequencePoints="0" numBranchPoints="1" visitedBranchPoints="0" sequenceCoverage="0" branchCoverage="0" maxCyclomaticComplexity="1" minCyclomaticComplexity="1" />
              <MetadataToken>100663449</MetadataToken>
              <Name>System.Collections.Generic.List`1&lt;SigStat.Common.Signature&gt; SigStat.Common.Signer::get_Signatures()</Name>
              <FileRef uid="48" />
              <SequencePoints>
                <SequencePoint vc="0" uspid="997" ordinal="0" offset="0" sl="22" sc="53" el="22" ec="57" />
              </SequencePoints>
              <BranchPoints />
              <MethodPoint xsi:type="SequencePoint" vc="0" uspid="997" ordinal="0" offset="0" sl="22" sc="53" el="22" ec="57" />
            </Method>
            <Method visited="false" cyclomaticComplexity="1" sequenceCoverage="0" branchCoverage="0" isConstructor="false" isStatic="false" isGetter="false" isSetter="true">
              <Summary numSequencePoints="1" visitedSequencePoints="0" numBranchPoints="1" visitedBranchPoints="0" sequenceCoverage="0" branchCoverage="0" maxCyclomaticComplexity="1" minCyclomaticComplexity="1" />
              <MetadataToken>100663450</MetadataToken>
              <Name>System.Void SigStat.Common.Signer::set_Signatures(System.Collections.Generic.List`1&lt;SigStat.Common.Signature&gt;)</Name>
              <FileRef uid="48" />
              <SequencePoints>
                <SequencePoint vc="0" uspid="998" ordinal="0" offset="0" sl="22" sc="58" el="22" ec="62" />
              </SequencePoints>
              <BranchPoints />
              <MethodPoint xsi:type="SequencePoint" vc="0" uspid="998" ordinal="0" offset="0" sl="22" sc="58" el="22" ec="62" />
            </Method>
            <Method visited="false" cyclomaticComplexity="8" sequenceCoverage="0" branchCoverage="0" isConstructor="false" isStatic="false" isGetter="false" isSetter="false">
              <Summary numSequencePoints="19" visitedSequencePoints="0" numBranchPoints="11" visitedBranchPoints="0" sequenceCoverage="0" branchCoverage="0" maxCyclomaticComplexity="8" minCyclomaticComplexity="8" />
              <MetadataToken>100663451</MetadataToken>
              <Name>System.String SigStat.Common.Signer::ToString()</Name>
              <FileRef uid="48" />
              <SequencePoints>
                <SequencePoint vc="0" uspid="999" ordinal="0" offset="0" sl="26" sc="13" el="26" ec="36" />
                <SequencePoint vc="0" uspid="1000" ordinal="1" offset="8" sl="27" sc="17" el="27" ec="27" />
                <SequencePoint vc="0" uspid="1001" ordinal="2" offset="15" sl="29" sc="13" el="29" ec="29" />
                <SequencePoint vc="0" uspid="1002" ordinal="3" offset="17" sl="30" sc="13" el="30" ec="28" />
                <SequencePoint vc="0" uspid="1003" ordinal="4" offset="19" sl="31" sc="13" el="31" ec="29" />
                <SequencePoint vc="0" uspid="1004" ordinal="5" offset="21" sl="33" sc="18" el="33" ec="27" />
                <SequencePoint vc="0" uspid="1005" ordinal="6" offset="25" sl="35" sc="17" el="35" ec="46" />
                <SequencePoint vc="0" uspid="1006" ordinal="7" offset="65" sl="38" sc="25" el="38" ec="35" />
                <SequencePoint vc="0" uspid="1007" ordinal="8" offset="69" sl="39" sc="25" el="39" ec="31" />
                <SequencePoint vc="0" uspid="1008" ordinal="9" offset="71" sl="41" sc="25" el="41" ec="35" />
                <SequencePoint vc="0" uspid="1009" ordinal="10" offset="75" sl="42" sc="25" el="42" ec="31" />
                <SequencePoint vc="0" uspid="1010" ordinal="11" offset="77" sl="44" sc="25" el="44" ec="34" />
                <SequencePoint vc="0" uspid="1011" ordinal="12" offset="81" sl="45" sc="25" el="45" ec="31" />
                <SequencePoint vc="0" uspid="1012" ordinal="13" offset="83" sl="47" sc="25" el="47" ec="59" />
                <SequencePoint vc="0" uspid="1013" ordinal="14" offset="89" sl="33" sc="51" el="33" ec="54" />
                <SequencePoint vc="0" uspid="1014" ordinal="15" offset="93" sl="33" sc="29" el="33" ec="49" />
                <SequencePoint vc="0" uspid="1015" ordinal="16" offset="107" sl="51" sc="13" el="51" ec="30" />
                <SequencePoint vc="0" uspid="1016" ordinal="17" offset="110" sl="52" sc="17" el="52" ec="57" />
                <SequencePoint vc="0" uspid="1017" ordinal="18" offset="139" sl="54" sc="17" el="54" ec="69" />
              </SequencePoints>
              <BranchPoints>
                <BranchPoint vc="0" uspid="1018" ordinal="0" offset="6" path="0" />
                <BranchPoint vc="0" uspid="1019" ordinal="1" offset="6" path="1" />
                <BranchPoint vc="0" uspid="1020" ordinal="2" offset="46" path="0" />
                <BranchPoint vc="0" uspid="1021" ordinal="3" offset="46" path="1" />
                <BranchPoint vc="0" uspid="1022" ordinal="4" offset="46" path="2" />
                <BranchPoint vc="0" uspid="1023" ordinal="5" offset="46" path="3" />
                <BranchPoint vc="0" uspid="1024" ordinal="6" offset="105" path="0" />
                <BranchPoint vc="0" uspid="1025" ordinal="7" offset="105" path="1" />
                <BranchPoint vc="0" uspid="1026" ordinal="8" offset="108" path="0" />
                <BranchPoint vc="0" uspid="1027" ordinal="9" offset="108" path="1" />
              </BranchPoints>
              <MethodPoint xsi:type="SequencePoint" vc="0" uspid="999" ordinal="0" offset="0" sl="26" sc="13" el="26" ec="36" />
            </Method>
            <Method visited="true" cyclomaticComplexity="1" sequenceCoverage="100" branchCoverage="100" isConstructor="true" isStatic="false" isGetter="false" isSetter="false">
              <Summary numSequencePoints="1" visitedSequencePoints="1" numBranchPoints="1" visitedBranchPoints="1" sequenceCoverage="100" branchCoverage="100" maxCyclomaticComplexity="1" minCyclomaticComplexity="1" />
              <MetadataToken>100663452</MetadataToken>
              <Name>System.Void SigStat.Common.Signer::.ctor()</Name>
              <FileRef uid="48" />
              <SequencePoints>
                <SequencePoint vc="3" uspid="1028" ordinal="0" offset="0" sl="22" sc="67" el="22" ec="88" />
              </SequencePoints>
              <BranchPoints />
              <MethodPoint xsi:type="SequencePoint" vc="3" uspid="1028" ordinal="0" offset="0" sl="22" sc="67" el="22" ec="88" />
            </Method>
          </Methods>
        </Class>
        <Class>
          <Summary numSequencePoints="39" visitedSequencePoints="0" numBranchPoints="16" visitedBranchPoints="0" sequenceCoverage="0" branchCoverage="0" maxCyclomaticComplexity="7" minCyclomaticComplexity="1" />
          <FullName>SigStat.Common.BasicMetadataExtraction</FullName>
          <Methods>
            <Method visited="false" cyclomaticComplexity="1" sequenceCoverage="0" branchCoverage="0" isConstructor="false" isStatic="true" isGetter="true" isSetter="false">
              <Summary numSequencePoints="1" visitedSequencePoints="0" numBranchPoints="1" visitedBranchPoints="0" sequenceCoverage="0" branchCoverage="0" maxCyclomaticComplexity="1" minCyclomaticComplexity="1" />
              <MetadataToken>100663453</MetadataToken>
              <Name>System.Double SigStat.Common.BasicMetadataExtraction::get_Trim()</Name>
              <FileRef uid="49" />
              <SequencePoints>
                <SequencePoint vc="0" uspid="1029" ordinal="0" offset="0" sl="24" sc="37" el="24" ec="41" />
              </SequencePoints>
              <BranchPoints />
              <MethodPoint xsi:type="SequencePoint" vc="0" uspid="1029" ordinal="0" offset="0" sl="24" sc="37" el="24" ec="41" />
            </Method>
            <Method visited="false" cyclomaticComplexity="1" sequenceCoverage="0" branchCoverage="0" isConstructor="false" isStatic="true" isGetter="false" isSetter="true">
              <Summary numSequencePoints="1" visitedSequencePoints="0" numBranchPoints="1" visitedBranchPoints="0" sequenceCoverage="0" branchCoverage="0" maxCyclomaticComplexity="1" minCyclomaticComplexity="1" />
              <MetadataToken>100663454</MetadataToken>
              <Name>System.Void SigStat.Common.BasicMetadataExtraction::set_Trim(System.Double)</Name>
              <FileRef uid="49" />
              <SequencePoints>
                <SequencePoint vc="0" uspid="1030" ordinal="0" offset="0" sl="24" sc="42" el="24" ec="46" />
              </SequencePoints>
              <BranchPoints />
              <MethodPoint xsi:type="SequencePoint" vc="0" uspid="1030" ordinal="0" offset="0" sl="24" sc="42" el="24" ec="46" />
            </Method>
            <Method visited="false" cyclomaticComplexity="7" sequenceCoverage="0" branchCoverage="0" isConstructor="false" isStatic="false" isGetter="false" isSetter="false">
              <Summary numSequencePoints="36" visitedSequencePoints="0" numBranchPoints="13" visitedBranchPoints="0" sequenceCoverage="0" branchCoverage="0" maxCyclomaticComplexity="7" minCyclomaticComplexity="7" />
              <MetadataToken>100663455</MetadataToken>
              <Name>System.Void SigStat.Common.BasicMetadataExtraction::Transform(SigStat.Common.Signature)</Name>
              <FileRef uid="49" />
              <SequencePoints>
                <SequencePoint vc="0" uspid="1031" ordinal="0" offset="0" sl="30" sc="13" el="30" ec="62" />
                <SequencePoint vc="0" uspid="1032" ordinal="1" offset="12" sl="31" sc="13" el="31" ec="74" />
                <SequencePoint vc="0" uspid="1033" ordinal="2" offset="43" sl="33" sc="13" el="33" ec="76" />
                <SequencePoint vc="0" uspid="1034" ordinal="3" offset="61" sl="34" sc="18" el="34" ec="27" />
                <SequencePoint vc="0" uspid="1035" ordinal="4" offset="66" sl="36" sc="22" el="36" ec="31" />
                <SequencePoint vc="0" uspid="1036" ordinal="5" offset="71" sl="38" sc="21" el="38" ec="100" />
                <SequencePoint vc="0" uspid="1037" ordinal="6" offset="137" sl="36" sc="51" el="36" ec="54" />
                <SequencePoint vc="0" uspid="1038" ordinal="7" offset="143" sl="36" sc="33" el="36" ec="49" />
                <SequencePoint vc="0" uspid="1039" ordinal="8" offset="153" sl="34" sc="46" el="34" ec="49" />
                <SequencePoint vc="0" uspid="1040" ordinal="9" offset="159" sl="34" sc="29" el="34" ec="44" />
                <SequencePoint vc="0" uspid="1041" ordinal="10" offset="169" sl="41" sc="13" el="41" ec="37" />
                <SequencePoint vc="0" uspid="1042" ordinal="11" offset="177" sl="42" sc="13" el="42" ec="52" />
                <SequencePoint vc="0" uspid="1043" ordinal="12" offset="223" sl="48" sc="13" el="48" ec="26" />
                <SequencePoint vc="0" uspid="1044" ordinal="13" offset="226" sl="49" sc="13" el="49" ec="27" />
                <SequencePoint vc="0" uspid="1045" ordinal="14" offset="229" sl="50" sc="13" el="50" ec="37" />
                <SequencePoint vc="0" uspid="1046" ordinal="15" offset="237" sl="51" sc="13" el="51" ec="39" />
                <SequencePoint vc="0" uspid="1047" ordinal="16" offset="245" sl="54" sc="13" el="54" ec="21" />
                <SequencePoint vc="0" uspid="1048" ordinal="17" offset="256" sl="55" sc="13" el="55" ec="75" />
                <SequencePoint vc="0" uspid="1049" ordinal="18" offset="287" sl="58" sc="17" el="58" ec="51" />
                <SequencePoint vc="0" uspid="1050" ordinal="19" offset="305" sl="60" sc="13" el="60" ec="33" />
                <SequencePoint vc="0" uspid="1051" ordinal="20" offset="311" sl="63" sc="13" el="63" ec="21" />
                <SequencePoint vc="0" uspid="1052" ordinal="21" offset="322" sl="64" sc="13" el="65" ec="86" />
                <SequencePoint vc="0" uspid="1053" ordinal="22" offset="360" sl="68" sc="17" el="68" ec="54" />
                <SequencePoint vc="0" uspid="1054" ordinal="23" offset="378" sl="70" sc="13" el="70" ec="33" />
                <SequencePoint vc="0" uspid="1055" ordinal="24" offset="384" sl="73" sc="13" el="73" ec="21" />
                <SequencePoint vc="0" uspid="1056" ordinal="25" offset="395" sl="74" sc="13" el="74" ec="76" />
                <SequencePoint vc="0" uspid="1057" ordinal="26" offset="426" sl="77" sc="17" el="77" ec="52" />
                <SequencePoint vc="0" uspid="1058" ordinal="27" offset="444" sl="79" sc="13" el="79" ec="33" />
                <SequencePoint vc="0" uspid="1059" ordinal="28" offset="450" sl="82" sc="13" el="82" ec="21" />
                <SequencePoint vc="0" uspid="1060" ordinal="29" offset="461" sl="83" sc="13" el="83" ec="91" />
                <SequencePoint vc="0" uspid="1061" ordinal="30" offset="499" sl="86" sc="17" el="86" ec="53" />
                <SequencePoint vc="0" uspid="1062" ordinal="31" offset="517" sl="88" sc="13" el="88" ec="33" />
                <SequencePoint vc="0" uspid="1063" ordinal="32" offset="523" sl="90" sc="13" el="90" ec="59" />
                <SequencePoint vc="0" uspid="1064" ordinal="33" offset="535" sl="91" sc="13" el="91" ec="53" />
                <SequencePoint vc="0" uspid="1065" ordinal="34" offset="547" sl="92" sc="13" el="92" ec="112" />
                <SequencePoint vc="0" uspid="1066" ordinal="35" offset="577" sl="94" sc="9" el="94" ec="10" />
              </SequencePoints>
              <BranchPoints>
                <BranchPoint vc="0" uspid="1067" ordinal="0" offset="151" path="0" />
                <BranchPoint vc="0" uspid="1068" ordinal="1" offset="151" path="1" />
                <BranchPoint vc="0" uspid="1069" ordinal="2" offset="167" path="0" />
                <BranchPoint vc="0" uspid="1070" ordinal="3" offset="167" path="1" />
                <BranchPoint vc="0" uspid="1071" ordinal="4" offset="309" path="0" />
                <BranchPoint vc="0" uspid="1072" ordinal="5" offset="309" path="1" />
                <BranchPoint vc="0" uspid="1073" ordinal="6" offset="382" path="0" />
                <BranchPoint vc="0" uspid="1074" ordinal="7" offset="382" path="1" />
                <BranchPoint vc="0" uspid="1075" ordinal="8" offset="448" path="0" />
                <BranchPoint vc="0" uspid="1076" ordinal="9" offset="448" path="1" />
                <BranchPoint vc="0" uspid="1077" ordinal="10" offset="521" path="0" />
                <BranchPoint vc="0" uspid="1078" ordinal="11" offset="521" path="1" />
              </BranchPoints>
              <MethodPoint xsi:type="SequencePoint" vc="0" uspid="1031" ordinal="0" offset="0" sl="30" sc="13" el="30" ec="62" />
            </Method>
            <Method visited="false" cyclomaticComplexity="1" sequenceCoverage="0" branchCoverage="0" isConstructor="true" isStatic="false" isGetter="false" isSetter="false">
              <Summary numSequencePoints="0" visitedSequencePoints="0" numBranchPoints="0" visitedBranchPoints="0" sequenceCoverage="0" branchCoverage="0" maxCyclomaticComplexity="1" minCyclomaticComplexity="1" />
              <MetadataToken>100663456</MetadataToken>
              <Name>System.Void SigStat.Common.BasicMetadataExtraction::.ctor()</Name>
              <SequencePoints />
              <BranchPoints />
              <MethodPoint vc="0" uspid="1079" ordinal="0" offset="0" />
            </Method>
            <Method visited="false" cyclomaticComplexity="1" sequenceCoverage="0" branchCoverage="0" isConstructor="true" isStatic="true" isGetter="false" isSetter="false">
              <Summary numSequencePoints="1" visitedSequencePoints="0" numBranchPoints="1" visitedBranchPoints="0" sequenceCoverage="0" branchCoverage="0" maxCyclomaticComplexity="1" minCyclomaticComplexity="1" />
              <MetadataToken>100663457</MetadataToken>
              <Name>System.Void SigStat.Common.BasicMetadataExtraction::.cctor()</Name>
              <FileRef uid="49" />
              <SequencePoints>
                <SequencePoint vc="0" uspid="1080" ordinal="0" offset="0" sl="24" sc="51" el="24" ec="55" />
              </SequencePoints>
              <BranchPoints />
              <MethodPoint xsi:type="SequencePoint" vc="0" uspid="1080" ordinal="0" offset="0" sl="24" sc="51" el="24" ec="55" />
            </Method>
          </Methods>
        </Class>
        <Class>
          <Summary numSequencePoints="15" visitedSequencePoints="0" numBranchPoints="9" visitedBranchPoints="0" sequenceCoverage="0" branchCoverage="0" maxCyclomaticComplexity="5" minCyclomaticComplexity="1" />
          <FullName>SigStat.Common.SimpleRenderingTransformation</FullName>
          <Methods>
            <Method visited="false" cyclomaticComplexity="5" sequenceCoverage="0" branchCoverage="0" isConstructor="false" isStatic="false" isGetter="false" isSetter="false">
              <Summary numSequencePoints="15" visitedSequencePoints="0" numBranchPoints="9" visitedBranchPoints="0" sequenceCoverage="0" branchCoverage="0" maxCyclomaticComplexity="5" minCyclomaticComplexity="5" />
              <MetadataToken>100663458</MetadataToken>
              <Name>System.Void SigStat.Common.SimpleRenderingTransformation::Transform(SigStat.Common.Signature)</Name>
              <FileRef uid="50" />
              <SequencePoints>
                <SequencePoint vc="0" uspid="1081" ordinal="0" offset="6" sl="25" sc="13" el="25" ec="55" />
                <SequencePoint vc="0" uspid="1082" ordinal="1" offset="23" sl="26" sc="13" el="26" ec="55" />
                <SequencePoint vc="0" uspid="1083" ordinal="2" offset="40" sl="27" sc="13" el="27" ec="58" />
                <SequencePoint vc="0" uspid="1084" ordinal="3" offset="57" sl="30" sc="13" el="33" ec="27" />
                <SequencePoint vc="0" uspid="1085" ordinal="4" offset="102" sl="36" sc="13" el="36" ec="48" />
                <SequencePoint vc="0" uspid="1086" ordinal="5" offset="156" sl="37" sc="13" el="37" ec="48" />
                <SequencePoint vc="0" uspid="1087" ordinal="6" offset="210" sl="39" sc="13" el="39" ec="46" />
                <SequencePoint vc="0" uspid="1088" ordinal="7" offset="233" sl="40" sc="13" el="40" ec="46" />
                <SequencePoint vc="0" uspid="1089" ordinal="8" offset="256" sl="42" sc="13" el="42" ec="56" />
                <SequencePoint vc="0" uspid="1090" ordinal="9" offset="303" sl="43" sc="13" el="43" ec="57" />
                <SequencePoint vc="0" uspid="1091" ordinal="10" offset="350" sl="45" sc="13" el="45" ec="68" />
                <SequencePoint vc="0" uspid="1092" ordinal="11" offset="358" sl="47" sc="13" el="47" ec="51" />
                <SequencePoint vc="0" uspid="1093" ordinal="12" offset="379" sl="48" sc="13" el="53" ec="16" />
                <SequencePoint vc="0" uspid="1094" ordinal="13" offset="397" sl="55" sc="13" el="55" ec="57" />
                <SequencePoint vc="0" uspid="1095" ordinal="14" offset="409" sl="57" sc="9" el="57" ec="10" />
              </SequencePoints>
              <BranchPoints>
                <BranchPoint vc="0" uspid="1097" ordinal="0" offset="115" path="0" />
                <BranchPoint vc="0" uspid="1098" ordinal="1" offset="115" path="1" />
                <BranchPoint vc="0" uspid="1099" ordinal="2" offset="169" path="0" />
                <BranchPoint vc="0" uspid="1100" ordinal="3" offset="169" path="1" />
                <BranchPoint vc="0" uspid="1101" ordinal="4" offset="268" path="0" />
                <BranchPoint vc="0" uspid="1102" ordinal="5" offset="268" path="1" />
                <BranchPoint vc="0" uspid="1103" ordinal="6" offset="315" path="0" />
                <BranchPoint vc="0" uspid="1104" ordinal="7" offset="315" path="1" />
              </BranchPoints>
              <MethodPoint vc="0" uspid="1096" ordinal="0" offset="0" />
            </Method>
            <Method visited="false" cyclomaticComplexity="1" sequenceCoverage="0" branchCoverage="0" isConstructor="true" isStatic="false" isGetter="false" isSetter="false">
              <Summary numSequencePoints="0" visitedSequencePoints="0" numBranchPoints="0" visitedBranchPoints="0" sequenceCoverage="0" branchCoverage="0" maxCyclomaticComplexity="1" minCyclomaticComplexity="1" />
              <MetadataToken>100663459</MetadataToken>
              <Name>System.Void SigStat.Common.SimpleRenderingTransformation::.ctor()</Name>
              <SequencePoints />
              <BranchPoints />
              <MethodPoint vc="0" uspid="1105" ordinal="0" offset="0" />
            </Method>
          </Methods>
        </Class>
        <Class>
          <Summary numSequencePoints="5" visitedSequencePoints="0" numBranchPoints="4" visitedBranchPoints="0" sequenceCoverage="0" branchCoverage="0" maxCyclomaticComplexity="1" minCyclomaticComplexity="1" />
          <FullName>SigStat.Common.SimpleRenderingTransformation/&lt;&gt;c__DisplayClass0_0</FullName>
          <Methods>
            <Method visited="false" cyclomaticComplexity="1" sequenceCoverage="0" branchCoverage="0" isConstructor="true" isStatic="false" isGetter="false" isSetter="false">
              <Summary numSequencePoints="0" visitedSequencePoints="0" numBranchPoints="0" visitedBranchPoints="0" sequenceCoverage="0" branchCoverage="0" maxCyclomaticComplexity="1" minCyclomaticComplexity="1" />
              <MetadataToken>100664216</MetadataToken>
              <Name>System.Void SigStat.Common.SimpleRenderingTransformation/&lt;&gt;c__DisplayClass0_0::.ctor()</Name>
              <SequencePoints />
              <BranchPoints />
              <MethodPoint vc="0" uspid="1106" ordinal="0" offset="0" />
            </Method>
            <Method visited="false" cyclomaticComplexity="1" sequenceCoverage="0" branchCoverage="0" isConstructor="false" isStatic="false" isGetter="false" isSetter="false">
              <Summary numSequencePoints="1" visitedSequencePoints="0" numBranchPoints="1" visitedBranchPoints="0" sequenceCoverage="0" branchCoverage="0" maxCyclomaticComplexity="1" minCyclomaticComplexity="1" />
              <MetadataToken>100664217</MetadataToken>
              <Name>SixLabors.Primitives.PointF SigStat.Common.SimpleRenderingTransformation/&lt;&gt;c__DisplayClass0_0::&lt;Transform&gt;b__0(System.Int32)</Name>
              <FileRef uid="50" />
              <SequencePoints>
                <SequencePoint vc="0" uspid="1107" ordinal="0" offset="0" sl="32" sc="30" el="32" ec="94" />
              </SequencePoints>
              <BranchPoints />
              <MethodPoint xsi:type="SequencePoint" vc="0" uspid="1107" ordinal="0" offset="0" sl="32" sc="30" el="32" ec="94" />
            </Method>
            <Method visited="false" cyclomaticComplexity="1" sequenceCoverage="0" branchCoverage="0" isConstructor="false" isStatic="false" isGetter="false" isSetter="false">
              <Summary numSequencePoints="1" visitedSequencePoints="0" numBranchPoints="1" visitedBranchPoints="0" sequenceCoverage="0" branchCoverage="0" maxCyclomaticComplexity="1" minCyclomaticComplexity="1" />
              <MetadataToken>100664218</MetadataToken>
              <Name>System.Void SigStat.Common.SimpleRenderingTransformation/&lt;&gt;c__DisplayClass0_0::&lt;Transform&gt;b__3(SixLabors.Primitives.PointF)</Name>
              <FileRef uid="50" />
              <SequencePoints>
                <SequencePoint vc="0" uspid="1108" ordinal="0" offset="0" sl="39" sc="33" el="39" ec="44" />
              </SequencePoints>
              <BranchPoints />
              <MethodPoint xsi:type="SequencePoint" vc="0" uspid="1108" ordinal="0" offset="0" sl="39" sc="33" el="39" ec="44" />
            </Method>
            <Method visited="false" cyclomaticComplexity="1" sequenceCoverage="0" branchCoverage="0" isConstructor="false" isStatic="false" isGetter="false" isSetter="false">
              <Summary numSequencePoints="1" visitedSequencePoints="0" numBranchPoints="1" visitedBranchPoints="0" sequenceCoverage="0" branchCoverage="0" maxCyclomaticComplexity="1" minCyclomaticComplexity="1" />
              <MetadataToken>100664219</MetadataToken>
              <Name>System.Void SigStat.Common.SimpleRenderingTransformation/&lt;&gt;c__DisplayClass0_0::&lt;Transform&gt;b__4(SixLabors.Primitives.PointF)</Name>
              <FileRef uid="50" />
              <SequencePoints>
                <SequencePoint vc="0" uspid="1109" ordinal="0" offset="0" sl="40" sc="33" el="40" ec="44" />
              </SequencePoints>
              <BranchPoints />
              <MethodPoint xsi:type="SequencePoint" vc="0" uspid="1109" ordinal="0" offset="0" sl="40" sc="33" el="40" ec="44" />
            </Method>
            <Method visited="false" cyclomaticComplexity="1" sequenceCoverage="0" branchCoverage="0" isConstructor="false" isStatic="false" isGetter="false" isSetter="false">
              <Summary numSequencePoints="2" visitedSequencePoints="0" numBranchPoints="1" visitedBranchPoints="0" sequenceCoverage="0" branchCoverage="0" maxCyclomaticComplexity="1" minCyclomaticComplexity="1" />
              <MetadataToken>100664220</MetadataToken>
              <Name>System.Void SigStat.Common.SimpleRenderingTransformation/&lt;&gt;c__DisplayClass0_0::&lt;Transform&gt;b__7(SixLabors.ImageSharp.Processing.IImageProcessingContext`1&lt;SixLabors.ImageSharp.PixelFormats.Rgba32&gt;)</Name>
              <FileRef uid="50" />
              <SequencePoints>
                <SequencePoint vc="0" uspid="1110" ordinal="0" offset="0" sl="52" sc="17" el="52" ec="54" />
                <SequencePoint vc="0" uspid="1111" ordinal="1" offset="24" sl="53" sc="13" el="53" ec="14" />
              </SequencePoints>
              <BranchPoints />
              <MethodPoint xsi:type="SequencePoint" vc="0" uspid="1110" ordinal="0" offset="0" sl="52" sc="17" el="52" ec="54" />
            </Method>
          </Methods>
        </Class>
        <Class>
          <Summary numSequencePoints="4" visitedSequencePoints="0" numBranchPoints="4" visitedBranchPoints="0" sequenceCoverage="0" branchCoverage="0" maxCyclomaticComplexity="1" minCyclomaticComplexity="1" />
          <FullName>SigStat.Common.SimpleRenderingTransformation/&lt;&gt;c</FullName>
          <Methods>
            <Method visited="false" cyclomaticComplexity="1" sequenceCoverage="0" branchCoverage="0" isConstructor="true" isStatic="true" isGetter="false" isSetter="false">
              <Summary numSequencePoints="0" visitedSequencePoints="0" numBranchPoints="0" visitedBranchPoints="0" sequenceCoverage="0" branchCoverage="0" maxCyclomaticComplexity="1" minCyclomaticComplexity="1" />
              <MetadataToken>100664221</MetadataToken>
              <Name>System.Void SigStat.Common.SimpleRenderingTransformation/&lt;&gt;c::.cctor()</Name>
              <SequencePoints />
              <BranchPoints />
              <MethodPoint vc="0" uspid="1112" ordinal="0" offset="0" />
            </Method>
            <Method visited="false" cyclomaticComplexity="1" sequenceCoverage="0" branchCoverage="0" isConstructor="true" isStatic="false" isGetter="false" isSetter="false">
              <Summary numSequencePoints="0" visitedSequencePoints="0" numBranchPoints="0" visitedBranchPoints="0" sequenceCoverage="0" branchCoverage="0" maxCyclomaticComplexity="1" minCyclomaticComplexity="1" />
              <MetadataToken>100664222</MetadataToken>
              <Name>System.Void SigStat.Common.SimpleRenderingTransformation/&lt;&gt;c::.ctor()</Name>
              <SequencePoints />
              <BranchPoints />
              <MethodPoint vc="0" uspid="1113" ordinal="0" offset="0" />
            </Method>
            <Method visited="false" cyclomaticComplexity="1" sequenceCoverage="0" branchCoverage="0" isConstructor="false" isStatic="false" isGetter="false" isSetter="false">
              <Summary numSequencePoints="1" visitedSequencePoints="0" numBranchPoints="1" visitedBranchPoints="0" sequenceCoverage="0" branchCoverage="0" maxCyclomaticComplexity="1" minCyclomaticComplexity="1" />
              <MetadataToken>100664223</MetadataToken>
              <Name>System.Single SigStat.Common.SimpleRenderingTransformation/&lt;&gt;c::&lt;Transform&gt;b__0_1(SixLabors.Primitives.PointF)</Name>
              <FileRef uid="50" />
              <SequencePoints>
                <SequencePoint vc="0" uspid="1114" ordinal="0" offset="0" sl="36" sc="40" el="36" ec="43" />
              </SequencePoints>
              <BranchPoints />
              <MethodPoint xsi:type="SequencePoint" vc="0" uspid="1114" ordinal="0" offset="0" sl="36" sc="40" el="36" ec="43" />
            </Method>
            <Method visited="false" cyclomaticComplexity="1" sequenceCoverage="0" branchCoverage="0" isConstructor="false" isStatic="false" isGetter="false" isSetter="false">
              <Summary numSequencePoints="1" visitedSequencePoints="0" numBranchPoints="1" visitedBranchPoints="0" sequenceCoverage="0" branchCoverage="0" maxCyclomaticComplexity="1" minCyclomaticComplexity="1" />
              <MetadataToken>100664224</MetadataToken>
              <Name>System.Single SigStat.Common.SimpleRenderingTransformation/&lt;&gt;c::&lt;Transform&gt;b__0_2(SixLabors.Primitives.PointF)</Name>
              <FileRef uid="50" />
              <SequencePoints>
                <SequencePoint vc="0" uspid="1115" ordinal="0" offset="0" sl="37" sc="40" el="37" ec="43" />
              </SequencePoints>
              <BranchPoints />
              <MethodPoint xsi:type="SequencePoint" vc="0" uspid="1115" ordinal="0" offset="0" sl="37" sc="40" el="37" ec="43" />
            </Method>
            <Method visited="false" cyclomaticComplexity="1" sequenceCoverage="0" branchCoverage="0" isConstructor="false" isStatic="false" isGetter="false" isSetter="false">
              <Summary numSequencePoints="1" visitedSequencePoints="0" numBranchPoints="1" visitedBranchPoints="0" sequenceCoverage="0" branchCoverage="0" maxCyclomaticComplexity="1" minCyclomaticComplexity="1" />
              <MetadataToken>100664225</MetadataToken>
              <Name>System.Single SigStat.Common.SimpleRenderingTransformation/&lt;&gt;c::&lt;Transform&gt;b__0_5(SixLabors.Primitives.PointF)</Name>
              <FileRef uid="50" />
              <SequencePoints>
                <SequencePoint vc="0" uspid="1116" ordinal="0" offset="0" sl="42" sc="46" el="42" ec="49" />
              </SequencePoints>
              <BranchPoints />
              <MethodPoint xsi:type="SequencePoint" vc="0" uspid="1116" ordinal="0" offset="0" sl="42" sc="46" el="42" ec="49" />
            </Method>
            <Method visited="false" cyclomaticComplexity="1" sequenceCoverage="0" branchCoverage="0" isConstructor="false" isStatic="false" isGetter="false" isSetter="false">
              <Summary numSequencePoints="1" visitedSequencePoints="0" numBranchPoints="1" visitedBranchPoints="0" sequenceCoverage="0" branchCoverage="0" maxCyclomaticComplexity="1" minCyclomaticComplexity="1" />
              <MetadataToken>100664226</MetadataToken>
              <Name>System.Single SigStat.Common.SimpleRenderingTransformation/&lt;&gt;c::&lt;Transform&gt;b__0_6(SixLabors.Primitives.PointF)</Name>
              <FileRef uid="50" />
              <SequencePoints>
                <SequencePoint vc="0" uspid="1117" ordinal="0" offset="0" sl="43" sc="47" el="43" ec="50" />
              </SequencePoints>
              <BranchPoints />
              <MethodPoint xsi:type="SequencePoint" vc="0" uspid="1117" ordinal="0" offset="0" sl="43" sc="47" el="43" ec="50" />
            </Method>
          </Methods>
        </Class>
        <Class>
          <Summary numSequencePoints="26" visitedSequencePoints="0" numBranchPoints="30" visitedBranchPoints="0" sequenceCoverage="0" branchCoverage="0" maxCyclomaticComplexity="4" minCyclomaticComplexity="1" />
          <FullName>SigStat.Common.PipelineBase</FullName>
          <Methods>
            <Method visited="false" cyclomaticComplexity="1" sequenceCoverage="0" branchCoverage="0" isConstructor="false" isStatic="false" isGetter="true" isSetter="false">
              <Summary numSequencePoints="1" visitedSequencePoints="0" numBranchPoints="1" visitedBranchPoints="0" sequenceCoverage="0" branchCoverage="0" maxCyclomaticComplexity="1" minCyclomaticComplexity="1" />
              <MetadataToken>100663461</MetadataToken>
              <Name>System.Collections.Generic.List`1&lt;SigStat.Common.Pipeline.PipelineInput&gt; SigStat.Common.PipelineBase::get_PipelineInputs()</Name>
              <FileRef uid="53" />
              <SequencePoints>
                <SequencePoint vc="0" uspid="1118" ordinal="0" offset="0" sl="18" sc="61" el="18" ec="65" />
              </SequencePoints>
              <BranchPoints />
              <MethodPoint xsi:type="SequencePoint" vc="0" uspid="1118" ordinal="0" offset="0" sl="18" sc="61" el="18" ec="65" />
            </Method>
            <Method visited="false" cyclomaticComplexity="1" sequenceCoverage="0" branchCoverage="0" isConstructor="false" isStatic="false" isGetter="false" isSetter="true">
              <Summary numSequencePoints="1" visitedSequencePoints="0" numBranchPoints="1" visitedBranchPoints="0" sequenceCoverage="0" branchCoverage="0" maxCyclomaticComplexity="1" minCyclomaticComplexity="1" />
              <MetadataToken>100663462</MetadataToken>
              <Name>System.Void SigStat.Common.PipelineBase::set_PipelineInputs(System.Collections.Generic.List`1&lt;SigStat.Common.Pipeline.PipelineInput&gt;)</Name>
              <FileRef uid="53" />
              <SequencePoints>
                <SequencePoint vc="0" uspid="1119" ordinal="0" offset="0" sl="18" sc="66" el="18" ec="78" />
              </SequencePoints>
              <BranchPoints />
              <MethodPoint xsi:type="SequencePoint" vc="0" uspid="1119" ordinal="0" offset="0" sl="18" sc="66" el="18" ec="78" />
            </Method>
            <Method visited="false" cyclomaticComplexity="1" sequenceCoverage="0" branchCoverage="0" isConstructor="false" isStatic="false" isGetter="true" isSetter="false">
              <Summary numSequencePoints="1" visitedSequencePoints="0" numBranchPoints="1" visitedBranchPoints="0" sequenceCoverage="0" branchCoverage="0" maxCyclomaticComplexity="1" minCyclomaticComplexity="1" />
              <MetadataToken>100663463</MetadataToken>
              <Name>System.Collections.Generic.List`1&lt;SigStat.Common.Pipeline.PipelineOutput&gt; SigStat.Common.PipelineBase::get_PipelineOutputs()</Name>
              <FileRef uid="53" />
              <SequencePoints>
                <SequencePoint vc="0" uspid="1120" ordinal="0" offset="0" sl="19" sc="63" el="19" ec="67" />
              </SequencePoints>
              <BranchPoints />
              <MethodPoint xsi:type="SequencePoint" vc="0" uspid="1120" ordinal="0" offset="0" sl="19" sc="63" el="19" ec="67" />
            </Method>
            <Method visited="false" cyclomaticComplexity="1" sequenceCoverage="0" branchCoverage="0" isConstructor="false" isStatic="false" isGetter="false" isSetter="true">
              <Summary numSequencePoints="1" visitedSequencePoints="0" numBranchPoints="1" visitedBranchPoints="0" sequenceCoverage="0" branchCoverage="0" maxCyclomaticComplexity="1" minCyclomaticComplexity="1" />
              <MetadataToken>100663464</MetadataToken>
              <Name>System.Void SigStat.Common.PipelineBase::set_PipelineOutputs(System.Collections.Generic.List`1&lt;SigStat.Common.Pipeline.PipelineOutput&gt;)</Name>
              <FileRef uid="53" />
              <SequencePoints>
                <SequencePoint vc="0" uspid="1121" ordinal="0" offset="0" sl="19" sc="68" el="19" ec="80" />
              </SequencePoints>
              <BranchPoints />
              <MethodPoint xsi:type="SequencePoint" vc="0" uspid="1121" ordinal="0" offset="0" sl="19" sc="68" el="19" ec="80" />
            </Method>
            <Method visited="false" cyclomaticComplexity="1" sequenceCoverage="0" branchCoverage="0" isConstructor="false" isStatic="false" isGetter="true" isSetter="false">
              <Summary numSequencePoints="1" visitedSequencePoints="0" numBranchPoints="1" visitedBranchPoints="0" sequenceCoverage="0" branchCoverage="0" maxCyclomaticComplexity="1" minCyclomaticComplexity="1" />
              <MetadataToken>100663466</MetadataToken>
              <Name>Microsoft.Extensions.Logging.ILogger SigStat.Common.PipelineBase::get_Logger()</Name>
              <FileRef uid="53" />
              <SequencePoints>
                <SequencePoint vc="0" uspid="1122" ordinal="0" offset="0" sl="54" sc="33" el="54" ec="37" />
              </SequencePoints>
              <BranchPoints />
              <MethodPoint xsi:type="SequencePoint" vc="0" uspid="1122" ordinal="0" offset="0" sl="54" sc="33" el="54" ec="37" />
            </Method>
            <Method visited="false" cyclomaticComplexity="1" sequenceCoverage="0" branchCoverage="0" isConstructor="false" isStatic="false" isGetter="false" isSetter="true">
              <Summary numSequencePoints="1" visitedSequencePoints="0" numBranchPoints="1" visitedBranchPoints="0" sequenceCoverage="0" branchCoverage="0" maxCyclomaticComplexity="1" minCyclomaticComplexity="1" />
              <MetadataToken>100663467</MetadataToken>
              <Name>System.Void SigStat.Common.PipelineBase::set_Logger(Microsoft.Extensions.Logging.ILogger)</Name>
              <FileRef uid="53" />
              <SequencePoints>
                <SequencePoint vc="0" uspid="1123" ordinal="0" offset="0" sl="54" sc="38" el="54" ec="42" />
              </SequencePoints>
              <BranchPoints />
              <MethodPoint xsi:type="SequencePoint" vc="0" uspid="1123" ordinal="0" offset="0" sl="54" sc="38" el="54" ec="42" />
            </Method>
            <Method visited="false" cyclomaticComplexity="1" sequenceCoverage="0" branchCoverage="0" isConstructor="false" isStatic="false" isGetter="true" isSetter="false">
              <Summary numSequencePoints="1" visitedSequencePoints="0" numBranchPoints="1" visitedBranchPoints="0" sequenceCoverage="0" branchCoverage="0" maxCyclomaticComplexity="1" minCyclomaticComplexity="1" />
              <MetadataToken>100663468</MetadataToken>
              <Name>System.Int32 SigStat.Common.PipelineBase::get_Progress()</Name>
              <FileRef uid="53" />
              <SequencePoints>
                <SequencePoint vc="0" uspid="1124" ordinal="0" offset="0" sl="60" sc="19" el="60" ec="35" />
              </SequencePoints>
              <BranchPoints />
              <MethodPoint xsi:type="SequencePoint" vc="0" uspid="1124" ordinal="0" offset="0" sl="60" sc="19" el="60" ec="35" />
            </Method>
            <Method visited="false" cyclomaticComplexity="2" sequenceCoverage="0" branchCoverage="0" isConstructor="false" isStatic="false" isGetter="false" isSetter="true">
              <Summary numSequencePoints="5" visitedSequencePoints="0" numBranchPoints="3" visitedBranchPoints="0" sequenceCoverage="0" branchCoverage="0" maxCyclomaticComplexity="2" minCyclomaticComplexity="2" />
              <MetadataToken>100663469</MetadataToken>
              <Name>System.Void SigStat.Common.PipelineBase::set_Progress(System.Int32)</Name>
              <FileRef uid="53" />
              <SequencePoints>
                <SequencePoint vc="0" uspid="1125" ordinal="0" offset="0" sl="63" sc="17" el="63" ec="39" />
                <SequencePoint vc="0" uspid="1126" ordinal="1" offset="9" sl="64" sc="21" el="64" ec="28" />
                <SequencePoint vc="0" uspid="1127" ordinal="2" offset="10" sl="65" sc="17" el="65" ec="34" />
                <SequencePoint vc="0" uspid="1128" ordinal="3" offset="17" sl="66" sc="17" el="66" ec="37" />
                <SequencePoint vc="0" uspid="1129" ordinal="4" offset="23" sl="67" sc="13" el="67" ec="14" />
              </SequencePoints>
              <BranchPoints>
                <BranchPoint vc="0" uspid="1130" ordinal="0" offset="7" path="0" />
                <BranchPoint vc="0" uspid="1131" ordinal="1" offset="7" path="1" />
              </BranchPoints>
              <MethodPoint xsi:type="SequencePoint" vc="0" uspid="1125" ordinal="0" offset="0" sl="63" sc="17" el="63" ec="39" />
            </Method>
            <Method visited="false" cyclomaticComplexity="3" sequenceCoverage="0" branchCoverage="0" isConstructor="true" isStatic="false" isGetter="false" isSetter="false">
              <Summary numSequencePoints="4" visitedSequencePoints="0" numBranchPoints="5" visitedBranchPoints="0" sequenceCoverage="0" branchCoverage="0" maxCyclomaticComplexity="3" minCyclomaticComplexity="3" />
              <MetadataToken>100663465</MetadataToken>
              <Name>System.Void SigStat.Common.PipelineBase::.ctor()</Name>
              <FileRef uid="53" />
              <SequencePoints>
                <SequencePoint vc="0" uspid="1132" ordinal="0" offset="0" sl="21" sc="9" el="21" ec="30" />
                <SequencePoint vc="0" uspid="1133" ordinal="1" offset="6" sl="24" sc="13" el="27" ec="27" />
                <SequencePoint vc="0" uspid="1134" ordinal="2" offset="81" sl="29" sc="13" el="50" ec="29" />
                <SequencePoint vc="0" uspid="1135" ordinal="3" offset="156" sl="51" sc="9" el="51" ec="10" />
              </SequencePoints>
              <BranchPoints>
                <BranchPoint vc="0" uspid="1136" ordinal="0" offset="24" path="0" />
                <BranchPoint vc="0" uspid="1137" ordinal="1" offset="24" path="1" />
                <BranchPoint vc="0" uspid="1138" ordinal="2" offset="99" path="0" />
                <BranchPoint vc="0" uspid="1139" ordinal="3" offset="99" path="1" />
              </BranchPoints>
              <MethodPoint xsi:type="SequencePoint" vc="0" uspid="1132" ordinal="0" offset="0" sl="21" sc="9" el="21" ec="30" />
            </Method>
            <Method visited="false" cyclomaticComplexity="2" sequenceCoverage="0" branchCoverage="0" isConstructor="false" isStatic="false" isGetter="false" isSetter="false">
              <Summary numSequencePoints="0" visitedSequencePoints="0" numBranchPoints="2" visitedBranchPoints="0" sequenceCoverage="0" branchCoverage="0" maxCyclomaticComplexity="2" minCyclomaticComplexity="2" />
              <MetadataToken>100663470</MetadataToken>
              <Name>System.Void SigStat.Common.PipelineBase::add_ProgressChanged(System.EventHandler`1&lt;System.Int32&gt;)</Name>
              <SequencePoints />
              <BranchPoints>
                <BranchPoint vc="0" uspid="1141" ordinal="0" offset="38" path="0" />
                <BranchPoint vc="0" uspid="1142" ordinal="1" offset="38" path="1" />
              </BranchPoints>
              <MethodPoint vc="0" uspid="1140" ordinal="0" offset="0" />
            </Method>
            <Method visited="false" cyclomaticComplexity="2" sequenceCoverage="0" branchCoverage="0" isConstructor="false" isStatic="false" isGetter="false" isSetter="false">
              <Summary numSequencePoints="0" visitedSequencePoints="0" numBranchPoints="2" visitedBranchPoints="0" sequenceCoverage="0" branchCoverage="0" maxCyclomaticComplexity="2" minCyclomaticComplexity="2" />
              <MetadataToken>100663471</MetadataToken>
              <Name>System.Void SigStat.Common.PipelineBase::remove_ProgressChanged(System.EventHandler`1&lt;System.Int32&gt;)</Name>
              <SequencePoints />
              <BranchPoints>
                <BranchPoint vc="0" uspid="1144" ordinal="0" offset="38" path="0" />
                <BranchPoint vc="0" uspid="1145" ordinal="1" offset="38" path="1" />
              </BranchPoints>
              <MethodPoint vc="0" uspid="1143" ordinal="0" offset="0" />
            </Method>
            <Method visited="false" cyclomaticComplexity="2" sequenceCoverage="0" branchCoverage="0" isConstructor="false" isStatic="false" isGetter="false" isSetter="false">
              <Summary numSequencePoints="2" visitedSequencePoints="0" numBranchPoints="3" visitedBranchPoints="0" sequenceCoverage="0" branchCoverage="0" maxCyclomaticComplexity="2" minCyclomaticComplexity="2" />
              <MetadataToken>100663472</MetadataToken>
              <Name>System.Void SigStat.Common.PipelineBase::OnProgressChanged()</Name>
              <FileRef uid="53" />
              <SequencePoints>
                <SequencePoint vc="0" uspid="1146" ordinal="0" offset="0" sl="81" sc="13" el="81" ec="53" />
                <SequencePoint vc="0" uspid="1147" ordinal="1" offset="23" sl="82" sc="9" el="82" ec="10" />
              </SequencePoints>
              <BranchPoints>
                <BranchPoint vc="0" uspid="1148" ordinal="0" offset="7" path="0" />
                <BranchPoint vc="0" uspid="1149" ordinal="1" offset="7" path="1" />
              </BranchPoints>
              <MethodPoint xsi:type="SequencePoint" vc="0" uspid="1146" ordinal="0" offset="0" sl="81" sc="13" el="81" ec="53" />
            </Method>
            <Method visited="false" cyclomaticComplexity="1" sequenceCoverage="0" branchCoverage="0" isConstructor="false" isStatic="false" isGetter="false" isSetter="false">
              <Summary numSequencePoints="1" visitedSequencePoints="0" numBranchPoints="1" visitedBranchPoints="0" sequenceCoverage="0" branchCoverage="0" maxCyclomaticComplexity="1" minCyclomaticComplexity="1" />
              <MetadataToken>100663473</MetadataToken>
              <Name>SigStat.Common.Pipeline.PipelineInput SigStat.Common.PipelineBase::&lt;.ctor&gt;b__8_1(System.Reflection.PropertyInfo)</Name>
              <FileRef uid="53" />
              <SequencePoints>
                <SequencePoint vc="0" uspid="1150" ordinal="0" offset="0" sl="26" sc="33" el="26" ec="62" />
              </SequencePoints>
              <BranchPoints />
              <MethodPoint xsi:type="SequencePoint" vc="0" uspid="1150" ordinal="0" offset="0" sl="26" sc="33" el="26" ec="62" />
            </Method>
            <Method visited="false" cyclomaticComplexity="4" sequenceCoverage="0" branchCoverage="0" isConstructor="false" isStatic="false" isGetter="false" isSetter="false">
              <Summary numSequencePoints="7" visitedSequencePoints="0" numBranchPoints="7" visitedBranchPoints="0" sequenceCoverage="0" branchCoverage="0" maxCyclomaticComplexity="4" minCyclomaticComplexity="4" />
              <MetadataToken>100663474</MetadataToken>
              <Name>SigStat.Common.Pipeline.PipelineOutput SigStat.Common.PipelineBase::&lt;.ctor&gt;b__8_3(System.Reflection.PropertyInfo)</Name>
              <FileRef uid="53" />
              <SequencePoints>
                <SequencePoint vc="0" uspid="1151" ordinal="0" offset="0" sl="32" sc="21" el="32" ec="51" />
                <SequencePoint vc="0" uspid="1152" ordinal="1" offset="8" sl="33" sc="21" el="33" ec="37" />
                <SequencePoint vc="0" uspid="1153" ordinal="2" offset="14" sl="35" sc="25" el="35" ec="95" />
                <SequencePoint vc="0" uspid="1154" ordinal="3" offset="36" sl="36" sc="25" el="36" ec="58" />
                <SequencePoint vc="0" uspid="1155" ordinal="4" offset="43" sl="37" sc="25" el="37" ec="86" />
                <SequencePoint vc="0" uspid="1156" ordinal="5" offset="66" sl="39" sc="29" el="40" ec="149" />
                <SequencePoint vc="0" uspid="1157" ordinal="6" offset="171" sl="49" sc="21" el="49" ec="59" />
              </SequencePoints>
              <BranchPoints>
                <BranchPoint vc="0" uspid="1158" ordinal="0" offset="9" path="0" />
                <BranchPoint vc="0" uspid="1159" ordinal="1" offset="9" path="1" />
                <BranchPoint vc="0" uspid="1160" ordinal="2" offset="64" path="0" />
                <BranchPoint vc="0" uspid="1161" ordinal="3" offset="64" path="1" />
                <BranchPoint vc="0" uspid="1162" ordinal="4" offset="75" path="0" />
                <BranchPoint vc="0" uspid="1163" ordinal="5" offset="75" path="1" />
              </BranchPoints>
              <MethodPoint xsi:type="SequencePoint" vc="0" uspid="1151" ordinal="0" offset="0" sl="32" sc="21" el="32" ec="51" />
            </Method>
          </Methods>
        </Class>
        <Class>
          <Summary numSequencePoints="2" visitedSequencePoints="0" numBranchPoints="2" visitedBranchPoints="0" sequenceCoverage="0" branchCoverage="0" maxCyclomaticComplexity="1" minCyclomaticComplexity="1" />
          <FullName>SigStat.Common.PipelineBase/&lt;&gt;c</FullName>
          <Methods>
            <Method visited="false" cyclomaticComplexity="1" sequenceCoverage="0" branchCoverage="0" isConstructor="true" isStatic="true" isGetter="false" isSetter="false">
              <Summary numSequencePoints="0" visitedSequencePoints="0" numBranchPoints="0" visitedBranchPoints="0" sequenceCoverage="0" branchCoverage="0" maxCyclomaticComplexity="1" minCyclomaticComplexity="1" />
              <MetadataToken>100664227</MetadataToken>
              <Name>System.Void SigStat.Common.PipelineBase/&lt;&gt;c::.cctor()</Name>
              <SequencePoints />
              <BranchPoints />
              <MethodPoint vc="0" uspid="1164" ordinal="0" offset="0" />
            </Method>
            <Method visited="false" cyclomaticComplexity="1" sequenceCoverage="0" branchCoverage="0" isConstructor="true" isStatic="false" isGetter="false" isSetter="false">
              <Summary numSequencePoints="0" visitedSequencePoints="0" numBranchPoints="0" visitedBranchPoints="0" sequenceCoverage="0" branchCoverage="0" maxCyclomaticComplexity="1" minCyclomaticComplexity="1" />
              <MetadataToken>100664228</MetadataToken>
              <Name>System.Void SigStat.Common.PipelineBase/&lt;&gt;c::.ctor()</Name>
              <SequencePoints />
              <BranchPoints />
              <MethodPoint vc="0" uspid="1165" ordinal="0" offset="0" />
            </Method>
            <Method visited="false" cyclomaticComplexity="1" sequenceCoverage="0" branchCoverage="0" isConstructor="false" isStatic="false" isGetter="false" isSetter="false">
              <Summary numSequencePoints="1" visitedSequencePoints="0" numBranchPoints="1" visitedBranchPoints="0" sequenceCoverage="0" branchCoverage="0" maxCyclomaticComplexity="1" minCyclomaticComplexity="1" />
              <MetadataToken>100664229</MetadataToken>
              <Name>System.Boolean SigStat.Common.PipelineBase/&lt;&gt;c::&lt;.ctor&gt;b__8_0(System.Reflection.PropertyInfo)</Name>
              <FileRef uid="53" />
              <SequencePoints>
                <SequencePoint vc="0" uspid="1166" ordinal="0" offset="0" sl="25" sc="32" el="25" ec="72" />
              </SequencePoints>
              <BranchPoints />
              <MethodPoint xsi:type="SequencePoint" vc="0" uspid="1166" ordinal="0" offset="0" sl="25" sc="32" el="25" ec="72" />
            </Method>
            <Method visited="false" cyclomaticComplexity="1" sequenceCoverage="0" branchCoverage="0" isConstructor="false" isStatic="false" isGetter="false" isSetter="false">
              <Summary numSequencePoints="1" visitedSequencePoints="0" numBranchPoints="1" visitedBranchPoints="0" sequenceCoverage="0" branchCoverage="0" maxCyclomaticComplexity="1" minCyclomaticComplexity="1" />
              <MetadataToken>100664230</MetadataToken>
              <Name>System.Boolean SigStat.Common.PipelineBase/&lt;&gt;c::&lt;.ctor&gt;b__8_2(System.Reflection.PropertyInfo)</Name>
              <FileRef uid="53" />
              <SequencePoints>
                <SequencePoint vc="0" uspid="1167" ordinal="0" offset="0" sl="30" sc="32" el="30" ec="73" />
              </SequencePoints>
              <BranchPoints />
              <MethodPoint xsi:type="SequencePoint" vc="0" uspid="1167" ordinal="0" offset="0" sl="30" sc="32" el="30" ec="73" />
            </Method>
          </Methods>
        </Class>
        <Class>
          <Summary numSequencePoints="3" visitedSequencePoints="0" numBranchPoints="1" visitedBranchPoints="0" sequenceCoverage="0" branchCoverage="0" maxCyclomaticComplexity="1" minCyclomaticComplexity="1" />
          <FullName>SigStat.Common.Pipeline.Input</FullName>
          <Methods>
            <Method visited="false" cyclomaticComplexity="1" sequenceCoverage="0" branchCoverage="0" isConstructor="true" isStatic="false" isGetter="false" isSetter="false">
              <Summary numSequencePoints="3" visitedSequencePoints="0" numBranchPoints="1" visitedBranchPoints="0" sequenceCoverage="0" branchCoverage="0" maxCyclomaticComplexity="1" minCyclomaticComplexity="1" />
              <MetadataToken>100663477</MetadataToken>
              <Name>System.Void SigStat.Common.Pipeline.Input::.ctor(SigStat.Common.Pipeline.AutoSetMode)</Name>
              <FileRef uid="55" />
              <SequencePoints>
                <SequencePoint vc="0" uspid="1168" ordinal="0" offset="0" sl="12" sc="9" el="12" ec="67" />
                <SequencePoint vc="0" uspid="1169" ordinal="1" offset="6" sl="14" sc="13" el="14" ec="44" />
                <SequencePoint vc="0" uspid="1170" ordinal="2" offset="13" sl="15" sc="9" el="15" ec="10" />
              </SequencePoints>
              <BranchPoints />
              <MethodPoint xsi:type="SequencePoint" vc="0" uspid="1168" ordinal="0" offset="0" sl="12" sc="9" el="12" ec="67" />
            </Method>
          </Methods>
        </Class>
        <Class>
          <Summary numSequencePoints="6" visitedSequencePoints="0" numBranchPoints="2" visitedBranchPoints="0" sequenceCoverage="0" branchCoverage="0" maxCyclomaticComplexity="1" minCyclomaticComplexity="1" />
          <FullName>SigStat.Common.Pipeline.Output</FullName>
          <Methods>
            <Method visited="false" cyclomaticComplexity="1" sequenceCoverage="0" branchCoverage="0" isConstructor="true" isStatic="false" isGetter="false" isSetter="false">
              <Summary numSequencePoints="3" visitedSequencePoints="0" numBranchPoints="1" visitedBranchPoints="0" sequenceCoverage="0" branchCoverage="0" maxCyclomaticComplexity="1" minCyclomaticComplexity="1" />
              <MetadataToken>100663478</MetadataToken>
              <Name>System.Void SigStat.Common.Pipeline.Output::.ctor(System.String)</Name>
              <FileRef uid="55" />
              <SequencePoints>
                <SequencePoint vc="0" uspid="1171" ordinal="0" offset="0" sl="24" sc="9" el="24" ec="38" />
                <SequencePoint vc="0" uspid="1172" ordinal="1" offset="6" sl="26" sc="13" el="26" ec="36" />
                <SequencePoint vc="0" uspid="1173" ordinal="2" offset="13" sl="27" sc="9" el="27" ec="10" />
              </SequencePoints>
              <BranchPoints />
              <MethodPoint xsi:type="SequencePoint" vc="0" uspid="1171" ordinal="0" offset="0" sl="24" sc="9" el="24" ec="38" />
            </Method>
            <Method visited="false" cyclomaticComplexity="1" sequenceCoverage="0" branchCoverage="0" isConstructor="true" isStatic="false" isGetter="false" isSetter="false">
              <Summary numSequencePoints="3" visitedSequencePoints="0" numBranchPoints="1" visitedBranchPoints="0" sequenceCoverage="0" branchCoverage="0" maxCyclomaticComplexity="1" minCyclomaticComplexity="1" />
              <MetadataToken>100663479</MetadataToken>
              <Name>System.Void SigStat.Common.Pipeline.Output::.ctor()</Name>
              <FileRef uid="55" />
              <SequencePoints>
                <SequencePoint vc="0" uspid="1174" ordinal="0" offset="0" sl="29" sc="9" el="29" ec="24" />
                <SequencePoint vc="0" uspid="1175" ordinal="1" offset="6" sl="31" sc="13" el="31" ec="33" />
                <SequencePoint vc="0" uspid="1176" ordinal="2" offset="13" sl="32" sc="9" el="32" ec="10" />
              </SequencePoints>
              <BranchPoints />
              <MethodPoint xsi:type="SequencePoint" vc="0" uspid="1174" ordinal="0" offset="0" sl="29" sc="9" el="29" ec="24" />
            </Method>
          </Methods>
        </Class>
        <Class>
          <Summary numSequencePoints="12" visitedSequencePoints="0" numBranchPoints="11" visitedBranchPoints="0" sequenceCoverage="0" branchCoverage="0" maxCyclomaticComplexity="3" minCyclomaticComplexity="1" />
          <FullName>SigStat.Common.Pipeline.PipelineInput</FullName>
          <Methods>
            <Method visited="false" cyclomaticComplexity="1" sequenceCoverage="0" branchCoverage="0" isConstructor="false" isStatic="false" isGetter="true" isSetter="false">
              <Summary numSequencePoints="1" visitedSequencePoints="0" numBranchPoints="1" visitedBranchPoints="0" sequenceCoverage="0" branchCoverage="0" maxCyclomaticComplexity="1" minCyclomaticComplexity="1" />
              <MetadataToken>100663482</MetadataToken>
              <Name>System.Object SigStat.Common.Pipeline.PipelineInput::get_FD()</Name>
              <FileRef uid="57" />
              <SequencePoints>
                <SequencePoint vc="0" uspid="1177" ordinal="0" offset="0" sl="20" sc="20" el="20" ec="45" />
              </SequencePoints>
              <BranchPoints />
              <MethodPoint xsi:type="SequencePoint" vc="0" uspid="1177" ordinal="0" offset="0" sl="20" sc="20" el="20" ec="45" />
            </Method>
            <Method visited="false" cyclomaticComplexity="1" sequenceCoverage="0" branchCoverage="0" isConstructor="false" isStatic="false" isGetter="false" isSetter="true">
              <Summary numSequencePoints="1" visitedSequencePoints="0" numBranchPoints="1" visitedBranchPoints="0" sequenceCoverage="0" branchCoverage="0" maxCyclomaticComplexity="1" minCyclomaticComplexity="1" />
              <MetadataToken>100663483</MetadataToken>
              <Name>System.Void SigStat.Common.Pipeline.PipelineInput::set_FD(System.Object)</Name>
              <FileRef uid="57" />
              <SequencePoints>
                <SequencePoint vc="0" uspid="1178" ordinal="0" offset="0" sl="21" sc="20" el="21" ec="52" />
              </SequencePoints>
              <BranchPoints />
              <MethodPoint xsi:type="SequencePoint" vc="0" uspid="1178" ordinal="0" offset="0" sl="21" sc="20" el="21" ec="52" />
            </Method>
            <Method visited="false" cyclomaticComplexity="1" sequenceCoverage="0" branchCoverage="0" isConstructor="false" isStatic="false" isGetter="true" isSetter="false">
              <Summary numSequencePoints="1" visitedSequencePoints="0" numBranchPoints="1" visitedBranchPoints="0" sequenceCoverage="0" branchCoverage="0" maxCyclomaticComplexity="1" minCyclomaticComplexity="1" />
              <MetadataToken>100663484</MetadataToken>
              <Name>SigStat.Common.Pipeline.AutoSetMode SigStat.Common.Pipeline.PipelineInput::get_AutoSetMode()</Name>
              <FileRef uid="57" />
              <SequencePoints>
                <SequencePoint vc="0" uspid="1179" ordinal="0" offset="0" sl="23" sc="43" el="23" ec="85" />
              </SequencePoints>
              <BranchPoints />
              <MethodPoint xsi:type="SequencePoint" vc="0" uspid="1179" ordinal="0" offset="0" sl="23" sc="43" el="23" ec="85" />
            </Method>
            <Method visited="false" cyclomaticComplexity="1" sequenceCoverage="0" branchCoverage="0" isConstructor="false" isStatic="false" isGetter="true" isSetter="false">
              <Summary numSequencePoints="1" visitedSequencePoints="0" numBranchPoints="1" visitedBranchPoints="0" sequenceCoverage="0" branchCoverage="0" maxCyclomaticComplexity="1" minCyclomaticComplexity="1" />
              <MetadataToken>100663485</MetadataToken>
              <Name>System.Type SigStat.Common.Pipeline.PipelineInput::get_Type()</Name>
              <FileRef uid="57" />
              <SequencePoints>
                <SequencePoint vc="0" uspid="1180" ordinal="0" offset="0" sl="24" sc="29" el="24" ec="44" />
              </SequencePoints>
              <BranchPoints />
              <MethodPoint xsi:type="SequencePoint" vc="0" uspid="1180" ordinal="0" offset="0" sl="24" sc="29" el="24" ec="44" />
            </Method>
            <Method visited="false" cyclomaticComplexity="1" sequenceCoverage="0" branchCoverage="0" isConstructor="false" isStatic="false" isGetter="true" isSetter="false">
              <Summary numSequencePoints="1" visitedSequencePoints="0" numBranchPoints="1" visitedBranchPoints="0" sequenceCoverage="0" branchCoverage="0" maxCyclomaticComplexity="1" minCyclomaticComplexity="1" />
              <MetadataToken>100663486</MetadataToken>
              <Name>System.Boolean SigStat.Common.Pipeline.PipelineInput::get_IsCollectionOfFeatureDescriptors()</Name>
              <FileRef uid="57" />
              <SequencePoints>
                <SequencePoint vc="0" uspid="1181" ordinal="0" offset="0" sl="25" sc="57" el="25" ec="106" />
              </SequencePoints>
              <BranchPoints />
              <MethodPoint xsi:type="SequencePoint" vc="0" uspid="1181" ordinal="0" offset="0" sl="25" sc="57" el="25" ec="106" />
            </Method>
            <Method visited="false" cyclomaticComplexity="1" sequenceCoverage="0" branchCoverage="0" isConstructor="false" isStatic="false" isGetter="true" isSetter="false">
              <Summary numSequencePoints="1" visitedSequencePoints="0" numBranchPoints="1" visitedBranchPoints="0" sequenceCoverage="0" branchCoverage="0" maxCyclomaticComplexity="1" minCyclomaticComplexity="1" />
              <MetadataToken>100663487</MetadataToken>
              <Name>System.String SigStat.Common.Pipeline.PipelineInput::get_PropName()</Name>
              <FileRef uid="57" />
              <SequencePoints>
                <SequencePoint vc="0" uspid="1182" ordinal="0" offset="0" sl="26" sc="35" el="26" ec="42" />
              </SequencePoints>
              <BranchPoints />
              <MethodPoint xsi:type="SequencePoint" vc="0" uspid="1182" ordinal="0" offset="0" sl="26" sc="35" el="26" ec="42" />
            </Method>
            <Method visited="false" cyclomaticComplexity="3" sequenceCoverage="0" branchCoverage="0" isConstructor="true" isStatic="false" isGetter="false" isSetter="false">
              <Summary numSequencePoints="6" visitedSequencePoints="0" numBranchPoints="5" visitedBranchPoints="0" sequenceCoverage="0" branchCoverage="0" maxCyclomaticComplexity="3" minCyclomaticComplexity="3" />
              <MetadataToken>100663488</MetadataToken>
              <Name>System.Void SigStat.Common.Pipeline.PipelineInput::.ctor(System.Object,System.Reflection.PropertyInfo)</Name>
              <FileRef uid="57" />
              <SequencePoints>
                <SequencePoint vc="0" uspid="1183" ordinal="0" offset="0" sl="31" sc="9" el="31" ec="67" />
                <SequencePoint vc="0" uspid="1184" ordinal="1" offset="6" sl="33" sc="13" el="33" ec="46" />
                <SequencePoint vc="0" uspid="1185" ordinal="2" offset="13" sl="34" sc="13" el="34" ec="26" />
                <SequencePoint vc="0" uspid="1186" ordinal="3" offset="20" sl="35" sc="13" el="35" ec="67" />
                <SequencePoint vc="0" uspid="1187" ordinal="4" offset="46" sl="36" sc="17" el="36" ec="111" />
                <SequencePoint vc="0" uspid="1188" ordinal="5" offset="105" sl="37" sc="9" el="37" ec="10" />
              </SequencePoints>
              <BranchPoints>
                <BranchPoint vc="0" uspid="1189" ordinal="0" offset="31" path="0" />
                <BranchPoint vc="0" uspid="1190" ordinal="1" offset="31" path="1" />
                <BranchPoint vc="0" uspid="1191" ordinal="2" offset="44" path="0" />
                <BranchPoint vc="0" uspid="1192" ordinal="3" offset="44" path="1" />
              </BranchPoints>
              <MethodPoint xsi:type="SequencePoint" vc="0" uspid="1183" ordinal="0" offset="0" sl="31" sc="9" el="31" ec="67" />
            </Method>
          </Methods>
        </Class>
        <Class>
          <Summary numSequencePoints="13" visitedSequencePoints="0" numBranchPoints="12" visitedBranchPoints="0" sequenceCoverage="0" branchCoverage="0" maxCyclomaticComplexity="3" minCyclomaticComplexity="1" />
          <FullName>SigStat.Common.Pipeline.PipelineOutput</FullName>
          <Methods>
            <Method visited="false" cyclomaticComplexity="1" sequenceCoverage="0" branchCoverage="0" isConstructor="false" isStatic="false" isGetter="true" isSetter="false">
              <Summary numSequencePoints="1" visitedSequencePoints="0" numBranchPoints="1" visitedBranchPoints="0" sequenceCoverage="0" branchCoverage="0" maxCyclomaticComplexity="1" minCyclomaticComplexity="1" />
              <MetadataToken>100663489</MetadataToken>
              <Name>System.Object SigStat.Common.Pipeline.PipelineOutput::get_FD()</Name>
              <FileRef uid="57" />
              <SequencePoints>
                <SequencePoint vc="0" uspid="1193" ordinal="0" offset="0" sl="45" sc="20" el="45" ec="45" />
              </SequencePoints>
              <BranchPoints />
              <MethodPoint xsi:type="SequencePoint" vc="0" uspid="1193" ordinal="0" offset="0" sl="45" sc="20" el="45" ec="45" />
            </Method>
            <Method visited="false" cyclomaticComplexity="1" sequenceCoverage="0" branchCoverage="0" isConstructor="false" isStatic="false" isGetter="false" isSetter="true">
              <Summary numSequencePoints="1" visitedSequencePoints="0" numBranchPoints="1" visitedBranchPoints="0" sequenceCoverage="0" branchCoverage="0" maxCyclomaticComplexity="1" minCyclomaticComplexity="1" />
              <MetadataToken>100663490</MetadataToken>
              <Name>System.Void SigStat.Common.Pipeline.PipelineOutput::set_FD(System.Object)</Name>
              <FileRef uid="57" />
              <SequencePoints>
                <SequencePoint vc="0" uspid="1194" ordinal="0" offset="0" sl="46" sc="20" el="46" ec="52" />
              </SequencePoints>
              <BranchPoints />
              <MethodPoint xsi:type="SequencePoint" vc="0" uspid="1194" ordinal="0" offset="0" sl="46" sc="20" el="46" ec="52" />
            </Method>
            <Method visited="false" cyclomaticComplexity="1" sequenceCoverage="0" branchCoverage="0" isConstructor="false" isStatic="false" isGetter="true" isSetter="false">
              <Summary numSequencePoints="1" visitedSequencePoints="0" numBranchPoints="1" visitedBranchPoints="0" sequenceCoverage="0" branchCoverage="0" maxCyclomaticComplexity="1" minCyclomaticComplexity="1" />
              <MetadataToken>100663491</MetadataToken>
              <Name>System.Boolean SigStat.Common.Pipeline.PipelineOutput::get_IsTemporary()</Name>
              <FileRef uid="57" />
              <SequencePoints>
                <SequencePoint vc="0" uspid="1195" ordinal="0" offset="0" sl="48" sc="36" el="48" ec="83" />
              </SequencePoints>
              <BranchPoints />
              <MethodPoint xsi:type="SequencePoint" vc="0" uspid="1195" ordinal="0" offset="0" sl="48" sc="36" el="48" ec="83" />
            </Method>
            <Method visited="false" cyclomaticComplexity="1" sequenceCoverage="0" branchCoverage="0" isConstructor="false" isStatic="false" isGetter="true" isSetter="false">
              <Summary numSequencePoints="1" visitedSequencePoints="0" numBranchPoints="1" visitedBranchPoints="0" sequenceCoverage="0" branchCoverage="0" maxCyclomaticComplexity="1" minCyclomaticComplexity="1" />
              <MetadataToken>100663492</MetadataToken>
              <Name>System.String SigStat.Common.Pipeline.PipelineOutput::get_Default()</Name>
              <FileRef uid="57" />
              <SequencePoints>
                <SequencePoint vc="0" uspid="1196" ordinal="0" offset="0" sl="49" sc="34" el="49" ec="73" />
              </SequencePoints>
              <BranchPoints />
              <MethodPoint xsi:type="SequencePoint" vc="0" uspid="1196" ordinal="0" offset="0" sl="49" sc="34" el="49" ec="73" />
            </Method>
            <Method visited="false" cyclomaticComplexity="1" sequenceCoverage="0" branchCoverage="0" isConstructor="false" isStatic="false" isGetter="true" isSetter="false">
              <Summary numSequencePoints="1" visitedSequencePoints="0" numBranchPoints="1" visitedBranchPoints="0" sequenceCoverage="0" branchCoverage="0" maxCyclomaticComplexity="1" minCyclomaticComplexity="1" />
              <MetadataToken>100663493</MetadataToken>
              <Name>System.Type SigStat.Common.Pipeline.PipelineOutput::get_Type()</Name>
              <FileRef uid="57" />
              <SequencePoints>
                <SequencePoint vc="0" uspid="1197" ordinal="0" offset="0" sl="50" sc="29" el="50" ec="44" />
              </SequencePoints>
              <BranchPoints />
              <MethodPoint xsi:type="SequencePoint" vc="0" uspid="1197" ordinal="0" offset="0" sl="50" sc="29" el="50" ec="44" />
            </Method>
            <Method visited="false" cyclomaticComplexity="1" sequenceCoverage="0" branchCoverage="0" isConstructor="false" isStatic="false" isGetter="true" isSetter="false">
              <Summary numSequencePoints="1" visitedSequencePoints="0" numBranchPoints="1" visitedBranchPoints="0" sequenceCoverage="0" branchCoverage="0" maxCyclomaticComplexity="1" minCyclomaticComplexity="1" />
              <MetadataToken>100663494</MetadataToken>
              <Name>System.Boolean SigStat.Common.Pipeline.PipelineOutput::get_IsCollectionOfFeatureDescriptors()</Name>
              <FileRef uid="57" />
              <SequencePoints>
                <SequencePoint vc="0" uspid="1198" ordinal="0" offset="0" sl="51" sc="57" el="51" ec="106" />
              </SequencePoints>
              <BranchPoints />
              <MethodPoint xsi:type="SequencePoint" vc="0" uspid="1198" ordinal="0" offset="0" sl="51" sc="57" el="51" ec="106" />
            </Method>
            <Method visited="false" cyclomaticComplexity="1" sequenceCoverage="0" branchCoverage="0" isConstructor="false" isStatic="false" isGetter="true" isSetter="false">
              <Summary numSequencePoints="1" visitedSequencePoints="0" numBranchPoints="1" visitedBranchPoints="0" sequenceCoverage="0" branchCoverage="0" maxCyclomaticComplexity="1" minCyclomaticComplexity="1" />
              <MetadataToken>100663495</MetadataToken>
              <Name>System.String SigStat.Common.Pipeline.PipelineOutput::get_PropName()</Name>
              <FileRef uid="57" />
              <SequencePoints>
                <SequencePoint vc="0" uspid="1199" ordinal="0" offset="0" sl="52" sc="35" el="52" ec="42" />
              </SequencePoints>
              <BranchPoints />
              <MethodPoint xsi:type="SequencePoint" vc="0" uspid="1199" ordinal="0" offset="0" sl="52" sc="35" el="52" ec="42" />
            </Method>
            <Method visited="false" cyclomaticComplexity="3" sequenceCoverage="0" branchCoverage="0" isConstructor="true" isStatic="false" isGetter="false" isSetter="false">
              <Summary numSequencePoints="6" visitedSequencePoints="0" numBranchPoints="5" visitedBranchPoints="0" sequenceCoverage="0" branchCoverage="0" maxCyclomaticComplexity="3" minCyclomaticComplexity="3" />
              <MetadataToken>100663496</MetadataToken>
              <Name>System.Void SigStat.Common.Pipeline.PipelineOutput::.ctor(System.Object,System.Reflection.PropertyInfo)</Name>
              <FileRef uid="57" />
              <SequencePoints>
                <SequencePoint vc="0" uspid="1200" ordinal="0" offset="0" sl="57" sc="9" el="57" ec="68" />
                <SequencePoint vc="0" uspid="1201" ordinal="1" offset="6" sl="59" sc="13" el="59" ec="46" />
                <SequencePoint vc="0" uspid="1202" ordinal="2" offset="13" sl="60" sc="13" el="60" ec="26" />
                <SequencePoint vc="0" uspid="1203" ordinal="3" offset="20" sl="61" sc="13" el="61" ec="67" />
                <SequencePoint vc="0" uspid="1204" ordinal="4" offset="46" sl="62" sc="17" el="62" ec="112" />
                <SequencePoint vc="0" uspid="1205" ordinal="5" offset="105" sl="63" sc="9" el="63" ec="10" />
              </SequencePoints>
              <BranchPoints>
                <BranchPoint vc="0" uspid="1206" ordinal="0" offset="31" path="0" />
                <BranchPoint vc="0" uspid="1207" ordinal="1" offset="31" path="1" />
                <BranchPoint vc="0" uspid="1208" ordinal="2" offset="44" path="0" />
                <BranchPoint vc="0" uspid="1209" ordinal="3" offset="44" path="1" />
              </BranchPoints>
              <MethodPoint xsi:type="SequencePoint" vc="0" uspid="1200" ordinal="0" offset="0" sl="57" sc="9" el="57" ec="68" />
            </Method>
          </Methods>
        </Class>
        <Class>
          <Summary numSequencePoints="8" visitedSequencePoints="0" numBranchPoints="10" visitedBranchPoints="0" sequenceCoverage="0" branchCoverage="0" maxCyclomaticComplexity="2" minCyclomaticComplexity="1" />
          <FullName>SigStat.Common.Pipeline.ParallelTransformPipeline</FullName>
          <Methods>
            <Method visited="false" cyclomaticComplexity="2" sequenceCoverage="0" branchCoverage="0" isConstructor="false" isStatic="false" isGetter="true" isSetter="false">
              <Summary numSequencePoints="1" visitedSequencePoints="0" numBranchPoints="3" visitedBranchPoints="0" sequenceCoverage="0" branchCoverage="0" maxCyclomaticComplexity="2" minCyclomaticComplexity="2" />
              <MetadataToken>100663497</MetadataToken>
              <Name>System.Collections.Generic.List`1&lt;SigStat.Common.Pipeline.PipelineInput&gt; SigStat.Common.Pipeline.ParallelTransformPipeline::get_PipelineInputs()</Name>
              <FileRef uid="59" />
              <SequencePoints>
                <SequencePoint vc="0" uspid="1210" ordinal="0" offset="0" sl="22" sc="69" el="22" ec="115" />
              </SequencePoints>
              <BranchPoints>
                <BranchPoint vc="0" uspid="1211" ordinal="0" offset="12" path="0" />
                <BranchPoint vc="0" uspid="1212" ordinal="1" offset="12" path="1" />
              </BranchPoints>
              <MethodPoint xsi:type="SequencePoint" vc="0" uspid="1210" ordinal="0" offset="0" sl="22" sc="69" el="22" ec="115" />
            </Method>
            <Method visited="false" cyclomaticComplexity="2" sequenceCoverage="0" branchCoverage="0" isConstructor="false" isStatic="false" isGetter="true" isSetter="false">
              <Summary numSequencePoints="1" visitedSequencePoints="0" numBranchPoints="3" visitedBranchPoints="0" sequenceCoverage="0" branchCoverage="0" maxCyclomaticComplexity="2" minCyclomaticComplexity="2" />
              <MetadataToken>100663498</MetadataToken>
              <Name>System.Collections.Generic.List`1&lt;SigStat.Common.Pipeline.PipelineOutput&gt; SigStat.Common.Pipeline.ParallelTransformPipeline::get_PipelineOutputs()</Name>
              <FileRef uid="59" />
              <SequencePoints>
                <SequencePoint vc="0" uspid="1213" ordinal="0" offset="0" sl="23" sc="71" el="23" ec="120" />
              </SequencePoints>
              <BranchPoints>
                <BranchPoint vc="0" uspid="1214" ordinal="0" offset="12" path="0" />
                <BranchPoint vc="0" uspid="1215" ordinal="1" offset="12" path="1" />
              </BranchPoints>
              <MethodPoint xsi:type="SequencePoint" vc="0" uspid="1213" ordinal="0" offset="0" sl="23" sc="71" el="23" ec="120" />
            </Method>
            <Method visited="false" cyclomaticComplexity="1" sequenceCoverage="0" branchCoverage="0" isConstructor="false" isStatic="false" isGetter="false" isSetter="false">
              <Summary numSequencePoints="1" visitedSequencePoints="0" numBranchPoints="1" visitedBranchPoints="0" sequenceCoverage="0" branchCoverage="0" maxCyclomaticComplexity="1" minCyclomaticComplexity="1" />
              <MetadataToken>100663499</MetadataToken>
              <Name>System.Collections.IEnumerator SigStat.Common.Pipeline.ParallelTransformPipeline::GetEnumerator()</Name>
              <FileRef uid="59" />
              <SequencePoints>
                <SequencePoint vc="0" uspid="1216" ordinal="0" offset="0" sl="28" sc="13" el="28" ec="42" />
              </SequencePoints>
              <BranchPoints />
              <MethodPoint xsi:type="SequencePoint" vc="0" uspid="1216" ordinal="0" offset="0" sl="28" sc="13" el="28" ec="42" />
            </Method>
            <Method visited="false" cyclomaticComplexity="1" sequenceCoverage="0" branchCoverage="0" isConstructor="false" isStatic="false" isGetter="false" isSetter="false">
              <Summary numSequencePoints="2" visitedSequencePoints="0" numBranchPoints="1" visitedBranchPoints="0" sequenceCoverage="0" branchCoverage="0" maxCyclomaticComplexity="1" minCyclomaticComplexity="1" />
              <MetadataToken>100663500</MetadataToken>
              <Name>System.Void SigStat.Common.Pipeline.ParallelTransformPipeline::Add(SigStat.Common.ITransformation)</Name>
              <FileRef uid="59" />
              <SequencePoints>
                <SequencePoint vc="0" uspid="1217" ordinal="0" offset="0" sl="37" sc="13" el="37" ec="32" />
                <SequencePoint vc="0" uspid="1218" ordinal="1" offset="12" sl="38" sc="9" el="38" ec="10" />
              </SequencePoints>
              <BranchPoints />
              <MethodPoint xsi:type="SequencePoint" vc="0" uspid="1217" ordinal="0" offset="0" sl="37" sc="13" el="37" ec="32" />
            </Method>
            <Method visited="false" cyclomaticComplexity="1" sequenceCoverage="0" branchCoverage="0" isConstructor="false" isStatic="false" isGetter="false" isSetter="false">
              <Summary numSequencePoints="2" visitedSequencePoints="0" numBranchPoints="1" visitedBranchPoints="0" sequenceCoverage="0" branchCoverage="0" maxCyclomaticComplexity="1" minCyclomaticComplexity="1" />
              <MetadataToken>100663501</MetadataToken>
              <Name>System.Void SigStat.Common.Pipeline.ParallelTransformPipeline::Transform(SigStat.Common.Signature)</Name>
              <FileRef uid="59" />
              <SequencePoints>
                <SequencePoint vc="0" uspid="1219" ordinal="0" offset="13" sl="48" sc="13" el="50" ec="16" />
                <SequencePoint vc="0" uspid="1220" ordinal="1" offset="37" sl="51" sc="9" el="51" ec="10" />
              </SequencePoints>
              <BranchPoints />
              <MethodPoint vc="0" uspid="1221" ordinal="0" offset="0" />
            </Method>
            <Method visited="false" cyclomaticComplexity="1" sequenceCoverage="0" branchCoverage="0" isConstructor="true" isStatic="false" isGetter="false" isSetter="false">
              <Summary numSequencePoints="1" visitedSequencePoints="0" numBranchPoints="1" visitedBranchPoints="0" sequenceCoverage="0" branchCoverage="0" maxCyclomaticComplexity="1" minCyclomaticComplexity="1" />
              <MetadataToken>100663502</MetadataToken>
              <Name>System.Void SigStat.Common.Pipeline.ParallelTransformPipeline::.ctor()</Name>
              <FileRef uid="59" />
              <SequencePoints>
                <SequencePoint vc="0" uspid="1222" ordinal="0" offset="0" sl="21" sc="9" el="21" ec="74" />
              </SequencePoints>
              <BranchPoints />
              <MethodPoint xsi:type="SequencePoint" vc="0" uspid="1222" ordinal="0" offset="0" sl="21" sc="9" el="21" ec="74" />
            </Method>
          </Methods>
        </Class>
        <Class>
          <Summary numSequencePoints="2" visitedSequencePoints="0" numBranchPoints="2" visitedBranchPoints="0" sequenceCoverage="0" branchCoverage="0" maxCyclomaticComplexity="1" minCyclomaticComplexity="1" />
          <FullName>SigStat.Common.Pipeline.ParallelTransformPipeline/&lt;&gt;c</FullName>
          <Methods>
            <Method visited="false" cyclomaticComplexity="1" sequenceCoverage="0" branchCoverage="0" isConstructor="true" isStatic="true" isGetter="false" isSetter="false">
              <Summary numSequencePoints="0" visitedSequencePoints="0" numBranchPoints="0" visitedBranchPoints="0" sequenceCoverage="0" branchCoverage="0" maxCyclomaticComplexity="1" minCyclomaticComplexity="1" />
              <MetadataToken>100664231</MetadataToken>
              <Name>System.Void SigStat.Common.Pipeline.ParallelTransformPipeline/&lt;&gt;c::.cctor()</Name>
              <SequencePoints />
              <BranchPoints />
              <MethodPoint vc="0" uspid="1223" ordinal="0" offset="0" />
            </Method>
            <Method visited="false" cyclomaticComplexity="1" sequenceCoverage="0" branchCoverage="0" isConstructor="true" isStatic="false" isGetter="false" isSetter="false">
              <Summary numSequencePoints="0" visitedSequencePoints="0" numBranchPoints="0" visitedBranchPoints="0" sequenceCoverage="0" branchCoverage="0" maxCyclomaticComplexity="1" minCyclomaticComplexity="1" />
              <MetadataToken>100664232</MetadataToken>
              <Name>System.Void SigStat.Common.Pipeline.ParallelTransformPipeline/&lt;&gt;c::.ctor()</Name>
              <SequencePoints />
              <BranchPoints />
              <MethodPoint vc="0" uspid="1224" ordinal="0" offset="0" />
            </Method>
            <Method visited="false" cyclomaticComplexity="1" sequenceCoverage="0" branchCoverage="0" isConstructor="false" isStatic="false" isGetter="false" isSetter="false">
              <Summary numSequencePoints="1" visitedSequencePoints="0" numBranchPoints="1" visitedBranchPoints="0" sequenceCoverage="0" branchCoverage="0" maxCyclomaticComplexity="1" minCyclomaticComplexity="1" />
              <MetadataToken>100664233</MetadataToken>
              <Name>System.Collections.Generic.IEnumerable`1&lt;SigStat.Common.Pipeline.PipelineInput&gt; SigStat.Common.Pipeline.ParallelTransformPipeline/&lt;&gt;c::&lt;get_PipelineInputs&gt;b__2_0(SigStat.Common.ITransformation)</Name>
              <FileRef uid="59" />
              <SequencePoints>
                <SequencePoint vc="0" uspid="1225" ordinal="0" offset="0" sl="22" sc="89" el="22" ec="105" />
              </SequencePoints>
              <BranchPoints />
              <MethodPoint xsi:type="SequencePoint" vc="0" uspid="1225" ordinal="0" offset="0" sl="22" sc="89" el="22" ec="105" />
            </Method>
            <Method visited="false" cyclomaticComplexity="1" sequenceCoverage="0" branchCoverage="0" isConstructor="false" isStatic="false" isGetter="false" isSetter="false">
              <Summary numSequencePoints="1" visitedSequencePoints="0" numBranchPoints="1" visitedBranchPoints="0" sequenceCoverage="0" branchCoverage="0" maxCyclomaticComplexity="1" minCyclomaticComplexity="1" />
              <MetadataToken>100664234</MetadataToken>
              <Name>System.Collections.Generic.IEnumerable`1&lt;SigStat.Common.Pipeline.PipelineOutput&gt; SigStat.Common.Pipeline.ParallelTransformPipeline/&lt;&gt;c::&lt;get_PipelineOutputs&gt;b__4_0(SigStat.Common.ITransformation)</Name>
              <FileRef uid="59" />
              <SequencePoints>
                <SequencePoint vc="0" uspid="1226" ordinal="0" offset="0" sl="23" sc="93" el="23" ec="110" />
              </SequencePoints>
              <BranchPoints />
              <MethodPoint xsi:type="SequencePoint" vc="0" uspid="1226" ordinal="0" offset="0" sl="23" sc="93" el="23" ec="110" />
            </Method>
          </Methods>
        </Class>
        <Class>
          <Summary numSequencePoints="2" visitedSequencePoints="0" numBranchPoints="1" visitedBranchPoints="0" sequenceCoverage="0" branchCoverage="0" maxCyclomaticComplexity="1" minCyclomaticComplexity="1" />
          <FullName>SigStat.Common.Pipeline.ParallelTransformPipeline/&lt;&gt;c__DisplayClass7_0</FullName>
          <Methods>
            <Method visited="false" cyclomaticComplexity="1" sequenceCoverage="0" branchCoverage="0" isConstructor="true" isStatic="false" isGetter="false" isSetter="false">
              <Summary numSequencePoints="0" visitedSequencePoints="0" numBranchPoints="0" visitedBranchPoints="0" sequenceCoverage="0" branchCoverage="0" maxCyclomaticComplexity="1" minCyclomaticComplexity="1" />
              <MetadataToken>100664235</MetadataToken>
              <Name>System.Void SigStat.Common.Pipeline.ParallelTransformPipeline/&lt;&gt;c__DisplayClass7_0::.ctor()</Name>
              <SequencePoints />
              <BranchPoints />
              <MethodPoint vc="0" uspid="1227" ordinal="0" offset="0" />
            </Method>
            <Method visited="false" cyclomaticComplexity="1" sequenceCoverage="0" branchCoverage="0" isConstructor="false" isStatic="false" isGetter="false" isSetter="false">
              <Summary numSequencePoints="2" visitedSequencePoints="0" numBranchPoints="1" visitedBranchPoints="0" sequenceCoverage="0" branchCoverage="0" maxCyclomaticComplexity="1" minCyclomaticComplexity="1" />
              <MetadataToken>100664236</MetadataToken>
              <Name>System.Void SigStat.Common.Pipeline.ParallelTransformPipeline/&lt;&gt;c__DisplayClass7_0::&lt;Transform&gt;b__0(SigStat.Common.ITransformation)</Name>
              <FileRef uid="59" />
              <SequencePoints>
                <SequencePoint vc="0" uspid="1228" ordinal="0" offset="0" sl="49" sc="17" el="49" ec="40" />
                <SequencePoint vc="0" uspid="1229" ordinal="1" offset="12" sl="50" sc="13" el="50" ec="14" />
              </SequencePoints>
              <BranchPoints />
              <MethodPoint xsi:type="SequencePoint" vc="0" uspid="1228" ordinal="0" offset="0" sl="49" sc="17" el="49" ec="40" />
            </Method>
          </Methods>
        </Class>
        <Class>
          <Summary numSequencePoints="29" visitedSequencePoints="0" numBranchPoints="28" visitedBranchPoints="0" sequenceCoverage="0" branchCoverage="0" maxCyclomaticComplexity="13" minCyclomaticComplexity="1" />
          <FullName>SigStat.Common.Pipeline.SequentialTransformPipeline</FullName>
          <Methods>
            <Method visited="false" cyclomaticComplexity="1" sequenceCoverage="0" branchCoverage="0" isConstructor="false" isStatic="false" isGetter="true" isSetter="false">
              <Summary numSequencePoints="1" visitedSequencePoints="0" numBranchPoints="1" visitedBranchPoints="0" sequenceCoverage="0" branchCoverage="0" maxCyclomaticComplexity="1" minCyclomaticComplexity="1" />
              <MetadataToken>100663503</MetadataToken>
              <Name>System.Collections.Generic.List`1&lt;SigStat.Common.Pipeline.PipelineInput&gt; SigStat.Common.Pipeline.SequentialTransformPipeline::get_PipelineInputs()</Name>
              <FileRef uid="62" />
              <SequencePoints>
                <SequencePoint vc="0" uspid="1230" ordinal="0" offset="0" sl="25" sc="69" el="25" ec="92" />
              </SequencePoints>
              <BranchPoints />
              <MethodPoint xsi:type="SequencePoint" vc="0" uspid="1230" ordinal="0" offset="0" sl="25" sc="69" el="25" ec="92" />
            </Method>
            <Method visited="false" cyclomaticComplexity="1" sequenceCoverage="0" branchCoverage="0" isConstructor="false" isStatic="false" isGetter="true" isSetter="false">
              <Summary numSequencePoints="1" visitedSequencePoints="0" numBranchPoints="1" visitedBranchPoints="0" sequenceCoverage="0" branchCoverage="0" maxCyclomaticComplexity="1" minCyclomaticComplexity="1" />
              <MetadataToken>100663504</MetadataToken>
              <Name>System.Collections.Generic.List`1&lt;SigStat.Common.Pipeline.PipelineOutput&gt; SigStat.Common.Pipeline.SequentialTransformPipeline::get_PipelineOutputs()</Name>
              <FileRef uid="62" />
              <SequencePoints>
                <SequencePoint vc="0" uspid="1231" ordinal="0" offset="0" sl="26" sc="71" el="26" ec="99" />
              </SequencePoints>
              <BranchPoints />
              <MethodPoint xsi:type="SequencePoint" vc="0" uspid="1231" ordinal="0" offset="0" sl="26" sc="71" el="26" ec="99" />
            </Method>
            <Method visited="false" cyclomaticComplexity="1" sequenceCoverage="0" branchCoverage="0" isConstructor="false" isStatic="false" isGetter="false" isSetter="false">
              <Summary numSequencePoints="1" visitedSequencePoints="0" numBranchPoints="1" visitedBranchPoints="0" sequenceCoverage="0" branchCoverage="0" maxCyclomaticComplexity="1" minCyclomaticComplexity="1" />
              <MetadataToken>100663505</MetadataToken>
              <Name>System.Collections.IEnumerator SigStat.Common.Pipeline.SequentialTransformPipeline::GetEnumerator()</Name>
              <FileRef uid="62" />
              <SequencePoints>
                <SequencePoint vc="0" uspid="1232" ordinal="0" offset="0" sl="31" sc="13" el="31" ec="42" />
              </SequencePoints>
              <BranchPoints />
              <MethodPoint xsi:type="SequencePoint" vc="0" uspid="1232" ordinal="0" offset="0" sl="31" sc="13" el="31" ec="42" />
            </Method>
            <Method visited="false" cyclomaticComplexity="1" sequenceCoverage="0" branchCoverage="0" isConstructor="false" isStatic="false" isGetter="false" isSetter="false">
              <Summary numSequencePoints="2" visitedSequencePoints="0" numBranchPoints="1" visitedBranchPoints="0" sequenceCoverage="0" branchCoverage="0" maxCyclomaticComplexity="1" minCyclomaticComplexity="1" />
              <MetadataToken>100663506</MetadataToken>
              <Name>System.Void SigStat.Common.Pipeline.SequentialTransformPipeline::Add(SigStat.Common.ITransformation)</Name>
              <FileRef uid="62" />
              <SequencePoints>
                <SequencePoint vc="0" uspid="1233" ordinal="0" offset="0" sl="40" sc="13" el="40" ec="32" />
                <SequencePoint vc="0" uspid="1234" ordinal="1" offset="12" sl="42" sc="9" el="42" ec="10" />
              </SequencePoints>
              <BranchPoints />
              <MethodPoint xsi:type="SequencePoint" vc="0" uspid="1233" ordinal="0" offset="0" sl="40" sc="13" el="40" ec="32" />
            </Method>
            <Method visited="false" cyclomaticComplexity="13" sequenceCoverage="0" branchCoverage="0" isConstructor="false" isStatic="false" isGetter="false" isSetter="false">
              <Summary numSequencePoints="23" visitedSequencePoints="0" numBranchPoints="23" visitedBranchPoints="0" sequenceCoverage="0" branchCoverage="0" maxCyclomaticComplexity="13" minCyclomaticComplexity="13" />
              <MetadataToken>100663507</MetadataToken>
              <Name>System.Void SigStat.Common.Pipeline.SequentialTransformPipeline::Transform(SigStat.Common.Signature)</Name>
              <FileRef uid="62" />
              <SequencePoints>
                <SequencePoint vc="0" uspid="1235" ordinal="0" offset="0" sl="52" sc="13" el="52" ec="51" />
                <SequencePoint vc="0" uspid="1236" ordinal="1" offset="21" sl="54" sc="17" el="54" ec="24" />
                <SequencePoint vc="0" uspid="1237" ordinal="2" offset="22" sl="57" sc="34" el="57" ec="39" />
                <SequencePoint vc="0" uspid="1238" ordinal="3" offset="36" sl="57" sc="22" el="57" ec="30" />
                <SequencePoint vc="0" uspid="1239" ordinal="4" offset="44" sl="59" sc="17" el="59" ec="43" />
                <SequencePoint vc="0" uspid="1240" ordinal="5" offset="52" sl="60" sc="21" el="60" ec="64" />
                <SequencePoint vc="0" uspid="1241" ordinal="6" offset="69" sl="57" sc="31" el="57" ec="33" />
                <SequencePoint vc="0" uspid="1242" ordinal="7" offset="94" sl="64" sc="13" el="64" ec="43" />
                <SequencePoint vc="0" uspid="1243" ordinal="8" offset="112" sl="66" sc="18" el="66" ec="27" />
                <SequencePoint vc="0" uspid="1244" ordinal="9" offset="125" sl="68" sc="17" el="68" ec="60" />
                <SequencePoint vc="0" uspid="1245" ordinal="10" offset="146" sl="69" sc="17" el="69" ec="54" />
                <SequencePoint vc="0" uspid="1246" ordinal="11" offset="184" sl="70" sc="22" el="70" ec="32" />
                <SequencePoint vc="0" uspid="1247" ordinal="12" offset="197" sl="72" sc="21" el="72" ec="145" />
                <SequencePoint vc="0" uspid="1248" ordinal="13" offset="291" sl="75" sc="25" el="75" ec="139" />
                <SequencePoint vc="0" uspid="1249" ordinal="14" offset="352" sl="77" sc="21" el="77" ec="47" />
                <SequencePoint vc="0" uspid="1250" ordinal="15" offset="386" sl="79" sc="25" el="79" ec="167" />
                <SequencePoint vc="0" uspid="1251" ordinal="16" offset="455" sl="80" sc="25" el="80" ec="187" />
                <SequencePoint vc="0" uspid="1252" ordinal="17" offset="548" sl="70" sc="53" el="70" ec="57" />
                <SequencePoint vc="0" uspid="1253" ordinal="18" offset="568" sl="70" sc="34" el="70" ec="51" />
                <SequencePoint vc="0" uspid="1254" ordinal="19" offset="597" sl="84" sc="17" el="84" ec="47" />
                <SequencePoint vc="0" uspid="1255" ordinal="20" offset="615" sl="66" sc="46" el="66" ec="49" />
                <SequencePoint vc="0" uspid="1256" ordinal="21" offset="619" sl="66" sc="29" el="66" ec="44" />
                <SequencePoint vc="0" uspid="1257" ordinal="22" offset="636" sl="86" sc="9" el="86" ec="10" />
              </SequencePoints>
              <BranchPoints>
                <BranchPoint vc="0" uspid="1258" ordinal="0" offset="6" path="0" />
                <BranchPoint vc="0" uspid="1259" ordinal="1" offset="6" path="1" />
                <BranchPoint vc="0" uspid="1260" ordinal="2" offset="19" path="0" />
                <BranchPoint vc="0" uspid="1261" ordinal="3" offset="19" path="1" />
                <BranchPoint vc="0" uspid="1262" ordinal="4" offset="50" path="0" />
                <BranchPoint vc="0" uspid="1263" ordinal="5" offset="50" path="1" />
                <BranchPoint vc="0" uspid="1264" ordinal="6" offset="76" path="0" />
                <BranchPoint vc="0" uspid="1265" ordinal="7" offset="76" path="1" />
                <BranchPoint vc="0" uspid="1266" ordinal="8" offset="227" path="0" />
                <BranchPoint vc="0" uspid="1267" ordinal="9" offset="227" path="1" />
                <BranchPoint vc="0" uspid="1268" ordinal="10" offset="258" path="0" />
                <BranchPoint vc="0" uspid="1269" ordinal="11" offset="258" path="1" />
                <BranchPoint vc="0" uspid="1270" ordinal="12" offset="289" path="0" />
                <BranchPoint vc="0" uspid="1271" ordinal="13" offset="289" path="1" />
                <BranchPoint vc="0" uspid="1272" ordinal="14" offset="336" path="0" />
                <BranchPoint vc="0" uspid="1273" ordinal="15" offset="336" path="1" />
                <BranchPoint vc="0" uspid="1274" ordinal="16" offset="381" path="0" />
                <BranchPoint vc="0" uspid="1275" ordinal="17" offset="381" path="1" />
                <BranchPoint vc="0" uspid="1276" ordinal="18" offset="592" path="0" />
                <BranchPoint vc="0" uspid="1277" ordinal="19" offset="592" path="1" />
                <BranchPoint vc="0" uspid="1278" ordinal="20" offset="631" path="0" />
                <BranchPoint vc="0" uspid="1279" ordinal="21" offset="631" path="1" />
              </BranchPoints>
              <MethodPoint xsi:type="SequencePoint" vc="0" uspid="1235" ordinal="0" offset="0" sl="52" sc="13" el="52" ec="51" />
            </Method>
            <Method visited="false" cyclomaticComplexity="1" sequenceCoverage="0" branchCoverage="0" isConstructor="true" isStatic="false" isGetter="false" isSetter="false">
              <Summary numSequencePoints="1" visitedSequencePoints="0" numBranchPoints="1" visitedBranchPoints="0" sequenceCoverage="0" branchCoverage="0" maxCyclomaticComplexity="1" minCyclomaticComplexity="1" />
              <MetadataToken>100663508</MetadataToken>
              <Name>System.Void SigStat.Common.Pipeline.SequentialTransformPipeline::.ctor()</Name>
              <FileRef uid="62" />
              <SequencePoints>
                <SequencePoint vc="0" uspid="1280" ordinal="0" offset="0" sl="24" sc="9" el="24" ec="74" />
              </SequencePoints>
              <BranchPoints />
              <MethodPoint xsi:type="SequencePoint" vc="0" uspid="1280" ordinal="0" offset="0" sl="24" sc="9" el="24" ec="74" />
            </Method>
          </Methods>
        </Class>
        <Class>
          <Summary numSequencePoints="0" visitedSequencePoints="0" numBranchPoints="0" visitedBranchPoints="0" sequenceCoverage="0" branchCoverage="0" maxCyclomaticComplexity="1" minCyclomaticComplexity="1" />
          <FullName>SigStat.Common.Pipeline.SequentialTransformPipeline/&lt;&gt;c__DisplayClass7_0</FullName>
          <Methods>
            <Method visited="false" cyclomaticComplexity="1" sequenceCoverage="0" branchCoverage="0" isConstructor="true" isStatic="false" isGetter="false" isSetter="false">
              <Summary numSequencePoints="0" visitedSequencePoints="0" numBranchPoints="0" visitedBranchPoints="0" sequenceCoverage="0" branchCoverage="0" maxCyclomaticComplexity="1" minCyclomaticComplexity="1" />
              <MetadataToken>100664237</MetadataToken>
              <Name>System.Void SigStat.Common.Pipeline.SequentialTransformPipeline/&lt;&gt;c__DisplayClass7_0::.ctor()</Name>
              <SequencePoints />
              <BranchPoints />
              <MethodPoint vc="0" uspid="1281" ordinal="0" offset="0" />
            </Method>
          </Methods>
        </Class>
        <Class>
          <Summary numSequencePoints="1" visitedSequencePoints="0" numBranchPoints="3" visitedBranchPoints="0" sequenceCoverage="0" branchCoverage="0" maxCyclomaticComplexity="2" minCyclomaticComplexity="1" />
          <FullName>SigStat.Common.Pipeline.SequentialTransformPipeline/&lt;&gt;c__DisplayClass7_1</FullName>
          <Methods>
            <Method visited="false" cyclomaticComplexity="1" sequenceCoverage="0" branchCoverage="0" isConstructor="true" isStatic="false" isGetter="false" isSetter="false">
              <Summary numSequencePoints="0" visitedSequencePoints="0" numBranchPoints="0" visitedBranchPoints="0" sequenceCoverage="0" branchCoverage="0" maxCyclomaticComplexity="1" minCyclomaticComplexity="1" />
              <MetadataToken>100664238</MetadataToken>
              <Name>System.Void SigStat.Common.Pipeline.SequentialTransformPipeline/&lt;&gt;c__DisplayClass7_1::.ctor()</Name>
              <SequencePoints />
              <BranchPoints />
              <MethodPoint vc="0" uspid="1282" ordinal="0" offset="0" />
            </Method>
            <Method visited="false" cyclomaticComplexity="2" sequenceCoverage="0" branchCoverage="0" isConstructor="false" isStatic="false" isGetter="false" isSetter="false">
              <Summary numSequencePoints="1" visitedSequencePoints="0" numBranchPoints="3" visitedBranchPoints="0" sequenceCoverage="0" branchCoverage="0" maxCyclomaticComplexity="2" minCyclomaticComplexity="2" />
              <MetadataToken>100664239</MetadataToken>
              <Name>System.Boolean SigStat.Common.Pipeline.SequentialTransformPipeline/&lt;&gt;c__DisplayClass7_1::&lt;Transform&gt;b__0(SigStat.Common.Pipeline.PipelineOutput)</Name>
              <FileRef uid="62" />
              <SequencePoints>
                <SequencePoint vc="0" uspid="1283" ordinal="0" offset="13" sl="75" sc="70" el="75" ec="133" />
              </SequencePoints>
              <BranchPoints>
                <BranchPoint vc="0" uspid="1285" ordinal="0" offset="56" path="0" />
                <BranchPoint vc="0" uspid="1286" ordinal="1" offset="56" path="1" />
              </BranchPoints>
              <MethodPoint vc="0" uspid="1284" ordinal="0" offset="0" />
            </Method>
          </Methods>
        </Class>
        <Class>
          <Summary numSequencePoints="1" visitedSequencePoints="0" numBranchPoints="1" visitedBranchPoints="0" sequenceCoverage="0" branchCoverage="0" maxCyclomaticComplexity="1" minCyclomaticComplexity="1" />
          <FullName>SigStat.Common.Pipeline.SequentialTransformPipeline/&lt;&gt;c__DisplayClass7_2</FullName>
          <Methods>
            <Method visited="false" cyclomaticComplexity="1" sequenceCoverage="0" branchCoverage="0" isConstructor="true" isStatic="false" isGetter="false" isSetter="false">
              <Summary numSequencePoints="0" visitedSequencePoints="0" numBranchPoints="0" visitedBranchPoints="0" sequenceCoverage="0" branchCoverage="0" maxCyclomaticComplexity="1" minCyclomaticComplexity="1" />
              <MetadataToken>100664240</MetadataToken>
              <Name>System.Void SigStat.Common.Pipeline.SequentialTransformPipeline/&lt;&gt;c__DisplayClass7_2::.ctor()</Name>
              <SequencePoints />
              <BranchPoints />
              <MethodPoint vc="0" uspid="1287" ordinal="0" offset="0" />
            </Method>
            <Method visited="false" cyclomaticComplexity="1" sequenceCoverage="0" branchCoverage="0" isConstructor="false" isStatic="false" isGetter="false" isSetter="false">
              <Summary numSequencePoints="1" visitedSequencePoints="0" numBranchPoints="1" visitedBranchPoints="0" sequenceCoverage="0" branchCoverage="0" maxCyclomaticComplexity="1" minCyclomaticComplexity="1" />
              <MetadataToken>100664241</MetadataToken>
              <Name>System.Boolean SigStat.Common.Pipeline.SequentialTransformPipeline/&lt;&gt;c__DisplayClass7_2::&lt;Transform&gt;b__1(SigStat.Common.Pipeline.PipelineInput)</Name>
              <FileRef uid="62" />
              <SequencePoints>
                <SequencePoint vc="0" uspid="1288" ordinal="0" offset="0" sl="75" sc="118" el="75" ec="132" />
              </SequencePoints>
              <BranchPoints />
              <MethodPoint xsi:type="SequencePoint" vc="0" uspid="1288" ordinal="0" offset="0" sl="75" sc="118" el="75" ec="132" />
            </Method>
          </Methods>
        </Class>
        <Class>
          <Summary numSequencePoints="37" visitedSequencePoints="0" numBranchPoints="18" visitedBranchPoints="0" sequenceCoverage="0" branchCoverage="0" maxCyclomaticComplexity="6" minCyclomaticComplexity="1" />
          <FullName>SigStat.Common.Transforms.ComponentSorter</FullName>
          <Methods>
            <Method visited="false" cyclomaticComplexity="1" sequenceCoverage="0" branchCoverage="0" isConstructor="false" isStatic="false" isGetter="true" isSetter="false">
              <Summary numSequencePoints="1" visitedSequencePoints="0" numBranchPoints="1" visitedBranchPoints="0" sequenceCoverage="0" branchCoverage="0" maxCyclomaticComplexity="1" minCyclomaticComplexity="1" />
              <MetadataToken>100663509</MetadataToken>
              <Name>SigStat.Common.FeatureDescriptor`1&lt;System.Collections.Generic.List`1&lt;System.Collections.Generic.List`1&lt;System.Drawing.PointF&gt;&gt;&gt; SigStat.Common.Transforms.ComponentSorter::get_Input()</Name>
              <FileRef uid="65" />
              <SequencePoints>
                <SequencePoint vc="0" uspid="1289" ordinal="0" offset="0" sl="20" sc="62" el="20" ec="66" />
              </SequencePoints>
              <BranchPoints />
              <MethodPoint xsi:type="SequencePoint" vc="0" uspid="1289" ordinal="0" offset="0" sl="20" sc="62" el="20" ec="66" />
            </Method>
            <Method visited="false" cyclomaticComplexity="1" sequenceCoverage="0" branchCoverage="0" isConstructor="false" isStatic="false" isGetter="false" isSetter="true">
              <Summary numSequencePoints="1" visitedSequencePoints="0" numBranchPoints="1" visitedBranchPoints="0" sequenceCoverage="0" branchCoverage="0" maxCyclomaticComplexity="1" minCyclomaticComplexity="1" />
              <MetadataToken>100663510</MetadataToken>
              <Name>System.Void SigStat.Common.Transforms.ComponentSorter::set_Input(SigStat.Common.FeatureDescriptor`1&lt;System.Collections.Generic.List`1&lt;System.Collections.Generic.List`1&lt;System.Drawing.PointF&gt;&gt;&gt;)</Name>
              <FileRef uid="65" />
              <SequencePoints>
                <SequencePoint vc="0" uspid="1290" ordinal="0" offset="0" sl="20" sc="67" el="20" ec="71" />
              </SequencePoints>
              <BranchPoints />
              <MethodPoint xsi:type="SequencePoint" vc="0" uspid="1290" ordinal="0" offset="0" sl="20" sc="67" el="20" ec="71" />
            </Method>
            <Method visited="false" cyclomaticComplexity="1" sequenceCoverage="0" branchCoverage="0" isConstructor="false" isStatic="false" isGetter="true" isSetter="false">
              <Summary numSequencePoints="1" visitedSequencePoints="0" numBranchPoints="1" visitedBranchPoints="0" sequenceCoverage="0" branchCoverage="0" maxCyclomaticComplexity="1" minCyclomaticComplexity="1" />
              <MetadataToken>100663511</MetadataToken>
              <Name>SigStat.Common.FeatureDescriptor`1&lt;System.Collections.Generic.List`1&lt;System.Collections.Generic.List`1&lt;System.Drawing.PointF&gt;&gt;&gt; SigStat.Common.Transforms.ComponentSorter::get_Output()</Name>
              <FileRef uid="65" />
              <SequencePoints>
                <SequencePoint vc="0" uspid="1291" ordinal="0" offset="0" sl="23" sc="63" el="23" ec="67" />
              </SequencePoints>
              <BranchPoints />
              <MethodPoint xsi:type="SequencePoint" vc="0" uspid="1291" ordinal="0" offset="0" sl="23" sc="63" el="23" ec="67" />
            </Method>
            <Method visited="false" cyclomaticComplexity="1" sequenceCoverage="0" branchCoverage="0" isConstructor="false" isStatic="false" isGetter="false" isSetter="true">
              <Summary numSequencePoints="1" visitedSequencePoints="0" numBranchPoints="1" visitedBranchPoints="0" sequenceCoverage="0" branchCoverage="0" maxCyclomaticComplexity="1" minCyclomaticComplexity="1" />
              <MetadataToken>100663512</MetadataToken>
              <Name>System.Void SigStat.Common.Transforms.ComponentSorter::set_Output(SigStat.Common.FeatureDescriptor`1&lt;System.Collections.Generic.List`1&lt;System.Collections.Generic.List`1&lt;System.Drawing.PointF&gt;&gt;&gt;)</Name>
              <FileRef uid="65" />
              <SequencePoints>
                <SequencePoint vc="0" uspid="1292" ordinal="0" offset="0" sl="23" sc="68" el="23" ec="72" />
              </SequencePoints>
              <BranchPoints />
              <MethodPoint xsi:type="SequencePoint" vc="0" uspid="1292" ordinal="0" offset="0" sl="23" sc="68" el="23" ec="72" />
            </Method>
            <Method visited="false" cyclomaticComplexity="6" sequenceCoverage="0" branchCoverage="0" isConstructor="false" isStatic="false" isGetter="false" isSetter="false">
              <Summary numSequencePoints="25" visitedSequencePoints="0" numBranchPoints="11" visitedBranchPoints="0" sequenceCoverage="0" branchCoverage="0" maxCyclomaticComplexity="6" minCyclomaticComplexity="6" />
              <MetadataToken>100663513</MetadataToken>
              <Name>System.Void SigStat.Common.Transforms.ComponentSorter::Transform(SigStat.Common.Signature)</Name>
              <FileRef uid="65" />
              <SequencePoints>
                <SequencePoint vc="0" uspid="1293" ordinal="0" offset="0" sl="28" sc="13" el="28" ec="58" />
                <SequencePoint vc="0" uspid="1294" ordinal="1" offset="13" sl="31" sc="48" el="31" ec="58" />
                <SequencePoint vc="0" uspid="1295" ordinal="2" offset="22" sl="31" sc="22" el="31" ec="44" />
                <SequencePoint vc="0" uspid="1296" ordinal="3" offset="31" sl="33" sc="17" el="33" ec="71" />
                <SequencePoint vc="0" uspid="1297" ordinal="4" offset="75" sl="35" sc="21" el="35" ec="41" />
                <SequencePoint vc="0" uspid="1298" ordinal="5" offset="82" sl="31" sc="45" el="31" ec="47" />
                <SequencePoint vc="0" uspid="1299" ordinal="6" offset="107" sl="40" sc="13" el="40" ec="66" />
                <SequencePoint vc="0" uspid="1300" ordinal="7" offset="113" sl="41" sc="13" el="41" ec="47" />
                <SequencePoint vc="0" uspid="1301" ordinal="8" offset="121" sl="42" sc="13" el="42" ec="30" />
                <SequencePoint vc="0" uspid="1302" ordinal="9" offset="128" sl="43" sc="13" el="43" ec="36" />
                <SequencePoint vc="0" uspid="1303" ordinal="10" offset="137" sl="46" sc="17" el="46" ec="62" />
                <SequencePoint vc="0" uspid="1304" ordinal="11" offset="148" sl="47" sc="17" el="47" ec="34" />
                <SequencePoint vc="0" uspid="1305" ordinal="12" offset="151" sl="48" sc="22" el="48" ec="31" />
                <SequencePoint vc="0" uspid="1306" ordinal="13" offset="156" sl="50" sc="21" el="50" ec="62" />
                <SequencePoint vc="0" uspid="1307" ordinal="14" offset="172" sl="51" sc="21" el="51" ec="41" />
                <SequencePoint vc="0" uspid="1308" ordinal="15" offset="178" sl="53" sc="25" el="53" ec="41" />
                <SequencePoint vc="0" uspid="1309" ordinal="16" offset="182" sl="54" sc="25" el="54" ec="38" />
                <SequencePoint vc="0" uspid="1310" ordinal="17" offset="186" sl="48" sc="55" el="48" ec="58" />
                <SequencePoint vc="0" uspid="1311" ordinal="18" offset="192" sl="48" sc="33" el="48" ec="53" />
                <SequencePoint vc="0" uspid="1312" ordinal="19" offset="202" sl="58" sc="17" el="58" ec="45" />
                <SequencePoint vc="0" uspid="1313" ordinal="20" offset="211" sl="59" sc="17" el="59" ec="34" />
                <SequencePoint vc="0" uspid="1314" ordinal="21" offset="218" sl="60" sc="17" el="60" ec="47" />
                <SequencePoint vc="0" uspid="1315" ordinal="22" offset="226" sl="44" sc="13" el="44" ec="41" />
                <SequencePoint vc="0" uspid="1316" ordinal="23" offset="235" sl="63" sc="13" el="63" ec="50" />
                <SequencePoint vc="0" uspid="1317" ordinal="24" offset="248" sl="65" sc="9" el="65" ec="10" />
              </SequencePoints>
              <BranchPoints>
                <BranchPoint vc="0" uspid="1318" ordinal="0" offset="73" path="0" />
                <BranchPoint vc="0" uspid="1319" ordinal="1" offset="73" path="1" />
                <BranchPoint vc="0" uspid="1320" ordinal="2" offset="89" path="0" />
                <BranchPoint vc="0" uspid="1321" ordinal="3" offset="89" path="1" />
                <BranchPoint vc="0" uspid="1322" ordinal="4" offset="176" path="0" />
                <BranchPoint vc="0" uspid="1323" ordinal="5" offset="176" path="1" />
                <BranchPoint vc="0" uspid="1324" ordinal="6" offset="200" path="0" />
                <BranchPoint vc="0" uspid="1325" ordinal="7" offset="200" path="1" />
                <BranchPoint vc="0" uspid="1326" ordinal="8" offset="233" path="0" />
                <BranchPoint vc="0" uspid="1327" ordinal="9" offset="233" path="1" />
              </BranchPoints>
              <MethodPoint xsi:type="SequencePoint" vc="0" uspid="1293" ordinal="0" offset="0" sl="28" sc="13" el="28" ec="58" />
            </Method>
            <Method visited="false" cyclomaticComplexity="2" sequenceCoverage="0" branchCoverage="0" isConstructor="false" isStatic="true" isGetter="false" isSetter="false">
              <Summary numSequencePoints="8" visitedSequencePoints="0" numBranchPoints="3" visitedBranchPoints="0" sequenceCoverage="0" branchCoverage="0" maxCyclomaticComplexity="2" minCyclomaticComplexity="2" />
              <MetadataToken>100663514</MetadataToken>
              <Name>System.Double SigStat.Common.Transforms.ComponentSorter::Distance(System.Collections.Generic.List`1&lt;System.Drawing.PointF&gt;,System.Collections.Generic.List`1&lt;System.Drawing.PointF&gt;)</Name>
              <FileRef uid="65" />
              <SequencePoints>
                <SequencePoint vc="0" uspid="1328" ordinal="0" offset="0" sl="73" sc="13" el="73" ec="48" />
                <SequencePoint vc="0" uspid="1329" ordinal="1" offset="25" sl="74" sc="13" el="74" ec="48" />
                <SequencePoint vc="0" uspid="1330" ordinal="2" offset="50" sl="75" sc="13" el="75" ec="35" />
                <SequencePoint vc="0" uspid="1331" ordinal="3" offset="68" sl="76" sc="13" el="76" ec="35" />
                <SequencePoint vc="0" uspid="1332" ordinal="4" offset="86" sl="79" sc="13" el="79" ec="25" />
                <SequencePoint vc="0" uspid="1333" ordinal="5" offset="90" sl="81" sc="17" el="81" ec="25" />
                <SequencePoint vc="0" uspid="1334" ordinal="6" offset="92" sl="82" sc="17" el="82" ec="38" />
                <SequencePoint vc="0" uspid="1335" ordinal="7" offset="106" sl="85" sc="13" el="85" ec="77" />
              </SequencePoints>
              <BranchPoints>
                <BranchPoint vc="0" uspid="1336" ordinal="0" offset="88" path="0" />
                <BranchPoint vc="0" uspid="1337" ordinal="1" offset="88" path="1" />
              </BranchPoints>
              <MethodPoint xsi:type="SequencePoint" vc="0" uspid="1328" ordinal="0" offset="0" sl="73" sc="13" el="73" ec="48" />
            </Method>
            <Method visited="false" cyclomaticComplexity="1" sequenceCoverage="0" branchCoverage="0" isConstructor="true" isStatic="false" isGetter="false" isSetter="false">
              <Summary numSequencePoints="0" visitedSequencePoints="0" numBranchPoints="0" visitedBranchPoints="0" sequenceCoverage="0" branchCoverage="0" maxCyclomaticComplexity="1" minCyclomaticComplexity="1" />
              <MetadataToken>100663515</MetadataToken>
              <Name>System.Void SigStat.Common.Transforms.ComponentSorter::.ctor()</Name>
              <SequencePoints />
              <BranchPoints />
              <MethodPoint vc="0" uspid="1338" ordinal="0" offset="0" />
            </Method>
          </Methods>
        </Class>
        <Class>
          <Summary numSequencePoints="16" visitedSequencePoints="0" numBranchPoints="9" visitedBranchPoints="0" sequenceCoverage="0" branchCoverage="0" maxCyclomaticComplexity="1" minCyclomaticComplexity="1" />
          <FullName>SigStat.Common.Transforms.CentroidTranslate</FullName>
          <Methods>
            <Method visited="false" cyclomaticComplexity="1" sequenceCoverage="0" branchCoverage="0" isConstructor="false" isStatic="false" isGetter="true" isSetter="false">
              <Summary numSequencePoints="1" visitedSequencePoints="0" numBranchPoints="1" visitedBranchPoints="0" sequenceCoverage="0" branchCoverage="0" maxCyclomaticComplexity="1" minCyclomaticComplexity="1" />
              <MetadataToken>100663516</MetadataToken>
              <Name>SigStat.Common.FeatureDescriptor`1&lt;System.Collections.Generic.List`1&lt;System.Double&gt;&gt; SigStat.Common.Transforms.CentroidTranslate::get_InputX()</Name>
              <FileRef uid="66" />
              <SequencePoints>
                <SequencePoint vc="0" uspid="1339" ordinal="0" offset="0" sl="25" sc="57" el="25" ec="61" />
              </SequencePoints>
              <BranchPoints />
              <MethodPoint xsi:type="SequencePoint" vc="0" uspid="1339" ordinal="0" offset="0" sl="25" sc="57" el="25" ec="61" />
            </Method>
            <Method visited="false" cyclomaticComplexity="1" sequenceCoverage="0" branchCoverage="0" isConstructor="false" isStatic="false" isGetter="false" isSetter="true">
              <Summary numSequencePoints="1" visitedSequencePoints="0" numBranchPoints="1" visitedBranchPoints="0" sequenceCoverage="0" branchCoverage="0" maxCyclomaticComplexity="1" minCyclomaticComplexity="1" />
              <MetadataToken>100663517</MetadataToken>
              <Name>System.Void SigStat.Common.Transforms.CentroidTranslate::set_InputX(SigStat.Common.FeatureDescriptor`1&lt;System.Collections.Generic.List`1&lt;System.Double&gt;&gt;)</Name>
              <FileRef uid="66" />
              <SequencePoints>
                <SequencePoint vc="0" uspid="1340" ordinal="0" offset="0" sl="25" sc="62" el="25" ec="66" />
              </SequencePoints>
              <BranchPoints />
              <MethodPoint xsi:type="SequencePoint" vc="0" uspid="1340" ordinal="0" offset="0" sl="25" sc="62" el="25" ec="66" />
            </Method>
            <Method visited="false" cyclomaticComplexity="1" sequenceCoverage="0" branchCoverage="0" isConstructor="false" isStatic="false" isGetter="true" isSetter="false">
              <Summary numSequencePoints="1" visitedSequencePoints="0" numBranchPoints="1" visitedBranchPoints="0" sequenceCoverage="0" branchCoverage="0" maxCyclomaticComplexity="1" minCyclomaticComplexity="1" />
              <MetadataToken>100663518</MetadataToken>
              <Name>SigStat.Common.FeatureDescriptor`1&lt;System.Collections.Generic.List`1&lt;System.Double&gt;&gt; SigStat.Common.Transforms.CentroidTranslate::get_InputY()</Name>
              <FileRef uid="66" />
              <SequencePoints>
                <SequencePoint vc="0" uspid="1341" ordinal="0" offset="0" sl="29" sc="57" el="29" ec="61" />
              </SequencePoints>
              <BranchPoints />
              <MethodPoint xsi:type="SequencePoint" vc="0" uspid="1341" ordinal="0" offset="0" sl="29" sc="57" el="29" ec="61" />
            </Method>
            <Method visited="false" cyclomaticComplexity="1" sequenceCoverage="0" branchCoverage="0" isConstructor="false" isStatic="false" isGetter="false" isSetter="true">
              <Summary numSequencePoints="1" visitedSequencePoints="0" numBranchPoints="1" visitedBranchPoints="0" sequenceCoverage="0" branchCoverage="0" maxCyclomaticComplexity="1" minCyclomaticComplexity="1" />
              <MetadataToken>100663519</MetadataToken>
              <Name>System.Void SigStat.Common.Transforms.CentroidTranslate::set_InputY(SigStat.Common.FeatureDescriptor`1&lt;System.Collections.Generic.List`1&lt;System.Double&gt;&gt;)</Name>
              <FileRef uid="66" />
              <SequencePoints>
                <SequencePoint vc="0" uspid="1342" ordinal="0" offset="0" sl="29" sc="62" el="29" ec="66" />
              </SequencePoints>
              <BranchPoints />
              <MethodPoint xsi:type="SequencePoint" vc="0" uspid="1342" ordinal="0" offset="0" sl="29" sc="62" el="29" ec="66" />
            </Method>
            <Method visited="false" cyclomaticComplexity="1" sequenceCoverage="0" branchCoverage="0" isConstructor="false" isStatic="false" isGetter="true" isSetter="false">
              <Summary numSequencePoints="1" visitedSequencePoints="0" numBranchPoints="1" visitedBranchPoints="0" sequenceCoverage="0" branchCoverage="0" maxCyclomaticComplexity="1" minCyclomaticComplexity="1" />
              <MetadataToken>100663520</MetadataToken>
              <Name>SigStat.Common.FeatureDescriptor`1&lt;System.Collections.Generic.List`1&lt;System.Double&gt;&gt; SigStat.Common.Transforms.CentroidTranslate::get_OutputX()</Name>
              <FileRef uid="66" />
              <SequencePoints>
                <SequencePoint vc="0" uspid="1343" ordinal="0" offset="0" sl="32" sc="58" el="32" ec="62" />
              </SequencePoints>
              <BranchPoints />
              <MethodPoint xsi:type="SequencePoint" vc="0" uspid="1343" ordinal="0" offset="0" sl="32" sc="58" el="32" ec="62" />
            </Method>
            <Method visited="false" cyclomaticComplexity="1" sequenceCoverage="0" branchCoverage="0" isConstructor="false" isStatic="false" isGetter="false" isSetter="true">
              <Summary numSequencePoints="1" visitedSequencePoints="0" numBranchPoints="1" visitedBranchPoints="0" sequenceCoverage="0" branchCoverage="0" maxCyclomaticComplexity="1" minCyclomaticComplexity="1" />
              <MetadataToken>100663521</MetadataToken>
              <Name>System.Void SigStat.Common.Transforms.CentroidTranslate::set_OutputX(SigStat.Common.FeatureDescriptor`1&lt;System.Collections.Generic.List`1&lt;System.Double&gt;&gt;)</Name>
              <FileRef uid="66" />
              <SequencePoints>
                <SequencePoint vc="0" uspid="1344" ordinal="0" offset="0" sl="32" sc="63" el="32" ec="67" />
              </SequencePoints>
              <BranchPoints />
              <MethodPoint xsi:type="SequencePoint" vc="0" uspid="1344" ordinal="0" offset="0" sl="32" sc="63" el="32" ec="67" />
            </Method>
            <Method visited="false" cyclomaticComplexity="1" sequenceCoverage="0" branchCoverage="0" isConstructor="false" isStatic="false" isGetter="true" isSetter="false">
              <Summary numSequencePoints="1" visitedSequencePoints="0" numBranchPoints="1" visitedBranchPoints="0" sequenceCoverage="0" branchCoverage="0" maxCyclomaticComplexity="1" minCyclomaticComplexity="1" />
              <MetadataToken>100663522</MetadataToken>
              <Name>SigStat.Common.FeatureDescriptor`1&lt;System.Collections.Generic.List`1&lt;System.Double&gt;&gt; SigStat.Common.Transforms.CentroidTranslate::get_OutputY()</Name>
              <FileRef uid="66" />
              <SequencePoints>
                <SequencePoint vc="0" uspid="1345" ordinal="0" offset="0" sl="35" sc="58" el="35" ec="62" />
              </SequencePoints>
              <BranchPoints />
              <MethodPoint xsi:type="SequencePoint" vc="0" uspid="1345" ordinal="0" offset="0" sl="35" sc="58" el="35" ec="62" />
            </Method>
            <Method visited="false" cyclomaticComplexity="1" sequenceCoverage="0" branchCoverage="0" isConstructor="false" isStatic="false" isGetter="false" isSetter="true">
              <Summary numSequencePoints="1" visitedSequencePoints="0" numBranchPoints="1" visitedBranchPoints="0" sequenceCoverage="0" branchCoverage="0" maxCyclomaticComplexity="1" minCyclomaticComplexity="1" />
              <MetadataToken>100663523</MetadataToken>
              <Name>System.Void SigStat.Common.Transforms.CentroidTranslate::set_OutputY(SigStat.Common.FeatureDescriptor`1&lt;System.Collections.Generic.List`1&lt;System.Double&gt;&gt;)</Name>
              <FileRef uid="66" />
              <SequencePoints>
                <SequencePoint vc="0" uspid="1346" ordinal="0" offset="0" sl="35" sc="63" el="35" ec="67" />
              </SequencePoints>
              <BranchPoints />
              <MethodPoint xsi:type="SequencePoint" vc="0" uspid="1346" ordinal="0" offset="0" sl="35" sc="63" el="35" ec="67" />
            </Method>
            <Method visited="false" cyclomaticComplexity="1" sequenceCoverage="0" branchCoverage="0" isConstructor="true" isStatic="false" isGetter="false" isSetter="false">
              <Summary numSequencePoints="8" visitedSequencePoints="0" numBranchPoints="1" visitedBranchPoints="0" sequenceCoverage="0" branchCoverage="0" maxCyclomaticComplexity="1" minCyclomaticComplexity="1" />
              <MetadataToken>100663524</MetadataToken>
              <Name>System.Void SigStat.Common.Transforms.CentroidTranslate::.ctor()</Name>
              <FileRef uid="66" />
              <SequencePoints>
                <SequencePoint vc="0" uspid="1347" ordinal="0" offset="0" sl="25" sc="71" el="25" ec="81" />
                <SequencePoint vc="0" uspid="1348" ordinal="1" offset="11" sl="29" sc="71" el="29" ec="81" />
                <SequencePoint vc="0" uspid="1349" ordinal="2" offset="22" sl="32" sc="72" el="32" ec="82" />
                <SequencePoint vc="0" uspid="1350" ordinal="3" offset="33" sl="35" sc="72" el="35" ec="82" />
                <SequencePoint vc="0" uspid="1351" ordinal="4" offset="44" sl="38" sc="9" el="38" ec="35" />
                <SequencePoint vc="0" uspid="1352" ordinal="5" offset="50" sl="40" sc="13" el="40" ec="69" />
                <SequencePoint vc="0" uspid="1353" ordinal="6" offset="61" sl="41" sc="13" el="46" ec="15" />
                <SequencePoint vc="0" uspid="1354" ordinal="7" offset="181" sl="47" sc="9" el="47" ec="10" />
              </SequencePoints>
              <BranchPoints />
              <MethodPoint xsi:type="SequencePoint" vc="0" uspid="1347" ordinal="0" offset="0" sl="25" sc="71" el="25" ec="81" />
            </Method>
          </Methods>
        </Class>
        <Class>
          <Summary numSequencePoints="10" visitedSequencePoints="0" numBranchPoints="5" visitedBranchPoints="0" sequenceCoverage="0" branchCoverage="0" maxCyclomaticComplexity="1" minCyclomaticComplexity="1" />
          <FullName>SigStat.Common.Transforms.TimeReset</FullName>
          <Methods>
            <Method visited="false" cyclomaticComplexity="1" sequenceCoverage="0" branchCoverage="0" isConstructor="false" isStatic="false" isGetter="true" isSetter="false">
              <Summary numSequencePoints="1" visitedSequencePoints="0" numBranchPoints="1" visitedBranchPoints="0" sequenceCoverage="0" branchCoverage="0" maxCyclomaticComplexity="1" minCyclomaticComplexity="1" />
              <MetadataToken>100663525</MetadataToken>
              <Name>SigStat.Common.FeatureDescriptor`1&lt;System.Collections.Generic.List`1&lt;System.Double&gt;&gt; SigStat.Common.Transforms.TimeReset::get_Input()</Name>
              <FileRef uid="67" />
              <SequencePoints>
                <SequencePoint vc="0" uspid="1355" ordinal="0" offset="0" sl="21" sc="49" el="21" ec="53" />
              </SequencePoints>
              <BranchPoints />
              <MethodPoint xsi:type="SequencePoint" vc="0" uspid="1355" ordinal="0" offset="0" sl="21" sc="49" el="21" ec="53" />
            </Method>
            <Method visited="false" cyclomaticComplexity="1" sequenceCoverage="0" branchCoverage="0" isConstructor="false" isStatic="false" isGetter="false" isSetter="true">
              <Summary numSequencePoints="1" visitedSequencePoints="0" numBranchPoints="1" visitedBranchPoints="0" sequenceCoverage="0" branchCoverage="0" maxCyclomaticComplexity="1" minCyclomaticComplexity="1" />
              <MetadataToken>100663526</MetadataToken>
              <Name>System.Void SigStat.Common.Transforms.TimeReset::set_Input(SigStat.Common.FeatureDescriptor`1&lt;System.Collections.Generic.List`1&lt;System.Double&gt;&gt;)</Name>
              <FileRef uid="67" />
              <SequencePoints>
                <SequencePoint vc="0" uspid="1356" ordinal="0" offset="0" sl="21" sc="54" el="21" ec="58" />
              </SequencePoints>
              <BranchPoints />
              <MethodPoint xsi:type="SequencePoint" vc="0" uspid="1356" ordinal="0" offset="0" sl="21" sc="54" el="21" ec="58" />
            </Method>
            <Method visited="false" cyclomaticComplexity="1" sequenceCoverage="0" branchCoverage="0" isConstructor="false" isStatic="false" isGetter="true" isSetter="false">
              <Summary numSequencePoints="1" visitedSequencePoints="0" numBranchPoints="1" visitedBranchPoints="0" sequenceCoverage="0" branchCoverage="0" maxCyclomaticComplexity="1" minCyclomaticComplexity="1" />
              <MetadataToken>100663527</MetadataToken>
              <Name>SigStat.Common.FeatureDescriptor`1&lt;System.Collections.Generic.List`1&lt;System.Double&gt;&gt; SigStat.Common.Transforms.TimeReset::get_Output()</Name>
              <FileRef uid="67" />
              <SequencePoints>
                <SequencePoint vc="0" uspid="1357" ordinal="0" offset="0" sl="24" sc="50" el="24" ec="54" />
              </SequencePoints>
              <BranchPoints />
              <MethodPoint xsi:type="SequencePoint" vc="0" uspid="1357" ordinal="0" offset="0" sl="24" sc="50" el="24" ec="54" />
            </Method>
            <Method visited="false" cyclomaticComplexity="1" sequenceCoverage="0" branchCoverage="0" isConstructor="false" isStatic="false" isGetter="false" isSetter="true">
              <Summary numSequencePoints="1" visitedSequencePoints="0" numBranchPoints="1" visitedBranchPoints="0" sequenceCoverage="0" branchCoverage="0" maxCyclomaticComplexity="1" minCyclomaticComplexity="1" />
              <MetadataToken>100663528</MetadataToken>
              <Name>System.Void SigStat.Common.Transforms.TimeReset::set_Output(SigStat.Common.FeatureDescriptor`1&lt;System.Collections.Generic.List`1&lt;System.Double&gt;&gt;)</Name>
              <FileRef uid="67" />
              <SequencePoints>
                <SequencePoint vc="0" uspid="1358" ordinal="0" offset="0" sl="24" sc="55" el="24" ec="59" />
              </SequencePoints>
              <BranchPoints />
              <MethodPoint xsi:type="SequencePoint" vc="0" uspid="1358" ordinal="0" offset="0" sl="24" sc="55" el="24" ec="59" />
            </Method>
            <Method visited="false" cyclomaticComplexity="1" sequenceCoverage="0" branchCoverage="0" isConstructor="true" isStatic="false" isGetter="false" isSetter="false">
              <Summary numSequencePoints="6" visitedSequencePoints="0" numBranchPoints="1" visitedBranchPoints="0" sequenceCoverage="0" branchCoverage="0" maxCyclomaticComplexity="1" minCyclomaticComplexity="1" />
              <MetadataToken>100663529</MetadataToken>
              <Name>System.Void SigStat.Common.Transforms.TimeReset::.ctor()</Name>
              <FileRef uid="67" />
              <SequencePoints>
                <SequencePoint vc="0" uspid="1359" ordinal="0" offset="0" sl="21" sc="63" el="21" ec="73" />
                <SequencePoint vc="0" uspid="1360" ordinal="1" offset="11" sl="24" sc="64" el="24" ec="74" />
                <SequencePoint vc="0" uspid="1361" ordinal="2" offset="22" sl="27" sc="9" el="27" ec="27" />
                <SequencePoint vc="0" uspid="1362" ordinal="3" offset="28" sl="29" sc="13" el="29" ec="72" />
                <SequencePoint vc="0" uspid="1363" ordinal="4" offset="39" sl="30" sc="13" el="35" ec="15" />
                <SequencePoint vc="0" uspid="1364" ordinal="5" offset="117" sl="36" sc="9" el="36" ec="10" />
              </SequencePoints>
              <BranchPoints />
              <MethodPoint xsi:type="SequencePoint" vc="0" uspid="1359" ordinal="0" offset="0" sl="21" sc="63" el="21" ec="73" />
            </Method>
          </Methods>
        </Class>
        <Class>
          <Summary numSequencePoints="24" visitedSequencePoints="0" numBranchPoints="10" visitedBranchPoints="0" sequenceCoverage="0" branchCoverage="0" maxCyclomaticComplexity="1" minCyclomaticComplexity="1" />
          <FullName>SigStat.Common.Transforms.Translate</FullName>
          <Methods>
            <Method visited="false" cyclomaticComplexity="1" sequenceCoverage="0" branchCoverage="0" isConstructor="false" isStatic="false" isGetter="true" isSetter="false">
              <Summary numSequencePoints="1" visitedSequencePoints="0" numBranchPoints="1" visitedBranchPoints="0" sequenceCoverage="0" branchCoverage="0" maxCyclomaticComplexity="1" minCyclomaticComplexity="1" />
              <MetadataToken>100663530</MetadataToken>
              <Name>SigStat.Common.FeatureDescriptor`1&lt;System.Collections.Generic.List`1&lt;System.Double&gt;&gt; SigStat.Common.Transforms.Translate::get_InputX()</Name>
              <FileRef uid="68" />
              <SequencePoints>
                <SequencePoint vc="0" uspid="1365" ordinal="0" offset="0" sl="22" sc="57" el="22" ec="61" />
              </SequencePoints>
              <BranchPoints />
              <MethodPoint xsi:type="SequencePoint" vc="0" uspid="1365" ordinal="0" offset="0" sl="22" sc="57" el="22" ec="61" />
            </Method>
            <Method visited="false" cyclomaticComplexity="1" sequenceCoverage="0" branchCoverage="0" isConstructor="false" isStatic="false" isGetter="false" isSetter="true">
              <Summary numSequencePoints="1" visitedSequencePoints="0" numBranchPoints="1" visitedBranchPoints="0" sequenceCoverage="0" branchCoverage="0" maxCyclomaticComplexity="1" minCyclomaticComplexity="1" />
              <MetadataToken>100663531</MetadataToken>
              <Name>System.Void SigStat.Common.Transforms.Translate::set_InputX(SigStat.Common.FeatureDescriptor`1&lt;System.Collections.Generic.List`1&lt;System.Double&gt;&gt;)</Name>
              <FileRef uid="68" />
              <SequencePoints>
                <SequencePoint vc="0" uspid="1366" ordinal="0" offset="0" sl="22" sc="62" el="22" ec="66" />
              </SequencePoints>
              <BranchPoints />
              <MethodPoint xsi:type="SequencePoint" vc="0" uspid="1366" ordinal="0" offset="0" sl="22" sc="62" el="22" ec="66" />
            </Method>
            <Method visited="false" cyclomaticComplexity="1" sequenceCoverage="0" branchCoverage="0" isConstructor="false" isStatic="false" isGetter="true" isSetter="false">
              <Summary numSequencePoints="1" visitedSequencePoints="0" numBranchPoints="1" visitedBranchPoints="0" sequenceCoverage="0" branchCoverage="0" maxCyclomaticComplexity="1" minCyclomaticComplexity="1" />
              <MetadataToken>100663532</MetadataToken>
              <Name>SigStat.Common.FeatureDescriptor`1&lt;System.Collections.Generic.List`1&lt;System.Double&gt;&gt; SigStat.Common.Transforms.Translate::get_InputY()</Name>
              <FileRef uid="68" />
              <SequencePoints>
                <SequencePoint vc="0" uspid="1367" ordinal="0" offset="0" sl="26" sc="57" el="26" ec="61" />
              </SequencePoints>
              <BranchPoints />
              <MethodPoint xsi:type="SequencePoint" vc="0" uspid="1367" ordinal="0" offset="0" sl="26" sc="57" el="26" ec="61" />
            </Method>
            <Method visited="false" cyclomaticComplexity="1" sequenceCoverage="0" branchCoverage="0" isConstructor="false" isStatic="false" isGetter="false" isSetter="true">
              <Summary numSequencePoints="1" visitedSequencePoints="0" numBranchPoints="1" visitedBranchPoints="0" sequenceCoverage="0" branchCoverage="0" maxCyclomaticComplexity="1" minCyclomaticComplexity="1" />
              <MetadataToken>100663533</MetadataToken>
              <Name>System.Void SigStat.Common.Transforms.Translate::set_InputY(SigStat.Common.FeatureDescriptor`1&lt;System.Collections.Generic.List`1&lt;System.Double&gt;&gt;)</Name>
              <FileRef uid="68" />
              <SequencePoints>
                <SequencePoint vc="0" uspid="1368" ordinal="0" offset="0" sl="26" sc="62" el="26" ec="66" />
              </SequencePoints>
              <BranchPoints />
              <MethodPoint xsi:type="SequencePoint" vc="0" uspid="1368" ordinal="0" offset="0" sl="26" sc="62" el="26" ec="66" />
            </Method>
            <Method visited="false" cyclomaticComplexity="1" sequenceCoverage="0" branchCoverage="0" isConstructor="false" isStatic="false" isGetter="true" isSetter="false">
              <Summary numSequencePoints="1" visitedSequencePoints="0" numBranchPoints="1" visitedBranchPoints="0" sequenceCoverage="0" branchCoverage="0" maxCyclomaticComplexity="1" minCyclomaticComplexity="1" />
              <MetadataToken>100663534</MetadataToken>
              <Name>SigStat.Common.FeatureDescriptor`1&lt;System.Collections.Generic.List`1&lt;System.Double&gt;&gt; SigStat.Common.Transforms.Translate::get_OutputX()</Name>
              <FileRef uid="68" />
              <SequencePoints>
                <SequencePoint vc="0" uspid="1369" ordinal="0" offset="0" sl="29" sc="58" el="29" ec="62" />
              </SequencePoints>
              <BranchPoints />
              <MethodPoint xsi:type="SequencePoint" vc="0" uspid="1369" ordinal="0" offset="0" sl="29" sc="58" el="29" ec="62" />
            </Method>
            <Method visited="false" cyclomaticComplexity="1" sequenceCoverage="0" branchCoverage="0" isConstructor="false" isStatic="false" isGetter="false" isSetter="true">
              <Summary numSequencePoints="1" visitedSequencePoints="0" numBranchPoints="1" visitedBranchPoints="0" sequenceCoverage="0" branchCoverage="0" maxCyclomaticComplexity="1" minCyclomaticComplexity="1" />
              <MetadataToken>100663535</MetadataToken>
              <Name>System.Void SigStat.Common.Transforms.Translate::set_OutputX(SigStat.Common.FeatureDescriptor`1&lt;System.Collections.Generic.List`1&lt;System.Double&gt;&gt;)</Name>
              <FileRef uid="68" />
              <SequencePoints>
                <SequencePoint vc="0" uspid="1370" ordinal="0" offset="0" sl="29" sc="63" el="29" ec="67" />
              </SequencePoints>
              <BranchPoints />
              <MethodPoint xsi:type="SequencePoint" vc="0" uspid="1370" ordinal="0" offset="0" sl="29" sc="63" el="29" ec="67" />
            </Method>
            <Method visited="false" cyclomaticComplexity="1" sequenceCoverage="0" branchCoverage="0" isConstructor="false" isStatic="false" isGetter="true" isSetter="false">
              <Summary numSequencePoints="1" visitedSequencePoints="0" numBranchPoints="1" visitedBranchPoints="0" sequenceCoverage="0" branchCoverage="0" maxCyclomaticComplexity="1" minCyclomaticComplexity="1" />
              <MetadataToken>100663536</MetadataToken>
              <Name>SigStat.Common.FeatureDescriptor`1&lt;System.Collections.Generic.List`1&lt;System.Double&gt;&gt; SigStat.Common.Transforms.Translate::get_OutputY()</Name>
              <FileRef uid="68" />
              <SequencePoints>
                <SequencePoint vc="0" uspid="1371" ordinal="0" offset="0" sl="32" sc="58" el="32" ec="62" />
              </SequencePoints>
              <BranchPoints />
              <MethodPoint xsi:type="SequencePoint" vc="0" uspid="1371" ordinal="0" offset="0" sl="32" sc="58" el="32" ec="62" />
            </Method>
            <Method visited="false" cyclomaticComplexity="1" sequenceCoverage="0" branchCoverage="0" isConstructor="false" isStatic="false" isGetter="false" isSetter="true">
              <Summary numSequencePoints="1" visitedSequencePoints="0" numBranchPoints="1" visitedBranchPoints="0" sequenceCoverage="0" branchCoverage="0" maxCyclomaticComplexity="1" minCyclomaticComplexity="1" />
              <MetadataToken>100663537</MetadataToken>
              <Name>System.Void SigStat.Common.Transforms.Translate::set_OutputY(SigStat.Common.FeatureDescriptor`1&lt;System.Collections.Generic.List`1&lt;System.Double&gt;&gt;)</Name>
              <FileRef uid="68" />
              <SequencePoints>
                <SequencePoint vc="0" uspid="1372" ordinal="0" offset="0" sl="32" sc="63" el="32" ec="67" />
              </SequencePoints>
              <BranchPoints />
              <MethodPoint xsi:type="SequencePoint" vc="0" uspid="1372" ordinal="0" offset="0" sl="32" sc="63" el="32" ec="67" />
            </Method>
            <Method visited="false" cyclomaticComplexity="1" sequenceCoverage="0" branchCoverage="0" isConstructor="true" isStatic="false" isGetter="false" isSetter="false">
              <Summary numSequencePoints="9" visitedSequencePoints="0" numBranchPoints="1" visitedBranchPoints="0" sequenceCoverage="0" branchCoverage="0" maxCyclomaticComplexity="1" minCyclomaticComplexity="1" />
              <MetadataToken>100663538</MetadataToken>
              <Name>System.Void SigStat.Common.Transforms.Translate::.ctor(System.Double,System.Double)</Name>
              <FileRef uid="68" />
              <SequencePoints>
                <SequencePoint vc="0" uspid="1373" ordinal="0" offset="0" sl="22" sc="71" el="22" ec="81" />
                <SequencePoint vc="0" uspid="1374" ordinal="1" offset="11" sl="26" sc="71" el="26" ec="81" />
                <SequencePoint vc="0" uspid="1375" ordinal="2" offset="22" sl="29" sc="72" el="29" ec="82" />
                <SequencePoint vc="0" uspid="1376" ordinal="3" offset="33" sl="32" sc="72" el="32" ec="82" />
                <SequencePoint vc="0" uspid="1377" ordinal="4" offset="44" sl="37" sc="9" el="37" ec="51" />
                <SequencePoint vc="0" uspid="1378" ordinal="5" offset="50" sl="39" sc="13" el="39" ec="30" />
                <SequencePoint vc="0" uspid="1379" ordinal="6" offset="62" sl="40" sc="13" el="40" ec="30" />
                <SequencePoint vc="0" uspid="1380" ordinal="7" offset="74" sl="41" sc="13" el="45" ec="15" />
                <SequencePoint vc="0" uspid="1381" ordinal="8" offset="133" sl="47" sc="9" el="47" ec="10" />
              </SequencePoints>
              <BranchPoints />
              <MethodPoint xsi:type="SequencePoint" vc="0" uspid="1373" ordinal="0" offset="0" sl="22" sc="71" el="22" ec="81" />
            </Method>
            <Method visited="false" cyclomaticComplexity="1" sequenceCoverage="0" branchCoverage="0" isConstructor="true" isStatic="false" isGetter="false" isSetter="false">
              <Summary numSequencePoints="7" visitedSequencePoints="0" numBranchPoints="1" visitedBranchPoints="0" sequenceCoverage="0" branchCoverage="0" maxCyclomaticComplexity="1" minCyclomaticComplexity="1" />
              <MetadataToken>100663539</MetadataToken>
              <Name>System.Void SigStat.Common.Transforms.Translate::.ctor(SigStat.Common.FeatureDescriptor`1&lt;System.Collections.Generic.List`1&lt;System.Double&gt;&gt;)</Name>
              <FileRef uid="68" />
              <SequencePoints>
                <SequencePoint vc="0" uspid="1382" ordinal="0" offset="0" sl="22" sc="71" el="22" ec="81" />
                <SequencePoint vc="0" uspid="1383" ordinal="1" offset="11" sl="26" sc="71" el="26" ec="81" />
                <SequencePoint vc="0" uspid="1384" ordinal="2" offset="22" sl="29" sc="72" el="29" ec="82" />
                <SequencePoint vc="0" uspid="1385" ordinal="3" offset="33" sl="32" sc="72" el="32" ec="82" />
                <SequencePoint vc="0" uspid="1386" ordinal="4" offset="44" sl="50" sc="9" el="50" ec="72" />
                <SequencePoint vc="0" uspid="1387" ordinal="5" offset="50" sl="52" sc="13" el="55" ec="15" />
                <SequencePoint vc="0" uspid="1388" ordinal="6" offset="105" sl="57" sc="9" el="57" ec="10" />
              </SequencePoints>
              <BranchPoints />
              <MethodPoint xsi:type="SequencePoint" vc="0" uspid="1382" ordinal="0" offset="0" sl="22" sc="71" el="22" ec="81" />
            </Method>
          </Methods>
        </Class>
        <Class>
          <Summary numSequencePoints="19" visitedSequencePoints="0" numBranchPoints="10" visitedBranchPoints="0" sequenceCoverage="0" branchCoverage="0" maxCyclomaticComplexity="2" minCyclomaticComplexity="1" />
          <FullName>SigStat.Common.Transforms.ApproximateOnlineFeatures</FullName>
          <Methods>
            <Method visited="false" cyclomaticComplexity="1" sequenceCoverage="0" branchCoverage="0" isConstructor="false" isStatic="false" isGetter="true" isSetter="false">
              <Summary numSequencePoints="1" visitedSequencePoints="0" numBranchPoints="1" visitedBranchPoints="0" sequenceCoverage="0" branchCoverage="0" maxCyclomaticComplexity="1" minCyclomaticComplexity="1" />
              <MetadataToken>100663540</MetadataToken>
              <Name>SigStat.Common.FeatureDescriptor`1&lt;System.Collections.Generic.List`1&lt;System.Double&gt;&gt; SigStat.Common.Transforms.ApproximateOnlineFeatures::get_OutputPressure()</Name>
              <FileRef uid="69" />
              <SequencePoints>
                <SequencePoint vc="0" uspid="1389" ordinal="0" offset="0" sl="19" sc="58" el="19" ec="62" />
              </SequencePoints>
              <BranchPoints />
              <MethodPoint xsi:type="SequencePoint" vc="0" uspid="1389" ordinal="0" offset="0" sl="19" sc="58" el="19" ec="62" />
            </Method>
            <Method visited="false" cyclomaticComplexity="1" sequenceCoverage="0" branchCoverage="0" isConstructor="false" isStatic="false" isGetter="false" isSetter="true">
              <Summary numSequencePoints="1" visitedSequencePoints="0" numBranchPoints="1" visitedBranchPoints="0" sequenceCoverage="0" branchCoverage="0" maxCyclomaticComplexity="1" minCyclomaticComplexity="1" />
              <MetadataToken>100663541</MetadataToken>
              <Name>System.Void SigStat.Common.Transforms.ApproximateOnlineFeatures::set_OutputPressure(SigStat.Common.FeatureDescriptor`1&lt;System.Collections.Generic.List`1&lt;System.Double&gt;&gt;)</Name>
              <FileRef uid="69" />
              <SequencePoints>
                <SequencePoint vc="0" uspid="1390" ordinal="0" offset="0" sl="19" sc="63" el="19" ec="67" />
              </SequencePoints>
              <BranchPoints />
              <MethodPoint xsi:type="SequencePoint" vc="0" uspid="1390" ordinal="0" offset="0" sl="19" sc="63" el="19" ec="67" />
            </Method>
            <Method visited="false" cyclomaticComplexity="1" sequenceCoverage="0" branchCoverage="0" isConstructor="false" isStatic="false" isGetter="true" isSetter="false">
              <Summary numSequencePoints="1" visitedSequencePoints="0" numBranchPoints="1" visitedBranchPoints="0" sequenceCoverage="0" branchCoverage="0" maxCyclomaticComplexity="1" minCyclomaticComplexity="1" />
              <MetadataToken>100663542</MetadataToken>
              <Name>SigStat.Common.FeatureDescriptor`1&lt;System.Collections.Generic.List`1&lt;System.Double&gt;&gt; SigStat.Common.Transforms.ApproximateOnlineFeatures::get_OutputAltitude()</Name>
              <FileRef uid="69" />
              <SequencePoints>
                <SequencePoint vc="0" uspid="1391" ordinal="0" offset="0" sl="22" sc="58" el="22" ec="62" />
              </SequencePoints>
              <BranchPoints />
              <MethodPoint xsi:type="SequencePoint" vc="0" uspid="1391" ordinal="0" offset="0" sl="22" sc="58" el="22" ec="62" />
            </Method>
            <Method visited="false" cyclomaticComplexity="1" sequenceCoverage="0" branchCoverage="0" isConstructor="false" isStatic="false" isGetter="false" isSetter="true">
              <Summary numSequencePoints="1" visitedSequencePoints="0" numBranchPoints="1" visitedBranchPoints="0" sequenceCoverage="0" branchCoverage="0" maxCyclomaticComplexity="1" minCyclomaticComplexity="1" />
              <MetadataToken>100663543</MetadataToken>
              <Name>System.Void SigStat.Common.Transforms.ApproximateOnlineFeatures::set_OutputAltitude(SigStat.Common.FeatureDescriptor`1&lt;System.Collections.Generic.List`1&lt;System.Double&gt;&gt;)</Name>
              <FileRef uid="69" />
              <SequencePoints>
                <SequencePoint vc="0" uspid="1392" ordinal="0" offset="0" sl="22" sc="63" el="22" ec="67" />
              </SequencePoints>
              <BranchPoints />
              <MethodPoint xsi:type="SequencePoint" vc="0" uspid="1392" ordinal="0" offset="0" sl="22" sc="63" el="22" ec="67" />
            </Method>
            <Method visited="false" cyclomaticComplexity="1" sequenceCoverage="0" branchCoverage="0" isConstructor="false" isStatic="false" isGetter="true" isSetter="false">
              <Summary numSequencePoints="1" visitedSequencePoints="0" numBranchPoints="1" visitedBranchPoints="0" sequenceCoverage="0" branchCoverage="0" maxCyclomaticComplexity="1" minCyclomaticComplexity="1" />
              <MetadataToken>100663544</MetadataToken>
              <Name>SigStat.Common.FeatureDescriptor`1&lt;System.Collections.Generic.List`1&lt;System.Double&gt;&gt; SigStat.Common.Transforms.ApproximateOnlineFeatures::get_OutputAzimuth()</Name>
              <FileRef uid="69" />
              <SequencePoints>
                <SequencePoint vc="0" uspid="1393" ordinal="0" offset="0" sl="25" sc="57" el="25" ec="61" />
              </SequencePoints>
              <BranchPoints />
              <MethodPoint xsi:type="SequencePoint" vc="0" uspid="1393" ordinal="0" offset="0" sl="25" sc="57" el="25" ec="61" />
            </Method>
            <Method visited="false" cyclomaticComplexity="1" sequenceCoverage="0" branchCoverage="0" isConstructor="false" isStatic="false" isGetter="false" isSetter="true">
              <Summary numSequencePoints="1" visitedSequencePoints="0" numBranchPoints="1" visitedBranchPoints="0" sequenceCoverage="0" branchCoverage="0" maxCyclomaticComplexity="1" minCyclomaticComplexity="1" />
              <MetadataToken>100663545</MetadataToken>
              <Name>System.Void SigStat.Common.Transforms.ApproximateOnlineFeatures::set_OutputAzimuth(SigStat.Common.FeatureDescriptor`1&lt;System.Collections.Generic.List`1&lt;System.Double&gt;&gt;)</Name>
              <FileRef uid="69" />
              <SequencePoints>
                <SequencePoint vc="0" uspid="1394" ordinal="0" offset="0" sl="25" sc="62" el="25" ec="66" />
              </SequencePoints>
              <BranchPoints />
              <MethodPoint xsi:type="SequencePoint" vc="0" uspid="1394" ordinal="0" offset="0" sl="25" sc="62" el="25" ec="66" />
            </Method>
            <Method visited="false" cyclomaticComplexity="2" sequenceCoverage="0" branchCoverage="0" isConstructor="false" isStatic="false" isGetter="false" isSetter="false">
              <Summary numSequencePoints="10" visitedSequencePoints="0" numBranchPoints="3" visitedBranchPoints="0" sequenceCoverage="0" branchCoverage="0" maxCyclomaticComplexity="2" minCyclomaticComplexity="2" />
              <MetadataToken>100663546</MetadataToken>
              <Name>System.Void SigStat.Common.Transforms.ApproximateOnlineFeatures::Transform(SigStat.Common.Signature)</Name>
              <FileRef uid="69" />
              <SequencePoints>
                <SequencePoint vc="0" uspid="1395" ordinal="0" offset="0" sl="30" sc="13" el="30" ec="62" />
                <SequencePoint vc="0" uspid="1396" ordinal="1" offset="17" sl="31" sc="13" el="31" ec="61" />
                <SequencePoint vc="0" uspid="1397" ordinal="2" offset="23" sl="32" sc="18" el="32" ec="27" />
                <SequencePoint vc="0" uspid="1398" ordinal="3" offset="27" sl="34" sc="17" el="34" ec="40" />
                <SequencePoint vc="0" uspid="1399" ordinal="4" offset="42" sl="32" sc="38" el="32" ec="41" />
                <SequencePoint vc="0" uspid="1400" ordinal="5" offset="46" sl="32" sc="29" el="32" ec="36" />
                <SequencePoint vc="0" uspid="1401" ordinal="6" offset="50" sl="36" sc="13" el="36" ec="65" />
                <SequencePoint vc="0" uspid="1402" ordinal="7" offset="63" sl="37" sc="13" el="37" ec="65" />
                <SequencePoint vc="0" uspid="1403" ordinal="8" offset="76" sl="38" sc="13" el="38" ec="64" />
                <SequencePoint vc="0" uspid="1404" ordinal="9" offset="89" sl="42" sc="9" el="42" ec="10" />
              </SequencePoints>
              <BranchPoints>
                <BranchPoint vc="0" uspid="1405" ordinal="0" offset="48" path="0" />
                <BranchPoint vc="0" uspid="1406" ordinal="1" offset="48" path="1" />
              </BranchPoints>
              <MethodPoint xsi:type="SequencePoint" vc="0" uspid="1395" ordinal="0" offset="0" sl="30" sc="13" el="30" ec="62" />
            </Method>
            <Method visited="false" cyclomaticComplexity="1" sequenceCoverage="0" branchCoverage="0" isConstructor="true" isStatic="false" isGetter="false" isSetter="false">
              <Summary numSequencePoints="3" visitedSequencePoints="0" numBranchPoints="1" visitedBranchPoints="0" sequenceCoverage="0" branchCoverage="0" maxCyclomaticComplexity="1" minCyclomaticComplexity="1" />
              <MetadataToken>100663547</MetadataToken>
              <Name>System.Void SigStat.Common.Transforms.ApproximateOnlineFeatures::.ctor()</Name>
              <FileRef uid="69" />
              <SequencePoints>
                <SequencePoint vc="0" uspid="1407" ordinal="0" offset="0" sl="19" sc="72" el="19" ec="89" />
                <SequencePoint vc="0" uspid="1408" ordinal="1" offset="11" sl="22" sc="72" el="22" ec="89" />
                <SequencePoint vc="0" uspid="1409" ordinal="2" offset="22" sl="25" sc="71" el="25" ec="87" />
              </SequencePoints>
              <BranchPoints />
              <MethodPoint xsi:type="SequencePoint" vc="0" uspid="1407" ordinal="0" offset="0" sl="19" sc="72" el="19" ec="89" />
            </Method>
          </Methods>
        </Class>
        <Class>
          <Summary numSequencePoints="16" visitedSequencePoints="0" numBranchPoints="8" visitedBranchPoints="0" sequenceCoverage="0" branchCoverage="0" maxCyclomaticComplexity="2" minCyclomaticComplexity="1" />
          <FullName>SigStat.Common.Transforms.CentroidExtraction</FullName>
          <Methods>
            <Method visited="false" cyclomaticComplexity="1" sequenceCoverage="0" branchCoverage="0" isConstructor="false" isStatic="false" isGetter="true" isSetter="false">
              <Summary numSequencePoints="1" visitedSequencePoints="0" numBranchPoints="1" visitedBranchPoints="0" sequenceCoverage="0" branchCoverage="0" maxCyclomaticComplexity="1" minCyclomaticComplexity="1" />
              <MetadataToken>100663548</MetadataToken>
              <Name>System.Collections.Generic.List`1&lt;SigStat.Common.FeatureDescriptor`1&lt;System.Collections.Generic.List`1&lt;System.Double&gt;&gt;&gt; SigStat.Common.Transforms.CentroidExtraction::get_Inputs()</Name>
              <FileRef uid="70" />
              <SequencePoints>
                <SequencePoint vc="0" uspid="1410" ordinal="0" offset="0" sl="22" sc="63" el="22" ec="67" />
              </SequencePoints>
              <BranchPoints />
              <MethodPoint xsi:type="SequencePoint" vc="0" uspid="1410" ordinal="0" offset="0" sl="22" sc="63" el="22" ec="67" />
            </Method>
            <Method visited="false" cyclomaticComplexity="1" sequenceCoverage="0" branchCoverage="0" isConstructor="false" isStatic="false" isGetter="false" isSetter="true">
              <Summary numSequencePoints="1" visitedSequencePoints="0" numBranchPoints="1" visitedBranchPoints="0" sequenceCoverage="0" branchCoverage="0" maxCyclomaticComplexity="1" minCyclomaticComplexity="1" />
              <MetadataToken>100663549</MetadataToken>
              <Name>System.Void SigStat.Common.Transforms.CentroidExtraction::set_Inputs(System.Collections.Generic.List`1&lt;SigStat.Common.FeatureDescriptor`1&lt;System.Collections.Generic.List`1&lt;System.Double&gt;&gt;&gt;)</Name>
              <FileRef uid="70" />
              <SequencePoints>
                <SequencePoint vc="0" uspid="1411" ordinal="0" offset="0" sl="22" sc="68" el="22" ec="72" />
              </SequencePoints>
              <BranchPoints />
              <MethodPoint xsi:type="SequencePoint" vc="0" uspid="1411" ordinal="0" offset="0" sl="22" sc="68" el="22" ec="72" />
            </Method>
            <Method visited="false" cyclomaticComplexity="1" sequenceCoverage="0" branchCoverage="0" isConstructor="false" isStatic="false" isGetter="true" isSetter="false">
              <Summary numSequencePoints="1" visitedSequencePoints="0" numBranchPoints="1" visitedBranchPoints="0" sequenceCoverage="0" branchCoverage="0" maxCyclomaticComplexity="1" minCyclomaticComplexity="1" />
              <MetadataToken>100663550</MetadataToken>
              <Name>SigStat.Common.FeatureDescriptor`1&lt;System.Collections.Generic.List`1&lt;System.Double&gt;&gt; SigStat.Common.Transforms.CentroidExtraction::get_OutputCentroid()</Name>
              <FileRef uid="70" />
              <SequencePoints>
                <SequencePoint vc="0" uspid="1412" ordinal="0" offset="0" sl="25" sc="65" el="25" ec="69" />
              </SequencePoints>
              <BranchPoints />
              <MethodPoint xsi:type="SequencePoint" vc="0" uspid="1412" ordinal="0" offset="0" sl="25" sc="65" el="25" ec="69" />
            </Method>
            <Method visited="false" cyclomaticComplexity="1" sequenceCoverage="0" branchCoverage="0" isConstructor="false" isStatic="false" isGetter="false" isSetter="true">
              <Summary numSequencePoints="1" visitedSequencePoints="0" numBranchPoints="1" visitedBranchPoints="0" sequenceCoverage="0" branchCoverage="0" maxCyclomaticComplexity="1" minCyclomaticComplexity="1" />
              <MetadataToken>100663551</MetadataToken>
              <Name>System.Void SigStat.Common.Transforms.CentroidExtraction::set_OutputCentroid(SigStat.Common.FeatureDescriptor`1&lt;System.Collections.Generic.List`1&lt;System.Double&gt;&gt;)</Name>
              <FileRef uid="70" />
              <SequencePoints>
                <SequencePoint vc="0" uspid="1413" ordinal="0" offset="0" sl="25" sc="70" el="25" ec="74" />
              </SequencePoints>
              <BranchPoints />
              <MethodPoint xsi:type="SequencePoint" vc="0" uspid="1413" ordinal="0" offset="0" sl="25" sc="70" el="25" ec="74" />
            </Method>
            <Method visited="false" cyclomaticComplexity="1" sequenceCoverage="0" branchCoverage="0" isConstructor="true" isStatic="false" isGetter="false" isSetter="false">
              <Summary numSequencePoints="2" visitedSequencePoints="0" numBranchPoints="1" visitedBranchPoints="0" sequenceCoverage="0" branchCoverage="0" maxCyclomaticComplexity="1" minCyclomaticComplexity="1" />
              <MetadataToken>100663552</MetadataToken>
              <Name>System.Void SigStat.Common.Transforms.CentroidExtraction::.ctor()</Name>
              <FileRef uid="70" />
              <SequencePoints>
                <SequencePoint vc="0" uspid="1414" ordinal="0" offset="0" sl="27" sc="9" el="27" ec="36" />
                <SequencePoint vc="0" uspid="1415" ordinal="1" offset="6" sl="30" sc="9" el="30" ec="10" />
              </SequencePoints>
              <BranchPoints />
              <MethodPoint xsi:type="SequencePoint" vc="0" uspid="1414" ordinal="0" offset="0" sl="27" sc="9" el="27" ec="36" />
            </Method>
            <Method visited="false" cyclomaticComplexity="2" sequenceCoverage="0" branchCoverage="0" isConstructor="false" isStatic="false" isGetter="false" isSetter="false">
              <Summary numSequencePoints="10" visitedSequencePoints="0" numBranchPoints="3" visitedBranchPoints="0" sequenceCoverage="0" branchCoverage="0" maxCyclomaticComplexity="2" minCyclomaticComplexity="2" />
              <MetadataToken>100663553</MetadataToken>
              <Name>System.Void SigStat.Common.Transforms.CentroidExtraction::Transform(SigStat.Common.Signature)</Name>
              <FileRef uid="70" />
              <SequencePoints>
                <SequencePoint vc="0" uspid="1416" ordinal="0" offset="0" sl="35" sc="13" el="35" ec="61" />
                <SequencePoint vc="0" uspid="1417" ordinal="1" offset="17" sl="36" sc="31" el="36" ec="37" />
                <SequencePoint vc="0" uspid="1418" ordinal="2" offset="31" sl="36" sc="22" el="36" ec="27" />
                <SequencePoint vc="0" uspid="1419" ordinal="3" offset="39" sl="38" sc="17" el="38" ec="54" />
                <SequencePoint vc="0" uspid="1420" ordinal="4" offset="47" sl="39" sc="17" el="39" ec="47" />
                <SequencePoint vc="0" uspid="1421" ordinal="5" offset="55" sl="40" sc="17" el="40" ec="28" />
                <SequencePoint vc="0" uspid="1422" ordinal="6" offset="63" sl="36" sc="28" el="36" ec="30" />
                <SequencePoint vc="0" uspid="1423" ordinal="7" offset="88" sl="43" sc="13" el="43" ec="53" />
                <SequencePoint vc="0" uspid="1424" ordinal="8" offset="101" sl="44" sc="13" el="44" ec="62" />
                <SequencePoint vc="0" uspid="1425" ordinal="9" offset="117" sl="45" sc="9" el="45" ec="10" />
              </SequencePoints>
              <BranchPoints>
                <BranchPoint vc="0" uspid="1426" ordinal="0" offset="70" path="0" />
                <BranchPoint vc="0" uspid="1427" ordinal="1" offset="70" path="1" />
              </BranchPoints>
              <MethodPoint xsi:type="SequencePoint" vc="0" uspid="1416" ordinal="0" offset="0" sl="35" sc="13" el="35" ec="61" />
            </Method>
          </Methods>
        </Class>
        <Class>
          <Summary numSequencePoints="220" visitedSequencePoints="0" numBranchPoints="132" visitedBranchPoints="0" sequenceCoverage="0" branchCoverage="0" maxCyclomaticComplexity="28" minCyclomaticComplexity="1" />
          <FullName>SigStat.Common.Transforms.ComponentExtraction</FullName>
          <Methods>
            <Method visited="false" cyclomaticComplexity="1" sequenceCoverage="0" branchCoverage="0" isConstructor="false" isStatic="false" isGetter="true" isSetter="false">
              <Summary numSequencePoints="1" visitedSequencePoints="0" numBranchPoints="1" visitedBranchPoints="0" sequenceCoverage="0" branchCoverage="0" maxCyclomaticComplexity="1" minCyclomaticComplexity="1" />
              <MetadataToken>100663554</MetadataToken>
              <Name>SigStat.Common.FeatureDescriptor`1&lt;System.Boolean[0...,0...]&gt; SigStat.Common.Transforms.ComponentExtraction::get_Skeleton()</Name>
              <FileRef uid="71" />
              <SequencePoints>
                <SequencePoint vc="0" uspid="1428" ordinal="0" offset="0" sl="23" sc="54" el="23" ec="58" />
              </SequencePoints>
              <BranchPoints />
              <MethodPoint xsi:type="SequencePoint" vc="0" uspid="1428" ordinal="0" offset="0" sl="23" sc="54" el="23" ec="58" />
            </Method>
            <Method visited="false" cyclomaticComplexity="1" sequenceCoverage="0" branchCoverage="0" isConstructor="false" isStatic="false" isGetter="false" isSetter="true">
              <Summary numSequencePoints="1" visitedSequencePoints="0" numBranchPoints="1" visitedBranchPoints="0" sequenceCoverage="0" branchCoverage="0" maxCyclomaticComplexity="1" minCyclomaticComplexity="1" />
              <MetadataToken>100663555</MetadataToken>
              <Name>System.Void SigStat.Common.Transforms.ComponentExtraction::set_Skeleton(SigStat.Common.FeatureDescriptor`1&lt;System.Boolean[0...,0...]&gt;)</Name>
              <FileRef uid="71" />
              <SequencePoints>
                <SequencePoint vc="0" uspid="1429" ordinal="0" offset="0" sl="23" sc="59" el="23" ec="63" />
              </SequencePoints>
              <BranchPoints />
              <MethodPoint xsi:type="SequencePoint" vc="0" uspid="1429" ordinal="0" offset="0" sl="23" sc="59" el="23" ec="63" />
            </Method>
            <Method visited="false" cyclomaticComplexity="1" sequenceCoverage="0" branchCoverage="0" isConstructor="false" isStatic="false" isGetter="true" isSetter="false">
              <Summary numSequencePoints="1" visitedSequencePoints="0" numBranchPoints="1" visitedBranchPoints="0" sequenceCoverage="0" branchCoverage="0" maxCyclomaticComplexity="1" minCyclomaticComplexity="1" />
              <MetadataToken>100663556</MetadataToken>
              <Name>SigStat.Common.FeatureDescriptor`1&lt;System.Collections.Generic.List`1&lt;System.Drawing.Point&gt;&gt; SigStat.Common.Transforms.ComponentExtraction::get_EndPoints()</Name>
              <FileRef uid="71" />
              <SequencePoints>
                <SequencePoint vc="0" uspid="1430" ordinal="0" offset="0" sl="27" sc="59" el="27" ec="63" />
              </SequencePoints>
              <BranchPoints />
              <MethodPoint xsi:type="SequencePoint" vc="0" uspid="1430" ordinal="0" offset="0" sl="27" sc="59" el="27" ec="63" />
            </Method>
            <Method visited="false" cyclomaticComplexity="1" sequenceCoverage="0" branchCoverage="0" isConstructor="false" isStatic="false" isGetter="false" isSetter="true">
              <Summary numSequencePoints="1" visitedSequencePoints="0" numBranchPoints="1" visitedBranchPoints="0" sequenceCoverage="0" branchCoverage="0" maxCyclomaticComplexity="1" minCyclomaticComplexity="1" />
              <MetadataToken>100663557</MetadataToken>
              <Name>System.Void SigStat.Common.Transforms.ComponentExtraction::set_EndPoints(SigStat.Common.FeatureDescriptor`1&lt;System.Collections.Generic.List`1&lt;System.Drawing.Point&gt;&gt;)</Name>
              <FileRef uid="71" />
              <SequencePoints>
                <SequencePoint vc="0" uspid="1431" ordinal="0" offset="0" sl="27" sc="64" el="27" ec="68" />
              </SequencePoints>
              <BranchPoints />
              <MethodPoint xsi:type="SequencePoint" vc="0" uspid="1431" ordinal="0" offset="0" sl="27" sc="64" el="27" ec="68" />
            </Method>
            <Method visited="false" cyclomaticComplexity="1" sequenceCoverage="0" branchCoverage="0" isConstructor="false" isStatic="false" isGetter="true" isSetter="false">
              <Summary numSequencePoints="1" visitedSequencePoints="0" numBranchPoints="1" visitedBranchPoints="0" sequenceCoverage="0" branchCoverage="0" maxCyclomaticComplexity="1" minCyclomaticComplexity="1" />
              <MetadataToken>100663558</MetadataToken>
              <Name>SigStat.Common.FeatureDescriptor`1&lt;System.Collections.Generic.List`1&lt;System.Drawing.Point&gt;&gt; SigStat.Common.Transforms.ComponentExtraction::get_CrossingPoints()</Name>
              <FileRef uid="71" />
              <SequencePoints>
                <SequencePoint vc="0" uspid="1432" ordinal="0" offset="0" sl="30" sc="64" el="30" ec="68" />
              </SequencePoints>
              <BranchPoints />
              <MethodPoint xsi:type="SequencePoint" vc="0" uspid="1432" ordinal="0" offset="0" sl="30" sc="64" el="30" ec="68" />
            </Method>
            <Method visited="false" cyclomaticComplexity="1" sequenceCoverage="0" branchCoverage="0" isConstructor="false" isStatic="false" isGetter="false" isSetter="true">
              <Summary numSequencePoints="1" visitedSequencePoints="0" numBranchPoints="1" visitedBranchPoints="0" sequenceCoverage="0" branchCoverage="0" maxCyclomaticComplexity="1" minCyclomaticComplexity="1" />
              <MetadataToken>100663559</MetadataToken>
              <Name>System.Void SigStat.Common.Transforms.ComponentExtraction::set_CrossingPoints(SigStat.Common.FeatureDescriptor`1&lt;System.Collections.Generic.List`1&lt;System.Drawing.Point&gt;&gt;)</Name>
              <FileRef uid="71" />
              <SequencePoints>
                <SequencePoint vc="0" uspid="1433" ordinal="0" offset="0" sl="30" sc="69" el="30" ec="73" />
              </SequencePoints>
              <BranchPoints />
              <MethodPoint xsi:type="SequencePoint" vc="0" uspid="1433" ordinal="0" offset="0" sl="30" sc="69" el="30" ec="73" />
            </Method>
            <Method visited="false" cyclomaticComplexity="1" sequenceCoverage="0" branchCoverage="0" isConstructor="false" isStatic="false" isGetter="true" isSetter="false">
              <Summary numSequencePoints="1" visitedSequencePoints="0" numBranchPoints="1" visitedBranchPoints="0" sequenceCoverage="0" branchCoverage="0" maxCyclomaticComplexity="1" minCyclomaticComplexity="1" />
              <MetadataToken>100663560</MetadataToken>
              <Name>SigStat.Common.FeatureDescriptor`1&lt;System.Collections.Generic.List`1&lt;System.Collections.Generic.List`1&lt;System.Drawing.PointF&gt;&gt;&gt; SigStat.Common.Transforms.ComponentExtraction::get_OutputComponents()</Name>
              <FileRef uid="71" />
              <SequencePoints>
                <SequencePoint vc="0" uspid="1434" ordinal="0" offset="0" sl="33" sc="73" el="33" ec="77" />
              </SequencePoints>
              <BranchPoints />
              <MethodPoint xsi:type="SequencePoint" vc="0" uspid="1434" ordinal="0" offset="0" sl="33" sc="73" el="33" ec="77" />
            </Method>
            <Method visited="false" cyclomaticComplexity="1" sequenceCoverage="0" branchCoverage="0" isConstructor="false" isStatic="false" isGetter="false" isSetter="true">
              <Summary numSequencePoints="1" visitedSequencePoints="0" numBranchPoints="1" visitedBranchPoints="0" sequenceCoverage="0" branchCoverage="0" maxCyclomaticComplexity="1" minCyclomaticComplexity="1" />
              <MetadataToken>100663561</MetadataToken>
              <Name>System.Void SigStat.Common.Transforms.ComponentExtraction::set_OutputComponents(SigStat.Common.FeatureDescriptor`1&lt;System.Collections.Generic.List`1&lt;System.Collections.Generic.List`1&lt;System.Drawing.PointF&gt;&gt;&gt;)</Name>
              <FileRef uid="71" />
              <SequencePoints>
                <SequencePoint vc="0" uspid="1435" ordinal="0" offset="0" sl="33" sc="78" el="33" ec="82" />
              </SequencePoints>
              <BranchPoints />
              <MethodPoint xsi:type="SequencePoint" vc="0" uspid="1435" ordinal="0" offset="0" sl="33" sc="78" el="33" ec="82" />
            </Method>
            <Method visited="false" cyclomaticComplexity="1" sequenceCoverage="0" branchCoverage="0" isConstructor="true" isStatic="false" isGetter="false" isSetter="false">
              <Summary numSequencePoints="3" visitedSequencePoints="0" numBranchPoints="1" visitedBranchPoints="0" sequenceCoverage="0" branchCoverage="0" maxCyclomaticComplexity="1" minCyclomaticComplexity="1" />
              <MetadataToken>100663562</MetadataToken>
              <Name>System.Void SigStat.Common.Transforms.ComponentExtraction::.ctor(System.Int32)</Name>
              <FileRef uid="71" />
              <SequencePoints>
                <SequencePoint vc="0" uspid="1436" ordinal="0" offset="0" sl="40" sc="9" el="40" ec="59" />
                <SequencePoint vc="0" uspid="1437" ordinal="1" offset="6" sl="42" sc="13" el="42" ec="58" />
                <SequencePoint vc="0" uspid="1438" ordinal="2" offset="13" sl="43" sc="9" el="43" ec="10" />
              </SequencePoints>
              <BranchPoints />
              <MethodPoint xsi:type="SequencePoint" vc="0" uspid="1436" ordinal="0" offset="0" sl="40" sc="9" el="40" ec="59" />
            </Method>
            <Method visited="false" cyclomaticComplexity="3" sequenceCoverage="0" branchCoverage="0" isConstructor="false" isStatic="false" isGetter="false" isSetter="false">
              <Summary numSequencePoints="18" visitedSequencePoints="0" numBranchPoints="5" visitedBranchPoints="0" sequenceCoverage="0" branchCoverage="0" maxCyclomaticComplexity="3" minCyclomaticComplexity="3" />
              <MetadataToken>100663563</MetadataToken>
              <Name>System.Void SigStat.Common.Transforms.ComponentExtraction::Transform(SigStat.Common.Signature)</Name>
              <FileRef uid="71" />
              <SequencePoints>
                <SequencePoint vc="0" uspid="1439" ordinal="0" offset="0" sl="48" sc="13" el="48" ec="48" />
                <SequencePoint vc="0" uspid="1440" ordinal="1" offset="18" sl="49" sc="13" el="49" ec="61" />
                <SequencePoint vc="0" uspid="1441" ordinal="2" offset="31" sl="50" sc="13" el="50" ec="71" />
                <SequencePoint vc="0" uspid="1442" ordinal="3" offset="44" sl="52" sc="13" el="52" ec="40" />
                <SequencePoint vc="0" uspid="1443" ordinal="4" offset="53" sl="54" sc="17" el="54" ec="137" />
                <SequencePoint vc="0" uspid="1444" ordinal="5" offset="84" sl="60" sc="13" el="60" ec="60" />
                <SequencePoint vc="0" uspid="1445" ordinal="6" offset="92" sl="63" sc="13" el="63" ec="60" />
                <SequencePoint vc="0" uspid="1446" ordinal="7" offset="101" sl="66" sc="37" el="66" ec="46" />
                <SequencePoint vc="0" uspid="1447" ordinal="8" offset="111" sl="66" sc="22" el="66" ec="33" />
                <SequencePoint vc="0" uspid="1448" ordinal="9" offset="120" sl="68" sc="17" el="68" ec="45" />
                <SequencePoint vc="0" uspid="1449" ordinal="10" offset="128" sl="66" sc="34" el="66" ec="36" />
                <SequencePoint vc="0" uspid="1450" ordinal="11" offset="153" sl="70" sc="13" el="70" ec="81" />
                <SequencePoint vc="0" uspid="1451" ordinal="12" offset="184" sl="72" sc="13" el="72" ec="48" />
                <SequencePoint vc="0" uspid="1452" ordinal="13" offset="192" sl="73" sc="13" el="73" ec="78" />
                <SequencePoint vc="0" uspid="1453" ordinal="14" offset="223" sl="76" sc="13" el="76" ec="70" />
                <SequencePoint vc="0" uspid="1454" ordinal="15" offset="233" sl="78" sc="13" el="78" ec="67" />
                <SequencePoint vc="0" uspid="1455" ordinal="16" offset="247" sl="79" sc="13" el="79" ec="123" />
                <SequencePoint vc="0" uspid="1456" ordinal="17" offset="279" sl="80" sc="9" el="80" ec="10" />
              </SequencePoints>
              <BranchPoints>
                <BranchPoint vc="0" uspid="1457" ordinal="0" offset="51" path="0" />
                <BranchPoint vc="0" uspid="1458" ordinal="1" offset="51" path="1" />
                <BranchPoint vc="0" uspid="1459" ordinal="2" offset="135" path="0" />
                <BranchPoint vc="0" uspid="1460" ordinal="3" offset="135" path="1" />
              </BranchPoints>
              <MethodPoint xsi:type="SequencePoint" vc="0" uspid="1439" ordinal="0" offset="0" sl="48" sc="13" el="48" ec="48" />
            </Method>
            <Method visited="false" cyclomaticComplexity="11" sequenceCoverage="0" branchCoverage="0" isConstructor="false" isStatic="false" isGetter="false" isSetter="false">
              <Summary numSequencePoints="32" visitedSequencePoints="0" numBranchPoints="21" visitedBranchPoints="0" sequenceCoverage="0" branchCoverage="0" maxCyclomaticComplexity="11" minCyclomaticComplexity="11" />
              <MetadataToken>100663564</MetadataToken>
              <Name>System.Collections.Generic.List`1&lt;System.Collections.Generic.List`1&lt;System.Drawing.Point&gt;&gt; SigStat.Common.Transforms.ComponentExtraction::SplitCrossings(System.Collections.Generic.List`1&lt;System.Drawing.Point&gt;)</Name>
              <FileRef uid="71" />
              <SequencePoints>
                <SequencePoint vc="0" uspid="1461" ordinal="0" offset="0" sl="90" sc="13" el="90" ec="67" />
                <SequencePoint vc="0" uspid="1462" ordinal="1" offset="11" sl="93" sc="17" el="93" ec="57" />
                <SequencePoint vc="0" uspid="1463" ordinal="2" offset="17" sl="94" sc="17" el="94" ec="62" />
                <SequencePoint vc="0" uspid="1464" ordinal="3" offset="23" sl="96" sc="17" el="96" ec="47" />
                <SequencePoint vc="0" uspid="1465" ordinal="4" offset="65" sl="97" sc="17" el="97" ec="37" />
                <SequencePoint vc="0" uspid="1466" ordinal="5" offset="78" sl="98" sc="17" el="98" ec="33" />
                <SequencePoint vc="0" uspid="1467" ordinal="6" offset="85" sl="100" sc="22" el="100" ec="32" />
                <SequencePoint vc="0" uspid="1468" ordinal="7" offset="93" sl="102" sc="21" el="102" ec="41" />
                <SequencePoint vc="0" uspid="1469" ordinal="8" offset="103" sl="103" sc="26" el="103" ec="36" />
                <SequencePoint vc="0" uspid="1470" ordinal="9" offset="111" sl="105" sc="30" el="105" ec="40" />
                <SequencePoint vc="0" uspid="1471" ordinal="10" offset="119" sl="107" sc="29" el="107" ec="76" />
                <SequencePoint vc="0" uspid="1472" ordinal="11" offset="166" sl="109" sc="33" el="109" ec="71" />
                <SequencePoint vc="0" uspid="1473" ordinal="12" offset="169" sl="110" sc="38" el="110" ec="48" />
                <SequencePoint vc="0" uspid="1474" ordinal="13" offset="177" sl="112" sc="37" el="112" ec="85" />
                <SequencePoint vc="0" uspid="1475" ordinal="14" offset="231" sl="114" sc="41" el="114" ec="73" />
                <SequencePoint vc="0" uspid="1476" ordinal="15" offset="234" sl="115" sc="41" el="115" ec="73" />
                <SequencePoint vc="0" uspid="1477" ordinal="16" offset="278" sl="116" sc="41" el="116" ec="62" />
                <SequencePoint vc="0" uspid="1478" ordinal="17" offset="292" sl="117" sc="41" el="117" ec="61" />
                <SequencePoint vc="0" uspid="1479" ordinal="18" offset="307" sl="118" sc="41" el="118" ec="47" />
                <SequencePoint vc="0" uspid="1480" ordinal="19" offset="309" sl="110" sc="66" el="110" ec="70" />
                <SequencePoint vc="0" uspid="1481" ordinal="20" offset="315" sl="110" sc="50" el="110" ec="64" />
                <SequencePoint vc="0" uspid="1482" ordinal="21" offset="328" sl="121" sc="33" el="121" ec="63" />
                <SequencePoint vc="0" uspid="1483" ordinal="22" offset="332" sl="123" sc="37" el="123" ec="83" />
                <SequencePoint vc="0" uspid="1484" ordinal="23" offset="363" sl="105" sc="49" el="105" ec="52" />
                <SequencePoint vc="0" uspid="1485" ordinal="24" offset="369" sl="105" sc="42" el="105" ec="47" />
                <SequencePoint vc="0" uspid="1486" ordinal="25" offset="377" sl="103" sc="45" el="103" ec="48" />
                <SequencePoint vc="0" uspid="1487" ordinal="26" offset="383" sl="103" sc="38" el="103" ec="43" />
                <SequencePoint vc="0" uspid="1488" ordinal="27" offset="391" sl="100" sc="54" el="100" ec="58" />
                <SequencePoint vc="0" uspid="1489" ordinal="28" offset="397" sl="100" sc="34" el="100" ec="52" />
                <SequencePoint vc="0" uspid="1490" ordinal="29" offset="410" sl="130" sc="17" el="130" ec="45" />
                <SequencePoint vc="0" uspid="1491" ordinal="30" offset="417" sl="91" sc="13" el="91" ec="34" />
                <SequencePoint vc="0" uspid="1492" ordinal="31" offset="429" sl="132" sc="13" el="132" ec="30" />
              </SequencePoints>
              <BranchPoints>
                <BranchPoint vc="0" uspid="1493" ordinal="0" offset="150" path="0" />
                <BranchPoint vc="0" uspid="1494" ordinal="1" offset="150" path="1" />
                <BranchPoint vc="0" uspid="1495" ordinal="2" offset="157" path="0" />
                <BranchPoint vc="0" uspid="1496" ordinal="3" offset="157" path="1" />
                <BranchPoint vc="0" uspid="1497" ordinal="4" offset="161" path="0" />
                <BranchPoint vc="0" uspid="1498" ordinal="5" offset="161" path="1" />
                <BranchPoint vc="0" uspid="1499" ordinal="6" offset="229" path="0" />
                <BranchPoint vc="0" uspid="1500" ordinal="7" offset="229" path="1" />
                <BranchPoint vc="0" uspid="1501" ordinal="8" offset="323" path="0" />
                <BranchPoint vc="0" uspid="1502" ordinal="9" offset="323" path="1" />
                <BranchPoint vc="0" uspid="1503" ordinal="10" offset="330" path="0" />
                <BranchPoint vc="0" uspid="1504" ordinal="11" offset="330" path="1" />
                <BranchPoint vc="0" uspid="1505" ordinal="12" offset="372" path="0" />
                <BranchPoint vc="0" uspid="1506" ordinal="13" offset="372" path="1" />
                <BranchPoint vc="0" uspid="1507" ordinal="14" offset="386" path="0" />
                <BranchPoint vc="0" uspid="1508" ordinal="15" offset="386" path="1" />
                <BranchPoint vc="0" uspid="1509" ordinal="16" offset="405" path="0" />
                <BranchPoint vc="0" uspid="1510" ordinal="17" offset="405" path="1" />
                <BranchPoint vc="0" uspid="1511" ordinal="18" offset="424" path="0" />
                <BranchPoint vc="0" uspid="1512" ordinal="19" offset="424" path="1" />
              </BranchPoints>
              <MethodPoint xsi:type="SequencePoint" vc="0" uspid="1461" ordinal="0" offset="0" sl="90" sc="13" el="90" ec="67" />
            </Method>
            <Method visited="false" cyclomaticComplexity="6" sequenceCoverage="0" branchCoverage="0" isConstructor="false" isStatic="true" isGetter="false" isSetter="false">
              <Summary numSequencePoints="25" visitedSequencePoints="0" numBranchPoints="11" visitedBranchPoints="0" sequenceCoverage="0" branchCoverage="0" maxCyclomaticComplexity="6" minCyclomaticComplexity="6" />
              <MetadataToken>100663565</MetadataToken>
              <Name>System.Collections.Generic.List`1&lt;System.Collections.Generic.List`1&lt;System.Drawing.Point&gt;&gt; SigStat.Common.Transforms.ComponentExtraction::UniteCloseCrossings(System.Collections.Generic.List`1&lt;System.Collections.Generic.List`1&lt;System.Drawing.Point&gt;&gt;,System.Int32)</Name>
              <FileRef uid="71" />
              <SequencePoints>
                <SequencePoint vc="0" uspid="1513" ordinal="0" offset="0" sl="137" sc="13" el="137" ec="53" />
                <SequencePoint vc="0" uspid="1514" ordinal="1" offset="6" sl="138" sc="18" el="138" ec="28" />
                <SequencePoint vc="0" uspid="1515" ordinal="2" offset="13" sl="140" sc="17" el="140" ec="49" />
                <SequencePoint vc="0" uspid="1516" ordinal="3" offset="30" sl="141" sc="39" el="141" ec="52" />
                <SequencePoint vc="0" uspid="1517" ordinal="4" offset="45" sl="141" sc="26" el="141" ec="35" />
                <SequencePoint vc="0" uspid="1518" ordinal="5" offset="54" sl="143" sc="21" el="143" ec="38" />
                <SequencePoint vc="0" uspid="1519" ordinal="6" offset="76" sl="144" sc="21" el="144" ec="38" />
                <SequencePoint vc="0" uspid="1520" ordinal="7" offset="98" sl="141" sc="36" el="141" ec="38" />
                <SequencePoint vc="0" uspid="1521" ordinal="8" offset="123" sl="146" sc="17" el="146" ec="98" />
                <SequencePoint vc="0" uspid="1522" ordinal="9" offset="172" sl="147" sc="17" el="147" ec="34" />
                <SequencePoint vc="0" uspid="1523" ordinal="10" offset="179" sl="138" sc="52" el="138" ec="56" />
                <SequencePoint vc="0" uspid="1524" ordinal="11" offset="183" sl="138" sc="30" el="138" ec="50" />
                <SequencePoint vc="0" uspid="1525" ordinal="12" offset="195" sl="149" sc="18" el="149" ec="28" />
                <SequencePoint vc="0" uspid="1526" ordinal="13" offset="203" sl="151" sc="22" el="151" ec="37" />
                <SequencePoint vc="0" uspid="1527" ordinal="14" offset="214" sl="153" sc="21" el="153" ec="109" />
                <SequencePoint vc="0" uspid="1528" ordinal="15" offset="298" sl="154" sc="21" el="154" ec="40" />
                <SequencePoint vc="0" uspid="1529" ordinal="16" offset="307" sl="156" sc="25" el="156" ec="63" />
                <SequencePoint vc="0" uspid="1530" ordinal="17" offset="328" sl="157" sc="25" el="157" ec="48" />
                <SequencePoint vc="0" uspid="1531" ordinal="18" offset="336" sl="158" sc="25" el="158" ec="114" />
                <SequencePoint vc="0" uspid="1532" ordinal="19" offset="431" sl="159" sc="25" el="159" ec="44" />
                <SequencePoint vc="0" uspid="1533" ordinal="20" offset="439" sl="151" sc="61" el="151" ec="65" />
                <SequencePoint vc="0" uspid="1534" ordinal="21" offset="445" sl="151" sc="39" el="151" ec="59" />
                <SequencePoint vc="0" uspid="1535" ordinal="22" offset="458" sl="149" sc="56" el="149" ec="60" />
                <SequencePoint vc="0" uspid="1536" ordinal="23" offset="464" sl="149" sc="30" el="149" ec="54" />
                <SequencePoint vc="0" uspid="1537" ordinal="24" offset="479" sl="163" sc="13" el="163" ec="30" />
              </SequencePoints>
              <BranchPoints>
                <BranchPoint vc="0" uspid="1538" ordinal="0" offset="105" path="0" />
                <BranchPoint vc="0" uspid="1539" ordinal="1" offset="105" path="1" />
                <BranchPoint vc="0" uspid="1540" ordinal="2" offset="190" path="0" />
                <BranchPoint vc="0" uspid="1541" ordinal="3" offset="190" path="1" />
                <BranchPoint vc="0" uspid="1542" ordinal="4" offset="302" path="0" />
                <BranchPoint vc="0" uspid="1543" ordinal="5" offset="302" path="1" />
                <BranchPoint vc="0" uspid="1544" ordinal="6" offset="453" path="0" />
                <BranchPoint vc="0" uspid="1545" ordinal="7" offset="453" path="1" />
                <BranchPoint vc="0" uspid="1546" ordinal="8" offset="474" path="0" />
                <BranchPoint vc="0" uspid="1547" ordinal="9" offset="474" path="1" />
              </BranchPoints>
              <MethodPoint xsi:type="SequencePoint" vc="0" uspid="1513" ordinal="0" offset="0" sl="137" sc="13" el="137" ec="53" />
            </Method>
            <Method visited="false" cyclomaticComplexity="9" sequenceCoverage="0" branchCoverage="0" isConstructor="false" isStatic="false" isGetter="false" isSetter="false">
              <Summary numSequencePoints="29" visitedSequencePoints="0" numBranchPoints="17" visitedBranchPoints="0" sequenceCoverage="0" branchCoverage="0" maxCyclomaticComplexity="9" minCyclomaticComplexity="9" />
              <MetadataToken>100663566</MetadataToken>
              <Name>System.Collections.Generic.List`1&lt;System.Collections.Generic.List`1&lt;System.Drawing.Point&gt;&gt; SigStat.Common.Transforms.ComponentExtraction::Trace(System.Collections.Generic.List`1&lt;System.Drawing.Point&gt;)</Name>
              <FileRef uid="71" />
              <SequencePoints>
                <SequencePoint vc="0" uspid="1548" ordinal="0" offset="0" sl="173" sc="13" el="173" ec="69" />
                <SequencePoint vc="0" uspid="1549" ordinal="1" offset="6" sl="176" sc="13" el="176" ec="45" />
                <SequencePoint vc="0" uspid="1550" ordinal="2" offset="20" sl="179" sc="17" el="179" ec="57" />
                <SequencePoint vc="0" uspid="1551" ordinal="3" offset="26" sl="180" sc="17" el="180" ec="38" />
                <SequencePoint vc="0" uspid="1552" ordinal="4" offset="34" sl="181" sc="17" el="181" ec="39" />
                <SequencePoint vc="0" uspid="1553" ordinal="5" offset="41" sl="182" sc="17" el="182" ec="58" />
                <SequencePoint vc="0" uspid="1554" ordinal="6" offset="66" sl="183" sc="17" el="183" ec="53" />
                <SequencePoint vc="0" uspid="1555" ordinal="7" offset="74" sl="185" sc="17" el="185" ec="34" />
                <SequencePoint vc="0" uspid="1556" ordinal="8" offset="82" sl="188" sc="21" el="188" ec="57" />
                <SequencePoint vc="0" uspid="1557" ordinal="9" offset="103" sl="191" sc="26" el="191" ec="35" />
                <SequencePoint vc="0" uspid="1558" ordinal="10" offset="108" sl="193" sc="25" el="193" ec="56" />
                <SequencePoint vc="0" uspid="1559" ordinal="11" offset="136" sl="196" sc="29" el="196" ec="51" />
                <SequencePoint vc="0" uspid="1560" ordinal="12" offset="144" sl="197" sc="29" el="197" ec="40" />
                <SequencePoint vc="0" uspid="1561" ordinal="13" offset="147" sl="198" sc="29" el="198" ec="35" />
                <SequencePoint vc="0" uspid="1562" ordinal="14" offset="149" sl="191" sc="58" el="191" ec="61" />
                <SequencePoint vc="0" uspid="1563" ordinal="15" offset="155" sl="191" sc="37" el="191" ec="56" />
                <SequencePoint vc="0" uspid="1564" ordinal="16" offset="165" sl="201" sc="21" el="201" ec="53" />
                <SequencePoint vc="0" uspid="1565" ordinal="17" offset="190" sl="203" sc="25" el="203" ec="36" />
                <SequencePoint vc="0" uspid="1566" ordinal="18" offset="193" sl="204" sc="25" el="204" ec="47" />
                <SequencePoint vc="0" uspid="1567" ordinal="19" offset="201" sl="205" sc="25" el="205" ec="31" />
                <SequencePoint vc="0" uspid="1568" ordinal="20" offset="203" sl="208" sc="21" el="208" ec="34" />
                <SequencePoint vc="0" uspid="1569" ordinal="21" offset="209" sl="209" sc="21" el="209" ec="48" />
                <SequencePoint vc="0" uspid="1570" ordinal="22" offset="219" sl="211" sc="25" el="211" ec="57" />
                <SequencePoint vc="0" uspid="1571" ordinal="23" offset="227" sl="212" sc="25" el="212" ec="66" />
                <SequencePoint vc="0" uspid="1572" ordinal="24" offset="252" sl="186" sc="17" el="186" ec="29" />
                <SequencePoint vc="0" uspid="1573" ordinal="25" offset="259" sl="215" sc="17" el="215" ec="39" />
                <SequencePoint vc="0" uspid="1574" ordinal="26" offset="268" sl="217" sc="21" el="217" ec="46" />
                <SequencePoint vc="0" uspid="1575" ordinal="27" offset="275" sl="177" sc="13" el="177" ec="40" />
                <SequencePoint vc="0" uspid="1576" ordinal="28" offset="287" sl="221" sc="13" el="221" ec="32" />
              </SequencePoints>
              <BranchPoints>
                <BranchPoint vc="0" uspid="1577" ordinal="0" offset="134" path="0" />
                <BranchPoint vc="0" uspid="1578" ordinal="1" offset="134" path="1" />
                <BranchPoint vc="0" uspid="1579" ordinal="2" offset="163" path="0" />
                <BranchPoint vc="0" uspid="1580" ordinal="3" offset="163" path="1" />
                <BranchPoint vc="0" uspid="1581" ordinal="4" offset="167" path="0" />
                <BranchPoint vc="0" uspid="1582" ordinal="5" offset="167" path="1" />
                <BranchPoint vc="0" uspid="1583" ordinal="6" offset="188" path="0" />
                <BranchPoint vc="0" uspid="1584" ordinal="7" offset="188" path="1" />
                <BranchPoint vc="0" uspid="1585" ordinal="8" offset="217" path="0" />
                <BranchPoint vc="0" uspid="1586" ordinal="9" offset="217" path="1" />
                <BranchPoint vc="0" uspid="1587" ordinal="10" offset="254" path="0" />
                <BranchPoint vc="0" uspid="1588" ordinal="11" offset="254" path="1" />
                <BranchPoint vc="0" uspid="1589" ordinal="12" offset="266" path="0" />
                <BranchPoint vc="0" uspid="1590" ordinal="13" offset="266" path="1" />
                <BranchPoint vc="0" uspid="1591" ordinal="14" offset="282" path="0" />
                <BranchPoint vc="0" uspid="1592" ordinal="15" offset="282" path="1" />
              </BranchPoints>
              <MethodPoint xsi:type="SequencePoint" vc="0" uspid="1548" ordinal="0" offset="0" sl="173" sc="13" el="173" ec="69" />
            </Method>
            <Method visited="false" cyclomaticComplexity="7" sequenceCoverage="0" branchCoverage="0" isConstructor="false" isStatic="false" isGetter="false" isSetter="false">
              <Summary numSequencePoints="11" visitedSequencePoints="0" numBranchPoints="13" visitedBranchPoints="0" sequenceCoverage="0" branchCoverage="0" maxCyclomaticComplexity="7" minCyclomaticComplexity="7" />
              <MetadataToken>100663567</MetadataToken>
              <Name>System.ValueTuple`2&lt;System.Drawing.Point,System.Drawing.Point&gt; SigStat.Common.Transforms.ComponentExtraction::Step(System.Drawing.Point,System.Drawing.Point)</Name>
              <FileRef uid="71" />
              <SequencePoints>
                <SequencePoint vc="0" uspid="1593" ordinal="0" offset="0" sl="228" sc="18" el="228" ec="28" />
                <SequencePoint vc="0" uspid="1594" ordinal="1" offset="7" sl="230" sc="22" el="230" ec="32" />
                <SequencePoint vc="0" uspid="1595" ordinal="2" offset="11" sl="232" sc="21" el="232" ec="114" />
                <SequencePoint vc="0" uspid="1596" ordinal="3" offset="91" sl="234" sc="25" el="234" ec="61" />
                <SequencePoint vc="0" uspid="1597" ordinal="4" offset="116" sl="235" sc="25" el="235" ec="43" />
                <SequencePoint vc="0" uspid="1598" ordinal="5" offset="124" sl="230" sc="41" el="230" ec="44" />
                <SequencePoint vc="0" uspid="1599" ordinal="6" offset="128" sl="230" sc="34" el="230" ec="39" />
                <SequencePoint vc="0" uspid="1600" ordinal="7" offset="132" sl="228" sc="37" el="228" ec="40" />
                <SequencePoint vc="0" uspid="1601" ordinal="8" offset="136" sl="228" sc="30" el="228" ec="35" />
                <SequencePoint vc="0" uspid="1602" ordinal="9" offset="143" sl="241" sc="13" el="241" ec="99" />
                <SequencePoint vc="0" uspid="1603" ordinal="10" offset="190" sl="242" sc="13" el="242" ec="44" />
              </SequencePoints>
              <BranchPoints>
                <BranchPoint vc="0" uspid="1604" ordinal="0" offset="40" path="0" />
                <BranchPoint vc="0" uspid="1605" ordinal="1" offset="40" path="1" />
                <BranchPoint vc="0" uspid="1606" ordinal="2" offset="83" path="0" />
                <BranchPoint vc="0" uspid="1607" ordinal="3" offset="83" path="1" />
                <BranchPoint vc="0" uspid="1608" ordinal="4" offset="86" path="0" />
                <BranchPoint vc="0" uspid="1609" ordinal="5" offset="86" path="1" />
                <BranchPoint vc="0" uspid="1610" ordinal="6" offset="89" path="0" />
                <BranchPoint vc="0" uspid="1611" ordinal="7" offset="89" path="1" />
                <BranchPoint vc="0" uspid="1612" ordinal="8" offset="130" path="0" />
                <BranchPoint vc="0" uspid="1613" ordinal="9" offset="130" path="1" />
                <BranchPoint vc="0" uspid="1614" ordinal="10" offset="138" path="0" />
                <BranchPoint vc="0" uspid="1615" ordinal="11" offset="138" path="1" />
              </BranchPoints>
              <MethodPoint xsi:type="SequencePoint" vc="0" uspid="1593" ordinal="0" offset="0" sl="228" sc="18" el="228" ec="28" />
            </Method>
            <Method visited="false" cyclomaticComplexity="28" sequenceCoverage="0" branchCoverage="0" isConstructor="false" isStatic="false" isGetter="false" isSetter="false">
              <Summary numSequencePoints="93" visitedSequencePoints="0" numBranchPoints="55" visitedBranchPoints="0" sequenceCoverage="0" branchCoverage="0" maxCyclomaticComplexity="28" minCyclomaticComplexity="28" />
              <MetadataToken>100663568</MetadataToken>
              <Name>System.Collections.Generic.List`1&lt;System.Collections.Generic.List`1&lt;System.Drawing.PointF&gt;&gt; SigStat.Common.Transforms.ComponentExtraction::JoinSections(System.Collections.Generic.List`1&lt;System.Collections.Generic.List`1&lt;System.Drawing.Point&gt;&gt;,System.Collections.Generic.List`1&lt;System.Collections.Generic.List`1&lt;System.Drawing.Point&gt;&gt;)</Name>
              <FileRef uid="71" />
              <SequencePoints>
                <SequencePoint vc="0" uspid="1616" ordinal="0" offset="0" sl="247" sc="13" el="247" ec="73" />
                <SequencePoint vc="0" uspid="1617" ordinal="1" offset="6" sl="250" sc="18" el="250" ec="28" />
                <SequencePoint vc="0" uspid="1618" ordinal="2" offset="13" sl="252" sc="17" el="252" ec="93" />
                <SequencePoint vc="0" uspid="1619" ordinal="3" offset="19" sl="253" sc="22" el="253" ec="32" />
                <SequencePoint vc="0" uspid="1620" ordinal="4" offset="27" sl="255" sc="21" el="255" ec="55" />
                <SequencePoint vc="0" uspid="1621" ordinal="5" offset="43" sl="256" sc="21" el="256" ec="78" />
                <SequencePoint vc="0" uspid="1622" ordinal="6" offset="73" sl="257" sc="21" el="257" ec="40" />
                <SequencePoint vc="0" uspid="1623" ordinal="7" offset="81" sl="258" sc="26" el="258" ec="36" />
                <SequencePoint vc="0" uspid="1624" ordinal="8" offset="89" sl="260" sc="25" el="260" ec="62" />
                <SequencePoint vc="0" uspid="1625" ordinal="9" offset="127" sl="262" sc="29" el="262" ec="42" />
                <SequencePoint vc="0" uspid="1626" ordinal="10" offset="135" sl="263" sc="25" el="263" ec="26" />
                <SequencePoint vc="0" uspid="1627" ordinal="11" offset="137" sl="264" sc="30" el="264" ec="66" />
                <SequencePoint vc="0" uspid="1628" ordinal="12" offset="175" sl="266" sc="29" el="266" ec="43" />
                <SequencePoint vc="0" uspid="1629" ordinal="13" offset="183" sl="268" sc="25" el="268" ec="43" />
                <SequencePoint vc="0" uspid="1630" ordinal="14" offset="192" sl="270" sc="29" el="270" ec="70" />
                <SequencePoint vc="0" uspid="1631" ordinal="15" offset="218" sl="271" sc="29" el="271" ec="35" />
                <SequencePoint vc="0" uspid="1632" ordinal="16" offset="220" sl="258" sc="64" el="258" ec="68" />
                <SequencePoint vc="0" uspid="1633" ordinal="17" offset="226" sl="258" sc="38" el="258" ec="62" />
                <SequencePoint vc="0" uspid="1634" ordinal="18" offset="245" sl="253" sc="58" el="253" ec="62" />
                <SequencePoint vc="0" uspid="1635" ordinal="19" offset="251" sl="253" sc="34" el="253" ec="56" />
                <SequencePoint vc="0" uspid="1636" ordinal="20" offset="264" sl="277" sc="17" el="277" ec="91" />
                <SequencePoint vc="0" uspid="1637" ordinal="21" offset="270" sl="278" sc="22" el="278" ec="32" />
                <SequencePoint vc="0" uspid="1638" ordinal="22" offset="278" sl="280" sc="21" el="280" ec="74" />
                <SequencePoint vc="0" uspid="1639" ordinal="23" offset="306" sl="281" sc="21" el="281" ec="112" />
                <SequencePoint vc="0" uspid="1640" ordinal="24" offset="382" sl="282" sc="21" el="282" ec="137" />
                <SequencePoint vc="0" uspid="1641" ordinal="25" offset="462" sl="283" sc="21" el="283" ec="92" />
                <SequencePoint vc="0" uspid="1642" ordinal="26" offset="501" sl="284" sc="26" el="284" ec="41" />
                <SequencePoint vc="0" uspid="1643" ordinal="27" offset="512" sl="287" sc="25" el="287" ec="78" />
                <SequencePoint vc="0" uspid="1644" ordinal="28" offset="540" sl="288" sc="25" el="288" ec="116" />
                <SequencePoint vc="0" uspid="1645" ordinal="29" offset="616" sl="289" sc="25" el="289" ec="141" />
                <SequencePoint vc="0" uspid="1646" ordinal="30" offset="696" sl="290" sc="25" el="290" ec="96" />
                <SequencePoint vc="0" uspid="1647" ordinal="31" offset="735" sl="291" sc="25" el="291" ec="67" />
                <SequencePoint vc="0" uspid="1648" ordinal="32" offset="753" sl="293" sc="29" el="293" ec="45" />
                <SequencePoint vc="0" uspid="1649" ordinal="33" offset="767" sl="292" sc="25" el="292" ec="56" />
                <SequencePoint vc="0" uspid="1650" ordinal="34" offset="777" sl="294" sc="25" el="294" ec="51" />
                <SequencePoint vc="0" uspid="1651" ordinal="35" offset="794" sl="284" sc="60" el="284" ec="64" />
                <SequencePoint vc="0" uspid="1652" ordinal="36" offset="800" sl="284" sc="43" el="284" ec="58" />
                <SequencePoint vc="0" uspid="1653" ordinal="37" offset="813" sl="278" sc="55" el="278" ec="59" />
                <SequencePoint vc="0" uspid="1654" ordinal="38" offset="819" sl="278" sc="34" el="278" ec="53" />
                <SequencePoint vc="0" uspid="1655" ordinal="39" offset="834" sl="299" sc="17" el="299" ec="96" />
                <SequencePoint vc="0" uspid="1656" ordinal="40" offset="841" sl="300" sc="17" el="300" ec="55" />
                <SequencePoint vc="0" uspid="1657" ordinal="41" offset="848" sl="301" sc="36" el="301" ec="40" />
                <SequencePoint vc="0" uspid="1658" ordinal="42" offset="858" sl="301" sc="26" el="301" ec="32" />
                <SequencePoint vc="0" uspid="1659" ordinal="43" offset="867" sl="303" sc="21" el="303" ec="58" />
                <SequencePoint vc="0" uspid="1660" ordinal="44" offset="874" sl="304" sc="40" el="304" ec="47" />
                <SequencePoint vc="0" uspid="1661" ordinal="45" offset="890" sl="304" sc="30" el="304" ec="36" />
                <SequencePoint vc="0" uspid="1662" ordinal="46" offset="899" sl="305" sc="25" el="305" ec="36" />
                <SequencePoint vc="0" uspid="1663" ordinal="47" offset="913" sl="304" sc="37" el="304" ec="39" />
                <SequencePoint vc="0" uspid="1664" ordinal="48" offset="938" sl="306" sc="21" el="306" ec="47" />
                <SequencePoint vc="0" uspid="1665" ordinal="49" offset="959" sl="307" sc="21" el="307" ec="40" />
                <SequencePoint vc="0" uspid="1666" ordinal="50" offset="967" sl="301" sc="33" el="301" ec="35" />
                <SequencePoint vc="0" uspid="1667" ordinal="51" offset="992" sl="309" sc="17" el="309" ec="29" />
                <SequencePoint vc="0" uspid="1668" ordinal="52" offset="994" sl="312" sc="17" el="312" ec="49" />
                <SequencePoint vc="0" uspid="1669" ordinal="53" offset="1011" sl="313" sc="39" el="313" ec="52" />
                <SequencePoint vc="0" uspid="1670" ordinal="54" offset="1027" sl="313" sc="26" el="313" ec="35" />
                <SequencePoint vc="0" uspid="1671" ordinal="55" offset="1036" sl="315" sc="21" el="315" ec="38" />
                <SequencePoint vc="0" uspid="1672" ordinal="56" offset="1058" sl="316" sc="21" el="316" ec="38" />
                <SequencePoint vc="0" uspid="1673" ordinal="57" offset="1080" sl="313" sc="36" el="313" ec="38" />
                <SequencePoint vc="0" uspid="1674" ordinal="58" offset="1105" sl="318" sc="17" el="318" ec="98" />
                <SequencePoint vc="0" uspid="1675" ordinal="59" offset="1159" sl="322" sc="21" el="322" ec="61" />
                <SequencePoint vc="0" uspid="1676" ordinal="60" offset="1192" sl="323" sc="21" el="323" ec="49" />
                <SequencePoint vc="0" uspid="1677" ordinal="61" offset="1206" sl="324" sc="21" el="324" ec="39" />
                <SequencePoint vc="0" uspid="1678" ordinal="62" offset="1213" sl="325" sc="26" el="325" ec="36" />
                <SequencePoint vc="0" uspid="1679" ordinal="63" offset="1218" sl="327" sc="25" el="327" ec="70" />
                <SequencePoint vc="0" uspid="1680" ordinal="64" offset="1252" sl="328" sc="25" el="328" ec="82" />
                <SequencePoint vc="0" uspid="1681" ordinal="65" offset="1276" sl="329" sc="29" el="329" ec="50" />
                <SequencePoint vc="0" uspid="1682" ordinal="66" offset="1289" sl="325" sc="56" el="325" ec="60" />
                <SequencePoint vc="0" uspid="1683" ordinal="67" offset="1295" sl="325" sc="38" el="325" ec="54" />
                <SequencePoint vc="0" uspid="1684" ordinal="68" offset="1305" sl="333" sc="21" el="333" ec="40" />
                <SequencePoint vc="0" uspid="1685" ordinal="69" offset="1315" sl="334" sc="21" el="334" ec="40" />
                <SequencePoint vc="0" uspid="1686" ordinal="70" offset="1325" sl="337" sc="21" el="337" ec="41" />
                <SequencePoint vc="0" uspid="1687" ordinal="71" offset="1341" sl="338" sc="25" el="338" ec="50" />
                <SequencePoint vc="0" uspid="1688" ordinal="72" offset="1360" sl="339" sc="21" el="339" ec="42" />
                <SequencePoint vc="0" uspid="1689" ordinal="73" offset="1376" sl="340" sc="25" el="340" ec="50" />
                <SequencePoint vc="0" uspid="1690" ordinal="74" offset="1395" sl="343" sc="21" el="343" ec="50" />
                <SequencePoint vc="0" uspid="1691" ordinal="75" offset="1409" sl="344" sc="21" el="344" ec="112" />
                <SequencePoint vc="0" uspid="1692" ordinal="76" offset="1501" sl="345" sc="21" el="345" ec="112" />
                <SequencePoint vc="0" uspid="1693" ordinal="77" offset="1593" sl="346" sc="21" el="346" ec="79" />
                <SequencePoint vc="0" uspid="1694" ordinal="78" offset="1622" sl="347" sc="21" el="347" ec="79" />
                <SequencePoint vc="0" uspid="1695" ordinal="79" offset="1651" sl="349" sc="21" el="349" ec="88" />
                <SequencePoint vc="0" uspid="1696" ordinal="80" offset="1681" sl="350" sc="21" el="350" ec="61" />
                <SequencePoint vc="0" uspid="1697" ordinal="81" offset="1714" sl="353" sc="21" el="353" ec="55" />
                <SequencePoint vc="0" uspid="1698" ordinal="82" offset="1734" sl="320" sc="17" el="320" ec="40" />
                <SequencePoint vc="0" uspid="1699" ordinal="83" offset="1746" sl="357" sc="21" el="357" ec="31" />
                <SequencePoint vc="0" uspid="1700" ordinal="84" offset="1751" sl="359" sc="21" el="359" ec="37" />
                <SequencePoint vc="0" uspid="1701" ordinal="85" offset="1762" sl="361" sc="25" el="361" ec="45" />
                <SequencePoint vc="0" uspid="1702" ordinal="86" offset="1778" sl="362" sc="29" el="362" ec="54" />
                <SequencePoint vc="0" uspid="1703" ordinal="87" offset="1797" sl="363" sc="25" el="363" ec="59" />
                <SequencePoint vc="0" uspid="1704" ordinal="88" offset="1817" sl="357" sc="48" el="357" ec="52" />
                <SequencePoint vc="0" uspid="1705" ordinal="89" offset="1823" sl="357" sc="33" el="357" ec="47" />
                <SequencePoint vc="0" uspid="1706" ordinal="90" offset="1834" sl="250" sc="52" el="250" ec="56" />
                <SequencePoint vc="0" uspid="1707" ordinal="91" offset="1838" sl="250" sc="30" el="250" ec="50" />
                <SequencePoint vc="0" uspid="1708" ordinal="92" offset="1850" sl="369" sc="13" el="369" ec="34" />
              </SequencePoints>
              <BranchPoints>
                <BranchPoint vc="0" uspid="1709" ordinal="0" offset="125" path="0" />
                <BranchPoint vc="0" uspid="1710" ordinal="1" offset="125" path="1" />
                <BranchPoint vc="0" uspid="1711" ordinal="2" offset="173" path="0" />
                <BranchPoint vc="0" uspid="1712" ordinal="3" offset="173" path="1" />
                <BranchPoint vc="0" uspid="1713" ordinal="4" offset="190" path="0" />
                <BranchPoint vc="0" uspid="1714" ordinal="5" offset="190" path="1" />
                <BranchPoint vc="0" uspid="1715" ordinal="6" offset="240" path="0" />
                <BranchPoint vc="0" uspid="1716" ordinal="7" offset="240" path="1" />
                <BranchPoint vc="0" uspid="1717" ordinal="8" offset="259" path="0" />
                <BranchPoint vc="0" uspid="1718" ordinal="9" offset="259" path="1" />
                <BranchPoint vc="0" uspid="1719" ordinal="10" offset="319" path="0" />
                <BranchPoint vc="0" uspid="1720" ordinal="11" offset="319" path="1" />
                <BranchPoint vc="0" uspid="1721" ordinal="12" offset="395" path="0" />
                <BranchPoint vc="0" uspid="1722" ordinal="13" offset="395" path="1" />
                <BranchPoint vc="0" uspid="1723" ordinal="14" offset="553" path="0" />
                <BranchPoint vc="0" uspid="1724" ordinal="15" offset="553" path="1" />
                <BranchPoint vc="0" uspid="1725" ordinal="16" offset="629" path="0" />
                <BranchPoint vc="0" uspid="1726" ordinal="17" offset="629" path="1" />
                <BranchPoint vc="0" uspid="1727" ordinal="18" offset="775" path="0" />
                <BranchPoint vc="0" uspid="1728" ordinal="19" offset="775" path="1" />
                <BranchPoint vc="0" uspid="1729" ordinal="20" offset="808" path="0" />
                <BranchPoint vc="0" uspid="1730" ordinal="21" offset="808" path="1" />
                <BranchPoint vc="0" uspid="1731" ordinal="22" offset="829" path="0" />
                <BranchPoint vc="0" uspid="1732" ordinal="23" offset="829" path="1" />
                <BranchPoint vc="0" uspid="1733" ordinal="24" offset="920" path="0" />
                <BranchPoint vc="0" uspid="1734" ordinal="25" offset="920" path="1" />
                <BranchPoint vc="0" uspid="1735" ordinal="26" offset="974" path="0" />
                <BranchPoint vc="0" uspid="1736" ordinal="27" offset="974" path="1" />
                <BranchPoint vc="0" uspid="1737" ordinal="28" offset="1087" path="0" />
                <BranchPoint vc="0" uspid="1738" ordinal="29" offset="1087" path="1" />
                <BranchPoint vc="0" uspid="1739" ordinal="30" offset="1256" path="0" />
                <BranchPoint vc="0" uspid="1740" ordinal="31" offset="1256" path="1" />
                <BranchPoint vc="0" uspid="1741" ordinal="32" offset="1262" path="0" />
                <BranchPoint vc="0" uspid="1742" ordinal="33" offset="1262" path="1" />
                <BranchPoint vc="0" uspid="1743" ordinal="34" offset="1268" path="0" />
                <BranchPoint vc="0" uspid="1744" ordinal="35" offset="1268" path="1" />
                <BranchPoint vc="0" uspid="1745" ordinal="36" offset="1274" path="0" />
                <BranchPoint vc="0" uspid="1746" ordinal="37" offset="1274" path="1" />
                <BranchPoint vc="0" uspid="1747" ordinal="38" offset="1303" path="0" />
                <BranchPoint vc="0" uspid="1748" ordinal="39" offset="1303" path="1" />
                <BranchPoint vc="0" uspid="1749" ordinal="40" offset="1339" path="0" />
                <BranchPoint vc="0" uspid="1750" ordinal="41" offset="1339" path="1" />
                <BranchPoint vc="0" uspid="1751" ordinal="42" offset="1374" path="0" />
                <BranchPoint vc="0" uspid="1752" ordinal="43" offset="1374" path="1" />
                <BranchPoint vc="0" uspid="1753" ordinal="44" offset="1741" path="0" />
                <BranchPoint vc="0" uspid="1754" ordinal="45" offset="1741" path="1" />
                <BranchPoint vc="0" uspid="1755" ordinal="46" offset="1760" path="0" />
                <BranchPoint vc="0" uspid="1756" ordinal="47" offset="1760" path="1" />
                <BranchPoint vc="0" uspid="1757" ordinal="48" offset="1776" path="0" />
                <BranchPoint vc="0" uspid="1758" ordinal="49" offset="1776" path="1" />
                <BranchPoint vc="0" uspid="1759" ordinal="50" offset="1832" path="0" />
                <BranchPoint vc="0" uspid="1760" ordinal="51" offset="1832" path="1" />
                <BranchPoint vc="0" uspid="1761" ordinal="52" offset="1845" path="0" />
                <BranchPoint vc="0" uspid="1762" ordinal="53" offset="1845" path="1" />
              </BranchPoints>
              <MethodPoint xsi:type="SequencePoint" vc="0" uspid="1616" ordinal="0" offset="0" sl="247" sc="13" el="247" ec="73" />
            </Method>
            <Method visited="false" cyclomaticComplexity="1" sequenceCoverage="0" branchCoverage="0" isConstructor="false" isStatic="true" isGetter="false" isSetter="false">
              <Summary numSequencePoints="1" visitedSequencePoints="0" numBranchPoints="1" visitedBranchPoints="0" sequenceCoverage="0" branchCoverage="0" maxCyclomaticComplexity="1" minCyclomaticComplexity="1" />
              <MetadataToken>100663569</MetadataToken>
              <Name>System.Double SigStat.Common.Transforms.ComponentExtraction::AngleDiff(System.Double,System.Double)</Name>
              <FileRef uid="71" />
              <SequencePoints>
                <SequencePoint vc="0" uspid="1763" ordinal="0" offset="0" sl="375" sc="13" el="375" ec="69" />
              </SequencePoints>
              <BranchPoints />
              <MethodPoint xsi:type="SequencePoint" vc="0" uspid="1763" ordinal="0" offset="0" sl="375" sc="13" el="375" ec="69" />
            </Method>
          </Methods>
        </Class>
        <Class>
          <Summary numSequencePoints="29" visitedSequencePoints="0" numBranchPoints="15" visitedBranchPoints="0" sequenceCoverage="0" branchCoverage="0" maxCyclomaticComplexity="4" minCyclomaticComplexity="1" />
          <FullName>SigStat.Common.Transforms.ComponentsToFeatures</FullName>
          <Methods>
            <Method visited="false" cyclomaticComplexity="1" sequenceCoverage="0" branchCoverage="0" isConstructor="false" isStatic="false" isGetter="true" isSetter="false">
              <Summary numSequencePoints="1" visitedSequencePoints="0" numBranchPoints="1" visitedBranchPoints="0" sequenceCoverage="0" branchCoverage="0" maxCyclomaticComplexity="1" minCyclomaticComplexity="1" />
              <MetadataToken>100663570</MetadataToken>
              <Name>SigStat.Common.FeatureDescriptor`1&lt;System.Collections.Generic.List`1&lt;System.Collections.Generic.List`1&lt;System.Drawing.PointF&gt;&gt;&gt; SigStat.Common.Transforms.ComponentsToFeatures::get_InputComponents()</Name>
              <FileRef uid="72" />
              <SequencePoints>
                <SequencePoint vc="0" uspid="1764" ordinal="0" offset="0" sl="22" sc="72" el="22" ec="76" />
              </SequencePoints>
              <BranchPoints />
              <MethodPoint xsi:type="SequencePoint" vc="0" uspid="1764" ordinal="0" offset="0" sl="22" sc="72" el="22" ec="76" />
            </Method>
            <Method visited="false" cyclomaticComplexity="1" sequenceCoverage="0" branchCoverage="0" isConstructor="false" isStatic="false" isGetter="false" isSetter="true">
              <Summary numSequencePoints="1" visitedSequencePoints="0" numBranchPoints="1" visitedBranchPoints="0" sequenceCoverage="0" branchCoverage="0" maxCyclomaticComplexity="1" minCyclomaticComplexity="1" />
              <MetadataToken>100663571</MetadataToken>
              <Name>System.Void SigStat.Common.Transforms.ComponentsToFeatures::set_InputComponents(SigStat.Common.FeatureDescriptor`1&lt;System.Collections.Generic.List`1&lt;System.Collections.Generic.List`1&lt;System.Drawing.PointF&gt;&gt;&gt;)</Name>
              <FileRef uid="72" />
              <SequencePoints>
                <SequencePoint vc="0" uspid="1765" ordinal="0" offset="0" sl="22" sc="77" el="22" ec="81" />
              </SequencePoints>
              <BranchPoints />
              <MethodPoint xsi:type="SequencePoint" vc="0" uspid="1765" ordinal="0" offset="0" sl="22" sc="77" el="22" ec="81" />
            </Method>
            <Method visited="false" cyclomaticComplexity="1" sequenceCoverage="0" branchCoverage="0" isConstructor="false" isStatic="false" isGetter="true" isSetter="false">
              <Summary numSequencePoints="1" visitedSequencePoints="0" numBranchPoints="1" visitedBranchPoints="0" sequenceCoverage="0" branchCoverage="0" maxCyclomaticComplexity="1" minCyclomaticComplexity="1" />
              <MetadataToken>100663572</MetadataToken>
              <Name>SigStat.Common.FeatureDescriptor`1&lt;System.Collections.Generic.List`1&lt;System.Double&gt;&gt; SigStat.Common.Transforms.ComponentsToFeatures::get_X()</Name>
              <FileRef uid="72" />
              <SequencePoints>
                <SequencePoint vc="0" uspid="1766" ordinal="0" offset="0" sl="25" sc="52" el="25" ec="56" />
              </SequencePoints>
              <BranchPoints />
              <MethodPoint xsi:type="SequencePoint" vc="0" uspid="1766" ordinal="0" offset="0" sl="25" sc="52" el="25" ec="56" />
            </Method>
            <Method visited="false" cyclomaticComplexity="1" sequenceCoverage="0" branchCoverage="0" isConstructor="false" isStatic="false" isGetter="false" isSetter="true">
              <Summary numSequencePoints="1" visitedSequencePoints="0" numBranchPoints="1" visitedBranchPoints="0" sequenceCoverage="0" branchCoverage="0" maxCyclomaticComplexity="1" minCyclomaticComplexity="1" />
              <MetadataToken>100663573</MetadataToken>
              <Name>System.Void SigStat.Common.Transforms.ComponentsToFeatures::set_X(SigStat.Common.FeatureDescriptor`1&lt;System.Collections.Generic.List`1&lt;System.Double&gt;&gt;)</Name>
              <FileRef uid="72" />
              <SequencePoints>
                <SequencePoint vc="0" uspid="1767" ordinal="0" offset="0" sl="25" sc="57" el="25" ec="61" />
              </SequencePoints>
              <BranchPoints />
              <MethodPoint xsi:type="SequencePoint" vc="0" uspid="1767" ordinal="0" offset="0" sl="25" sc="57" el="25" ec="61" />
            </Method>
            <Method visited="false" cyclomaticComplexity="1" sequenceCoverage="0" branchCoverage="0" isConstructor="false" isStatic="false" isGetter="true" isSetter="false">
              <Summary numSequencePoints="1" visitedSequencePoints="0" numBranchPoints="1" visitedBranchPoints="0" sequenceCoverage="0" branchCoverage="0" maxCyclomaticComplexity="1" minCyclomaticComplexity="1" />
              <MetadataToken>100663574</MetadataToken>
              <Name>SigStat.Common.FeatureDescriptor`1&lt;System.Collections.Generic.List`1&lt;System.Double&gt;&gt; SigStat.Common.Transforms.ComponentsToFeatures::get_Y()</Name>
              <FileRef uid="72" />
              <SequencePoints>
                <SequencePoint vc="0" uspid="1768" ordinal="0" offset="0" sl="28" sc="52" el="28" ec="56" />
              </SequencePoints>
              <BranchPoints />
              <MethodPoint xsi:type="SequencePoint" vc="0" uspid="1768" ordinal="0" offset="0" sl="28" sc="52" el="28" ec="56" />
            </Method>
            <Method visited="false" cyclomaticComplexity="1" sequenceCoverage="0" branchCoverage="0" isConstructor="false" isStatic="false" isGetter="false" isSetter="true">
              <Summary numSequencePoints="1" visitedSequencePoints="0" numBranchPoints="1" visitedBranchPoints="0" sequenceCoverage="0" branchCoverage="0" maxCyclomaticComplexity="1" minCyclomaticComplexity="1" />
              <MetadataToken>100663575</MetadataToken>
              <Name>System.Void SigStat.Common.Transforms.ComponentsToFeatures::set_Y(SigStat.Common.FeatureDescriptor`1&lt;System.Collections.Generic.List`1&lt;System.Double&gt;&gt;)</Name>
              <FileRef uid="72" />
              <SequencePoints>
                <SequencePoint vc="0" uspid="1769" ordinal="0" offset="0" sl="28" sc="57" el="28" ec="61" />
              </SequencePoints>
              <BranchPoints />
              <MethodPoint xsi:type="SequencePoint" vc="0" uspid="1769" ordinal="0" offset="0" sl="28" sc="57" el="28" ec="61" />
            </Method>
            <Method visited="false" cyclomaticComplexity="1" sequenceCoverage="0" branchCoverage="0" isConstructor="false" isStatic="false" isGetter="true" isSetter="false">
              <Summary numSequencePoints="1" visitedSequencePoints="0" numBranchPoints="1" visitedBranchPoints="0" sequenceCoverage="0" branchCoverage="0" maxCyclomaticComplexity="1" minCyclomaticComplexity="1" />
              <MetadataToken>100663576</MetadataToken>
              <Name>SigStat.Common.FeatureDescriptor`1&lt;System.Collections.Generic.List`1&lt;System.Boolean&gt;&gt; SigStat.Common.Transforms.ComponentsToFeatures::get_Button()</Name>
              <FileRef uid="72" />
              <SequencePoints>
                <SequencePoint vc="0" uspid="1770" ordinal="0" offset="0" sl="31" sc="55" el="31" ec="59" />
              </SequencePoints>
              <BranchPoints />
              <MethodPoint xsi:type="SequencePoint" vc="0" uspid="1770" ordinal="0" offset="0" sl="31" sc="55" el="31" ec="59" />
            </Method>
            <Method visited="false" cyclomaticComplexity="1" sequenceCoverage="0" branchCoverage="0" isConstructor="false" isStatic="false" isGetter="false" isSetter="true">
              <Summary numSequencePoints="1" visitedSequencePoints="0" numBranchPoints="1" visitedBranchPoints="0" sequenceCoverage="0" branchCoverage="0" maxCyclomaticComplexity="1" minCyclomaticComplexity="1" />
              <MetadataToken>100663577</MetadataToken>
              <Name>System.Void SigStat.Common.Transforms.ComponentsToFeatures::set_Button(SigStat.Common.FeatureDescriptor`1&lt;System.Collections.Generic.List`1&lt;System.Boolean&gt;&gt;)</Name>
              <FileRef uid="72" />
              <SequencePoints>
                <SequencePoint vc="0" uspid="1771" ordinal="0" offset="0" sl="31" sc="60" el="31" ec="64" />
              </SequencePoints>
              <BranchPoints />
              <MethodPoint xsi:type="SequencePoint" vc="0" uspid="1771" ordinal="0" offset="0" sl="31" sc="60" el="31" ec="64" />
            </Method>
            <Method visited="false" cyclomaticComplexity="4" sequenceCoverage="0" branchCoverage="0" isConstructor="false" isStatic="false" isGetter="false" isSetter="false">
              <Summary numSequencePoints="21" visitedSequencePoints="0" numBranchPoints="7" visitedBranchPoints="0" sequenceCoverage="0" branchCoverage="0" maxCyclomaticComplexity="4" minCyclomaticComplexity="4" />
              <MetadataToken>100663578</MetadataToken>
              <Name>System.Void SigStat.Common.Transforms.ComponentsToFeatures::Transform(SigStat.Common.Signature)</Name>
              <FileRef uid="72" />
              <SequencePoints>
                <SequencePoint vc="0" uspid="1772" ordinal="0" offset="0" sl="36" sc="13" el="36" ec="68" />
                <SequencePoint vc="0" uspid="1773" ordinal="1" offset="13" sl="38" sc="13" el="38" ec="50" />
                <SequencePoint vc="0" uspid="1774" ordinal="2" offset="19" sl="39" sc="13" el="39" ec="50" />
                <SequencePoint vc="0" uspid="1775" ordinal="3" offset="25" sl="40" sc="13" el="40" ec="51" />
                <SequencePoint vc="0" uspid="1776" ordinal="4" offset="31" sl="41" sc="31" el="41" ec="41" />
                <SequencePoint vc="0" uspid="1777" ordinal="5" offset="41" sl="41" sc="22" el="41" ec="27" />
                <SequencePoint vc="0" uspid="1778" ordinal="6" offset="50" sl="43" sc="35" el="43" ec="36" />
                <SequencePoint vc="0" uspid="1779" ordinal="7" offset="61" sl="43" sc="26" el="43" ec="31" />
                <SequencePoint vc="0" uspid="1780" ordinal="8" offset="70" sl="45" sc="21" el="45" ec="33" />
                <SequencePoint vc="0" uspid="1781" ordinal="9" offset="84" sl="46" sc="21" el="46" ec="33" />
                <SequencePoint vc="0" uspid="1782" ordinal="10" offset="98" sl="47" sc="21" el="47" ec="35" />
                <SequencePoint vc="0" uspid="1783" ordinal="11" offset="115" sl="49" sc="25" el="49" ec="44" />
                <SequencePoint vc="0" uspid="1784" ordinal="12" offset="122" sl="50" sc="21" el="50" ec="22" />
                <SequencePoint vc="0" uspid="1785" ordinal="13" offset="124" sl="53" sc="25" el="53" ec="43" />
                <SequencePoint vc="0" uspid="1786" ordinal="14" offset="131" sl="43" sc="32" el="43" ec="34" />
                <SequencePoint vc="0" uspid="1787" ordinal="15" offset="156" sl="41" sc="28" el="41" ec="30" />
                <SequencePoint vc="0" uspid="1788" ordinal="16" offset="181" sl="58" sc="13" el="58" ec="41" />
                <SequencePoint vc="0" uspid="1789" ordinal="17" offset="194" sl="59" sc="13" el="59" ec="41" />
                <SequencePoint vc="0" uspid="1790" ordinal="18" offset="207" sl="60" sc="13" el="60" ec="51" />
                <SequencePoint vc="0" uspid="1791" ordinal="19" offset="220" sl="61" sc="13" el="61" ec="87" />
                <SequencePoint vc="0" uspid="1792" ordinal="20" offset="252" sl="63" sc="9" el="63" ec="10" />
              </SequencePoints>
              <BranchPoints>
                <BranchPoint vc="0" uspid="1793" ordinal="0" offset="113" path="0" />
                <BranchPoint vc="0" uspid="1794" ordinal="1" offset="113" path="1" />
                <BranchPoint vc="0" uspid="1795" ordinal="2" offset="138" path="0" />
                <BranchPoint vc="0" uspid="1796" ordinal="3" offset="138" path="1" />
                <BranchPoint vc="0" uspid="1797" ordinal="4" offset="163" path="0" />
                <BranchPoint vc="0" uspid="1798" ordinal="5" offset="163" path="1" />
              </BranchPoints>
              <MethodPoint xsi:type="SequencePoint" vc="0" uspid="1772" ordinal="0" offset="0" sl="36" sc="13" el="36" ec="68" />
            </Method>
            <Method visited="false" cyclomaticComplexity="1" sequenceCoverage="0" branchCoverage="0" isConstructor="true" isStatic="false" isGetter="false" isSetter="false">
              <Summary numSequencePoints="0" visitedSequencePoints="0" numBranchPoints="0" visitedBranchPoints="0" sequenceCoverage="0" branchCoverage="0" maxCyclomaticComplexity="1" minCyclomaticComplexity="1" />
              <MetadataToken>100663579</MetadataToken>
              <Name>System.Void SigStat.Common.Transforms.ComponentsToFeatures::.ctor()</Name>
              <SequencePoints />
              <BranchPoints />
              <MethodPoint vc="0" uspid="1799" ordinal="0" offset="0" />
            </Method>
          </Methods>
        </Class>
        <Class>
          <Summary numSequencePoints="35" visitedSequencePoints="0" numBranchPoints="21" visitedBranchPoints="0" sequenceCoverage="0" branchCoverage="0" maxCyclomaticComplexity="9" minCyclomaticComplexity="1" />
          <FullName>SigStat.Common.Transforms.EndpointExtraction</FullName>
          <Methods>
            <Method visited="false" cyclomaticComplexity="1" sequenceCoverage="0" branchCoverage="0" isConstructor="false" isStatic="false" isGetter="true" isSetter="false">
              <Summary numSequencePoints="1" visitedSequencePoints="0" numBranchPoints="1" visitedBranchPoints="0" sequenceCoverage="0" branchCoverage="0" maxCyclomaticComplexity="1" minCyclomaticComplexity="1" />
              <MetadataToken>100663580</MetadataToken>
              <Name>SigStat.Common.FeatureDescriptor`1&lt;System.Boolean[0...,0...]&gt; SigStat.Common.Transforms.EndpointExtraction::get_Skeleton()</Name>
              <FileRef uid="73" />
              <SequencePoints>
                <SequencePoint vc="0" uspid="1800" ordinal="0" offset="0" sl="22" sc="54" el="22" ec="58" />
              </SequencePoints>
              <BranchPoints />
              <MethodPoint xsi:type="SequencePoint" vc="0" uspid="1800" ordinal="0" offset="0" sl="22" sc="54" el="22" ec="58" />
            </Method>
            <Method visited="false" cyclomaticComplexity="1" sequenceCoverage="0" branchCoverage="0" isConstructor="false" isStatic="false" isGetter="false" isSetter="true">
              <Summary numSequencePoints="1" visitedSequencePoints="0" numBranchPoints="1" visitedBranchPoints="0" sequenceCoverage="0" branchCoverage="0" maxCyclomaticComplexity="1" minCyclomaticComplexity="1" />
              <MetadataToken>100663581</MetadataToken>
              <Name>System.Void SigStat.Common.Transforms.EndpointExtraction::set_Skeleton(SigStat.Common.FeatureDescriptor`1&lt;System.Boolean[0...,0...]&gt;)</Name>
              <FileRef uid="73" />
              <SequencePoints>
                <SequencePoint vc="0" uspid="1801" ordinal="0" offset="0" sl="22" sc="59" el="22" ec="63" />
              </SequencePoints>
              <BranchPoints />
              <MethodPoint xsi:type="SequencePoint" vc="0" uspid="1801" ordinal="0" offset="0" sl="22" sc="59" el="22" ec="63" />
            </Method>
            <Method visited="false" cyclomaticComplexity="1" sequenceCoverage="0" branchCoverage="0" isConstructor="false" isStatic="false" isGetter="true" isSetter="false">
              <Summary numSequencePoints="1" visitedSequencePoints="0" numBranchPoints="1" visitedBranchPoints="0" sequenceCoverage="0" branchCoverage="0" maxCyclomaticComplexity="1" minCyclomaticComplexity="1" />
              <MetadataToken>100663582</MetadataToken>
              <Name>SigStat.Common.FeatureDescriptor`1&lt;System.Collections.Generic.List`1&lt;System.Drawing.Point&gt;&gt; SigStat.Common.Transforms.EndpointExtraction::get_OutputEndpoints()</Name>
              <FileRef uid="73" />
              <SequencePoints>
                <SequencePoint vc="0" uspid="1802" ordinal="0" offset="0" sl="25" sc="65" el="25" ec="69" />
              </SequencePoints>
              <BranchPoints />
              <MethodPoint xsi:type="SequencePoint" vc="0" uspid="1802" ordinal="0" offset="0" sl="25" sc="65" el="25" ec="69" />
            </Method>
            <Method visited="false" cyclomaticComplexity="1" sequenceCoverage="0" branchCoverage="0" isConstructor="false" isStatic="false" isGetter="false" isSetter="true">
              <Summary numSequencePoints="1" visitedSequencePoints="0" numBranchPoints="1" visitedBranchPoints="0" sequenceCoverage="0" branchCoverage="0" maxCyclomaticComplexity="1" minCyclomaticComplexity="1" />
              <MetadataToken>100663583</MetadataToken>
              <Name>System.Void SigStat.Common.Transforms.EndpointExtraction::set_OutputEndpoints(SigStat.Common.FeatureDescriptor`1&lt;System.Collections.Generic.List`1&lt;System.Drawing.Point&gt;&gt;)</Name>
              <FileRef uid="73" />
              <SequencePoints>
                <SequencePoint vc="0" uspid="1803" ordinal="0" offset="0" sl="25" sc="70" el="25" ec="74" />
              </SequencePoints>
              <BranchPoints />
              <MethodPoint xsi:type="SequencePoint" vc="0" uspid="1803" ordinal="0" offset="0" sl="25" sc="70" el="25" ec="74" />
            </Method>
            <Method visited="false" cyclomaticComplexity="1" sequenceCoverage="0" branchCoverage="0" isConstructor="false" isStatic="false" isGetter="true" isSetter="false">
              <Summary numSequencePoints="1" visitedSequencePoints="0" numBranchPoints="1" visitedBranchPoints="0" sequenceCoverage="0" branchCoverage="0" maxCyclomaticComplexity="1" minCyclomaticComplexity="1" />
              <MetadataToken>100663584</MetadataToken>
              <Name>SigStat.Common.FeatureDescriptor`1&lt;System.Collections.Generic.List`1&lt;System.Drawing.Point&gt;&gt; SigStat.Common.Transforms.EndpointExtraction::get_OutputCrossingPoints()</Name>
              <FileRef uid="73" />
              <SequencePoints>
                <SequencePoint vc="0" uspid="1804" ordinal="0" offset="0" sl="28" sc="70" el="28" ec="74" />
              </SequencePoints>
              <BranchPoints />
              <MethodPoint xsi:type="SequencePoint" vc="0" uspid="1804" ordinal="0" offset="0" sl="28" sc="70" el="28" ec="74" />
            </Method>
            <Method visited="false" cyclomaticComplexity="1" sequenceCoverage="0" branchCoverage="0" isConstructor="false" isStatic="false" isGetter="false" isSetter="true">
              <Summary numSequencePoints="1" visitedSequencePoints="0" numBranchPoints="1" visitedBranchPoints="0" sequenceCoverage="0" branchCoverage="0" maxCyclomaticComplexity="1" minCyclomaticComplexity="1" />
              <MetadataToken>100663585</MetadataToken>
              <Name>System.Void SigStat.Common.Transforms.EndpointExtraction::set_OutputCrossingPoints(SigStat.Common.FeatureDescriptor`1&lt;System.Collections.Generic.List`1&lt;System.Drawing.Point&gt;&gt;)</Name>
              <FileRef uid="73" />
              <SequencePoints>
                <SequencePoint vc="0" uspid="1805" ordinal="0" offset="0" sl="28" sc="75" el="28" ec="79" />
              </SequencePoints>
              <BranchPoints />
              <MethodPoint xsi:type="SequencePoint" vc="0" uspid="1805" ordinal="0" offset="0" sl="28" sc="75" el="28" ec="79" />
            </Method>
            <Method visited="false" cyclomaticComplexity="9" sequenceCoverage="0" branchCoverage="0" isConstructor="false" isStatic="false" isGetter="false" isSetter="false">
              <Summary numSequencePoints="29" visitedSequencePoints="0" numBranchPoints="15" visitedBranchPoints="0" sequenceCoverage="0" branchCoverage="0" maxCyclomaticComplexity="9" minCyclomaticComplexity="9" />
              <MetadataToken>100663586</MetadataToken>
              <Name>System.Void SigStat.Common.Transforms.EndpointExtraction::Transform(SigStat.Common.Signature)</Name>
              <FileRef uid="73" />
              <SequencePoints>
                <SequencePoint vc="0" uspid="1806" ordinal="0" offset="0" sl="33" sc="13" el="33" ec="56" />
                <SequencePoint vc="0" uspid="1807" ordinal="1" offset="13" sl="35" sc="13" el="35" ec="47" />
                <SequencePoint vc="0" uspid="1808" ordinal="2" offset="19" sl="36" sc="13" el="36" ec="66" />
                <SequencePoint vc="0" uspid="1809" ordinal="3" offset="25" sl="37" sc="13" el="37" ec="36" />
                <SequencePoint vc="0" uspid="1810" ordinal="4" offset="33" sl="38" sc="13" el="38" ec="36" />
                <SequencePoint vc="0" uspid="1811" ordinal="5" offset="42" sl="40" sc="18" el="40" ec="27" />
                <SequencePoint vc="0" uspid="1812" ordinal="6" offset="50" sl="42" sc="22" el="42" ec="31" />
                <SequencePoint vc="0" uspid="1813" ordinal="7" offset="58" sl="44" sc="21" el="44" ec="33" />
                <SequencePoint vc="0" uspid="1814" ordinal="8" offset="73" sl="46" sc="25" el="55" ec="27" />
                <SequencePoint vc="0" uspid="1815" ordinal="9" offset="209" sl="56" sc="25" el="56" ec="38" />
                <SequencePoint vc="0" uspid="1816" ordinal="10" offset="212" sl="57" sc="30" el="57" ec="40" />
                <SequencePoint vc="0" uspid="1817" ordinal="11" offset="217" sl="59" sc="29" el="59" ec="52" />
                <SequencePoint vc="0" uspid="1818" ordinal="12" offset="233" sl="57" sc="50" el="57" ec="54" />
                <SequencePoint vc="0" uspid="1819" ordinal="13" offset="239" sl="57" sc="42" el="57" ec="48" />
                <SequencePoint vc="0" uspid="1820" ordinal="14" offset="244" sl="61" sc="25" el="61" ec="39" />
                <SequencePoint vc="0" uspid="1821" ordinal="15" offset="249" sl="63" sc="29" el="63" ec="60" />
                <SequencePoint vc="0" uspid="1822" ordinal="16" offset="264" sl="64" sc="25" el="64" ec="26" />
                <SequencePoint vc="0" uspid="1823" ordinal="17" offset="266" sl="65" sc="30" el="65" ec="43" />
                <SequencePoint vc="0" uspid="1824" ordinal="18" offset="271" sl="67" sc="29" el="67" ec="75" />
                <SequencePoint vc="0" uspid="1825" ordinal="19" offset="286" sl="42" sc="44" el="42" ec="47" />
                <SequencePoint vc="0" uspid="1826" ordinal="20" offset="292" sl="42" sc="33" el="42" ec="42" />
                <SequencePoint vc="0" uspid="1827" ordinal="21" offset="303" sl="71" sc="17" el="71" ec="61" />
                <SequencePoint vc="0" uspid="1828" ordinal="22" offset="328" sl="40" sc="40" el="40" ec="43" />
                <SequencePoint vc="0" uspid="1829" ordinal="23" offset="334" sl="40" sc="29" el="40" ec="38" />
                <SequencePoint vc="0" uspid="1830" ordinal="24" offset="344" sl="74" sc="13" el="74" ec="62" />
                <SequencePoint vc="0" uspid="1831" ordinal="25" offset="357" sl="75" sc="13" el="75" ec="72" />
                <SequencePoint vc="0" uspid="1832" ordinal="26" offset="370" sl="77" sc="13" el="77" ec="28" />
                <SequencePoint vc="0" uspid="1833" ordinal="27" offset="378" sl="78" sc="13" el="78" ec="140" />
                <SequencePoint vc="0" uspid="1834" ordinal="28" offset="421" sl="79" sc="9" el="79" ec="10" />
              </SequencePoints>
              <BranchPoints>
                <BranchPoint vc="0" uspid="1835" ordinal="0" offset="68" path="0" />
                <BranchPoint vc="0" uspid="1836" ordinal="1" offset="68" path="1" />
                <BranchPoint vc="0" uspid="1837" ordinal="2" offset="224" path="0" />
                <BranchPoint vc="0" uspid="1838" ordinal="3" offset="224" path="1" />
                <BranchPoint vc="0" uspid="1839" ordinal="4" offset="242" path="0" />
                <BranchPoint vc="0" uspid="1840" ordinal="5" offset="242" path="1" />
                <BranchPoint vc="0" uspid="1841" ordinal="6" offset="247" path="0" />
                <BranchPoint vc="0" uspid="1842" ordinal="7" offset="247" path="1" />
                <BranchPoint vc="0" uspid="1843" ordinal="8" offset="269" path="0" />
                <BranchPoint vc="0" uspid="1844" ordinal="9" offset="269" path="1" />
                <BranchPoint vc="0" uspid="1845" ordinal="10" offset="298" path="0" />
                <BranchPoint vc="0" uspid="1846" ordinal="11" offset="298" path="1" />
                <BranchPoint vc="0" uspid="1847" ordinal="12" offset="339" path="0" />
                <BranchPoint vc="0" uspid="1848" ordinal="13" offset="339" path="1" />
              </BranchPoints>
              <MethodPoint xsi:type="SequencePoint" vc="0" uspid="1806" ordinal="0" offset="0" sl="33" sc="13" el="33" ec="56" />
            </Method>
            <Method visited="false" cyclomaticComplexity="1" sequenceCoverage="0" branchCoverage="0" isConstructor="true" isStatic="false" isGetter="false" isSetter="false">
              <Summary numSequencePoints="0" visitedSequencePoints="0" numBranchPoints="0" visitedBranchPoints="0" sequenceCoverage="0" branchCoverage="0" maxCyclomaticComplexity="1" minCyclomaticComplexity="1" />
              <MetadataToken>100663587</MetadataToken>
              <Name>System.Void SigStat.Common.Transforms.EndpointExtraction::.ctor()</Name>
              <SequencePoints />
              <BranchPoints />
              <MethodPoint vc="0" uspid="1849" ordinal="0" offset="0" />
            </Method>
          </Methods>
        </Class>
        <Class>
          <Summary numSequencePoints="24" visitedSequencePoints="0" numBranchPoints="10" visitedBranchPoints="0" sequenceCoverage="0" branchCoverage="0" maxCyclomaticComplexity="2" minCyclomaticComplexity="1" />
          <FullName>SigStat.Common.Transforms.TangentExtraction</FullName>
          <Methods>
            <Method visited="false" cyclomaticComplexity="1" sequenceCoverage="0" branchCoverage="0" isConstructor="false" isStatic="false" isGetter="true" isSetter="false">
              <Summary numSequencePoints="1" visitedSequencePoints="0" numBranchPoints="1" visitedBranchPoints="0" sequenceCoverage="0" branchCoverage="0" maxCyclomaticComplexity="1" minCyclomaticComplexity="1" />
              <MetadataToken>100663588</MetadataToken>
              <Name>SigStat.Common.FeatureDescriptor`1&lt;System.Collections.Generic.List`1&lt;System.Double&gt;&gt; SigStat.Common.Transforms.TangentExtraction::get_X()</Name>
              <FileRef uid="74" />
              <SequencePoints>
                <SequencePoint vc="0" uspid="1850" ordinal="0" offset="0" sl="20" sc="52" el="20" ec="56" />
              </SequencePoints>
              <BranchPoints />
              <MethodPoint xsi:type="SequencePoint" vc="0" uspid="1850" ordinal="0" offset="0" sl="20" sc="52" el="20" ec="56" />
            </Method>
            <Method visited="false" cyclomaticComplexity="1" sequenceCoverage="0" branchCoverage="0" isConstructor="false" isStatic="false" isGetter="false" isSetter="true">
              <Summary numSequencePoints="1" visitedSequencePoints="0" numBranchPoints="1" visitedBranchPoints="0" sequenceCoverage="0" branchCoverage="0" maxCyclomaticComplexity="1" minCyclomaticComplexity="1" />
              <MetadataToken>100663589</MetadataToken>
              <Name>System.Void SigStat.Common.Transforms.TangentExtraction::set_X(SigStat.Common.FeatureDescriptor`1&lt;System.Collections.Generic.List`1&lt;System.Double&gt;&gt;)</Name>
              <FileRef uid="74" />
              <SequencePoints>
                <SequencePoint vc="0" uspid="1851" ordinal="0" offset="0" sl="20" sc="57" el="20" ec="61" />
              </SequencePoints>
              <BranchPoints />
              <MethodPoint xsi:type="SequencePoint" vc="0" uspid="1851" ordinal="0" offset="0" sl="20" sc="57" el="20" ec="61" />
            </Method>
            <Method visited="false" cyclomaticComplexity="1" sequenceCoverage="0" branchCoverage="0" isConstructor="false" isStatic="false" isGetter="true" isSetter="false">
              <Summary numSequencePoints="1" visitedSequencePoints="0" numBranchPoints="1" visitedBranchPoints="0" sequenceCoverage="0" branchCoverage="0" maxCyclomaticComplexity="1" minCyclomaticComplexity="1" />
              <MetadataToken>100663590</MetadataToken>
              <Name>SigStat.Common.FeatureDescriptor`1&lt;System.Collections.Generic.List`1&lt;System.Double&gt;&gt; SigStat.Common.Transforms.TangentExtraction::get_Y()</Name>
              <FileRef uid="74" />
              <SequencePoints>
                <SequencePoint vc="0" uspid="1852" ordinal="0" offset="0" sl="24" sc="52" el="24" ec="56" />
              </SequencePoints>
              <BranchPoints />
              <MethodPoint xsi:type="SequencePoint" vc="0" uspid="1852" ordinal="0" offset="0" sl="24" sc="52" el="24" ec="56" />
            </Method>
            <Method visited="false" cyclomaticComplexity="1" sequenceCoverage="0" branchCoverage="0" isConstructor="false" isStatic="false" isGetter="false" isSetter="true">
              <Summary numSequencePoints="1" visitedSequencePoints="0" numBranchPoints="1" visitedBranchPoints="0" sequenceCoverage="0" branchCoverage="0" maxCyclomaticComplexity="1" minCyclomaticComplexity="1" />
              <MetadataToken>100663591</MetadataToken>
              <Name>System.Void SigStat.Common.Transforms.TangentExtraction::set_Y(SigStat.Common.FeatureDescriptor`1&lt;System.Collections.Generic.List`1&lt;System.Double&gt;&gt;)</Name>
              <FileRef uid="74" />
              <SequencePoints>
                <SequencePoint vc="0" uspid="1853" ordinal="0" offset="0" sl="24" sc="57" el="24" ec="61" />
              </SequencePoints>
              <BranchPoints />
              <MethodPoint xsi:type="SequencePoint" vc="0" uspid="1853" ordinal="0" offset="0" sl="24" sc="57" el="24" ec="61" />
            </Method>
            <Method visited="false" cyclomaticComplexity="1" sequenceCoverage="0" branchCoverage="0" isConstructor="false" isStatic="false" isGetter="true" isSetter="false">
              <Summary numSequencePoints="1" visitedSequencePoints="0" numBranchPoints="1" visitedBranchPoints="0" sequenceCoverage="0" branchCoverage="0" maxCyclomaticComplexity="1" minCyclomaticComplexity="1" />
              <MetadataToken>100663592</MetadataToken>
              <Name>SigStat.Common.FeatureDescriptor`1&lt;System.Collections.Generic.List`1&lt;System.Double&gt;&gt; SigStat.Common.Transforms.TangentExtraction::get_OutputTangent()</Name>
              <FileRef uid="74" />
              <SequencePoints>
                <SequencePoint vc="0" uspid="1854" ordinal="0" offset="0" sl="27" sc="64" el="27" ec="68" />
              </SequencePoints>
              <BranchPoints />
              <MethodPoint xsi:type="SequencePoint" vc="0" uspid="1854" ordinal="0" offset="0" sl="27" sc="64" el="27" ec="68" />
            </Method>
            <Method visited="false" cyclomaticComplexity="1" sequenceCoverage="0" branchCoverage="0" isConstructor="false" isStatic="false" isGetter="false" isSetter="true">
              <Summary numSequencePoints="1" visitedSequencePoints="0" numBranchPoints="1" visitedBranchPoints="0" sequenceCoverage="0" branchCoverage="0" maxCyclomaticComplexity="1" minCyclomaticComplexity="1" />
              <MetadataToken>100663593</MetadataToken>
              <Name>System.Void SigStat.Common.Transforms.TangentExtraction::set_OutputTangent(SigStat.Common.FeatureDescriptor`1&lt;System.Collections.Generic.List`1&lt;System.Double&gt;&gt;)</Name>
              <FileRef uid="74" />
              <SequencePoints>
                <SequencePoint vc="0" uspid="1855" ordinal="0" offset="0" sl="27" sc="69" el="27" ec="73" />
              </SequencePoints>
              <BranchPoints />
              <MethodPoint xsi:type="SequencePoint" vc="0" uspid="1855" ordinal="0" offset="0" sl="27" sc="69" el="27" ec="73" />
            </Method>
            <Method visited="false" cyclomaticComplexity="2" sequenceCoverage="0" branchCoverage="0" isConstructor="false" isStatic="false" isGetter="false" isSetter="false">
              <Summary numSequencePoints="16" visitedSequencePoints="0" numBranchPoints="3" visitedBranchPoints="0" sequenceCoverage="0" branchCoverage="0" maxCyclomaticComplexity="2" minCyclomaticComplexity="2" />
              <MetadataToken>100663594</MetadataToken>
              <Name>System.Void SigStat.Common.Transforms.TangentExtraction::Transform(SigStat.Common.Signature)</Name>
              <FileRef uid="74" />
              <SequencePoints>
                <SequencePoint vc="0" uspid="1856" ordinal="0" offset="0" sl="32" sc="13" el="32" ec="46" />
                <SequencePoint vc="0" uspid="1857" ordinal="1" offset="13" sl="33" sc="13" el="33" ec="46" />
                <SequencePoint vc="0" uspid="1858" ordinal="2" offset="26" sl="35" sc="13" el="35" ec="51" />
                <SequencePoint vc="0" uspid="1859" ordinal="3" offset="32" sl="36" sc="18" el="36" ec="27" />
                <SequencePoint vc="0" uspid="1860" ordinal="4" offset="36" sl="38" sc="17" el="38" ec="51" />
                <SequencePoint vc="0" uspid="1861" ordinal="5" offset="57" sl="39" sc="17" el="39" ec="51" />
                <SequencePoint vc="0" uspid="1862" ordinal="6" offset="78" sl="40" sc="17" el="40" ec="45" />
                <SequencePoint vc="0" uspid="1863" ordinal="7" offset="93" sl="41" sc="17" el="41" ec="46" />
                <SequencePoint vc="0" uspid="1864" ordinal="8" offset="117" sl="36" sc="47" el="36" ec="50" />
                <SequencePoint vc="0" uspid="1865" ordinal="9" offset="121" sl="36" sc="29" el="36" ec="45" />
                <SequencePoint vc="0" uspid="1866" ordinal="10" offset="132" sl="43" sc="13" el="43" ec="35" />
                <SequencePoint vc="0" uspid="1867" ordinal="11" offset="146" sl="44" sc="13" el="44" ec="41" />
                <SequencePoint vc="0" uspid="1868" ordinal="12" offset="166" sl="45" sc="13" el="45" ec="41" />
                <SequencePoint vc="0" uspid="1869" ordinal="13" offset="186" sl="46" sc="13" el="46" ec="54" />
                <SequencePoint vc="0" uspid="1870" ordinal="14" offset="199" sl="47" sc="13" el="47" ec="28" />
                <SequencePoint vc="0" uspid="1871" ordinal="15" offset="207" sl="48" sc="9" el="48" ec="10" />
              </SequencePoints>
              <BranchPoints>
                <BranchPoint vc="0" uspid="1872" ordinal="0" offset="130" path="0" />
                <BranchPoint vc="0" uspid="1873" ordinal="1" offset="130" path="1" />
              </BranchPoints>
              <MethodPoint xsi:type="SequencePoint" vc="0" uspid="1856" ordinal="0" offset="0" sl="32" sc="13" el="32" ec="46" />
            </Method>
            <Method visited="false" cyclomaticComplexity="1" sequenceCoverage="0" branchCoverage="0" isConstructor="true" isStatic="false" isGetter="false" isSetter="false">
              <Summary numSequencePoints="2" visitedSequencePoints="0" numBranchPoints="1" visitedBranchPoints="0" sequenceCoverage="0" branchCoverage="0" maxCyclomaticComplexity="1" minCyclomaticComplexity="1" />
              <MetadataToken>100663595</MetadataToken>
              <Name>System.Void SigStat.Common.Transforms.TangentExtraction::.ctor()</Name>
              <FileRef uid="74" />
              <SequencePoints>
                <SequencePoint vc="0" uspid="1874" ordinal="0" offset="0" sl="20" sc="66" el="20" ec="76" />
                <SequencePoint vc="0" uspid="1875" ordinal="1" offset="11" sl="24" sc="66" el="24" ec="76" />
              </SequencePoints>
              <BranchPoints />
              <MethodPoint xsi:type="SequencePoint" vc="0" uspid="1874" ordinal="0" offset="0" sl="20" sc="66" el="20" ec="76" />
            </Method>
          </Methods>
        </Class>
        <Class>
          <Summary numSequencePoints="17" visitedSequencePoints="0" numBranchPoints="10" visitedBranchPoints="0" sequenceCoverage="0" branchCoverage="0" maxCyclomaticComplexity="3" minCyclomaticComplexity="1" />
          <FullName>SigStat.Common.Transforms.AddConst</FullName>
          <Methods>
            <Method visited="false" cyclomaticComplexity="1" sequenceCoverage="0" branchCoverage="0" isConstructor="false" isStatic="false" isGetter="true" isSetter="false">
              <Summary numSequencePoints="1" visitedSequencePoints="0" numBranchPoints="1" visitedBranchPoints="0" sequenceCoverage="0" branchCoverage="0" maxCyclomaticComplexity="1" minCyclomaticComplexity="1" />
              <MetadataToken>100663596</MetadataToken>
              <Name>SigStat.Common.FeatureDescriptor`1&lt;System.Collections.Generic.List`1&lt;System.Double&gt;&gt; SigStat.Common.Transforms.AddConst::get_InputList()</Name>
              <FileRef uid="75" />
              <SequencePoints>
                <SequencePoint vc="0" uspid="1876" ordinal="0" offset="0" sl="18" sc="60" el="18" ec="64" />
              </SequencePoints>
              <BranchPoints />
              <MethodPoint xsi:type="SequencePoint" vc="0" uspid="1876" ordinal="0" offset="0" sl="18" sc="60" el="18" ec="64" />
            </Method>
            <Method visited="false" cyclomaticComplexity="1" sequenceCoverage="0" branchCoverage="0" isConstructor="false" isStatic="false" isGetter="false" isSetter="true">
              <Summary numSequencePoints="1" visitedSequencePoints="0" numBranchPoints="1" visitedBranchPoints="0" sequenceCoverage="0" branchCoverage="0" maxCyclomaticComplexity="1" minCyclomaticComplexity="1" />
              <MetadataToken>100663597</MetadataToken>
              <Name>System.Void SigStat.Common.Transforms.AddConst::set_InputList(SigStat.Common.FeatureDescriptor`1&lt;System.Collections.Generic.List`1&lt;System.Double&gt;&gt;)</Name>
              <FileRef uid="75" />
              <SequencePoints>
                <SequencePoint vc="0" uspid="1877" ordinal="0" offset="0" sl="18" sc="65" el="18" ec="69" />
              </SequencePoints>
              <BranchPoints />
              <MethodPoint xsi:type="SequencePoint" vc="0" uspid="1877" ordinal="0" offset="0" sl="18" sc="65" el="18" ec="69" />
            </Method>
            <Method visited="false" cyclomaticComplexity="1" sequenceCoverage="0" branchCoverage="0" isConstructor="false" isStatic="false" isGetter="true" isSetter="false">
              <Summary numSequencePoints="1" visitedSequencePoints="0" numBranchPoints="1" visitedBranchPoints="0" sequenceCoverage="0" branchCoverage="0" maxCyclomaticComplexity="1" minCyclomaticComplexity="1" />
              <MetadataToken>100663598</MetadataToken>
              <Name>SigStat.Common.FeatureDescriptor`1&lt;System.Collections.Generic.List`1&lt;System.Double&gt;&gt; SigStat.Common.Transforms.AddConst::get_Output()</Name>
              <FileRef uid="75" />
              <SequencePoints>
                <SequencePoint vc="0" uspid="1878" ordinal="0" offset="0" sl="24" sc="57" el="24" ec="61" />
              </SequencePoints>
              <BranchPoints />
              <MethodPoint xsi:type="SequencePoint" vc="0" uspid="1878" ordinal="0" offset="0" sl="24" sc="57" el="24" ec="61" />
            </Method>
            <Method visited="false" cyclomaticComplexity="1" sequenceCoverage="0" branchCoverage="0" isConstructor="false" isStatic="false" isGetter="false" isSetter="true">
              <Summary numSequencePoints="1" visitedSequencePoints="0" numBranchPoints="1" visitedBranchPoints="0" sequenceCoverage="0" branchCoverage="0" maxCyclomaticComplexity="1" minCyclomaticComplexity="1" />
              <MetadataToken>100663599</MetadataToken>
              <Name>System.Void SigStat.Common.Transforms.AddConst::set_Output(SigStat.Common.FeatureDescriptor`1&lt;System.Collections.Generic.List`1&lt;System.Double&gt;&gt;)</Name>
              <FileRef uid="75" />
              <SequencePoints>
                <SequencePoint vc="0" uspid="1879" ordinal="0" offset="0" sl="24" sc="62" el="24" ec="66" />
              </SequencePoints>
              <BranchPoints />
              <MethodPoint xsi:type="SequencePoint" vc="0" uspid="1879" ordinal="0" offset="0" sl="24" sc="62" el="24" ec="66" />
            </Method>
            <Method visited="false" cyclomaticComplexity="1" sequenceCoverage="0" branchCoverage="0" isConstructor="true" isStatic="false" isGetter="false" isSetter="false">
              <Summary numSequencePoints="3" visitedSequencePoints="0" numBranchPoints="1" visitedBranchPoints="0" sequenceCoverage="0" branchCoverage="0" maxCyclomaticComplexity="1" minCyclomaticComplexity="1" />
              <MetadataToken>100663600</MetadataToken>
              <Name>System.Void SigStat.Common.Transforms.AddConst::.ctor(System.Double)</Name>
              <FileRef uid="75" />
              <SequencePoints>
                <SequencePoint vc="0" uspid="1880" ordinal="0" offset="0" sl="32" sc="9" el="32" ec="38" />
                <SequencePoint vc="0" uspid="1881" ordinal="1" offset="6" sl="34" sc="13" el="34" ec="35" />
                <SequencePoint vc="0" uspid="1882" ordinal="2" offset="13" sl="35" sc="9" el="35" ec="10" />
              </SequencePoints>
              <BranchPoints />
              <MethodPoint xsi:type="SequencePoint" vc="0" uspid="1880" ordinal="0" offset="0" sl="32" sc="9" el="32" ec="38" />
            </Method>
            <Method visited="false" cyclomaticComplexity="3" sequenceCoverage="0" branchCoverage="0" isConstructor="false" isStatic="false" isGetter="false" isSetter="false">
              <Summary numSequencePoints="10" visitedSequencePoints="0" numBranchPoints="5" visitedBranchPoints="0" sequenceCoverage="0" branchCoverage="0" maxCyclomaticComplexity="3" minCyclomaticComplexity="3" />
              <MetadataToken>100663601</MetadataToken>
              <Name>System.Void SigStat.Common.Transforms.AddConst::Transform(SigStat.Common.Signature)</Name>
              <FileRef uid="75" />
              <SequencePoints>
                <SequencePoint vc="0" uspid="1883" ordinal="0" offset="0" sl="40" sc="13" el="40" ec="33" />
                <SequencePoint vc="0" uspid="1884" ordinal="1" offset="8" sl="42" sc="17" el="42" ec="71" />
                <SequencePoint vc="0" uspid="1885" ordinal="2" offset="21" sl="43" sc="22" el="43" ec="31" />
                <SequencePoint vc="0" uspid="1886" ordinal="3" offset="25" sl="45" sc="21" el="45" ec="54" />
                <SequencePoint vc="0" uspid="1887" ordinal="4" offset="46" sl="46" sc="21" el="46" ec="52" />
                <SequencePoint vc="0" uspid="1888" ordinal="5" offset="68" sl="43" sc="51" el="43" ec="54" />
                <SequencePoint vc="0" uspid="1889" ordinal="6" offset="72" sl="43" sc="33" el="43" ec="49" />
                <SequencePoint vc="0" uspid="1890" ordinal="7" offset="81" sl="48" sc="17" el="48" ec="54" />
                <SequencePoint vc="0" uspid="1891" ordinal="8" offset="94" sl="57" sc="13" el="57" ec="28" />
                <SequencePoint vc="0" uspid="1892" ordinal="9" offset="102" sl="58" sc="9" el="58" ec="10" />
              </SequencePoints>
              <BranchPoints>
                <BranchPoint vc="0" uspid="1893" ordinal="0" offset="6" path="0" />
                <BranchPoint vc="0" uspid="1894" ordinal="1" offset="6" path="1" />
                <BranchPoint vc="0" uspid="1895" ordinal="2" offset="79" path="0" />
                <BranchPoint vc="0" uspid="1896" ordinal="3" offset="79" path="1" />
              </BranchPoints>
              <MethodPoint xsi:type="SequencePoint" vc="0" uspid="1883" ordinal="0" offset="0" sl="40" sc="13" el="40" ec="33" />
            </Method>
          </Methods>
        </Class>
        <Class>
          <Summary numSequencePoints="27" visitedSequencePoints="0" numBranchPoints="16" visitedBranchPoints="0" sequenceCoverage="0" branchCoverage="0" maxCyclomaticComplexity="6" minCyclomaticComplexity="1" />
          <FullName>SigStat.Common.Transforms.AddVector</FullName>
          <Methods>
            <Method visited="false" cyclomaticComplexity="1" sequenceCoverage="0" branchCoverage="0" isConstructor="false" isStatic="false" isGetter="true" isSetter="false">
              <Summary numSequencePoints="1" visitedSequencePoints="0" numBranchPoints="1" visitedBranchPoints="0" sequenceCoverage="0" branchCoverage="0" maxCyclomaticComplexity="1" minCyclomaticComplexity="1" />
              <MetadataToken>100663602</MetadataToken>
              <Name>System.Collections.Generic.List`1&lt;SigStat.Common.FeatureDescriptor`1&lt;System.Collections.Generic.List`1&lt;System.Double&gt;&gt;&gt; SigStat.Common.Transforms.AddVector::get_Inputs()</Name>
              <FileRef uid="76" />
              <SequencePoints>
                <SequencePoint vc="0" uspid="1897" ordinal="0" offset="0" sl="26" sc="63" el="26" ec="67" />
              </SequencePoints>
              <BranchPoints />
              <MethodPoint xsi:type="SequencePoint" vc="0" uspid="1897" ordinal="0" offset="0" sl="26" sc="63" el="26" ec="67" />
            </Method>
            <Method visited="false" cyclomaticComplexity="1" sequenceCoverage="0" branchCoverage="0" isConstructor="false" isStatic="false" isGetter="false" isSetter="true">
              <Summary numSequencePoints="1" visitedSequencePoints="0" numBranchPoints="1" visitedBranchPoints="0" sequenceCoverage="0" branchCoverage="0" maxCyclomaticComplexity="1" minCyclomaticComplexity="1" />
              <MetadataToken>100663603</MetadataToken>
              <Name>System.Void SigStat.Common.Transforms.AddVector::set_Inputs(System.Collections.Generic.List`1&lt;SigStat.Common.FeatureDescriptor`1&lt;System.Collections.Generic.List`1&lt;System.Double&gt;&gt;&gt;)</Name>
              <FileRef uid="76" />
              <SequencePoints>
                <SequencePoint vc="0" uspid="1898" ordinal="0" offset="0" sl="26" sc="68" el="26" ec="72" />
              </SequencePoints>
              <BranchPoints />
              <MethodPoint xsi:type="SequencePoint" vc="0" uspid="1898" ordinal="0" offset="0" sl="26" sc="68" el="26" ec="72" />
            </Method>
            <Method visited="false" cyclomaticComplexity="1" sequenceCoverage="0" branchCoverage="0" isConstructor="false" isStatic="false" isGetter="true" isSetter="false">
              <Summary numSequencePoints="1" visitedSequencePoints="0" numBranchPoints="1" visitedBranchPoints="0" sequenceCoverage="0" branchCoverage="0" maxCyclomaticComplexity="1" minCyclomaticComplexity="1" />
              <MetadataToken>100663604</MetadataToken>
              <Name>System.Collections.Generic.List`1&lt;SigStat.Common.FeatureDescriptor`1&lt;System.Collections.Generic.List`1&lt;System.Double&gt;&gt;&gt; SigStat.Common.Transforms.AddVector::get_Outputs()</Name>
              <FileRef uid="76" />
              <SequencePoints>
                <SequencePoint vc="0" uspid="1899" ordinal="0" offset="0" sl="29" sc="64" el="29" ec="68" />
              </SequencePoints>
              <BranchPoints />
              <MethodPoint xsi:type="SequencePoint" vc="0" uspid="1899" ordinal="0" offset="0" sl="29" sc="64" el="29" ec="68" />
            </Method>
            <Method visited="false" cyclomaticComplexity="1" sequenceCoverage="0" branchCoverage="0" isConstructor="false" isStatic="false" isGetter="false" isSetter="true">
              <Summary numSequencePoints="1" visitedSequencePoints="0" numBranchPoints="1" visitedBranchPoints="0" sequenceCoverage="0" branchCoverage="0" maxCyclomaticComplexity="1" minCyclomaticComplexity="1" />
              <MetadataToken>100663605</MetadataToken>
              <Name>System.Void SigStat.Common.Transforms.AddVector::set_Outputs(System.Collections.Generic.List`1&lt;SigStat.Common.FeatureDescriptor`1&lt;System.Collections.Generic.List`1&lt;System.Double&gt;&gt;&gt;)</Name>
              <FileRef uid="76" />
              <SequencePoints>
                <SequencePoint vc="0" uspid="1900" ordinal="0" offset="0" sl="29" sc="69" el="29" ec="73" />
              </SequencePoints>
              <BranchPoints />
              <MethodPoint xsi:type="SequencePoint" vc="0" uspid="1900" ordinal="0" offset="0" sl="29" sc="69" el="29" ec="73" />
            </Method>
            <Method visited="false" cyclomaticComplexity="1" sequenceCoverage="0" branchCoverage="0" isConstructor="true" isStatic="false" isGetter="false" isSetter="false">
              <Summary numSequencePoints="3" visitedSequencePoints="0" numBranchPoints="1" visitedBranchPoints="0" sequenceCoverage="0" branchCoverage="0" maxCyclomaticComplexity="1" minCyclomaticComplexity="1" />
              <MetadataToken>100663606</MetadataToken>
              <Name>System.Void SigStat.Common.Transforms.AddVector::.ctor(SigStat.Common.FeatureDescriptor`1&lt;System.Collections.Generic.List`1&lt;System.Double&gt;&gt;)</Name>
              <FileRef uid="76" />
              <SequencePoints>
                <SequencePoint vc="0" uspid="1901" ordinal="0" offset="0" sl="38" sc="9" el="38" ec="72" />
                <SequencePoint vc="0" uspid="1902" ordinal="1" offset="6" sl="40" sc="13" el="40" ec="48" />
                <SequencePoint vc="0" uspid="1903" ordinal="2" offset="13" sl="41" sc="9" el="41" ec="10" />
              </SequencePoints>
              <BranchPoints />
              <MethodPoint xsi:type="SequencePoint" vc="0" uspid="1901" ordinal="0" offset="0" sl="38" sc="9" el="38" ec="72" />
            </Method>
            <Method visited="false" cyclomaticComplexity="6" sequenceCoverage="0" branchCoverage="0" isConstructor="false" isStatic="false" isGetter="false" isSetter="false">
              <Summary numSequencePoints="20" visitedSequencePoints="0" numBranchPoints="11" visitedBranchPoints="0" sequenceCoverage="0" branchCoverage="0" maxCyclomaticComplexity="6" minCyclomaticComplexity="6" />
              <MetadataToken>100663607</MetadataToken>
              <Name>System.Void SigStat.Common.Transforms.AddVector::Transform(SigStat.Common.Signature)</Name>
              <FileRef uid="76" />
              <SequencePoints>
                <SequencePoint vc="0" uspid="1904" ordinal="0" offset="13" sl="48" sc="13" el="48" ec="30" />
                <SequencePoint vc="0" uspid="1905" ordinal="1" offset="21" sl="49" sc="17" el="49" ec="34" />
                <SequencePoint vc="0" uspid="1906" ordinal="2" offset="33" sl="51" sc="13" el="51" ec="62" />
                <SequencePoint vc="0" uspid="1907" ordinal="3" offset="51" sl="52" sc="13" el="52" ec="36" />
                <SequencePoint vc="0" uspid="1908" ordinal="4" offset="58" sl="53" sc="13" el="53" ec="61" />
                <SequencePoint vc="0" uspid="1909" ordinal="5" offset="86" sl="55" sc="17" el="55" ec="53" />
                <SequencePoint vc="0" uspid="1910" ordinal="6" offset="102" sl="56" sc="17" el="56" ec="59" />
                <SequencePoint vc="0" uspid="1911" ordinal="7" offset="108" sl="58" sc="13" el="58" ec="90" />
                <SequencePoint vc="0" uspid="1912" ordinal="8" offset="137" sl="59" sc="18" el="59" ec="28" />
                <SequencePoint vc="0" uspid="1913" ordinal="9" offset="142" sl="61" sc="17" el="61" ec="53" />
                <SequencePoint vc="0" uspid="1914" ordinal="10" offset="152" sl="62" sc="22" el="62" ec="31" />
                <SequencePoint vc="0" uspid="1915" ordinal="11" offset="157" sl="64" sc="21" el="64" ec="50" />
                <SequencePoint vc="0" uspid="1916" ordinal="12" offset="192" sl="62" sc="56" el="62" ec="59" />
                <SequencePoint vc="0" uspid="1917" ordinal="13" offset="198" sl="62" sc="33" el="62" ec="54" />
                <SequencePoint vc="0" uspid="1918" ordinal="14" offset="209" sl="67" sc="17" el="67" ec="64" />
                <SequencePoint vc="0" uspid="1919" ordinal="15" offset="235" sl="68" sc="17" el="68" ec="39" />
                <SequencePoint vc="0" uspid="1920" ordinal="16" offset="252" sl="59" sc="40" el="59" ec="44" />
                <SequencePoint vc="0" uspid="1921" ordinal="17" offset="258" sl="59" sc="30" el="59" ec="38" />
                <SequencePoint vc="0" uspid="1922" ordinal="18" offset="263" sl="70" sc="13" el="70" ec="28" />
                <SequencePoint vc="0" uspid="1923" ordinal="19" offset="271" sl="71" sc="9" el="71" ec="10" />
              </SequencePoints>
              <BranchPoints>
                <BranchPoint vc="0" uspid="1925" ordinal="0" offset="19" path="0" />
                <BranchPoint vc="0" uspid="1926" ordinal="1" offset="19" path="1" />
                <BranchPoint vc="0" uspid="1927" ordinal="2" offset="70" path="0" />
                <BranchPoint vc="0" uspid="1928" ordinal="3" offset="70" path="1" />
                <BranchPoint vc="0" uspid="1929" ordinal="4" offset="84" path="0" />
                <BranchPoint vc="0" uspid="1930" ordinal="5" offset="84" path="1" />
                <BranchPoint vc="0" uspid="1931" ordinal="6" offset="207" path="0" />
                <BranchPoint vc="0" uspid="1932" ordinal="7" offset="207" path="1" />
                <BranchPoint vc="0" uspid="1933" ordinal="8" offset="261" path="0" />
                <BranchPoint vc="0" uspid="1934" ordinal="9" offset="261" path="1" />
              </BranchPoints>
              <MethodPoint vc="0" uspid="1924" ordinal="0" offset="0" />
            </Method>
          </Methods>
        </Class>
        <Class>
          <Summary numSequencePoints="1" visitedSequencePoints="0" numBranchPoints="1" visitedBranchPoints="0" sequenceCoverage="0" branchCoverage="0" maxCyclomaticComplexity="1" minCyclomaticComplexity="1" />
          <FullName>SigStat.Common.Transforms.AddVector/&lt;&gt;c__DisplayClass10_0</FullName>
          <Methods>
            <Method visited="false" cyclomaticComplexity="1" sequenceCoverage="0" branchCoverage="0" isConstructor="true" isStatic="false" isGetter="false" isSetter="false">
              <Summary numSequencePoints="0" visitedSequencePoints="0" numBranchPoints="0" visitedBranchPoints="0" sequenceCoverage="0" branchCoverage="0" maxCyclomaticComplexity="1" minCyclomaticComplexity="1" />
              <MetadataToken>100664242</MetadataToken>
              <Name>System.Void SigStat.Common.Transforms.AddVector/&lt;&gt;c__DisplayClass10_0::.ctor()</Name>
              <SequencePoints />
              <BranchPoints />
              <MethodPoint vc="0" uspid="1935" ordinal="0" offset="0" />
            </Method>
            <Method visited="false" cyclomaticComplexity="1" sequenceCoverage="0" branchCoverage="0" isConstructor="false" isStatic="false" isGetter="false" isSetter="false">
              <Summary numSequencePoints="1" visitedSequencePoints="0" numBranchPoints="1" visitedBranchPoints="0" sequenceCoverage="0" branchCoverage="0" maxCyclomaticComplexity="1" minCyclomaticComplexity="1" />
              <MetadataToken>100664243</MetadataToken>
              <Name>System.Collections.Generic.List`1&lt;System.Double&gt; SigStat.Common.Transforms.AddVector/&lt;&gt;c__DisplayClass10_0::&lt;Transform&gt;b__0(SigStat.Common.FeatureDescriptor`1&lt;System.Collections.Generic.List`1&lt;System.Double&gt;&gt;)</Name>
              <FileRef uid="76" />
              <SequencePoints>
                <SequencePoint vc="0" uspid="1936" ordinal="0" offset="0" sl="58" sc="54" el="58" ec="79" />
              </SequencePoints>
              <BranchPoints />
              <MethodPoint xsi:type="SequencePoint" vc="0" uspid="1936" ordinal="0" offset="0" sl="58" sc="54" el="58" ec="79" />
            </Method>
          </Methods>
        </Class>
        <Class>
          <Summary numSequencePoints="14" visitedSequencePoints="0" numBranchPoints="7" visitedBranchPoints="0" sequenceCoverage="0" branchCoverage="0" maxCyclomaticComplexity="1" minCyclomaticComplexity="1" />
          <FullName>SigStat.Common.Transforms.Extrema</FullName>
          <Methods>
            <Method visited="false" cyclomaticComplexity="1" sequenceCoverage="0" branchCoverage="0" isConstructor="false" isStatic="false" isGetter="true" isSetter="false">
              <Summary numSequencePoints="1" visitedSequencePoints="0" numBranchPoints="1" visitedBranchPoints="0" sequenceCoverage="0" branchCoverage="0" maxCyclomaticComplexity="1" minCyclomaticComplexity="1" />
              <MetadataToken>100663608</MetadataToken>
              <Name>SigStat.Common.FeatureDescriptor`1&lt;System.Collections.Generic.List`1&lt;System.Double&gt;&gt; SigStat.Common.Transforms.Extrema::get_Input()</Name>
              <FileRef uid="78" />
              <SequencePoints>
                <SequencePoint vc="0" uspid="1937" ordinal="0" offset="0" sl="24" sc="49" el="24" ec="53" />
              </SequencePoints>
              <BranchPoints />
              <MethodPoint xsi:type="SequencePoint" vc="0" uspid="1937" ordinal="0" offset="0" sl="24" sc="49" el="24" ec="53" />
            </Method>
            <Method visited="false" cyclomaticComplexity="1" sequenceCoverage="0" branchCoverage="0" isConstructor="false" isStatic="false" isGetter="false" isSetter="true">
              <Summary numSequencePoints="1" visitedSequencePoints="0" numBranchPoints="1" visitedBranchPoints="0" sequenceCoverage="0" branchCoverage="0" maxCyclomaticComplexity="1" minCyclomaticComplexity="1" />
              <MetadataToken>100663609</MetadataToken>
              <Name>System.Void SigStat.Common.Transforms.Extrema::set_Input(SigStat.Common.FeatureDescriptor`1&lt;System.Collections.Generic.List`1&lt;System.Double&gt;&gt;)</Name>
              <FileRef uid="78" />
              <SequencePoints>
                <SequencePoint vc="0" uspid="1938" ordinal="0" offset="0" sl="24" sc="54" el="24" ec="58" />
              </SequencePoints>
              <BranchPoints />
              <MethodPoint xsi:type="SequencePoint" vc="0" uspid="1938" ordinal="0" offset="0" sl="24" sc="54" el="24" ec="58" />
            </Method>
            <Method visited="false" cyclomaticComplexity="1" sequenceCoverage="0" branchCoverage="0" isConstructor="false" isStatic="false" isGetter="true" isSetter="false">
              <Summary numSequencePoints="1" visitedSequencePoints="0" numBranchPoints="1" visitedBranchPoints="0" sequenceCoverage="0" branchCoverage="0" maxCyclomaticComplexity="1" minCyclomaticComplexity="1" />
              <MetadataToken>100663610</MetadataToken>
              <Name>SigStat.Common.FeatureDescriptor`1&lt;System.Collections.Generic.List`1&lt;System.Double&gt;&gt; SigStat.Common.Transforms.Extrema::get_OutputMin()</Name>
              <FileRef uid="78" />
              <SequencePoints>
                <SequencePoint vc="0" uspid="1939" ordinal="0" offset="0" sl="27" sc="53" el="27" ec="57" />
              </SequencePoints>
              <BranchPoints />
              <MethodPoint xsi:type="SequencePoint" vc="0" uspid="1939" ordinal="0" offset="0" sl="27" sc="53" el="27" ec="57" />
            </Method>
            <Method visited="false" cyclomaticComplexity="1" sequenceCoverage="0" branchCoverage="0" isConstructor="false" isStatic="false" isGetter="false" isSetter="true">
              <Summary numSequencePoints="1" visitedSequencePoints="0" numBranchPoints="1" visitedBranchPoints="0" sequenceCoverage="0" branchCoverage="0" maxCyclomaticComplexity="1" minCyclomaticComplexity="1" />
              <MetadataToken>100663611</MetadataToken>
              <Name>System.Void SigStat.Common.Transforms.Extrema::set_OutputMin(SigStat.Common.FeatureDescriptor`1&lt;System.Collections.Generic.List`1&lt;System.Double&gt;&gt;)</Name>
              <FileRef uid="78" />
              <SequencePoints>
                <SequencePoint vc="0" uspid="1940" ordinal="0" offset="0" sl="27" sc="58" el="27" ec="62" />
              </SequencePoints>
              <BranchPoints />
              <MethodPoint xsi:type="SequencePoint" vc="0" uspid="1940" ordinal="0" offset="0" sl="27" sc="58" el="27" ec="62" />
            </Method>
            <Method visited="false" cyclomaticComplexity="1" sequenceCoverage="0" branchCoverage="0" isConstructor="false" isStatic="false" isGetter="true" isSetter="false">
              <Summary numSequencePoints="1" visitedSequencePoints="0" numBranchPoints="1" visitedBranchPoints="0" sequenceCoverage="0" branchCoverage="0" maxCyclomaticComplexity="1" minCyclomaticComplexity="1" />
              <MetadataToken>100663612</MetadataToken>
              <Name>SigStat.Common.FeatureDescriptor`1&lt;System.Collections.Generic.List`1&lt;System.Double&gt;&gt; SigStat.Common.Transforms.Extrema::get_OutputMax()</Name>
              <FileRef uid="78" />
              <SequencePoints>
                <SequencePoint vc="0" uspid="1941" ordinal="0" offset="0" sl="30" sc="53" el="30" ec="57" />
              </SequencePoints>
              <BranchPoints />
              <MethodPoint xsi:type="SequencePoint" vc="0" uspid="1941" ordinal="0" offset="0" sl="30" sc="53" el="30" ec="57" />
            </Method>
            <Method visited="false" cyclomaticComplexity="1" sequenceCoverage="0" branchCoverage="0" isConstructor="false" isStatic="false" isGetter="false" isSetter="true">
              <Summary numSequencePoints="1" visitedSequencePoints="0" numBranchPoints="1" visitedBranchPoints="0" sequenceCoverage="0" branchCoverage="0" maxCyclomaticComplexity="1" minCyclomaticComplexity="1" />
              <MetadataToken>100663613</MetadataToken>
              <Name>System.Void SigStat.Common.Transforms.Extrema::set_OutputMax(SigStat.Common.FeatureDescriptor`1&lt;System.Collections.Generic.List`1&lt;System.Double&gt;&gt;)</Name>
              <FileRef uid="78" />
              <SequencePoints>
                <SequencePoint vc="0" uspid="1942" ordinal="0" offset="0" sl="30" sc="58" el="30" ec="62" />
              </SequencePoints>
              <BranchPoints />
              <MethodPoint xsi:type="SequencePoint" vc="0" uspid="1942" ordinal="0" offset="0" sl="30" sc="58" el="30" ec="62" />
            </Method>
            <Method visited="false" cyclomaticComplexity="1" sequenceCoverage="0" branchCoverage="0" isConstructor="false" isStatic="false" isGetter="false" isSetter="false">
              <Summary numSequencePoints="8" visitedSequencePoints="0" numBranchPoints="1" visitedBranchPoints="0" sequenceCoverage="0" branchCoverage="0" maxCyclomaticComplexity="1" minCyclomaticComplexity="1" />
              <MetadataToken>100663614</MetadataToken>
              <Name>System.Void SigStat.Common.Transforms.Extrema::Transform(SigStat.Common.Signature)</Name>
              <FileRef uid="78" />
              <SequencePoints>
                <SequencePoint vc="0" uspid="1943" ordinal="0" offset="0" sl="35" sc="13" el="35" ec="77" />
                <SequencePoint vc="0" uspid="1944" ordinal="1" offset="13" sl="37" sc="13" el="37" ec="39" />
                <SequencePoint vc="0" uspid="1945" ordinal="2" offset="20" sl="38" sc="13" el="38" ec="39" />
                <SequencePoint vc="0" uspid="1946" ordinal="3" offset="27" sl="40" sc="13" el="40" ec="136" />
                <SequencePoint vc="0" uspid="1947" ordinal="4" offset="85" sl="42" sc="13" el="42" ec="71" />
                <SequencePoint vc="0" uspid="1948" ordinal="5" offset="109" sl="43" sc="13" el="43" ec="71" />
                <SequencePoint vc="0" uspid="1949" ordinal="6" offset="133" sl="44" sc="13" el="44" ec="28" />
                <SequencePoint vc="0" uspid="1950" ordinal="7" offset="141" sl="45" sc="9" el="45" ec="10" />
              </SequencePoints>
              <BranchPoints />
              <MethodPoint xsi:type="SequencePoint" vc="0" uspid="1943" ordinal="0" offset="0" sl="35" sc="13" el="35" ec="77" />
            </Method>
            <Method visited="false" cyclomaticComplexity="1" sequenceCoverage="0" branchCoverage="0" isConstructor="true" isStatic="false" isGetter="false" isSetter="false">
              <Summary numSequencePoints="0" visitedSequencePoints="0" numBranchPoints="0" visitedBranchPoints="0" sequenceCoverage="0" branchCoverage="0" maxCyclomaticComplexity="1" minCyclomaticComplexity="1" />
              <MetadataToken>100663615</MetadataToken>
              <Name>System.Void SigStat.Common.Transforms.Extrema::.ctor()</Name>
              <SequencePoints />
              <BranchPoints />
              <MethodPoint vc="0" uspid="1951" ordinal="0" offset="0" />
            </Method>
          </Methods>
        </Class>
        <Class>
          <Summary numSequencePoints="19" visitedSequencePoints="0" numBranchPoints="8" visitedBranchPoints="0" sequenceCoverage="0" branchCoverage="0" maxCyclomaticComplexity="2" minCyclomaticComplexity="1" />
          <FullName>SigStat.Common.Transforms.Map</FullName>
          <Methods>
            <Method visited="false" cyclomaticComplexity="1" sequenceCoverage="0" branchCoverage="0" isConstructor="false" isStatic="false" isGetter="true" isSetter="false">
              <Summary numSequencePoints="1" visitedSequencePoints="0" numBranchPoints="1" visitedBranchPoints="0" sequenceCoverage="0" branchCoverage="0" maxCyclomaticComplexity="1" minCyclomaticComplexity="1" />
              <MetadataToken>100663616</MetadataToken>
              <Name>SigStat.Common.FeatureDescriptor`1&lt;System.Collections.Generic.List`1&lt;System.Double&gt;&gt; SigStat.Common.Transforms.Map::get_Input()</Name>
              <FileRef uid="79" />
              <SequencePoints>
                <SequencePoint vc="0" uspid="1952" ordinal="0" offset="0" sl="21" sc="56" el="21" ec="60" />
              </SequencePoints>
              <BranchPoints />
              <MethodPoint xsi:type="SequencePoint" vc="0" uspid="1952" ordinal="0" offset="0" sl="21" sc="56" el="21" ec="60" />
            </Method>
            <Method visited="false" cyclomaticComplexity="1" sequenceCoverage="0" branchCoverage="0" isConstructor="false" isStatic="false" isGetter="false" isSetter="true">
              <Summary numSequencePoints="1" visitedSequencePoints="0" numBranchPoints="1" visitedBranchPoints="0" sequenceCoverage="0" branchCoverage="0" maxCyclomaticComplexity="1" minCyclomaticComplexity="1" />
              <MetadataToken>100663617</MetadataToken>
              <Name>System.Void SigStat.Common.Transforms.Map::set_Input(SigStat.Common.FeatureDescriptor`1&lt;System.Collections.Generic.List`1&lt;System.Double&gt;&gt;)</Name>
              <FileRef uid="79" />
              <SequencePoints>
                <SequencePoint vc="0" uspid="1953" ordinal="0" offset="0" sl="21" sc="61" el="21" ec="65" />
              </SequencePoints>
              <BranchPoints />
              <MethodPoint xsi:type="SequencePoint" vc="0" uspid="1953" ordinal="0" offset="0" sl="21" sc="61" el="21" ec="65" />
            </Method>
            <Method visited="false" cyclomaticComplexity="1" sequenceCoverage="0" branchCoverage="0" isConstructor="false" isStatic="false" isGetter="true" isSetter="false">
              <Summary numSequencePoints="1" visitedSequencePoints="0" numBranchPoints="1" visitedBranchPoints="0" sequenceCoverage="0" branchCoverage="0" maxCyclomaticComplexity="1" minCyclomaticComplexity="1" />
              <MetadataToken>100663618</MetadataToken>
              <Name>SigStat.Common.FeatureDescriptor`1&lt;System.Collections.Generic.List`1&lt;System.Double&gt;&gt; SigStat.Common.Transforms.Map::get_Output()</Name>
              <FileRef uid="79" />
              <SequencePoints>
                <SequencePoint vc="0" uspid="1954" ordinal="0" offset="0" sl="24" sc="57" el="24" ec="61" />
              </SequencePoints>
              <BranchPoints />
              <MethodPoint xsi:type="SequencePoint" vc="0" uspid="1954" ordinal="0" offset="0" sl="24" sc="57" el="24" ec="61" />
            </Method>
            <Method visited="false" cyclomaticComplexity="1" sequenceCoverage="0" branchCoverage="0" isConstructor="false" isStatic="false" isGetter="false" isSetter="true">
              <Summary numSequencePoints="1" visitedSequencePoints="0" numBranchPoints="1" visitedBranchPoints="0" sequenceCoverage="0" branchCoverage="0" maxCyclomaticComplexity="1" minCyclomaticComplexity="1" />
              <MetadataToken>100663619</MetadataToken>
              <Name>System.Void SigStat.Common.Transforms.Map::set_Output(SigStat.Common.FeatureDescriptor`1&lt;System.Collections.Generic.List`1&lt;System.Double&gt;&gt;)</Name>
              <FileRef uid="79" />
              <SequencePoints>
                <SequencePoint vc="0" uspid="1955" ordinal="0" offset="0" sl="24" sc="62" el="24" ec="66" />
              </SequencePoints>
              <BranchPoints />
              <MethodPoint xsi:type="SequencePoint" vc="0" uspid="1955" ordinal="0" offset="0" sl="24" sc="62" el="24" ec="66" />
            </Method>
            <Method visited="false" cyclomaticComplexity="1" sequenceCoverage="0" branchCoverage="0" isConstructor="true" isStatic="false" isGetter="false" isSetter="false">
              <Summary numSequencePoints="4" visitedSequencePoints="0" numBranchPoints="1" visitedBranchPoints="0" sequenceCoverage="0" branchCoverage="0" maxCyclomaticComplexity="1" minCyclomaticComplexity="1" />
              <MetadataToken>100663620</MetadataToken>
              <Name>System.Void SigStat.Common.Transforms.Map::.ctor(System.Double,System.Double)</Name>
              <FileRef uid="79" />
              <SequencePoints>
                <SequencePoint vc="0" uspid="1956" ordinal="0" offset="0" sl="32" sc="9" el="32" ec="49" />
                <SequencePoint vc="0" uspid="1957" ordinal="1" offset="6" sl="34" sc="13" el="34" ec="30" />
                <SequencePoint vc="0" uspid="1958" ordinal="2" offset="13" sl="35" sc="13" el="35" ec="30" />
                <SequencePoint vc="0" uspid="1959" ordinal="3" offset="20" sl="36" sc="9" el="36" ec="10" />
              </SequencePoints>
              <BranchPoints />
              <MethodPoint xsi:type="SequencePoint" vc="0" uspid="1956" ordinal="0" offset="0" sl="32" sc="9" el="32" ec="49" />
            </Method>
            <Method visited="false" cyclomaticComplexity="2" sequenceCoverage="0" branchCoverage="0" isConstructor="false" isStatic="false" isGetter="false" isSetter="false">
              <Summary numSequencePoints="11" visitedSequencePoints="0" numBranchPoints="3" visitedBranchPoints="0" sequenceCoverage="0" branchCoverage="0" maxCyclomaticComplexity="2" minCyclomaticComplexity="2" />
              <MetadataToken>100663621</MetadataToken>
              <Name>System.Void SigStat.Common.Transforms.Map::Transform(SigStat.Common.Signature)</Name>
              <FileRef uid="79" />
              <SequencePoints>
                <SequencePoint vc="0" uspid="1960" ordinal="0" offset="0" sl="41" sc="13" el="41" ec="54" />
                <SequencePoint vc="0" uspid="1961" ordinal="1" offset="13" sl="44" sc="13" el="44" ec="39" />
                <SequencePoint vc="0" uspid="1962" ordinal="2" offset="20" sl="45" sc="13" el="45" ec="39" />
                <SequencePoint vc="0" uspid="1963" ordinal="3" offset="27" sl="48" sc="18" el="48" ec="27" />
                <SequencePoint vc="0" uspid="1964" ordinal="4" offset="31" sl="50" sc="17" el="50" ec="60" />
                <SequencePoint vc="0" uspid="1965" ordinal="5" offset="46" sl="51" sc="17" el="51" ec="53" />
                <SequencePoint vc="0" uspid="1966" ordinal="6" offset="82" sl="52" sc="17" el="52" ec="48" />
                <SequencePoint vc="0" uspid="1967" ordinal="7" offset="104" sl="48" sc="47" el="48" ec="50" />
                <SequencePoint vc="0" uspid="1968" ordinal="8" offset="108" sl="48" sc="29" el="48" ec="45" />
                <SequencePoint vc="0" uspid="1969" ordinal="9" offset="117" sl="55" sc="13" el="55" ec="50" />
                <SequencePoint vc="0" uspid="1970" ordinal="10" offset="130" sl="57" sc="9" el="57" ec="10" />
              </SequencePoints>
              <BranchPoints>
                <BranchPoint vc="0" uspid="1971" ordinal="0" offset="115" path="0" />
                <BranchPoint vc="0" uspid="1972" ordinal="1" offset="115" path="1" />
              </BranchPoints>
              <MethodPoint xsi:type="SequencePoint" vc="0" uspid="1960" ordinal="0" offset="0" sl="41" sc="13" el="41" ec="54" />
            </Method>
          </Methods>
        </Class>
        <Class>
          <Summary numSequencePoints="15" visitedSequencePoints="0" numBranchPoints="8" visitedBranchPoints="0" sequenceCoverage="0" branchCoverage="0" maxCyclomaticComplexity="2" minCyclomaticComplexity="1" />
          <FullName>SigStat.Common.Transforms.Multiply</FullName>
          <Methods>
            <Method visited="false" cyclomaticComplexity="1" sequenceCoverage="0" branchCoverage="0" isConstructor="false" isStatic="false" isGetter="true" isSetter="false">
              <Summary numSequencePoints="1" visitedSequencePoints="0" numBranchPoints="1" visitedBranchPoints="0" sequenceCoverage="0" branchCoverage="0" maxCyclomaticComplexity="1" minCyclomaticComplexity="1" />
              <MetadataToken>100663622</MetadataToken>
              <Name>SigStat.Common.FeatureDescriptor`1&lt;System.Collections.Generic.List`1&lt;System.Double&gt;&gt; SigStat.Common.Transforms.Multiply::get_InputList()</Name>
              <FileRef uid="80" />
              <SequencePoints>
                <SequencePoint vc="0" uspid="1973" ordinal="0" offset="0" sl="28" sc="60" el="28" ec="64" />
              </SequencePoints>
              <BranchPoints />
              <MethodPoint xsi:type="SequencePoint" vc="0" uspid="1973" ordinal="0" offset="0" sl="28" sc="60" el="28" ec="64" />
            </Method>
            <Method visited="false" cyclomaticComplexity="1" sequenceCoverage="0" branchCoverage="0" isConstructor="false" isStatic="false" isGetter="false" isSetter="true">
              <Summary numSequencePoints="1" visitedSequencePoints="0" numBranchPoints="1" visitedBranchPoints="0" sequenceCoverage="0" branchCoverage="0" maxCyclomaticComplexity="1" minCyclomaticComplexity="1" />
              <MetadataToken>100663623</MetadataToken>
              <Name>System.Void SigStat.Common.Transforms.Multiply::set_InputList(SigStat.Common.FeatureDescriptor`1&lt;System.Collections.Generic.List`1&lt;System.Double&gt;&gt;)</Name>
              <FileRef uid="80" />
              <SequencePoints>
                <SequencePoint vc="0" uspid="1974" ordinal="0" offset="0" sl="28" sc="65" el="28" ec="69" />
              </SequencePoints>
              <BranchPoints />
              <MethodPoint xsi:type="SequencePoint" vc="0" uspid="1974" ordinal="0" offset="0" sl="28" sc="65" el="28" ec="69" />
            </Method>
            <Method visited="false" cyclomaticComplexity="1" sequenceCoverage="0" branchCoverage="0" isConstructor="false" isStatic="false" isGetter="true" isSetter="false">
              <Summary numSequencePoints="1" visitedSequencePoints="0" numBranchPoints="1" visitedBranchPoints="0" sequenceCoverage="0" branchCoverage="0" maxCyclomaticComplexity="1" minCyclomaticComplexity="1" />
              <MetadataToken>100663624</MetadataToken>
              <Name>SigStat.Common.FeatureDescriptor`1&lt;System.Collections.Generic.List`1&lt;System.Double&gt;&gt; SigStat.Common.Transforms.Multiply::get_Output()</Name>
              <FileRef uid="80" />
              <SequencePoints>
                <SequencePoint vc="0" uspid="1975" ordinal="0" offset="0" sl="31" sc="57" el="31" ec="61" />
              </SequencePoints>
              <BranchPoints />
              <MethodPoint xsi:type="SequencePoint" vc="0" uspid="1975" ordinal="0" offset="0" sl="31" sc="57" el="31" ec="61" />
            </Method>
            <Method visited="false" cyclomaticComplexity="1" sequenceCoverage="0" branchCoverage="0" isConstructor="false" isStatic="false" isGetter="false" isSetter="true">
              <Summary numSequencePoints="1" visitedSequencePoints="0" numBranchPoints="1" visitedBranchPoints="0" sequenceCoverage="0" branchCoverage="0" maxCyclomaticComplexity="1" minCyclomaticComplexity="1" />
              <MetadataToken>100663625</MetadataToken>
              <Name>System.Void SigStat.Common.Transforms.Multiply::set_Output(SigStat.Common.FeatureDescriptor`1&lt;System.Collections.Generic.List`1&lt;System.Double&gt;&gt;)</Name>
              <FileRef uid="80" />
              <SequencePoints>
                <SequencePoint vc="0" uspid="1976" ordinal="0" offset="0" sl="31" sc="62" el="31" ec="66" />
              </SequencePoints>
              <BranchPoints />
              <MethodPoint xsi:type="SequencePoint" vc="0" uspid="1976" ordinal="0" offset="0" sl="31" sc="62" el="31" ec="66" />
            </Method>
            <Method visited="false" cyclomaticComplexity="1" sequenceCoverage="0" branchCoverage="0" isConstructor="true" isStatic="false" isGetter="false" isSetter="false">
              <Summary numSequencePoints="3" visitedSequencePoints="0" numBranchPoints="1" visitedBranchPoints="0" sequenceCoverage="0" branchCoverage="0" maxCyclomaticComplexity="1" minCyclomaticComplexity="1" />
              <MetadataToken>100663626</MetadataToken>
              <Name>System.Void SigStat.Common.Transforms.Multiply::.ctor(System.Double)</Name>
              <FileRef uid="80" />
              <SequencePoints>
                <SequencePoint vc="0" uspid="1977" ordinal="0" offset="0" sl="35" sc="9" el="35" ec="40" />
                <SequencePoint vc="0" uspid="1978" ordinal="1" offset="6" sl="37" sc="13" el="37" ec="36" />
                <SequencePoint vc="0" uspid="1979" ordinal="2" offset="13" sl="38" sc="9" el="38" ec="10" />
              </SequencePoints>
              <BranchPoints />
              <MethodPoint xsi:type="SequencePoint" vc="0" uspid="1977" ordinal="0" offset="0" sl="35" sc="9" el="35" ec="40" />
            </Method>
            <Method visited="false" cyclomaticComplexity="2" sequenceCoverage="0" branchCoverage="0" isConstructor="false" isStatic="false" isGetter="false" isSetter="false">
              <Summary numSequencePoints="8" visitedSequencePoints="0" numBranchPoints="3" visitedBranchPoints="0" sequenceCoverage="0" branchCoverage="0" maxCyclomaticComplexity="2" minCyclomaticComplexity="2" />
              <MetadataToken>100663627</MetadataToken>
              <Name>System.Void SigStat.Common.Transforms.Multiply::Transform(SigStat.Common.Signature)</Name>
              <FileRef uid="80" />
              <SequencePoints>
                <SequencePoint vc="0" uspid="1980" ordinal="0" offset="0" sl="57" sc="17" el="57" ec="62" />
                <SequencePoint vc="0" uspid="1981" ordinal="1" offset="13" sl="58" sc="22" el="58" ec="31" />
                <SequencePoint vc="0" uspid="1982" ordinal="2" offset="17" sl="60" sc="21" el="60" ec="53" />
                <SequencePoint vc="0" uspid="1983" ordinal="3" offset="38" sl="58" sc="51" el="58" ec="54" />
                <SequencePoint vc="0" uspid="1984" ordinal="4" offset="42" sl="58" sc="33" el="58" ec="49" />
                <SequencePoint vc="0" uspid="1985" ordinal="5" offset="51" sl="62" sc="17" el="62" ec="54" />
                <SequencePoint vc="0" uspid="1986" ordinal="6" offset="64" sl="71" sc="13" el="71" ec="28" />
                <SequencePoint vc="0" uspid="1987" ordinal="7" offset="72" sl="72" sc="9" el="72" ec="10" />
              </SequencePoints>
              <BranchPoints>
                <BranchPoint vc="0" uspid="1988" ordinal="0" offset="49" path="0" />
                <BranchPoint vc="0" uspid="1989" ordinal="1" offset="49" path="1" />
              </BranchPoints>
              <MethodPoint xsi:type="SequencePoint" vc="0" uspid="1980" ordinal="0" offset="0" sl="57" sc="17" el="57" ec="62" />
            </Method>
          </Methods>
        </Class>
        <Class>
          <Summary numSequencePoints="14" visitedSequencePoints="0" numBranchPoints="7" visitedBranchPoints="0" sequenceCoverage="0" branchCoverage="0" maxCyclomaticComplexity="2" minCyclomaticComplexity="1" />
          <FullName>SigStat.Common.Transforms.Normalize</FullName>
          <Methods>
            <Method visited="false" cyclomaticComplexity="1" sequenceCoverage="0" branchCoverage="0" isConstructor="false" isStatic="false" isGetter="true" isSetter="false">
              <Summary numSequencePoints="1" visitedSequencePoints="0" numBranchPoints="1" visitedBranchPoints="0" sequenceCoverage="0" branchCoverage="0" maxCyclomaticComplexity="1" minCyclomaticComplexity="1" />
              <MetadataToken>100663628</MetadataToken>
              <Name>SigStat.Common.FeatureDescriptor`1&lt;System.Collections.Generic.List`1&lt;System.Double&gt;&gt; SigStat.Common.Transforms.Normalize::get_Input()</Name>
              <FileRef uid="81" />
              <SequencePoints>
                <SequencePoint vc="0" uspid="1990" ordinal="0" offset="0" sl="22" sc="56" el="22" ec="60" />
              </SequencePoints>
              <BranchPoints />
              <MethodPoint xsi:type="SequencePoint" vc="0" uspid="1990" ordinal="0" offset="0" sl="22" sc="56" el="22" ec="60" />
            </Method>
            <Method visited="false" cyclomaticComplexity="1" sequenceCoverage="0" branchCoverage="0" isConstructor="false" isStatic="false" isGetter="false" isSetter="true">
              <Summary numSequencePoints="1" visitedSequencePoints="0" numBranchPoints="1" visitedBranchPoints="0" sequenceCoverage="0" branchCoverage="0" maxCyclomaticComplexity="1" minCyclomaticComplexity="1" />
              <MetadataToken>100663629</MetadataToken>
              <Name>System.Void SigStat.Common.Transforms.Normalize::set_Input(SigStat.Common.FeatureDescriptor`1&lt;System.Collections.Generic.List`1&lt;System.Double&gt;&gt;)</Name>
              <FileRef uid="81" />
              <SequencePoints>
                <SequencePoint vc="0" uspid="1991" ordinal="0" offset="0" sl="22" sc="61" el="22" ec="65" />
              </SequencePoints>
              <BranchPoints />
              <MethodPoint xsi:type="SequencePoint" vc="0" uspid="1991" ordinal="0" offset="0" sl="22" sc="61" el="22" ec="65" />
            </Method>
            <Method visited="false" cyclomaticComplexity="1" sequenceCoverage="0" branchCoverage="0" isConstructor="false" isStatic="false" isGetter="true" isSetter="false">
              <Summary numSequencePoints="1" visitedSequencePoints="0" numBranchPoints="1" visitedBranchPoints="0" sequenceCoverage="0" branchCoverage="0" maxCyclomaticComplexity="1" minCyclomaticComplexity="1" />
              <MetadataToken>100663630</MetadataToken>
              <Name>SigStat.Common.FeatureDescriptor`1&lt;System.Collections.Generic.List`1&lt;System.Double&gt;&gt; SigStat.Common.Transforms.Normalize::get_Output()</Name>
              <FileRef uid="81" />
              <SequencePoints>
                <SequencePoint vc="0" uspid="1992" ordinal="0" offset="0" sl="25" sc="57" el="25" ec="61" />
              </SequencePoints>
              <BranchPoints />
              <MethodPoint xsi:type="SequencePoint" vc="0" uspid="1992" ordinal="0" offset="0" sl="25" sc="57" el="25" ec="61" />
            </Method>
            <Method visited="false" cyclomaticComplexity="1" sequenceCoverage="0" branchCoverage="0" isConstructor="false" isStatic="false" isGetter="false" isSetter="true">
              <Summary numSequencePoints="1" visitedSequencePoints="0" numBranchPoints="1" visitedBranchPoints="0" sequenceCoverage="0" branchCoverage="0" maxCyclomaticComplexity="1" minCyclomaticComplexity="1" />
              <MetadataToken>100663631</MetadataToken>
              <Name>System.Void SigStat.Common.Transforms.Normalize::set_Output(SigStat.Common.FeatureDescriptor`1&lt;System.Collections.Generic.List`1&lt;System.Double&gt;&gt;)</Name>
              <FileRef uid="81" />
              <SequencePoints>
                <SequencePoint vc="0" uspid="1993" ordinal="0" offset="0" sl="25" sc="62" el="25" ec="66" />
              </SequencePoints>
              <BranchPoints />
              <MethodPoint xsi:type="SequencePoint" vc="0" uspid="1993" ordinal="0" offset="0" sl="25" sc="62" el="25" ec="66" />
            </Method>
            <Method visited="false" cyclomaticComplexity="2" sequenceCoverage="0" branchCoverage="0" isConstructor="false" isStatic="false" isGetter="false" isSetter="false">
              <Summary numSequencePoints="10" visitedSequencePoints="0" numBranchPoints="3" visitedBranchPoints="0" sequenceCoverage="0" branchCoverage="0" maxCyclomaticComplexity="2" minCyclomaticComplexity="2" />
              <MetadataToken>100663632</MetadataToken>
              <Name>System.Void SigStat.Common.Transforms.Normalize::Transform(SigStat.Common.Signature)</Name>
              <FileRef uid="81" />
              <SequencePoints>
                <SequencePoint vc="0" uspid="1994" ordinal="0" offset="0" sl="30" sc="13" el="30" ec="72" />
                <SequencePoint vc="0" uspid="1995" ordinal="1" offset="18" sl="31" sc="13" el="31" ec="39" />
                <SequencePoint vc="0" uspid="1996" ordinal="2" offset="25" sl="32" sc="13" el="32" ec="39" />
                <SequencePoint vc="0" uspid="1997" ordinal="3" offset="32" sl="34" sc="18" el="34" ec="27" />
                <SequencePoint vc="0" uspid="1998" ordinal="4" offset="36" sl="36" sc="17" el="36" ec="61" />
                <SequencePoint vc="0" uspid="1999" ordinal="5" offset="56" sl="37" sc="17" el="37" ec="48" />
                <SequencePoint vc="0" uspid="2000" ordinal="6" offset="78" sl="34" sc="47" el="34" ec="50" />
                <SequencePoint vc="0" uspid="2001" ordinal="7" offset="82" sl="34" sc="29" el="34" ec="45" />
                <SequencePoint vc="0" uspid="2002" ordinal="8" offset="91" sl="40" sc="13" el="40" ec="50" />
                <SequencePoint vc="0" uspid="2003" ordinal="9" offset="104" sl="41" sc="9" el="41" ec="10" />
              </SequencePoints>
              <BranchPoints>
                <BranchPoint vc="0" uspid="2004" ordinal="0" offset="89" path="0" />
                <BranchPoint vc="0" uspid="2005" ordinal="1" offset="89" path="1" />
              </BranchPoints>
              <MethodPoint xsi:type="SequencePoint" vc="0" uspid="1994" ordinal="0" offset="0" sl="30" sc="13" el="30" ec="72" />
            </Method>
            <Method visited="false" cyclomaticComplexity="1" sequenceCoverage="0" branchCoverage="0" isConstructor="true" isStatic="false" isGetter="false" isSetter="false">
              <Summary numSequencePoints="0" visitedSequencePoints="0" numBranchPoints="0" visitedBranchPoints="0" sequenceCoverage="0" branchCoverage="0" maxCyclomaticComplexity="1" minCyclomaticComplexity="1" />
              <MetadataToken>100663633</MetadataToken>
              <Name>System.Void SigStat.Common.Transforms.Normalize::.ctor()</Name>
              <SequencePoints />
              <BranchPoints />
              <MethodPoint vc="0" uspid="2006" ordinal="0" offset="0" />
            </Method>
          </Methods>
        </Class>
        <Class>
          <Summary numSequencePoints="66" visitedSequencePoints="0" numBranchPoints="33" visitedBranchPoints="0" sequenceCoverage="0" branchCoverage="0" maxCyclomaticComplexity="7" minCyclomaticComplexity="1" />
          <FullName>SigStat.Common.Transforms.Binarization</FullName>
          <Methods>
            <Method visited="false" cyclomaticComplexity="1" sequenceCoverage="0" branchCoverage="0" isConstructor="false" isStatic="false" isGetter="true" isSetter="false">
              <Summary numSequencePoints="1" visitedSequencePoints="0" numBranchPoints="1" visitedBranchPoints="0" sequenceCoverage="0" branchCoverage="0" maxCyclomaticComplexity="1" minCyclomaticComplexity="1" />
              <MetadataToken>100663636</MetadataToken>
              <Name>SigStat.Common.FeatureDescriptor`1&lt;SixLabors.ImageSharp.Image`1&lt;SixLabors.ImageSharp.PixelFormats.Rgba32&gt;&gt; SigStat.Common.Transforms.Binarization::get_InputImage()</Name>
              <FileRef uid="82" />
              <SequencePoints>
                <SequencePoint vc="0" uspid="2007" ordinal="0" offset="0" sl="50" sc="62" el="50" ec="66" />
              </SequencePoints>
              <BranchPoints />
              <MethodPoint xsi:type="SequencePoint" vc="0" uspid="2007" ordinal="0" offset="0" sl="50" sc="62" el="50" ec="66" />
            </Method>
            <Method visited="false" cyclomaticComplexity="1" sequenceCoverage="0" branchCoverage="0" isConstructor="false" isStatic="false" isGetter="false" isSetter="true">
              <Summary numSequencePoints="1" visitedSequencePoints="0" numBranchPoints="1" visitedBranchPoints="0" sequenceCoverage="0" branchCoverage="0" maxCyclomaticComplexity="1" minCyclomaticComplexity="1" />
              <MetadataToken>100663637</MetadataToken>
              <Name>System.Void SigStat.Common.Transforms.Binarization::set_InputImage(SigStat.Common.FeatureDescriptor`1&lt;SixLabors.ImageSharp.Image`1&lt;SixLabors.ImageSharp.PixelFormats.Rgba32&gt;&gt;)</Name>
              <FileRef uid="82" />
              <SequencePoints>
                <SequencePoint vc="0" uspid="2008" ordinal="0" offset="0" sl="50" sc="67" el="50" ec="71" />
              </SequencePoints>
              <BranchPoints />
              <MethodPoint xsi:type="SequencePoint" vc="0" uspid="2008" ordinal="0" offset="0" sl="50" sc="67" el="50" ec="71" />
            </Method>
            <Method visited="false" cyclomaticComplexity="1" sequenceCoverage="0" branchCoverage="0" isConstructor="false" isStatic="false" isGetter="true" isSetter="false">
              <Summary numSequencePoints="1" visitedSequencePoints="0" numBranchPoints="1" visitedBranchPoints="0" sequenceCoverage="0" branchCoverage="0" maxCyclomaticComplexity="1" minCyclomaticComplexity="1" />
              <MetadataToken>100663638</MetadataToken>
              <Name>SigStat.Common.FeatureDescriptor`1&lt;System.Boolean[0...,0...]&gt; SigStat.Common.Transforms.Binarization::get_OutputMask()</Name>
              <FileRef uid="82" />
              <SequencePoints>
                <SequencePoint vc="0" uspid="2009" ordinal="0" offset="0" sl="53" sc="56" el="53" ec="60" />
              </SequencePoints>
              <BranchPoints />
              <MethodPoint xsi:type="SequencePoint" vc="0" uspid="2009" ordinal="0" offset="0" sl="53" sc="56" el="53" ec="60" />
            </Method>
            <Method visited="false" cyclomaticComplexity="1" sequenceCoverage="0" branchCoverage="0" isConstructor="false" isStatic="false" isGetter="false" isSetter="true">
              <Summary numSequencePoints="1" visitedSequencePoints="0" numBranchPoints="1" visitedBranchPoints="0" sequenceCoverage="0" branchCoverage="0" maxCyclomaticComplexity="1" minCyclomaticComplexity="1" />
              <MetadataToken>100663639</MetadataToken>
              <Name>System.Void SigStat.Common.Transforms.Binarization::set_OutputMask(SigStat.Common.FeatureDescriptor`1&lt;System.Boolean[0...,0...]&gt;)</Name>
              <FileRef uid="82" />
              <SequencePoints>
                <SequencePoint vc="0" uspid="2010" ordinal="0" offset="0" sl="53" sc="61" el="53" ec="65" />
              </SequencePoints>
              <BranchPoints />
              <MethodPoint xsi:type="SequencePoint" vc="0" uspid="2010" ordinal="0" offset="0" sl="53" sc="61" el="53" ec="65" />
            </Method>
            <Method visited="false" cyclomaticComplexity="1" sequenceCoverage="0" branchCoverage="0" isConstructor="true" isStatic="false" isGetter="false" isSetter="false">
              <Summary numSequencePoints="2" visitedSequencePoints="0" numBranchPoints="1" visitedBranchPoints="0" sequenceCoverage="0" branchCoverage="0" maxCyclomaticComplexity="1" minCyclomaticComplexity="1" />
              <MetadataToken>100663634</MetadataToken>
              <Name>System.Void SigStat.Common.Transforms.Binarization::.ctor()</Name>
              <FileRef uid="82" />
              <SequencePoints>
                <SequencePoint vc="0" uspid="2011" ordinal="0" offset="0" sl="35" sc="32" el="35" ec="63" />
                <SequencePoint vc="0" uspid="2012" ordinal="1" offset="16" sl="37" sc="9" el="37" ec="10" />
              </SequencePoints>
              <BranchPoints />
              <MethodPoint xsi:type="SequencePoint" vc="0" uspid="2011" ordinal="0" offset="0" sl="35" sc="32" el="35" ec="63" />
            </Method>
            <Method visited="false" cyclomaticComplexity="1" sequenceCoverage="0" branchCoverage="0" isConstructor="true" isStatic="false" isGetter="false" isSetter="false">
              <Summary numSequencePoints="4" visitedSequencePoints="0" numBranchPoints="1" visitedBranchPoints="0" sequenceCoverage="0" branchCoverage="0" maxCyclomaticComplexity="1" minCyclomaticComplexity="1" />
              <MetadataToken>100663635</MetadataToken>
              <Name>System.Void SigStat.Common.Transforms.Binarization::.ctor(SigStat.Common.Transforms.Binarization/ForegroundType,System.Nullable`1&lt;System.Double&gt;)</Name>
              <FileRef uid="82" />
              <SequencePoints>
                <SequencePoint vc="0" uspid="2013" ordinal="0" offset="0" sl="41" sc="9" el="41" ec="81" />
                <SequencePoint vc="0" uspid="2014" ordinal="1" offset="6" sl="43" sc="13" el="43" ec="50" />
                <SequencePoint vc="0" uspid="2015" ordinal="2" offset="13" sl="44" sc="13" el="44" ec="46" />
                <SequencePoint vc="0" uspid="2016" ordinal="3" offset="20" sl="46" sc="9" el="46" ec="10" />
              </SequencePoints>
              <BranchPoints />
              <MethodPoint xsi:type="SequencePoint" vc="0" uspid="2013" ordinal="0" offset="0" sl="41" sc="9" el="41" ec="81" />
            </Method>
            <Method visited="false" cyclomaticComplexity="7" sequenceCoverage="0" branchCoverage="0" isConstructor="false" isStatic="false" isGetter="false" isSetter="false">
              <Summary numSequencePoints="20" visitedSequencePoints="0" numBranchPoints="13" visitedBranchPoints="0" sequenceCoverage="0" branchCoverage="0" maxCyclomaticComplexity="7" minCyclomaticComplexity="7" />
              <MetadataToken>100663640</MetadataToken>
              <Name>System.Void SigStat.Common.Transforms.Binarization::Transform(SigStat.Common.Signature)</Name>
              <FileRef uid="82" />
              <SequencePoints>
                <SequencePoint vc="0" uspid="2017" ordinal="0" offset="0" sl="58" sc="13" el="58" ec="68" />
                <SequencePoint vc="0" uspid="2018" ordinal="1" offset="13" sl="59" sc="13" el="59" ec="40" />
                <SequencePoint vc="0" uspid="2019" ordinal="2" offset="29" sl="60" sc="13" el="60" ec="41" />
                <SequencePoint vc="0" uspid="2020" ordinal="3" offset="45" sl="62" sc="13" el="62" ec="80" />
                <SequencePoint vc="0" uspid="2021" ordinal="4" offset="131" sl="64" sc="17" el="64" ec="152" />
                <SequencePoint vc="0" uspid="2022" ordinal="5" offset="162" sl="67" sc="13" el="67" ec="38" />
                <SequencePoint vc="0" uspid="2023" ordinal="6" offset="175" sl="69" sc="17" el="69" ec="65" />
                <SequencePoint vc="0" uspid="2024" ordinal="7" offset="202" sl="73" sc="13" el="73" ec="40" />
                <SequencePoint vc="0" uspid="2025" ordinal="8" offset="210" sl="74" sc="18" el="74" ec="27" />
                <SequencePoint vc="0" uspid="2026" ordinal="9" offset="215" sl="76" sc="22" el="76" ec="31" />
                <SequencePoint vc="0" uspid="2027" ordinal="10" offset="220" sl="78" sc="21" el="78" ec="75" />
                <SequencePoint vc="0" uspid="2028" ordinal="11" offset="275" sl="76" sc="40" el="76" ec="43" />
                <SequencePoint vc="0" uspid="2029" ordinal="12" offset="281" sl="76" sc="33" el="76" ec="38" />
                <SequencePoint vc="0" uspid="2030" ordinal="13" offset="286" sl="80" sc="17" el="80" ec="50" />
                <SequencePoint vc="0" uspid="2031" ordinal="14" offset="322" sl="74" sc="36" el="74" ec="39" />
                <SequencePoint vc="0" uspid="2032" ordinal="15" offset="328" sl="74" sc="29" el="74" ec="34" />
                <SequencePoint vc="0" uspid="2033" ordinal="16" offset="333" sl="82" sc="13" el="82" ec="56" />
                <SequencePoint vc="0" uspid="2034" ordinal="17" offset="349" sl="83" sc="13" el="83" ec="49" />
                <SequencePoint vc="0" uspid="2035" ordinal="18" offset="362" sl="84" sc="13" el="84" ec="28" />
                <SequencePoint vc="0" uspid="2036" ordinal="19" offset="370" sl="85" sc="9" el="85" ec="10" />
              </SequencePoints>
              <BranchPoints>
                <BranchPoint vc="0" uspid="2037" ordinal="0" offset="56" path="0" />
                <BranchPoint vc="0" uspid="2038" ordinal="1" offset="56" path="1" />
                <BranchPoint vc="0" uspid="2039" ordinal="2" offset="96" path="0" />
                <BranchPoint vc="0" uspid="2040" ordinal="3" offset="96" path="1" />
                <BranchPoint vc="0" uspid="2041" ordinal="4" offset="129" path="0" />
                <BranchPoint vc="0" uspid="2042" ordinal="5" offset="129" path="1" />
                <BranchPoint vc="0" uspid="2043" ordinal="6" offset="173" path="0" />
                <BranchPoint vc="0" uspid="2044" ordinal="7" offset="173" path="1" />
                <BranchPoint vc="0" uspid="2045" ordinal="8" offset="284" path="0" />
                <BranchPoint vc="0" uspid="2046" ordinal="9" offset="284" path="1" />
                <BranchPoint vc="0" uspid="2047" ordinal="10" offset="331" path="0" />
                <BranchPoint vc="0" uspid="2048" ordinal="11" offset="331" path="1" />
              </BranchPoints>
              <MethodPoint xsi:type="SequencePoint" vc="0" uspid="2017" ordinal="0" offset="0" sl="58" sc="13" el="58" ec="68" />
            </Method>
            <Method visited="false" cyclomaticComplexity="7" sequenceCoverage="0" branchCoverage="0" isConstructor="false" isStatic="false" isGetter="false" isSetter="false">
              <Summary numSequencePoints="28" visitedSequencePoints="0" numBranchPoints="11" visitedBranchPoints="0" sequenceCoverage="0" branchCoverage="0" maxCyclomaticComplexity="7" minCyclomaticComplexity="7" />
              <MetadataToken>100663641</MetadataToken>
              <Name>System.Double SigStat.Common.Transforms.Binarization::IterativeThreshold(SixLabors.ImageSharp.Image`1&lt;SixLabors.ImageSharp.PixelFormats.Rgba32&gt;,System.Double)</Name>
              <FileRef uid="82" />
              <SequencePoints>
                <SequencePoint vc="0" uspid="2049" ordinal="0" offset="0" sl="95" sc="13" el="95" ec="40" />
                <SequencePoint vc="0" uspid="2050" ordinal="1" offset="16" sl="96" sc="13" el="96" ec="41" />
                <SequencePoint vc="0" uspid="2051" ordinal="2" offset="32" sl="97" sc="13" el="97" ec="88" />
                <SequencePoint vc="0" uspid="2052" ordinal="3" offset="61" sl="98" sc="13" el="98" ec="40" />
                <SequencePoint vc="0" uspid="2053" ordinal="4" offset="76" sl="102" sc="17" el="102" ec="39" />
                <SequencePoint vc="0" uspid="2054" ordinal="5" offset="87" sl="103" sc="17" el="103" ec="30" />
                <SequencePoint vc="0" uspid="2055" ordinal="6" offset="90" sl="104" sc="17" el="104" ec="39" />
                <SequencePoint vc="0" uspid="2056" ordinal="7" offset="101" sl="105" sc="17" el="105" ec="30" />
                <SequencePoint vc="0" uspid="2057" ordinal="8" offset="104" sl="106" sc="22" el="106" ec="31" />
                <SequencePoint vc="0" uspid="2058" ordinal="9" offset="109" sl="108" sc="26" el="108" ec="35" />
                <SequencePoint vc="0" uspid="2059" ordinal="10" offset="114" sl="110" sc="25" el="110" ec="59" />
                <SequencePoint vc="0" uspid="2060" ordinal="11" offset="132" sl="111" sc="25" el="111" ec="51" />
                <SequencePoint vc="0" uspid="2061" ordinal="12" offset="137" sl="113" sc="29" el="113" ec="49" />
                <SequencePoint vc="0" uspid="2062" ordinal="13" offset="144" sl="114" sc="29" el="114" ec="36" />
                <SequencePoint vc="0" uspid="2063" ordinal="14" offset="150" sl="115" sc="25" el="115" ec="26" />
                <SequencePoint vc="0" uspid="2064" ordinal="15" offset="152" sl="118" sc="29" el="118" ec="49" />
                <SequencePoint vc="0" uspid="2065" ordinal="16" offset="159" sl="119" sc="29" el="119" ec="36" />
                <SequencePoint vc="0" uspid="2066" ordinal="17" offset="165" sl="108" sc="44" el="108" ec="47" />
                <SequencePoint vc="0" uspid="2067" ordinal="18" offset="171" sl="108" sc="37" el="108" ec="42" />
                <SequencePoint vc="0" uspid="2068" ordinal="19" offset="176" sl="106" sc="40" el="106" ec="43" />
                <SequencePoint vc="0" uspid="2069" ordinal="20" offset="182" sl="106" sc="33" el="106" ec="38" />
                <SequencePoint vc="0" uspid="2070" ordinal="21" offset="187" sl="123" sc="17" el="123" ec="36" />
                <SequencePoint vc="0" uspid="2071" ordinal="22" offset="195" sl="124" sc="17" el="124" ec="36" />
                <SequencePoint vc="0" uspid="2072" ordinal="23" offset="203" sl="125" sc="17" el="125" ec="47" />
                <SequencePoint vc="0" uspid="2073" ordinal="24" offset="205" sl="126" sc="17" el="126" ec="67" />
                <SequencePoint vc="0" uspid="2074" ordinal="25" offset="221" sl="100" sc="13" el="100" ec="71" />
                <SequencePoint vc="0" uspid="2075" ordinal="26" offset="235" sl="129" sc="13" el="129" ec="85" />
                <SequencePoint vc="0" uspid="2076" ordinal="27" offset="261" sl="130" sc="13" el="130" ec="34" />
              </SequencePoints>
              <BranchPoints>
                <BranchPoint vc="0" uspid="2077" ordinal="0" offset="38" path="0" />
                <BranchPoint vc="0" uspid="2078" ordinal="1" offset="38" path="1" />
                <BranchPoint vc="0" uspid="2079" ordinal="2" offset="135" path="0" />
                <BranchPoint vc="0" uspid="2080" ordinal="3" offset="135" path="1" />
                <BranchPoint vc="0" uspid="2081" ordinal="4" offset="174" path="0" />
                <BranchPoint vc="0" uspid="2082" ordinal="5" offset="174" path="1" />
                <BranchPoint vc="0" uspid="2083" ordinal="6" offset="185" path="0" />
                <BranchPoint vc="0" uspid="2084" ordinal="7" offset="185" path="1" />
                <BranchPoint vc="0" uspid="2085" ordinal="8" offset="230" path="0" />
                <BranchPoint vc="0" uspid="2086" ordinal="9" offset="230" path="1" />
              </BranchPoints>
              <MethodPoint xsi:type="SequencePoint" vc="0" uspid="2049" ordinal="0" offset="0" sl="95" sc="13" el="95" ec="40" />
            </Method>
            <Method visited="false" cyclomaticComplexity="2" sequenceCoverage="0" branchCoverage="0" isConstructor="false" isStatic="false" isGetter="false" isSetter="false">
              <Summary numSequencePoints="8" visitedSequencePoints="0" numBranchPoints="3" visitedBranchPoints="0" sequenceCoverage="0" branchCoverage="0" maxCyclomaticComplexity="2" minCyclomaticComplexity="2" />
              <MetadataToken>100663642</MetadataToken>
              <Name>System.Double SigStat.Common.Transforms.Binarization::Level(SixLabors.ImageSharp.PixelFormats.Rgba32)</Name>
              <FileRef uid="82" />
              <SequencePoints>
                <SequencePoint vc="0" uspid="2087" ordinal="0" offset="0" sl="140" sc="13" el="140" ec="36" />
                <SequencePoint vc="0" uspid="2088" ordinal="1" offset="18" sl="141" sc="13" el="141" ec="36" />
                <SequencePoint vc="0" uspid="2089" ordinal="2" offset="36" sl="142" sc="13" el="142" ec="36" />
                <SequencePoint vc="0" uspid="2090" ordinal="3" offset="54" sl="144" sc="13" el="144" ec="55" />
                <SequencePoint vc="0" uspid="2091" ordinal="4" offset="62" sl="146" sc="17" el="146" ec="49" />
                <SequencePoint vc="0" uspid="2092" ordinal="5" offset="88" sl="147" sc="13" el="147" ec="14" />
                <SequencePoint vc="0" uspid="2093" ordinal="6" offset="90" sl="150" sc="17" el="150" ec="43" />
                <SequencePoint vc="0" uspid="2094" ordinal="7" offset="106" sl="152" sc="13" el="152" ec="26" />
              </SequencePoints>
              <BranchPoints>
                <BranchPoint vc="0" uspid="2095" ordinal="0" offset="60" path="0" />
                <BranchPoint vc="0" uspid="2096" ordinal="1" offset="60" path="1" />
              </BranchPoints>
              <MethodPoint xsi:type="SequencePoint" vc="0" uspid="2087" ordinal="0" offset="0" sl="140" sc="13" el="140" ec="36" />
            </Method>
          </Methods>
        </Class>
        <Class>
          <Summary numSequencePoints="57" visitedSequencePoints="0" numBranchPoints="23" visitedBranchPoints="0" sequenceCoverage="0" branchCoverage="0" maxCyclomaticComplexity="6" minCyclomaticComplexity="1" />
          <FullName>SigStat.Common.Transforms.BinaryRasterizer</FullName>
          <Methods>
            <Method visited="false" cyclomaticComplexity="1" sequenceCoverage="0" branchCoverage="0" isConstructor="false" isStatic="false" isGetter="true" isSetter="false">
              <Summary numSequencePoints="1" visitedSequencePoints="0" numBranchPoints="1" visitedBranchPoints="0" sequenceCoverage="0" branchCoverage="0" maxCyclomaticComplexity="1" minCyclomaticComplexity="1" />
              <MetadataToken>100663643</MetadataToken>
              <Name>SigStat.Common.FeatureDescriptor`1&lt;System.Collections.Generic.List`1&lt;System.Double&gt;&gt; SigStat.Common.Transforms.BinaryRasterizer::get_InputX()</Name>
              <FileRef uid="83" />
              <SequencePoints>
                <SequencePoint vc="0" uspid="2097" ordinal="0" offset="0" sl="27" sc="57" el="27" ec="61" />
              </SequencePoints>
              <BranchPoints />
              <MethodPoint xsi:type="SequencePoint" vc="0" uspid="2097" ordinal="0" offset="0" sl="27" sc="57" el="27" ec="61" />
            </Method>
            <Method visited="false" cyclomaticComplexity="1" sequenceCoverage="0" branchCoverage="0" isConstructor="false" isStatic="false" isGetter="false" isSetter="true">
              <Summary numSequencePoints="1" visitedSequencePoints="0" numBranchPoints="1" visitedBranchPoints="0" sequenceCoverage="0" branchCoverage="0" maxCyclomaticComplexity="1" minCyclomaticComplexity="1" />
              <MetadataToken>100663644</MetadataToken>
              <Name>System.Void SigStat.Common.Transforms.BinaryRasterizer::set_InputX(SigStat.Common.FeatureDescriptor`1&lt;System.Collections.Generic.List`1&lt;System.Double&gt;&gt;)</Name>
              <FileRef uid="83" />
              <SequencePoints>
                <SequencePoint vc="0" uspid="2098" ordinal="0" offset="0" sl="27" sc="62" el="27" ec="66" />
              </SequencePoints>
              <BranchPoints />
              <MethodPoint xsi:type="SequencePoint" vc="0" uspid="2098" ordinal="0" offset="0" sl="27" sc="62" el="27" ec="66" />
            </Method>
            <Method visited="false" cyclomaticComplexity="1" sequenceCoverage="0" branchCoverage="0" isConstructor="false" isStatic="false" isGetter="true" isSetter="false">
              <Summary numSequencePoints="1" visitedSequencePoints="0" numBranchPoints="1" visitedBranchPoints="0" sequenceCoverage="0" branchCoverage="0" maxCyclomaticComplexity="1" minCyclomaticComplexity="1" />
              <MetadataToken>100663645</MetadataToken>
              <Name>SigStat.Common.FeatureDescriptor`1&lt;System.Collections.Generic.List`1&lt;System.Double&gt;&gt; SigStat.Common.Transforms.BinaryRasterizer::get_InputY()</Name>
              <FileRef uid="83" />
              <SequencePoints>
                <SequencePoint vc="0" uspid="2099" ordinal="0" offset="0" sl="31" sc="57" el="31" ec="61" />
              </SequencePoints>
              <BranchPoints />
              <MethodPoint xsi:type="SequencePoint" vc="0" uspid="2099" ordinal="0" offset="0" sl="31" sc="57" el="31" ec="61" />
            </Method>
            <Method visited="false" cyclomaticComplexity="1" sequenceCoverage="0" branchCoverage="0" isConstructor="false" isStatic="false" isGetter="false" isSetter="true">
              <Summary numSequencePoints="1" visitedSequencePoints="0" numBranchPoints="1" visitedBranchPoints="0" sequenceCoverage="0" branchCoverage="0" maxCyclomaticComplexity="1" minCyclomaticComplexity="1" />
              <MetadataToken>100663646</MetadataToken>
              <Name>System.Void SigStat.Common.Transforms.BinaryRasterizer::set_InputY(SigStat.Common.FeatureDescriptor`1&lt;System.Collections.Generic.List`1&lt;System.Double&gt;&gt;)</Name>
              <FileRef uid="83" />
              <SequencePoints>
                <SequencePoint vc="0" uspid="2100" ordinal="0" offset="0" sl="31" sc="62" el="31" ec="66" />
              </SequencePoints>
              <BranchPoints />
              <MethodPoint xsi:type="SequencePoint" vc="0" uspid="2100" ordinal="0" offset="0" sl="31" sc="62" el="31" ec="66" />
            </Method>
            <Method visited="false" cyclomaticComplexity="1" sequenceCoverage="0" branchCoverage="0" isConstructor="false" isStatic="false" isGetter="true" isSetter="false">
              <Summary numSequencePoints="1" visitedSequencePoints="0" numBranchPoints="1" visitedBranchPoints="0" sequenceCoverage="0" branchCoverage="0" maxCyclomaticComplexity="1" minCyclomaticComplexity="1" />
              <MetadataToken>100663647</MetadataToken>
              <Name>SigStat.Common.FeatureDescriptor`1&lt;System.Collections.Generic.List`1&lt;System.Boolean&gt;&gt; SigStat.Common.Transforms.BinaryRasterizer::get_InputButton()</Name>
              <FileRef uid="83" />
              <SequencePoints>
                <SequencePoint vc="0" uspid="2101" ordinal="0" offset="0" sl="35" sc="60" el="35" ec="64" />
              </SequencePoints>
              <BranchPoints />
              <MethodPoint xsi:type="SequencePoint" vc="0" uspid="2101" ordinal="0" offset="0" sl="35" sc="60" el="35" ec="64" />
            </Method>
            <Method visited="false" cyclomaticComplexity="1" sequenceCoverage="0" branchCoverage="0" isConstructor="false" isStatic="false" isGetter="false" isSetter="true">
              <Summary numSequencePoints="1" visitedSequencePoints="0" numBranchPoints="1" visitedBranchPoints="0" sequenceCoverage="0" branchCoverage="0" maxCyclomaticComplexity="1" minCyclomaticComplexity="1" />
              <MetadataToken>100663648</MetadataToken>
              <Name>System.Void SigStat.Common.Transforms.BinaryRasterizer::set_InputButton(SigStat.Common.FeatureDescriptor`1&lt;System.Collections.Generic.List`1&lt;System.Boolean&gt;&gt;)</Name>
              <FileRef uid="83" />
              <SequencePoints>
                <SequencePoint vc="0" uspid="2102" ordinal="0" offset="0" sl="35" sc="65" el="35" ec="69" />
              </SequencePoints>
              <BranchPoints />
              <MethodPoint xsi:type="SequencePoint" vc="0" uspid="2102" ordinal="0" offset="0" sl="35" sc="65" el="35" ec="69" />
            </Method>
            <Method visited="false" cyclomaticComplexity="1" sequenceCoverage="0" branchCoverage="0" isConstructor="false" isStatic="false" isGetter="true" isSetter="false">
              <Summary numSequencePoints="1" visitedSequencePoints="0" numBranchPoints="1" visitedBranchPoints="0" sequenceCoverage="0" branchCoverage="0" maxCyclomaticComplexity="1" minCyclomaticComplexity="1" />
              <MetadataToken>100663649</MetadataToken>
              <Name>SigStat.Common.FeatureDescriptor`1&lt;System.Boolean[0...,0...]&gt; SigStat.Common.Transforms.BinaryRasterizer::get_Output()</Name>
              <FileRef uid="83" />
              <SequencePoints>
                <SequencePoint vc="0" uspid="2103" ordinal="0" offset="0" sl="38" sc="52" el="38" ec="56" />
              </SequencePoints>
              <BranchPoints />
              <MethodPoint xsi:type="SequencePoint" vc="0" uspid="2103" ordinal="0" offset="0" sl="38" sc="52" el="38" ec="56" />
            </Method>
            <Method visited="false" cyclomaticComplexity="1" sequenceCoverage="0" branchCoverage="0" isConstructor="false" isStatic="false" isGetter="false" isSetter="true">
              <Summary numSequencePoints="1" visitedSequencePoints="0" numBranchPoints="1" visitedBranchPoints="0" sequenceCoverage="0" branchCoverage="0" maxCyclomaticComplexity="1" minCyclomaticComplexity="1" />
              <MetadataToken>100663650</MetadataToken>
              <Name>System.Void SigStat.Common.Transforms.BinaryRasterizer::set_Output(SigStat.Common.FeatureDescriptor`1&lt;System.Boolean[0...,0...]&gt;)</Name>
              <FileRef uid="83" />
              <SequencePoints>
                <SequencePoint vc="0" uspid="2104" ordinal="0" offset="0" sl="38" sc="57" el="38" ec="61" />
              </SequencePoints>
              <BranchPoints />
              <MethodPoint xsi:type="SequencePoint" vc="0" uspid="2104" ordinal="0" offset="0" sl="38" sc="57" el="38" ec="61" />
            </Method>
            <Method visited="false" cyclomaticComplexity="1" sequenceCoverage="0" branchCoverage="0" isConstructor="true" isStatic="false" isGetter="false" isSetter="false">
              <Summary numSequencePoints="12" visitedSequencePoints="0" numBranchPoints="1" visitedBranchPoints="0" sequenceCoverage="0" branchCoverage="0" maxCyclomaticComplexity="1" minCyclomaticComplexity="1" />
              <MetadataToken>100663651</MetadataToken>
              <Name>System.Void SigStat.Common.Transforms.BinaryRasterizer::.ctor(System.Int32,System.Int32,System.Single)</Name>
              <FileRef uid="83" />
              <SequencePoints>
                <SequencePoint vc="0" uspid="2105" ordinal="0" offset="0" sl="27" sc="71" el="27" ec="81" />
                <SequencePoint vc="0" uspid="2106" ordinal="1" offset="11" sl="31" sc="71" el="31" ec="81" />
                <SequencePoint vc="0" uspid="2107" ordinal="2" offset="22" sl="35" sc="74" el="35" ec="89" />
                <SequencePoint vc="0" uspid="2108" ordinal="3" offset="33" sl="43" sc="9" el="43" ec="61" />
                <SequencePoint vc="0" uspid="2109" ordinal="4" offset="64" sl="44" sc="9" el="44" ec="67" />
                <SequencePoint vc="0" uspid="2110" ordinal="5" offset="95" sl="45" sc="9" el="45" ec="76" />
                <SequencePoint vc="0" uspid="2111" ordinal="6" offset="107" sl="52" sc="9" el="52" ec="82" />
                <SequencePoint vc="0" uspid="2112" ordinal="7" offset="113" sl="54" sc="13" el="54" ec="34" />
                <SequencePoint vc="0" uspid="2113" ordinal="8" offset="120" sl="55" sc="13" el="55" ec="34" />
                <SequencePoint vc="0" uspid="2114" ordinal="9" offset="127" sl="56" sc="13" el="56" ec="38" />
                <SequencePoint vc="0" uspid="2115" ordinal="10" offset="134" sl="57" sc="13" el="57" ec="48" />
                <SequencePoint vc="0" uspid="2116" ordinal="11" offset="152" sl="58" sc="9" el="58" ec="10" />
              </SequencePoints>
              <BranchPoints />
              <MethodPoint xsi:type="SequencePoint" vc="0" uspid="2105" ordinal="0" offset="0" sl="27" sc="71" el="27" ec="81" />
            </Method>
            <Method visited="false" cyclomaticComplexity="6" sequenceCoverage="0" branchCoverage="0" isConstructor="false" isStatic="false" isGetter="false" isSetter="false">
              <Summary numSequencePoints="31" visitedSequencePoints="0" numBranchPoints="11" visitedBranchPoints="0" sequenceCoverage="0" branchCoverage="0" maxCyclomaticComplexity="6" minCyclomaticComplexity="6" />
              <MetadataToken>100663652</MetadataToken>
              <Name>System.Void SigStat.Common.Transforms.BinaryRasterizer::Transform(SigStat.Common.Signature)</Name>
              <FileRef uid="83" />
              <SequencePoints>
                <SequencePoint vc="0" uspid="2117" ordinal="0" offset="0" sl="63" sc="13" el="63" ec="60" />
                <SequencePoint vc="0" uspid="2118" ordinal="1" offset="13" sl="64" sc="13" el="64" ec="60" />
                <SequencePoint vc="0" uspid="2119" ordinal="2" offset="26" sl="65" sc="13" el="65" ec="69" />
                <SequencePoint vc="0" uspid="2120" ordinal="3" offset="39" sl="70" sc="13" el="70" ec="55" />
                <SequencePoint vc="0" uspid="2121" ordinal="4" offset="57" sl="71" sc="13" el="71" ec="45" />
                <SequencePoint vc="0" uspid="2122" ordinal="5" offset="75" sl="73" sc="13" el="73" ec="32" />
                <SequencePoint vc="0" uspid="2123" ordinal="6" offset="83" sl="74" sc="13" el="74" ec="54" />
                <SequencePoint vc="0" uspid="2124" ordinal="7" offset="90" sl="75" sc="18" el="75" ec="25" />
                <SequencePoint vc="0" uspid="2125" ordinal="8" offset="95" sl="77" sc="17" el="77" ec="33" />
                <SequencePoint vc="0" uspid="2126" ordinal="9" offset="105" sl="79" sc="21" el="79" ec="61" />
                <SequencePoint vc="0" uspid="2127" ordinal="10" offset="134" sl="80" sc="17" el="80" ec="18" />
                <SequencePoint vc="0" uspid="2128" ordinal="11" offset="136" sl="83" sc="21" el="83" ec="42" />
                <SequencePoint vc="0" uspid="2129" ordinal="12" offset="146" sl="85" sc="25" el="85" ec="48" />
                <SequencePoint vc="0" uspid="2130" ordinal="13" offset="155" sl="87" sc="21" el="87" ec="49" />
                <SequencePoint vc="0" uspid="2131" ordinal="14" offset="162" sl="88" sc="21" el="88" ec="61" />
                <SequencePoint vc="0" uspid="2132" ordinal="15" offset="191" sl="90" sc="17" el="90" ec="56" />
                <SequencePoint vc="0" uspid="2133" ordinal="16" offset="215" sl="75" sc="32" el="75" ec="35" />
                <SequencePoint vc="0" uspid="2134" ordinal="17" offset="221" sl="75" sc="26" el="75" ec="31" />
                <SequencePoint vc="0" uspid="2135" ordinal="18" offset="230" sl="92" sc="13" el="92" ec="36" />
                <SequencePoint vc="0" uspid="2136" ordinal="19" offset="239" sl="94" sc="13" el="94" ec="40" />
                <SequencePoint vc="0" uspid="2137" ordinal="20" offset="258" sl="95" sc="18" el="95" ec="27" />
                <SequencePoint vc="0" uspid="2138" ordinal="21" offset="263" sl="97" sc="22" el="97" ec="31" />
                <SequencePoint vc="0" uspid="2139" ordinal="22" offset="268" sl="99" sc="21" el="99" ec="49" />
                <SequencePoint vc="0" uspid="2140" ordinal="23" offset="300" sl="97" sc="40" el="97" ec="43" />
                <SequencePoint vc="0" uspid="2141" ordinal="24" offset="306" sl="97" sc="33" el="97" ec="38" />
                <SequencePoint vc="0" uspid="2142" ordinal="25" offset="316" sl="95" sc="36" el="95" ec="39" />
                <SequencePoint vc="0" uspid="2143" ordinal="26" offset="322" sl="95" sc="29" el="95" ec="34" />
                <SequencePoint vc="0" uspid="2144" ordinal="27" offset="332" sl="102" sc="13" el="102" ec="45" />
                <SequencePoint vc="0" uspid="2145" ordinal="28" offset="346" sl="103" sc="13" el="103" ec="28" />
                <SequencePoint vc="0" uspid="2146" ordinal="29" offset="354" sl="104" sc="13" el="104" ec="57" />
                <SequencePoint vc="0" uspid="2147" ordinal="30" offset="370" sl="105" sc="9" el="105" ec="10" />
              </SequencePoints>
              <BranchPoints>
                <BranchPoint vc="0" uspid="2148" ordinal="0" offset="103" path="0" />
                <BranchPoint vc="0" uspid="2149" ordinal="1" offset="103" path="1" />
                <BranchPoint vc="0" uspid="2150" ordinal="2" offset="144" path="0" />
                <BranchPoint vc="0" uspid="2151" ordinal="3" offset="144" path="1" />
                <BranchPoint vc="0" uspid="2152" ordinal="4" offset="225" path="0" />
                <BranchPoint vc="0" uspid="2153" ordinal="5" offset="225" path="1" />
                <BranchPoint vc="0" uspid="2154" ordinal="6" offset="314" path="0" />
                <BranchPoint vc="0" uspid="2155" ordinal="7" offset="314" path="1" />
                <BranchPoint vc="0" uspid="2156" ordinal="8" offset="330" path="0" />
                <BranchPoint vc="0" uspid="2157" ordinal="9" offset="330" path="1" />
              </BranchPoints>
              <MethodPoint xsi:type="SequencePoint" vc="0" uspid="2117" ordinal="0" offset="0" sl="63" sc="13" el="63" ec="60" />
            </Method>
            <Method visited="false" cyclomaticComplexity="1" sequenceCoverage="0" branchCoverage="0" isConstructor="false" isStatic="false" isGetter="false" isSetter="false">
              <Summary numSequencePoints="3" visitedSequencePoints="0" numBranchPoints="1" visitedBranchPoints="0" sequenceCoverage="0" branchCoverage="0" maxCyclomaticComplexity="1" minCyclomaticComplexity="1" />
              <MetadataToken>100663653</MetadataToken>
              <Name>SixLabors.Primitives.PointF SigStat.Common.Transforms.BinaryRasterizer::ToImageCoords(System.Double,System.Double)</Name>
              <FileRef uid="83" />
              <SequencePoints>
                <SequencePoint vc="0" uspid="2158" ordinal="0" offset="0" sl="111" sc="13" el="111" ec="36" />
                <SequencePoint vc="0" uspid="2159" ordinal="1" offset="18" sl="113" sc="13" el="113" ec="32" />
                <SequencePoint vc="0" uspid="2160" ordinal="2" offset="23" sl="117" sc="13" el="120" ec="15" />
              </SequencePoints>
              <BranchPoints />
              <MethodPoint xsi:type="SequencePoint" vc="0" uspid="2158" ordinal="0" offset="0" sl="111" sc="13" el="111" ec="36" />
            </Method>
            <Method visited="false" cyclomaticComplexity="1" sequenceCoverage="0" branchCoverage="0" isConstructor="false" isStatic="false" isGetter="false" isSetter="false">
              <Summary numSequencePoints="2" visitedSequencePoints="0" numBranchPoints="1" visitedBranchPoints="0" sequenceCoverage="0" branchCoverage="0" maxCyclomaticComplexity="1" minCyclomaticComplexity="1" />
              <MetadataToken>100663654</MetadataToken>
              <Name>System.Void SigStat.Common.Transforms.BinaryRasterizer::DrawLines(SixLabors.ImageSharp.Image`1&lt;SixLabors.ImageSharp.PixelFormats.Byte4&gt;,System.Collections.Generic.List`1&lt;SixLabors.Primitives.PointF&gt;)</Name>
              <FileRef uid="83" />
              <SequencePoints>
                <SequencePoint vc="0" uspid="2161" ordinal="0" offset="20" sl="125" sc="13" el="128" ec="16" />
                <SequencePoint vc="0" uspid="2162" ordinal="1" offset="38" sl="129" sc="9" el="129" ec="10" />
              </SequencePoints>
              <BranchPoints />
              <MethodPoint vc="0" uspid="2163" ordinal="0" offset="0" />
            </Method>
            <Method visited="false" cyclomaticComplexity="1" sequenceCoverage="0" branchCoverage="0" isConstructor="false" isStatic="false" isGetter="false" isSetter="false">
              <Summary numSequencePoints="1" visitedSequencePoints="0" numBranchPoints="1" visitedBranchPoints="0" sequenceCoverage="0" branchCoverage="0" maxCyclomaticComplexity="1" minCyclomaticComplexity="1" />
              <MetadataToken>100663655</MetadataToken>
              <Name>System.Void SigStat.Common.Transforms.BinaryRasterizer::&lt;Transform&gt;b__24_0(SixLabors.ImageSharp.Processing.IImageProcessingContext`1&lt;SixLabors.ImageSharp.PixelFormats.Byte4&gt;)</Name>
              <FileRef uid="83" />
              <SequencePoints>
                <SequencePoint vc="0" uspid="2164" ordinal="0" offset="0" sl="71" sc="31" el="71" ec="43" />
              </SequencePoints>
              <BranchPoints />
              <MethodPoint xsi:type="SequencePoint" vc="0" uspid="2164" ordinal="0" offset="0" sl="71" sc="31" el="71" ec="43" />
            </Method>
          </Methods>
        </Class>
        <Class>
          <Summary numSequencePoints="3" visitedSequencePoints="0" numBranchPoints="1" visitedBranchPoints="0" sequenceCoverage="0" branchCoverage="0" maxCyclomaticComplexity="1" minCyclomaticComplexity="1" />
          <FullName>SigStat.Common.Transforms.BinaryRasterizer/&lt;&gt;c__DisplayClass26_0</FullName>
          <Methods>
            <Method visited="false" cyclomaticComplexity="1" sequenceCoverage="0" branchCoverage="0" isConstructor="true" isStatic="false" isGetter="false" isSetter="false">
              <Summary numSequencePoints="0" visitedSequencePoints="0" numBranchPoints="0" visitedBranchPoints="0" sequenceCoverage="0" branchCoverage="0" maxCyclomaticComplexity="1" minCyclomaticComplexity="1" />
              <MetadataToken>100664244</MetadataToken>
              <Name>System.Void SigStat.Common.Transforms.BinaryRasterizer/&lt;&gt;c__DisplayClass26_0::.ctor()</Name>
              <SequencePoints />
              <BranchPoints />
              <MethodPoint vc="0" uspid="2165" ordinal="0" offset="0" />
            </Method>
            <Method visited="false" cyclomaticComplexity="1" sequenceCoverage="0" branchCoverage="0" isConstructor="false" isStatic="false" isGetter="false" isSetter="false">
              <Summary numSequencePoints="3" visitedSequencePoints="0" numBranchPoints="1" visitedBranchPoints="0" sequenceCoverage="0" branchCoverage="0" maxCyclomaticComplexity="1" minCyclomaticComplexity="1" />
              <MetadataToken>100664245</MetadataToken>
              <Name>System.Void SigStat.Common.Transforms.BinaryRasterizer/&lt;&gt;c__DisplayClass26_0::&lt;DrawLines&gt;b__0(SixLabors.ImageSharp.Processing.IImageProcessingContext`1&lt;SixLabors.ImageSharp.PixelFormats.Byte4&gt;)</Name>
              <FileRef uid="83" />
              <SequencePoints>
                <SequencePoint vc="0" uspid="2166" ordinal="0" offset="0" sl="126" sc="17" el="126" ec="56" />
                <SequencePoint vc="0" uspid="2167" ordinal="1" offset="40" sl="127" sc="17" el="127" ec="56" />
                <SequencePoint vc="0" uspid="2168" ordinal="2" offset="80" sl="128" sc="13" el="128" ec="14" />
              </SequencePoints>
              <BranchPoints />
              <MethodPoint xsi:type="SequencePoint" vc="0" uspid="2166" ordinal="0" offset="0" sl="126" sc="17" el="126" ec="56" />
            </Method>
          </Methods>
        </Class>
        <Class>
          <Summary numSequencePoints="15" visitedSequencePoints="0" numBranchPoints="7" visitedBranchPoints="0" sequenceCoverage="0" branchCoverage="0" maxCyclomaticComplexity="2" minCyclomaticComplexity="1" />
          <FullName>SigStat.Common.Transforms.HSCPThinning</FullName>
          <Methods>
            <Method visited="false" cyclomaticComplexity="1" sequenceCoverage="0" branchCoverage="0" isConstructor="false" isStatic="false" isGetter="true" isSetter="false">
              <Summary numSequencePoints="1" visitedSequencePoints="0" numBranchPoints="1" visitedBranchPoints="0" sequenceCoverage="0" branchCoverage="0" maxCyclomaticComplexity="1" minCyclomaticComplexity="1" />
              <MetadataToken>100663656</MetadataToken>
              <Name>SigStat.Common.FeatureDescriptor`1&lt;System.Boolean[0...,0...]&gt; SigStat.Common.Transforms.HSCPThinning::get_Input()</Name>
              <FileRef uid="85" />
              <SequencePoints>
                <SequencePoint vc="0" uspid="2169" ordinal="0" offset="0" sl="22" sc="51" el="22" ec="55" />
              </SequencePoints>
              <BranchPoints />
              <MethodPoint xsi:type="SequencePoint" vc="0" uspid="2169" ordinal="0" offset="0" sl="22" sc="51" el="22" ec="55" />
            </Method>
            <Method visited="false" cyclomaticComplexity="1" sequenceCoverage="0" branchCoverage="0" isConstructor="false" isStatic="false" isGetter="false" isSetter="true">
              <Summary numSequencePoints="1" visitedSequencePoints="0" numBranchPoints="1" visitedBranchPoints="0" sequenceCoverage="0" branchCoverage="0" maxCyclomaticComplexity="1" minCyclomaticComplexity="1" />
              <MetadataToken>100663657</MetadataToken>
              <Name>System.Void SigStat.Common.Transforms.HSCPThinning::set_Input(SigStat.Common.FeatureDescriptor`1&lt;System.Boolean[0...,0...]&gt;)</Name>
              <FileRef uid="85" />
              <SequencePoints>
                <SequencePoint vc="0" uspid="2170" ordinal="0" offset="0" sl="22" sc="56" el="22" ec="60" />
              </SequencePoints>
              <BranchPoints />
              <MethodPoint xsi:type="SequencePoint" vc="0" uspid="2170" ordinal="0" offset="0" sl="22" sc="56" el="22" ec="60" />
            </Method>
            <Method visited="false" cyclomaticComplexity="1" sequenceCoverage="0" branchCoverage="0" isConstructor="false" isStatic="false" isGetter="true" isSetter="false">
              <Summary numSequencePoints="1" visitedSequencePoints="0" numBranchPoints="1" visitedBranchPoints="0" sequenceCoverage="0" branchCoverage="0" maxCyclomaticComplexity="1" minCyclomaticComplexity="1" />
              <MetadataToken>100663658</MetadataToken>
              <Name>SigStat.Common.FeatureDescriptor`1&lt;System.Boolean[0...,0...]&gt; SigStat.Common.Transforms.HSCPThinning::get_Output()</Name>
              <FileRef uid="85" />
              <SequencePoints>
                <SequencePoint vc="0" uspid="2171" ordinal="0" offset="0" sl="25" sc="52" el="25" ec="56" />
              </SequencePoints>
              <BranchPoints />
              <MethodPoint xsi:type="SequencePoint" vc="0" uspid="2171" ordinal="0" offset="0" sl="25" sc="52" el="25" ec="56" />
            </Method>
            <Method visited="false" cyclomaticComplexity="1" sequenceCoverage="0" branchCoverage="0" isConstructor="false" isStatic="false" isGetter="false" isSetter="true">
              <Summary numSequencePoints="1" visitedSequencePoints="0" numBranchPoints="1" visitedBranchPoints="0" sequenceCoverage="0" branchCoverage="0" maxCyclomaticComplexity="1" minCyclomaticComplexity="1" />
              <MetadataToken>100663659</MetadataToken>
              <Name>System.Void SigStat.Common.Transforms.HSCPThinning::set_Output(SigStat.Common.FeatureDescriptor`1&lt;System.Boolean[0...,0...]&gt;)</Name>
              <FileRef uid="85" />
              <SequencePoints>
                <SequencePoint vc="0" uspid="2172" ordinal="0" offset="0" sl="25" sc="57" el="25" ec="61" />
              </SequencePoints>
              <BranchPoints />
              <MethodPoint xsi:type="SequencePoint" vc="0" uspid="2172" ordinal="0" offset="0" sl="25" sc="57" el="25" ec="61" />
            </Method>
            <Method visited="false" cyclomaticComplexity="2" sequenceCoverage="0" branchCoverage="0" isConstructor="false" isStatic="false" isGetter="false" isSetter="false">
              <Summary numSequencePoints="11" visitedSequencePoints="0" numBranchPoints="3" visitedBranchPoints="0" sequenceCoverage="0" branchCoverage="0" maxCyclomaticComplexity="2" minCyclomaticComplexity="2" />
              <MetadataToken>100663660</MetadataToken>
              <Name>System.Void SigStat.Common.Transforms.HSCPThinning::Transform(SigStat.Common.Signature)</Name>
              <FileRef uid="85" />
              <SequencePoints>
                <SequencePoint vc="0" uspid="2173" ordinal="0" offset="0" sl="30" sc="13" el="30" ec="53" />
                <SequencePoint vc="0" uspid="2174" ordinal="1" offset="13" sl="31" sc="13" el="31" ec="27" />
                <SequencePoint vc="0" uspid="2175" ordinal="2" offset="21" sl="32" sc="13" el="32" ec="29" />
                <SequencePoint vc="0" uspid="2176" ordinal="3" offset="23" sl="33" sc="13" el="33" ec="60" />
                <SequencePoint vc="0" uspid="2177" ordinal="4" offset="31" sl="36" sc="17" el="36" ec="34" />
                <SequencePoint vc="0" uspid="2178" ordinal="5" offset="39" sl="37" sc="17" el="37" ec="27" />
                <SequencePoint vc="0" uspid="2179" ordinal="6" offset="43" sl="34" sc="13" el="34" ec="48" />
                <SequencePoint vc="0" uspid="2180" ordinal="7" offset="74" sl="39" sc="13" el="39" ec="45" />
                <SequencePoint vc="0" uspid="2181" ordinal="8" offset="87" sl="40" sc="13" el="40" ec="28" />
                <SequencePoint vc="0" uspid="2182" ordinal="9" offset="95" sl="41" sc="13" el="41" ec="83" />
                <SequencePoint vc="0" uspid="2183" ordinal="10" offset="122" sl="42" sc="9" el="42" ec="10" />
              </SequencePoints>
              <BranchPoints>
                <BranchPoint vc="0" uspid="2184" ordinal="0" offset="72" path="0" />
                <BranchPoint vc="0" uspid="2185" ordinal="1" offset="72" path="1" />
              </BranchPoints>
              <MethodPoint xsi:type="SequencePoint" vc="0" uspid="2173" ordinal="0" offset="0" sl="30" sc="13" el="30" ec="53" />
            </Method>
            <Method visited="false" cyclomaticComplexity="1" sequenceCoverage="0" branchCoverage="0" isConstructor="true" isStatic="false" isGetter="false" isSetter="false">
              <Summary numSequencePoints="0" visitedSequencePoints="0" numBranchPoints="0" visitedBranchPoints="0" sequenceCoverage="0" branchCoverage="0" maxCyclomaticComplexity="1" minCyclomaticComplexity="1" />
              <MetadataToken>100663661</MetadataToken>
              <Name>System.Void SigStat.Common.Transforms.HSCPThinning::.ctor()</Name>
              <SequencePoints />
              <BranchPoints />
              <MethodPoint vc="0" uspid="2186" ordinal="0" offset="0" />
            </Method>
          </Methods>
        </Class>
        <Class>
          <Summary numSequencePoints="45" visitedSequencePoints="0" numBranchPoints="30" visitedBranchPoints="0" sequenceCoverage="0" branchCoverage="0" maxCyclomaticComplexity="9" minCyclomaticComplexity="1" />
          <FullName>SigStat.Common.Transforms.ImageGenerator</FullName>
          <Methods>
            <Method visited="false" cyclomaticComplexity="1" sequenceCoverage="0" branchCoverage="0" isConstructor="false" isStatic="false" isGetter="true" isSetter="false">
              <Summary numSequencePoints="1" visitedSequencePoints="0" numBranchPoints="1" visitedBranchPoints="0" sequenceCoverage="0" branchCoverage="0" maxCyclomaticComplexity="1" minCyclomaticComplexity="1" />
              <MetadataToken>100663662</MetadataToken>
              <Name>SigStat.Common.FeatureDescriptor`1&lt;System.Boolean[0...,0...]&gt; SigStat.Common.Transforms.ImageGenerator::get_Input()</Name>
              <FileRef uid="86" />
              <SequencePoints>
                <SequencePoint vc="0" uspid="2187" ordinal="0" offset="0" sl="26" sc="51" el="26" ec="55" />
              </SequencePoints>
              <BranchPoints />
              <MethodPoint xsi:type="SequencePoint" vc="0" uspid="2187" ordinal="0" offset="0" sl="26" sc="51" el="26" ec="55" />
            </Method>
            <Method visited="false" cyclomaticComplexity="1" sequenceCoverage="0" branchCoverage="0" isConstructor="false" isStatic="false" isGetter="false" isSetter="true">
              <Summary numSequencePoints="1" visitedSequencePoints="0" numBranchPoints="1" visitedBranchPoints="0" sequenceCoverage="0" branchCoverage="0" maxCyclomaticComplexity="1" minCyclomaticComplexity="1" />
              <MetadataToken>100663663</MetadataToken>
              <Name>System.Void SigStat.Common.Transforms.ImageGenerator::set_Input(SigStat.Common.FeatureDescriptor`1&lt;System.Boolean[0...,0...]&gt;)</Name>
              <FileRef uid="86" />
              <SequencePoints>
                <SequencePoint vc="0" uspid="2188" ordinal="0" offset="0" sl="26" sc="56" el="26" ec="60" />
              </SequencePoints>
              <BranchPoints />
              <MethodPoint xsi:type="SequencePoint" vc="0" uspid="2188" ordinal="0" offset="0" sl="26" sc="56" el="26" ec="60" />
            </Method>
            <Method visited="false" cyclomaticComplexity="1" sequenceCoverage="0" branchCoverage="0" isConstructor="false" isStatic="false" isGetter="true" isSetter="false">
              <Summary numSequencePoints="1" visitedSequencePoints="0" numBranchPoints="1" visitedBranchPoints="0" sequenceCoverage="0" branchCoverage="0" maxCyclomaticComplexity="1" minCyclomaticComplexity="1" />
              <MetadataToken>100663664</MetadataToken>
              <Name>SigStat.Common.FeatureDescriptor`1&lt;System.Boolean[0...,0...]&gt; SigStat.Common.Transforms.ImageGenerator::get_Output()</Name>
              <FileRef uid="86" />
              <SequencePoints>
                <SequencePoint vc="0" uspid="2189" ordinal="0" offset="0" sl="28" sc="52" el="28" ec="56" />
              </SequencePoints>
              <BranchPoints />
              <MethodPoint xsi:type="SequencePoint" vc="0" uspid="2189" ordinal="0" offset="0" sl="28" sc="52" el="28" ec="56" />
            </Method>
            <Method visited="false" cyclomaticComplexity="1" sequenceCoverage="0" branchCoverage="0" isConstructor="false" isStatic="false" isGetter="false" isSetter="true">
              <Summary numSequencePoints="1" visitedSequencePoints="0" numBranchPoints="1" visitedBranchPoints="0" sequenceCoverage="0" branchCoverage="0" maxCyclomaticComplexity="1" minCyclomaticComplexity="1" />
              <MetadataToken>100663665</MetadataToken>
              <Name>System.Void SigStat.Common.Transforms.ImageGenerator::set_Output(SigStat.Common.FeatureDescriptor`1&lt;System.Boolean[0...,0...]&gt;)</Name>
              <FileRef uid="86" />
              <SequencePoints>
                <SequencePoint vc="0" uspid="2190" ordinal="0" offset="0" sl="28" sc="57" el="28" ec="61" />
              </SequencePoints>
              <BranchPoints />
              <MethodPoint xsi:type="SequencePoint" vc="0" uspid="2190" ordinal="0" offset="0" sl="28" sc="57" el="28" ec="61" />
            </Method>
            <Method visited="false" cyclomaticComplexity="1" sequenceCoverage="0" branchCoverage="0" isConstructor="false" isStatic="false" isGetter="true" isSetter="false">
              <Summary numSequencePoints="1" visitedSequencePoints="0" numBranchPoints="1" visitedBranchPoints="0" sequenceCoverage="0" branchCoverage="0" maxCyclomaticComplexity="1" minCyclomaticComplexity="1" />
              <MetadataToken>100663666</MetadataToken>
              <Name>SigStat.Common.FeatureDescriptor`1&lt;SixLabors.ImageSharp.Image`1&lt;SixLabors.ImageSharp.PixelFormats.Rgba32&gt;&gt; SigStat.Common.Transforms.ImageGenerator::get_OutputImage()</Name>
              <FileRef uid="86" />
              <SequencePoints>
                <SequencePoint vc="0" uspid="2191" ordinal="0" offset="0" sl="31" sc="63" el="31" ec="67" />
              </SequencePoints>
              <BranchPoints />
              <MethodPoint xsi:type="SequencePoint" vc="0" uspid="2191" ordinal="0" offset="0" sl="31" sc="63" el="31" ec="67" />
            </Method>
            <Method visited="false" cyclomaticComplexity="1" sequenceCoverage="0" branchCoverage="0" isConstructor="false" isStatic="false" isGetter="false" isSetter="true">
              <Summary numSequencePoints="1" visitedSequencePoints="0" numBranchPoints="1" visitedBranchPoints="0" sequenceCoverage="0" branchCoverage="0" maxCyclomaticComplexity="1" minCyclomaticComplexity="1" />
              <MetadataToken>100663667</MetadataToken>
              <Name>System.Void SigStat.Common.Transforms.ImageGenerator::set_OutputImage(SigStat.Common.FeatureDescriptor`1&lt;SixLabors.ImageSharp.Image`1&lt;SixLabors.ImageSharp.PixelFormats.Rgba32&gt;&gt;)</Name>
              <FileRef uid="86" />
              <SequencePoints>
                <SequencePoint vc="0" uspid="2192" ordinal="0" offset="0" sl="31" sc="68" el="31" ec="72" />
              </SequencePoints>
              <BranchPoints />
              <MethodPoint xsi:type="SequencePoint" vc="0" uspid="2192" ordinal="0" offset="0" sl="31" sc="68" el="31" ec="72" />
            </Method>
            <Method visited="false" cyclomaticComplexity="1" sequenceCoverage="0" branchCoverage="0" isConstructor="false" isStatic="false" isGetter="true" isSetter="false">
              <Summary numSequencePoints="1" visitedSequencePoints="0" numBranchPoints="1" visitedBranchPoints="0" sequenceCoverage="0" branchCoverage="0" maxCyclomaticComplexity="1" minCyclomaticComplexity="1" />
              <MetadataToken>100663668</MetadataToken>
              <Name>System.Boolean SigStat.Common.Transforms.ImageGenerator::get_WriteToFile()</Name>
              <FileRef uid="86" />
              <SequencePoints>
                <SequencePoint vc="0" uspid="2193" ordinal="0" offset="0" sl="33" sc="35" el="33" ec="39" />
              </SequencePoints>
              <BranchPoints />
              <MethodPoint xsi:type="SequencePoint" vc="0" uspid="2193" ordinal="0" offset="0" sl="33" sc="35" el="33" ec="39" />
            </Method>
            <Method visited="false" cyclomaticComplexity="1" sequenceCoverage="0" branchCoverage="0" isConstructor="false" isStatic="false" isGetter="false" isSetter="true">
              <Summary numSequencePoints="1" visitedSequencePoints="0" numBranchPoints="1" visitedBranchPoints="0" sequenceCoverage="0" branchCoverage="0" maxCyclomaticComplexity="1" minCyclomaticComplexity="1" />
              <MetadataToken>100663669</MetadataToken>
              <Name>System.Void SigStat.Common.Transforms.ImageGenerator::set_WriteToFile(System.Boolean)</Name>
              <FileRef uid="86" />
              <SequencePoints>
                <SequencePoint vc="0" uspid="2194" ordinal="0" offset="0" sl="33" sc="40" el="33" ec="44" />
              </SequencePoints>
              <BranchPoints />
              <MethodPoint xsi:type="SequencePoint" vc="0" uspid="2194" ordinal="0" offset="0" sl="33" sc="40" el="33" ec="44" />
            </Method>
            <Method visited="false" cyclomaticComplexity="1" sequenceCoverage="0" branchCoverage="0" isConstructor="false" isStatic="false" isGetter="true" isSetter="false">
              <Summary numSequencePoints="1" visitedSequencePoints="0" numBranchPoints="1" visitedBranchPoints="0" sequenceCoverage="0" branchCoverage="0" maxCyclomaticComplexity="1" minCyclomaticComplexity="1" />
              <MetadataToken>100663670</MetadataToken>
              <Name>SixLabors.ImageSharp.PixelFormats.Rgba32 SigStat.Common.Transforms.ImageGenerator::get_ForegroundColor()</Name>
              <FileRef uid="86" />
              <SequencePoints>
                <SequencePoint vc="0" uspid="2195" ordinal="0" offset="0" sl="35" sc="41" el="35" ec="45" />
              </SequencePoints>
              <BranchPoints />
              <MethodPoint xsi:type="SequencePoint" vc="0" uspid="2195" ordinal="0" offset="0" sl="35" sc="41" el="35" ec="45" />
            </Method>
            <Method visited="false" cyclomaticComplexity="1" sequenceCoverage="0" branchCoverage="0" isConstructor="false" isStatic="false" isGetter="false" isSetter="true">
              <Summary numSequencePoints="1" visitedSequencePoints="0" numBranchPoints="1" visitedBranchPoints="0" sequenceCoverage="0" branchCoverage="0" maxCyclomaticComplexity="1" minCyclomaticComplexity="1" />
              <MetadataToken>100663671</MetadataToken>
              <Name>System.Void SigStat.Common.Transforms.ImageGenerator::set_ForegroundColor(SixLabors.ImageSharp.PixelFormats.Rgba32)</Name>
              <FileRef uid="86" />
              <SequencePoints>
                <SequencePoint vc="0" uspid="2196" ordinal="0" offset="0" sl="35" sc="46" el="35" ec="50" />
              </SequencePoints>
              <BranchPoints />
              <MethodPoint xsi:type="SequencePoint" vc="0" uspid="2196" ordinal="0" offset="0" sl="35" sc="46" el="35" ec="50" />
            </Method>
            <Method visited="false" cyclomaticComplexity="1" sequenceCoverage="0" branchCoverage="0" isConstructor="false" isStatic="false" isGetter="true" isSetter="false">
              <Summary numSequencePoints="1" visitedSequencePoints="0" numBranchPoints="1" visitedBranchPoints="0" sequenceCoverage="0" branchCoverage="0" maxCyclomaticComplexity="1" minCyclomaticComplexity="1" />
              <MetadataToken>100663672</MetadataToken>
              <Name>SixLabors.ImageSharp.PixelFormats.Rgba32 SigStat.Common.Transforms.ImageGenerator::get_BackgroundColor()</Name>
              <FileRef uid="86" />
              <SequencePoints>
                <SequencePoint vc="0" uspid="2197" ordinal="0" offset="0" sl="36" sc="41" el="36" ec="45" />
              </SequencePoints>
              <BranchPoints />
              <MethodPoint xsi:type="SequencePoint" vc="0" uspid="2197" ordinal="0" offset="0" sl="36" sc="41" el="36" ec="45" />
            </Method>
            <Method visited="false" cyclomaticComplexity="1" sequenceCoverage="0" branchCoverage="0" isConstructor="false" isStatic="false" isGetter="false" isSetter="true">
              <Summary numSequencePoints="1" visitedSequencePoints="0" numBranchPoints="1" visitedBranchPoints="0" sequenceCoverage="0" branchCoverage="0" maxCyclomaticComplexity="1" minCyclomaticComplexity="1" />
              <MetadataToken>100663673</MetadataToken>
              <Name>System.Void SigStat.Common.Transforms.ImageGenerator::set_BackgroundColor(SixLabors.ImageSharp.PixelFormats.Rgba32)</Name>
              <FileRef uid="86" />
              <SequencePoints>
                <SequencePoint vc="0" uspid="2198" ordinal="0" offset="0" sl="36" sc="46" el="36" ec="50" />
              </SequencePoints>
              <BranchPoints />
              <MethodPoint xsi:type="SequencePoint" vc="0" uspid="2198" ordinal="0" offset="0" sl="36" sc="46" el="36" ec="50" />
            </Method>
            <Method visited="false" cyclomaticComplexity="1" sequenceCoverage="0" branchCoverage="0" isConstructor="true" isStatic="false" isGetter="false" isSetter="false">
              <Summary numSequencePoints="2" visitedSequencePoints="0" numBranchPoints="1" visitedBranchPoints="0" sequenceCoverage="0" branchCoverage="0" maxCyclomaticComplexity="1" minCyclomaticComplexity="1" />
              <MetadataToken>100663674</MetadataToken>
              <Name>System.Void SigStat.Common.Transforms.ImageGenerator::.ctor()</Name>
              <FileRef uid="86" />
              <SequencePoints>
                <SequencePoint vc="0" uspid="2199" ordinal="0" offset="0" sl="39" sc="35" el="39" ec="78" />
                <SequencePoint vc="0" uspid="2200" ordinal="1" offset="17" sl="39" sc="81" el="39" ec="82" />
              </SequencePoints>
              <BranchPoints />
              <MethodPoint xsi:type="SequencePoint" vc="0" uspid="2199" ordinal="0" offset="0" sl="39" sc="35" el="39" ec="78" />
            </Method>
            <Method visited="false" cyclomaticComplexity="1" sequenceCoverage="0" branchCoverage="0" isConstructor="true" isStatic="false" isGetter="false" isSetter="false">
              <Summary numSequencePoints="2" visitedSequencePoints="0" numBranchPoints="1" visitedBranchPoints="0" sequenceCoverage="0" branchCoverage="0" maxCyclomaticComplexity="1" minCyclomaticComplexity="1" />
              <MetadataToken>100663675</MetadataToken>
              <Name>System.Void SigStat.Common.Transforms.ImageGenerator::.ctor(System.Boolean)</Name>
              <FileRef uid="86" />
              <SequencePoints>
                <SequencePoint vc="0" uspid="2201" ordinal="0" offset="0" sl="42" sc="51" el="42" ec="100" />
                <SequencePoint vc="0" uspid="2202" ordinal="1" offset="17" sl="42" sc="103" el="42" ec="104" />
              </SequencePoints>
              <BranchPoints />
              <MethodPoint xsi:type="SequencePoint" vc="0" uspid="2201" ordinal="0" offset="0" sl="42" sc="51" el="42" ec="100" />
            </Method>
            <Method visited="false" cyclomaticComplexity="1" sequenceCoverage="0" branchCoverage="0" isConstructor="true" isStatic="false" isGetter="false" isSetter="false">
              <Summary numSequencePoints="5" visitedSequencePoints="0" numBranchPoints="1" visitedBranchPoints="0" sequenceCoverage="0" branchCoverage="0" maxCyclomaticComplexity="1" minCyclomaticComplexity="1" />
              <MetadataToken>100663676</MetadataToken>
              <Name>System.Void SigStat.Common.Transforms.ImageGenerator::.ctor(System.Boolean,SixLabors.ImageSharp.PixelFormats.Rgba32,SixLabors.ImageSharp.PixelFormats.Rgba32)</Name>
              <FileRef uid="86" />
              <SequencePoints>
                <SequencePoint vc="0" uspid="2203" ordinal="0" offset="0" sl="47" sc="9" el="47" ec="96" />
                <SequencePoint vc="0" uspid="2204" ordinal="1" offset="6" sl="49" sc="13" el="49" ec="44" />
                <SequencePoint vc="0" uspid="2205" ordinal="2" offset="13" sl="50" sc="13" el="50" ec="47" />
                <SequencePoint vc="0" uspid="2206" ordinal="3" offset="20" sl="51" sc="13" el="51" ec="47" />
                <SequencePoint vc="0" uspid="2207" ordinal="4" offset="27" sl="52" sc="9" el="52" ec="10" />
              </SequencePoints>
              <BranchPoints />
              <MethodPoint xsi:type="SequencePoint" vc="0" uspid="2203" ordinal="0" offset="0" sl="47" sc="9" el="47" ec="96" />
            </Method>
            <Method visited="false" cyclomaticComplexity="9" sequenceCoverage="0" branchCoverage="0" isConstructor="false" isStatic="false" isGetter="false" isSetter="false">
              <Summary numSequencePoints="24" visitedSequencePoints="0" numBranchPoints="15" visitedBranchPoints="0" sequenceCoverage="0" branchCoverage="0" maxCyclomaticComplexity="9" minCyclomaticComplexity="9" />
              <MetadataToken>100663677</MetadataToken>
              <Name>System.Void SigStat.Common.Transforms.ImageGenerator::Transform(SigStat.Common.Signature)</Name>
              <FileRef uid="86" />
              <SequencePoints>
                <SequencePoint vc="0" uspid="2208" ordinal="0" offset="0" sl="58" sc="13" el="58" ec="28" />
                <SequencePoint vc="0" uspid="2209" ordinal="1" offset="12" sl="59" sc="13" el="59" ec="37" />
                <SequencePoint vc="0" uspid="2210" ordinal="2" offset="20" sl="61" sc="17" el="61" ec="90" />
                <SequencePoint vc="0" uspid="2211" ordinal="3" offset="52" sl="64" sc="13" el="64" ec="53" />
                <SequencePoint vc="0" uspid="2212" ordinal="4" offset="65" sl="65" sc="13" el="65" ec="36" />
                <SequencePoint vc="0" uspid="2213" ordinal="5" offset="73" sl="66" sc="13" el="66" ec="36" />
                <SequencePoint vc="0" uspid="2214" ordinal="6" offset="81" sl="70" sc="13" el="70" ec="57" />
                <SequencePoint vc="0" uspid="2215" ordinal="7" offset="89" sl="72" sc="18" el="72" ec="27" />
                <SequencePoint vc="0" uspid="2216" ordinal="8" offset="94" sl="74" sc="22" el="74" ec="31" />
                <SequencePoint vc="0" uspid="2217" ordinal="9" offset="99" sl="76" sc="21" el="76" ec="85" />
                <SequencePoint vc="0" uspid="2218" ordinal="10" offset="139" sl="74" sc="40" el="74" ec="43" />
                <SequencePoint vc="0" uspid="2219" ordinal="11" offset="145" sl="74" sc="33" el="74" ec="38" />
                <SequencePoint vc="0" uspid="2220" ordinal="12" offset="150" sl="78" sc="17" el="78" ec="54" />
                <SequencePoint vc="0" uspid="2221" ordinal="13" offset="173" sl="72" sc="36" el="72" ec="39" />
                <SequencePoint vc="0" uspid="2222" ordinal="14" offset="179" sl="72" sc="29" el="72" ec="34" />
                <SequencePoint vc="0" uspid="2223" ordinal="15" offset="184" sl="81" sc="13" el="81" ec="52" />
                <SequencePoint vc="0" uspid="2224" ordinal="16" offset="197" sl="83" sc="13" el="83" ec="29" />
                <SequencePoint vc="0" uspid="2225" ordinal="17" offset="205" sl="85" sc="17" el="85" ec="97" />
                <SequencePoint vc="0" uspid="2226" ordinal="18" offset="233" sl="86" sc="17" el="86" ec="80" />
                <SequencePoint vc="0" uspid="2227" ordinal="19" offset="276" sl="87" sc="17" el="87" ec="54" />
                <SequencePoint vc="0" uspid="2228" ordinal="20" offset="289" sl="88" sc="17" el="88" ec="65" />
                <SequencePoint vc="0" uspid="2229" ordinal="21" offset="312" sl="91" sc="13" el="91" ec="28" />
                <SequencePoint vc="0" uspid="2230" ordinal="22" offset="320" sl="92" sc="13" el="92" ec="79" />
                <SequencePoint vc="0" uspid="2231" ordinal="23" offset="336" sl="93" sc="9" el="93" ec="10" />
              </SequencePoints>
              <BranchPoints>
                <BranchPoint vc="0" uspid="2232" ordinal="0" offset="18" path="0" />
                <BranchPoint vc="0" uspid="2233" ordinal="1" offset="18" path="1" />
                <BranchPoint vc="0" uspid="2234" ordinal="2" offset="118" path="0" />
                <BranchPoint vc="0" uspid="2235" ordinal="3" offset="118" path="1" />
                <BranchPoint vc="0" uspid="2236" ordinal="4" offset="148" path="0" />
                <BranchPoint vc="0" uspid="2237" ordinal="5" offset="148" path="1" />
                <BranchPoint vc="0" uspid="2238" ordinal="6" offset="182" path="0" />
                <BranchPoint vc="0" uspid="2239" ordinal="7" offset="182" path="1" />
                <BranchPoint vc="0" uspid="2240" ordinal="8" offset="203" path="0" />
                <BranchPoint vc="0" uspid="2241" ordinal="9" offset="203" path="1" />
                <BranchPoint vc="0" uspid="2242" ordinal="10" offset="211" path="0" />
                <BranchPoint vc="0" uspid="2243" ordinal="11" offset="211" path="1" />
                <BranchPoint vc="0" uspid="2244" ordinal="12" offset="240" path="0" />
                <BranchPoint vc="0" uspid="2245" ordinal="13" offset="240" path="1" />
              </BranchPoints>
              <MethodPoint xsi:type="SequencePoint" vc="0" uspid="2208" ordinal="0" offset="0" sl="58" sc="13" el="58" ec="28" />
            </Method>
          </Methods>
        </Class>
        <Class>
          <Summary numSequencePoints="15" visitedSequencePoints="0" numBranchPoints="7" visitedBranchPoints="0" sequenceCoverage="0" branchCoverage="0" maxCyclomaticComplexity="2" minCyclomaticComplexity="1" />
          <FullName>SigStat.Common.Transforms.OnePixelThinning</FullName>
          <Methods>
            <Method visited="false" cyclomaticComplexity="1" sequenceCoverage="0" branchCoverage="0" isConstructor="false" isStatic="false" isGetter="true" isSetter="false">
              <Summary numSequencePoints="1" visitedSequencePoints="0" numBranchPoints="1" visitedBranchPoints="0" sequenceCoverage="0" branchCoverage="0" maxCyclomaticComplexity="1" minCyclomaticComplexity="1" />
              <MetadataToken>100663678</MetadataToken>
              <Name>SigStat.Common.FeatureDescriptor`1&lt;System.Boolean[0...,0...]&gt; SigStat.Common.Transforms.OnePixelThinning::get_Input()</Name>
              <FileRef uid="87" />
              <SequencePoints>
                <SequencePoint vc="0" uspid="2246" ordinal="0" offset="0" sl="22" sc="51" el="22" ec="55" />
              </SequencePoints>
              <BranchPoints />
              <MethodPoint xsi:type="SequencePoint" vc="0" uspid="2246" ordinal="0" offset="0" sl="22" sc="51" el="22" ec="55" />
            </Method>
            <Method visited="false" cyclomaticComplexity="1" sequenceCoverage="0" branchCoverage="0" isConstructor="false" isStatic="false" isGetter="false" isSetter="true">
              <Summary numSequencePoints="1" visitedSequencePoints="0" numBranchPoints="1" visitedBranchPoints="0" sequenceCoverage="0" branchCoverage="0" maxCyclomaticComplexity="1" minCyclomaticComplexity="1" />
              <MetadataToken>100663679</MetadataToken>
              <Name>System.Void SigStat.Common.Transforms.OnePixelThinning::set_Input(SigStat.Common.FeatureDescriptor`1&lt;System.Boolean[0...,0...]&gt;)</Name>
              <FileRef uid="87" />
              <SequencePoints>
                <SequencePoint vc="0" uspid="2247" ordinal="0" offset="0" sl="22" sc="56" el="22" ec="60" />
              </SequencePoints>
              <BranchPoints />
              <MethodPoint xsi:type="SequencePoint" vc="0" uspid="2247" ordinal="0" offset="0" sl="22" sc="56" el="22" ec="60" />
            </Method>
            <Method visited="false" cyclomaticComplexity="1" sequenceCoverage="0" branchCoverage="0" isConstructor="false" isStatic="false" isGetter="true" isSetter="false">
              <Summary numSequencePoints="1" visitedSequencePoints="0" numBranchPoints="1" visitedBranchPoints="0" sequenceCoverage="0" branchCoverage="0" maxCyclomaticComplexity="1" minCyclomaticComplexity="1" />
              <MetadataToken>100663680</MetadataToken>
              <Name>SigStat.Common.FeatureDescriptor`1&lt;System.Boolean[0...,0...]&gt; SigStat.Common.Transforms.OnePixelThinning::get_Output()</Name>
              <FileRef uid="87" />
              <SequencePoints>
                <SequencePoint vc="0" uspid="2248" ordinal="0" offset="0" sl="25" sc="52" el="25" ec="56" />
              </SequencePoints>
              <BranchPoints />
              <MethodPoint xsi:type="SequencePoint" vc="0" uspid="2248" ordinal="0" offset="0" sl="25" sc="52" el="25" ec="56" />
            </Method>
            <Method visited="false" cyclomaticComplexity="1" sequenceCoverage="0" branchCoverage="0" isConstructor="false" isStatic="false" isGetter="false" isSetter="true">
              <Summary numSequencePoints="1" visitedSequencePoints="0" numBranchPoints="1" visitedBranchPoints="0" sequenceCoverage="0" branchCoverage="0" maxCyclomaticComplexity="1" minCyclomaticComplexity="1" />
              <MetadataToken>100663681</MetadataToken>
              <Name>System.Void SigStat.Common.Transforms.OnePixelThinning::set_Output(SigStat.Common.FeatureDescriptor`1&lt;System.Boolean[0...,0...]&gt;)</Name>
              <FileRef uid="87" />
              <SequencePoints>
                <SequencePoint vc="0" uspid="2249" ordinal="0" offset="0" sl="25" sc="57" el="25" ec="61" />
              </SequencePoints>
              <BranchPoints />
              <MethodPoint xsi:type="SequencePoint" vc="0" uspid="2249" ordinal="0" offset="0" sl="25" sc="57" el="25" ec="61" />
            </Method>
            <Method visited="false" cyclomaticComplexity="2" sequenceCoverage="0" branchCoverage="0" isConstructor="false" isStatic="false" isGetter="false" isSetter="false">
              <Summary numSequencePoints="11" visitedSequencePoints="0" numBranchPoints="3" visitedBranchPoints="0" sequenceCoverage="0" branchCoverage="0" maxCyclomaticComplexity="2" minCyclomaticComplexity="2" />
              <MetadataToken>100663682</MetadataToken>
              <Name>System.Void SigStat.Common.Transforms.OnePixelThinning::Transform(SigStat.Common.Signature)</Name>
              <FileRef uid="87" />
              <SequencePoints>
                <SequencePoint vc="0" uspid="2250" ordinal="0" offset="0" sl="30" sc="13" el="30" ec="49" />
                <SequencePoint vc="0" uspid="2251" ordinal="1" offset="13" sl="31" sc="13" el="31" ec="27" />
                <SequencePoint vc="0" uspid="2252" ordinal="2" offset="21" sl="32" sc="13" el="32" ec="29" />
                <SequencePoint vc="0" uspid="2253" ordinal="3" offset="23" sl="33" sc="13" el="33" ec="68" />
                <SequencePoint vc="0" uspid="2254" ordinal="4" offset="31" sl="36" sc="17" el="36" ec="34" />
                <SequencePoint vc="0" uspid="2255" ordinal="5" offset="39" sl="37" sc="17" el="37" ec="27" />
                <SequencePoint vc="0" uspid="2256" ordinal="6" offset="43" sl="34" sc="13" el="34" ec="48" />
                <SequencePoint vc="0" uspid="2257" ordinal="7" offset="74" sl="39" sc="13" el="39" ec="45" />
                <SequencePoint vc="0" uspid="2258" ordinal="8" offset="87" sl="40" sc="13" el="40" ec="28" />
                <SequencePoint vc="0" uspid="2259" ordinal="9" offset="95" sl="41" sc="13" el="41" ec="88" />
                <SequencePoint vc="0" uspid="2260" ordinal="10" offset="122" sl="42" sc="9" el="42" ec="10" />
              </SequencePoints>
              <BranchPoints>
                <BranchPoint vc="0" uspid="2261" ordinal="0" offset="72" path="0" />
                <BranchPoint vc="0" uspid="2262" ordinal="1" offset="72" path="1" />
              </BranchPoints>
              <MethodPoint xsi:type="SequencePoint" vc="0" uspid="2250" ordinal="0" offset="0" sl="30" sc="13" el="30" ec="49" />
            </Method>
            <Method visited="false" cyclomaticComplexity="1" sequenceCoverage="0" branchCoverage="0" isConstructor="true" isStatic="false" isGetter="false" isSetter="false">
              <Summary numSequencePoints="0" visitedSequencePoints="0" numBranchPoints="0" visitedBranchPoints="0" sequenceCoverage="0" branchCoverage="0" maxCyclomaticComplexity="1" minCyclomaticComplexity="1" />
              <MetadataToken>100663683</MetadataToken>
              <Name>System.Void SigStat.Common.Transforms.OnePixelThinning::.ctor()</Name>
              <SequencePoints />
              <BranchPoints />
              <MethodPoint vc="0" uspid="2263" ordinal="0" offset="0" />
            </Method>
          </Methods>
        </Class>
        <Class>
          <Summary numSequencePoints="61" visitedSequencePoints="0" numBranchPoints="24" visitedBranchPoints="0" sequenceCoverage="0" branchCoverage="0" maxCyclomaticComplexity="2" minCyclomaticComplexity="1" />
          <FullName>SigStat.Common.Transforms.RealisticImageGenerator</FullName>
          <Methods>
            <Method visited="false" cyclomaticComplexity="1" sequenceCoverage="0" branchCoverage="0" isConstructor="false" isStatic="false" isGetter="true" isSetter="false">
              <Summary numSequencePoints="1" visitedSequencePoints="0" numBranchPoints="1" visitedBranchPoints="0" sequenceCoverage="0" branchCoverage="0" maxCyclomaticComplexity="1" minCyclomaticComplexity="1" />
              <MetadataToken>100663684</MetadataToken>
              <Name>SigStat.Common.FeatureDescriptor`1&lt;System.Collections.Generic.List`1&lt;System.Double&gt;&gt; SigStat.Common.Transforms.RealisticImageGenerator::get_X()</Name>
              <FileRef uid="88" />
              <SequencePoints>
                <SequencePoint vc="0" uspid="2264" ordinal="0" offset="0" sl="29" sc="45" el="29" ec="49" />
              </SequencePoints>
              <BranchPoints />
              <MethodPoint xsi:type="SequencePoint" vc="0" uspid="2264" ordinal="0" offset="0" sl="29" sc="45" el="29" ec="49" />
            </Method>
            <Method visited="false" cyclomaticComplexity="1" sequenceCoverage="0" branchCoverage="0" isConstructor="false" isStatic="false" isGetter="false" isSetter="true">
              <Summary numSequencePoints="1" visitedSequencePoints="0" numBranchPoints="1" visitedBranchPoints="0" sequenceCoverage="0" branchCoverage="0" maxCyclomaticComplexity="1" minCyclomaticComplexity="1" />
              <MetadataToken>100663685</MetadataToken>
              <Name>System.Void SigStat.Common.Transforms.RealisticImageGenerator::set_X(SigStat.Common.FeatureDescriptor`1&lt;System.Collections.Generic.List`1&lt;System.Double&gt;&gt;)</Name>
              <FileRef uid="88" />
              <SequencePoints>
                <SequencePoint vc="0" uspid="2265" ordinal="0" offset="0" sl="29" sc="50" el="29" ec="54" />
              </SequencePoints>
              <BranchPoints />
              <MethodPoint xsi:type="SequencePoint" vc="0" uspid="2265" ordinal="0" offset="0" sl="29" sc="50" el="29" ec="54" />
            </Method>
            <Method visited="false" cyclomaticComplexity="1" sequenceCoverage="0" branchCoverage="0" isConstructor="false" isStatic="false" isGetter="true" isSetter="false">
              <Summary numSequencePoints="1" visitedSequencePoints="0" numBranchPoints="1" visitedBranchPoints="0" sequenceCoverage="0" branchCoverage="0" maxCyclomaticComplexity="1" minCyclomaticComplexity="1" />
              <MetadataToken>100663686</MetadataToken>
              <Name>SigStat.Common.FeatureDescriptor`1&lt;System.Collections.Generic.List`1&lt;System.Double&gt;&gt; SigStat.Common.Transforms.RealisticImageGenerator::get_Y()</Name>
              <FileRef uid="88" />
              <SequencePoints>
                <SequencePoint vc="0" uspid="2266" ordinal="0" offset="0" sl="33" sc="45" el="33" ec="49" />
              </SequencePoints>
              <BranchPoints />
              <MethodPoint xsi:type="SequencePoint" vc="0" uspid="2266" ordinal="0" offset="0" sl="33" sc="45" el="33" ec="49" />
            </Method>
            <Method visited="false" cyclomaticComplexity="1" sequenceCoverage="0" branchCoverage="0" isConstructor="false" isStatic="false" isGetter="false" isSetter="true">
              <Summary numSequencePoints="1" visitedSequencePoints="0" numBranchPoints="1" visitedBranchPoints="0" sequenceCoverage="0" branchCoverage="0" maxCyclomaticComplexity="1" minCyclomaticComplexity="1" />
              <MetadataToken>100663687</MetadataToken>
              <Name>System.Void SigStat.Common.Transforms.RealisticImageGenerator::set_Y(SigStat.Common.FeatureDescriptor`1&lt;System.Collections.Generic.List`1&lt;System.Double&gt;&gt;)</Name>
              <FileRef uid="88" />
              <SequencePoints>
                <SequencePoint vc="0" uspid="2267" ordinal="0" offset="0" sl="33" sc="50" el="33" ec="54" />
              </SequencePoints>
              <BranchPoints />
              <MethodPoint xsi:type="SequencePoint" vc="0" uspid="2267" ordinal="0" offset="0" sl="33" sc="50" el="33" ec="54" />
            </Method>
            <Method visited="false" cyclomaticComplexity="1" sequenceCoverage="0" branchCoverage="0" isConstructor="false" isStatic="false" isGetter="true" isSetter="false">
              <Summary numSequencePoints="1" visitedSequencePoints="0" numBranchPoints="1" visitedBranchPoints="0" sequenceCoverage="0" branchCoverage="0" maxCyclomaticComplexity="1" minCyclomaticComplexity="1" />
              <MetadataToken>100663688</MetadataToken>
              <Name>SigStat.Common.FeatureDescriptor`1&lt;System.Collections.Generic.List`1&lt;System.Boolean&gt;&gt; SigStat.Common.Transforms.RealisticImageGenerator::get_Button()</Name>
              <FileRef uid="88" />
              <SequencePoints>
                <SequencePoint vc="0" uspid="2268" ordinal="0" offset="0" sl="37" sc="48" el="37" ec="52" />
              </SequencePoints>
              <BranchPoints />
              <MethodPoint xsi:type="SequencePoint" vc="0" uspid="2268" ordinal="0" offset="0" sl="37" sc="48" el="37" ec="52" />
            </Method>
            <Method visited="false" cyclomaticComplexity="1" sequenceCoverage="0" branchCoverage="0" isConstructor="false" isStatic="false" isGetter="false" isSetter="true">
              <Summary numSequencePoints="1" visitedSequencePoints="0" numBranchPoints="1" visitedBranchPoints="0" sequenceCoverage="0" branchCoverage="0" maxCyclomaticComplexity="1" minCyclomaticComplexity="1" />
              <MetadataToken>100663689</MetadataToken>
              <Name>System.Void SigStat.Common.Transforms.RealisticImageGenerator::set_Button(SigStat.Common.FeatureDescriptor`1&lt;System.Collections.Generic.List`1&lt;System.Boolean&gt;&gt;)</Name>
              <FileRef uid="88" />
              <SequencePoints>
                <SequencePoint vc="0" uspid="2269" ordinal="0" offset="0" sl="37" sc="53" el="37" ec="57" />
              </SequencePoints>
              <BranchPoints />
              <MethodPoint xsi:type="SequencePoint" vc="0" uspid="2269" ordinal="0" offset="0" sl="37" sc="53" el="37" ec="57" />
            </Method>
            <Method visited="false" cyclomaticComplexity="1" sequenceCoverage="0" branchCoverage="0" isConstructor="false" isStatic="false" isGetter="true" isSetter="false">
              <Summary numSequencePoints="1" visitedSequencePoints="0" numBranchPoints="1" visitedBranchPoints="0" sequenceCoverage="0" branchCoverage="0" maxCyclomaticComplexity="1" minCyclomaticComplexity="1" />
              <MetadataToken>100663690</MetadataToken>
              <Name>SigStat.Common.FeatureDescriptor`1&lt;System.Collections.Generic.List`1&lt;System.Double&gt;&gt; SigStat.Common.Transforms.RealisticImageGenerator::get_Pressure()</Name>
              <FileRef uid="88" />
              <SequencePoints>
                <SequencePoint vc="0" uspid="2270" ordinal="0" offset="0" sl="41" sc="52" el="41" ec="56" />
              </SequencePoints>
              <BranchPoints />
              <MethodPoint xsi:type="SequencePoint" vc="0" uspid="2270" ordinal="0" offset="0" sl="41" sc="52" el="41" ec="56" />
            </Method>
            <Method visited="false" cyclomaticComplexity="1" sequenceCoverage="0" branchCoverage="0" isConstructor="false" isStatic="false" isGetter="false" isSetter="true">
              <Summary numSequencePoints="1" visitedSequencePoints="0" numBranchPoints="1" visitedBranchPoints="0" sequenceCoverage="0" branchCoverage="0" maxCyclomaticComplexity="1" minCyclomaticComplexity="1" />
              <MetadataToken>100663691</MetadataToken>
              <Name>System.Void SigStat.Common.Transforms.RealisticImageGenerator::set_Pressure(SigStat.Common.FeatureDescriptor`1&lt;System.Collections.Generic.List`1&lt;System.Double&gt;&gt;)</Name>
              <FileRef uid="88" />
              <SequencePoints>
                <SequencePoint vc="0" uspid="2271" ordinal="0" offset="0" sl="41" sc="57" el="41" ec="61" />
              </SequencePoints>
              <BranchPoints />
              <MethodPoint xsi:type="SequencePoint" vc="0" uspid="2271" ordinal="0" offset="0" sl="41" sc="57" el="41" ec="61" />
            </Method>
            <Method visited="false" cyclomaticComplexity="1" sequenceCoverage="0" branchCoverage="0" isConstructor="false" isStatic="false" isGetter="true" isSetter="false">
              <Summary numSequencePoints="1" visitedSequencePoints="0" numBranchPoints="1" visitedBranchPoints="0" sequenceCoverage="0" branchCoverage="0" maxCyclomaticComplexity="1" minCyclomaticComplexity="1" />
              <MetadataToken>100663692</MetadataToken>
              <Name>SigStat.Common.FeatureDescriptor`1&lt;System.Collections.Generic.List`1&lt;System.Double&gt;&gt; SigStat.Common.Transforms.RealisticImageGenerator::get_Altitude()</Name>
              <FileRef uid="88" />
              <SequencePoints>
                <SequencePoint vc="0" uspid="2272" ordinal="0" offset="0" sl="45" sc="52" el="45" ec="56" />
              </SequencePoints>
              <BranchPoints />
              <MethodPoint xsi:type="SequencePoint" vc="0" uspid="2272" ordinal="0" offset="0" sl="45" sc="52" el="45" ec="56" />
            </Method>
            <Method visited="false" cyclomaticComplexity="1" sequenceCoverage="0" branchCoverage="0" isConstructor="false" isStatic="false" isGetter="false" isSetter="true">
              <Summary numSequencePoints="1" visitedSequencePoints="0" numBranchPoints="1" visitedBranchPoints="0" sequenceCoverage="0" branchCoverage="0" maxCyclomaticComplexity="1" minCyclomaticComplexity="1" />
              <MetadataToken>100663693</MetadataToken>
              <Name>System.Void SigStat.Common.Transforms.RealisticImageGenerator::set_Altitude(SigStat.Common.FeatureDescriptor`1&lt;System.Collections.Generic.List`1&lt;System.Double&gt;&gt;)</Name>
              <FileRef uid="88" />
              <SequencePoints>
                <SequencePoint vc="0" uspid="2273" ordinal="0" offset="0" sl="45" sc="57" el="45" ec="61" />
              </SequencePoints>
              <BranchPoints />
              <MethodPoint xsi:type="SequencePoint" vc="0" uspid="2273" ordinal="0" offset="0" sl="45" sc="57" el="45" ec="61" />
            </Method>
            <Method visited="false" cyclomaticComplexity="1" sequenceCoverage="0" branchCoverage="0" isConstructor="false" isStatic="false" isGetter="true" isSetter="false">
              <Summary numSequencePoints="1" visitedSequencePoints="0" numBranchPoints="1" visitedBranchPoints="0" sequenceCoverage="0" branchCoverage="0" maxCyclomaticComplexity="1" minCyclomaticComplexity="1" />
              <MetadataToken>100663694</MetadataToken>
              <Name>SigStat.Common.FeatureDescriptor`1&lt;System.Collections.Generic.List`1&lt;System.Double&gt;&gt; SigStat.Common.Transforms.RealisticImageGenerator::get_Azimuth()</Name>
              <FileRef uid="88" />
              <SequencePoints>
                <SequencePoint vc="0" uspid="2274" ordinal="0" offset="0" sl="49" sc="51" el="49" ec="55" />
              </SequencePoints>
              <BranchPoints />
              <MethodPoint xsi:type="SequencePoint" vc="0" uspid="2274" ordinal="0" offset="0" sl="49" sc="51" el="49" ec="55" />
            </Method>
            <Method visited="false" cyclomaticComplexity="1" sequenceCoverage="0" branchCoverage="0" isConstructor="false" isStatic="false" isGetter="false" isSetter="true">
              <Summary numSequencePoints="1" visitedSequencePoints="0" numBranchPoints="1" visitedBranchPoints="0" sequenceCoverage="0" branchCoverage="0" maxCyclomaticComplexity="1" minCyclomaticComplexity="1" />
              <MetadataToken>100663695</MetadataToken>
              <Name>System.Void SigStat.Common.Transforms.RealisticImageGenerator::set_Azimuth(SigStat.Common.FeatureDescriptor`1&lt;System.Collections.Generic.List`1&lt;System.Double&gt;&gt;)</Name>
              <FileRef uid="88" />
              <SequencePoints>
                <SequencePoint vc="0" uspid="2275" ordinal="0" offset="0" sl="49" sc="56" el="49" ec="60" />
              </SequencePoints>
              <BranchPoints />
              <MethodPoint xsi:type="SequencePoint" vc="0" uspid="2275" ordinal="0" offset="0" sl="49" sc="56" el="49" ec="60" />
            </Method>
            <Method visited="false" cyclomaticComplexity="1" sequenceCoverage="0" branchCoverage="0" isConstructor="false" isStatic="false" isGetter="true" isSetter="false">
              <Summary numSequencePoints="1" visitedSequencePoints="0" numBranchPoints="1" visitedBranchPoints="0" sequenceCoverage="0" branchCoverage="0" maxCyclomaticComplexity="1" minCyclomaticComplexity="1" />
              <MetadataToken>100663696</MetadataToken>
              <Name>SigStat.Common.FeatureDescriptor`1&lt;SixLabors.ImageSharp.Image`1&lt;SixLabors.ImageSharp.PixelFormats.Rgba32&gt;&gt; SigStat.Common.Transforms.RealisticImageGenerator::get_OutputImage()</Name>
              <FileRef uid="88" />
              <SequencePoints>
                <SequencePoint vc="0" uspid="2276" ordinal="0" offset="0" sl="52" sc="56" el="52" ec="60" />
              </SequencePoints>
              <BranchPoints />
              <MethodPoint xsi:type="SequencePoint" vc="0" uspid="2276" ordinal="0" offset="0" sl="52" sc="56" el="52" ec="60" />
            </Method>
            <Method visited="false" cyclomaticComplexity="1" sequenceCoverage="0" branchCoverage="0" isConstructor="false" isStatic="false" isGetter="false" isSetter="true">
              <Summary numSequencePoints="1" visitedSequencePoints="0" numBranchPoints="1" visitedBranchPoints="0" sequenceCoverage="0" branchCoverage="0" maxCyclomaticComplexity="1" minCyclomaticComplexity="1" />
              <MetadataToken>100663697</MetadataToken>
              <Name>System.Void SigStat.Common.Transforms.RealisticImageGenerator::set_OutputImage(SigStat.Common.FeatureDescriptor`1&lt;SixLabors.ImageSharp.Image`1&lt;SixLabors.ImageSharp.PixelFormats.Rgba32&gt;&gt;)</Name>
              <FileRef uid="88" />
              <SequencePoints>
                <SequencePoint vc="0" uspid="2277" ordinal="0" offset="0" sl="52" sc="61" el="52" ec="65" />
              </SequencePoints>
              <BranchPoints />
              <MethodPoint xsi:type="SequencePoint" vc="0" uspid="2277" ordinal="0" offset="0" sl="52" sc="61" el="52" ec="65" />
            </Method>
            <Method visited="false" cyclomaticComplexity="1" sequenceCoverage="0" branchCoverage="0" isConstructor="true" isStatic="false" isGetter="false" isSetter="false">
              <Summary numSequencePoints="14" visitedSequencePoints="0" numBranchPoints="1" visitedBranchPoints="0" sequenceCoverage="0" branchCoverage="0" maxCyclomaticComplexity="1" minCyclomaticComplexity="1" />
              <MetadataToken>100663698</MetadataToken>
              <Name>System.Void SigStat.Common.Transforms.RealisticImageGenerator::.ctor(System.Int32,System.Int32)</Name>
              <FileRef uid="88" />
              <SequencePoints>
                <SequencePoint vc="0" uspid="2278" ordinal="0" offset="0" sl="29" sc="59" el="29" ec="69" />
                <SequencePoint vc="0" uspid="2279" ordinal="1" offset="11" sl="33" sc="59" el="33" ec="69" />
                <SequencePoint vc="0" uspid="2280" ordinal="2" offset="22" sl="37" sc="62" el="37" ec="77" />
                <SequencePoint vc="0" uspid="2281" ordinal="3" offset="33" sl="41" sc="66" el="41" ec="83" />
                <SequencePoint vc="0" uspid="2282" ordinal="4" offset="44" sl="45" sc="66" el="45" ec="83" />
                <SequencePoint vc="0" uspid="2283" ordinal="5" offset="55" sl="49" sc="65" el="49" ec="81" />
                <SequencePoint vc="0" uspid="2284" ordinal="6" offset="66" sl="52" sc="70" el="52" ec="84" />
                <SequencePoint vc="0" uspid="2285" ordinal="7" offset="77" sl="57" sc="9" el="57" ec="55" />
                <SequencePoint vc="0" uspid="2286" ordinal="8" offset="88" sl="58" sc="9" el="58" ec="51" />
                <SequencePoint vc="0" uspid="2287" ordinal="9" offset="99" sl="70" sc="9" el="70" ec="73" />
                <SequencePoint vc="0" uspid="2288" ordinal="10" offset="105" sl="72" sc="13" el="72" ec="29" />
                <SequencePoint vc="0" uspid="2289" ordinal="11" offset="112" sl="73" sc="13" el="73" ec="29" />
                <SequencePoint vc="0" uspid="2290" ordinal="12" offset="119" sl="74" sc="13" el="74" ec="51" />
                <SequencePoint vc="0" uspid="2291" ordinal="13" offset="155" sl="75" sc="9" el="75" ec="10" />
              </SequencePoints>
              <BranchPoints />
              <MethodPoint xsi:type="SequencePoint" vc="0" uspid="2278" ordinal="0" offset="0" sl="29" sc="59" el="29" ec="69" />
            </Method>
            <Method visited="false" cyclomaticComplexity="2" sequenceCoverage="0" branchCoverage="0" isConstructor="false" isStatic="false" isGetter="false" isSetter="false">
              <Summary numSequencePoints="20" visitedSequencePoints="0" numBranchPoints="3" visitedBranchPoints="0" sequenceCoverage="0" branchCoverage="0" maxCyclomaticComplexity="2" minCyclomaticComplexity="2" />
              <MetadataToken>100663699</MetadataToken>
              <Name>System.Void SigStat.Common.Transforms.RealisticImageGenerator::Transform(SigStat.Common.Signature)</Name>
              <FileRef uid="88" />
              <SequencePoints>
                <SequencePoint vc="0" uspid="2292" ordinal="0" offset="0" sl="80" sc="13" el="80" ec="42" />
                <SequencePoint vc="0" uspid="2293" ordinal="1" offset="18" sl="81" sc="13" el="81" ec="42" />
                <SequencePoint vc="0" uspid="2294" ordinal="2" offset="36" sl="82" sc="13" el="82" ec="53" />
                <SequencePoint vc="0" uspid="2295" ordinal="3" offset="54" sl="83" sc="13" el="83" ec="49" />
                <SequencePoint vc="0" uspid="2296" ordinal="4" offset="72" sl="84" sc="13" el="84" ec="51" />
                <SequencePoint vc="0" uspid="2297" ordinal="5" offset="90" sl="85" sc="13" el="85" ec="49" />
                <SequencePoint vc="0" uspid="2298" ordinal="6" offset="108" sl="88" sc="13" el="88" ec="57" />
                <SequencePoint vc="0" uspid="2299" ordinal="7" offset="126" sl="89" sc="13" el="89" ec="45" />
                <SequencePoint vc="0" uspid="2300" ordinal="8" offset="144" sl="91" sc="13" el="91" ec="32" />
                <SequencePoint vc="0" uspid="2301" ordinal="9" offset="156" sl="92" sc="13" el="92" ec="54" />
                <SequencePoint vc="0" uspid="2302" ordinal="10" offset="162" sl="93" sc="18" el="93" ec="27" />
                <SequencePoint vc="0" uspid="2303" ordinal="11" offset="166" sl="95" sc="17" el="95" ec="57" />
                <SequencePoint vc="0" uspid="2304" ordinal="12" offset="202" sl="96" sc="17" el="96" ec="56" />
                <SequencePoint vc="0" uspid="2305" ordinal="13" offset="224" sl="93" sc="38" el="93" ec="41" />
                <SequencePoint vc="0" uspid="2306" ordinal="14" offset="228" sl="93" sc="29" el="93" ec="36" />
                <SequencePoint vc="0" uspid="2307" ordinal="15" offset="232" sl="98" sc="13" el="98" ec="45" />
                <SequencePoint vc="0" uspid="2308" ordinal="16" offset="240" sl="103" sc="13" el="103" ec="52" />
                <SequencePoint vc="0" uspid="2309" ordinal="17" offset="253" sl="104" sc="13" el="104" ec="28" />
                <SequencePoint vc="0" uspid="2310" ordinal="18" offset="261" sl="105" sc="13" el="105" ec="69" />
                <SequencePoint vc="0" uspid="2311" ordinal="19" offset="277" sl="106" sc="9" el="106" ec="10" />
              </SequencePoints>
              <BranchPoints>
                <BranchPoint vc="0" uspid="2312" ordinal="0" offset="230" path="0" />
                <BranchPoint vc="0" uspid="2313" ordinal="1" offset="230" path="1" />
              </BranchPoints>
              <MethodPoint xsi:type="SequencePoint" vc="0" uspid="2292" ordinal="0" offset="0" sl="80" sc="13" el="80" ec="42" />
            </Method>
            <Method visited="false" cyclomaticComplexity="1" sequenceCoverage="0" branchCoverage="0" isConstructor="false" isStatic="false" isGetter="false" isSetter="false">
              <Summary numSequencePoints="3" visitedSequencePoints="0" numBranchPoints="1" visitedBranchPoints="0" sequenceCoverage="0" branchCoverage="0" maxCyclomaticComplexity="1" minCyclomaticComplexity="1" />
              <MetadataToken>100663700</MetadataToken>
              <Name>SixLabors.Primitives.PointF SigStat.Common.Transforms.RealisticImageGenerator::ToImageCoords(System.Double,System.Double)</Name>
              <FileRef uid="88" />
              <SequencePoints>
                <SequencePoint vc="0" uspid="2314" ordinal="0" offset="0" sl="112" sc="13" el="112" ec="36" />
                <SequencePoint vc="0" uspid="2315" ordinal="1" offset="18" sl="114" sc="13" el="114" ec="32" />
                <SequencePoint vc="0" uspid="2316" ordinal="2" offset="23" sl="118" sc="13" el="121" ec="15" />
              </SequencePoints>
              <BranchPoints />
              <MethodPoint xsi:type="SequencePoint" vc="0" uspid="2314" ordinal="0" offset="0" sl="112" sc="13" el="112" ec="36" />
            </Method>
            <Method visited="false" cyclomaticComplexity="2" sequenceCoverage="0" branchCoverage="0" isConstructor="false" isStatic="false" isGetter="false" isSetter="false">
              <Summary numSequencePoints="8" visitedSequencePoints="0" numBranchPoints="3" visitedBranchPoints="0" sequenceCoverage="0" branchCoverage="0" maxCyclomaticComplexity="2" minCyclomaticComplexity="2" />
              <MetadataToken>100663701</MetadataToken>
              <Name>System.Void SigStat.Common.Transforms.RealisticImageGenerator::DrawRealisticLines(SixLabors.ImageSharp.Image`1&lt;SixLabors.ImageSharp.PixelFormats.Rgba32&gt;,System.Collections.Generic.List`1&lt;SixLabors.Primitives.PointF&gt;)</Name>
              <FileRef uid="88" />
              <SequencePoints>
                <SequencePoint vc="0" uspid="2317" ordinal="0" offset="20" sl="126" sc="13" el="126" ec="30" />
                <SequencePoint vc="0" uspid="2318" ordinal="1" offset="40" sl="127" sc="18" el="127" ec="30" />
                <SequencePoint vc="0" uspid="2319" ordinal="2" offset="65" sl="129" sc="17" el="129" ec="83" />
                <SequencePoint vc="0" uspid="2320" ordinal="3" offset="119" sl="130" sc="17" el="130" ec="82" />
                <SequencePoint vc="0" uspid="2321" ordinal="4" offset="173" sl="131" sc="17" el="165" ec="20" />
                <SequencePoint vc="0" uspid="2322" ordinal="5" offset="191" sl="127" sc="49" el="127" ec="55" />
                <SequencePoint vc="0" uspid="2323" ordinal="6" offset="207" sl="127" sc="32" el="127" ec="47" />
                <SequencePoint vc="0" uspid="2324" ordinal="7" offset="229" sl="167" sc="9" el="167" ec="10" />
              </SequencePoints>
              <BranchPoints>
                <BranchPoint vc="0" uspid="2326" ordinal="0" offset="224" path="0" />
                <BranchPoint vc="0" uspid="2327" ordinal="1" offset="224" path="1" />
              </BranchPoints>
              <MethodPoint vc="0" uspid="2325" ordinal="0" offset="0" />
            </Method>
            <Method visited="false" cyclomaticComplexity="1" sequenceCoverage="0" branchCoverage="0" isConstructor="false" isStatic="true" isGetter="false" isSetter="false">
              <Summary numSequencePoints="1" visitedSequencePoints="0" numBranchPoints="1" visitedBranchPoints="0" sequenceCoverage="0" branchCoverage="0" maxCyclomaticComplexity="1" minCyclomaticComplexity="1" />
              <MetadataToken>100663702</MetadataToken>
              <Name>System.Single SigStat.Common.Transforms.RealisticImageGenerator::Lerp(System.Single,System.Single,System.Single)</Name>
              <FileRef uid="88" />
              <SequencePoints>
                <SequencePoint vc="0" uspid="2328" ordinal="0" offset="0" sl="178" sc="13" el="178" ec="42" />
              </SequencePoints>
              <BranchPoints />
              <MethodPoint xsi:type="SequencePoint" vc="0" uspid="2328" ordinal="0" offset="0" sl="178" sc="13" el="178" ec="42" />
            </Method>
            <Method visited="false" cyclomaticComplexity="1" sequenceCoverage="0" branchCoverage="0" isConstructor="false" isStatic="false" isGetter="false" isSetter="false">
              <Summary numSequencePoints="1" visitedSequencePoints="0" numBranchPoints="1" visitedBranchPoints="0" sequenceCoverage="0" branchCoverage="0" maxCyclomaticComplexity="1" minCyclomaticComplexity="1" />
              <MetadataToken>100663703</MetadataToken>
              <Name>System.Void SigStat.Common.Transforms.RealisticImageGenerator::&lt;Transform&gt;b__40_0(SixLabors.ImageSharp.Processing.IImageProcessingContext`1&lt;SixLabors.ImageSharp.PixelFormats.Rgba32&gt;)</Name>
              <FileRef uid="88" />
              <SequencePoints>
                <SequencePoint vc="0" uspid="2329" ordinal="0" offset="0" sl="89" sc="31" el="89" ec="43" />
              </SequencePoints>
              <BranchPoints />
              <MethodPoint xsi:type="SequencePoint" vc="0" uspid="2329" ordinal="0" offset="0" sl="89" sc="31" el="89" ec="43" />
            </Method>
          </Methods>
        </Class>
        <Class>
          <Summary numSequencePoints="0" visitedSequencePoints="0" numBranchPoints="0" visitedBranchPoints="0" sequenceCoverage="0" branchCoverage="0" maxCyclomaticComplexity="1" minCyclomaticComplexity="1" />
          <FullName>SigStat.Common.Transforms.RealisticImageGenerator/&lt;&gt;c__DisplayClass42_0</FullName>
          <Methods>
            <Method visited="false" cyclomaticComplexity="1" sequenceCoverage="0" branchCoverage="0" isConstructor="true" isStatic="false" isGetter="false" isSetter="false">
              <Summary numSequencePoints="0" visitedSequencePoints="0" numBranchPoints="0" visitedBranchPoints="0" sequenceCoverage="0" branchCoverage="0" maxCyclomaticComplexity="1" minCyclomaticComplexity="1" />
              <MetadataToken>100664246</MetadataToken>
              <Name>System.Void SigStat.Common.Transforms.RealisticImageGenerator/&lt;&gt;c__DisplayClass42_0::.ctor()</Name>
              <SequencePoints />
              <BranchPoints />
              <MethodPoint vc="0" uspid="2330" ordinal="0" offset="0" />
            </Method>
          </Methods>
        </Class>
        <Class>
          <Summary numSequencePoints="0" visitedSequencePoints="0" numBranchPoints="0" visitedBranchPoints="0" sequenceCoverage="0" branchCoverage="0" maxCyclomaticComplexity="1" minCyclomaticComplexity="1" />
          <FullName>SigStat.Common.Transforms.RealisticImageGenerator/&lt;&gt;c__DisplayClass42_1</FullName>
          <Methods>
            <Method visited="false" cyclomaticComplexity="1" sequenceCoverage="0" branchCoverage="0" isConstructor="true" isStatic="false" isGetter="false" isSetter="false">
              <Summary numSequencePoints="0" visitedSequencePoints="0" numBranchPoints="0" visitedBranchPoints="0" sequenceCoverage="0" branchCoverage="0" maxCyclomaticComplexity="1" minCyclomaticComplexity="1" />
              <MetadataToken>100664247</MetadataToken>
              <Name>System.Void SigStat.Common.Transforms.RealisticImageGenerator/&lt;&gt;c__DisplayClass42_1::.ctor()</Name>
              <SequencePoints />
              <BranchPoints />
              <MethodPoint vc="0" uspid="2331" ordinal="0" offset="0" />
            </Method>
          </Methods>
        </Class>
        <Class>
          <Summary numSequencePoints="24" visitedSequencePoints="0" numBranchPoints="7" visitedBranchPoints="0" sequenceCoverage="0" branchCoverage="0" maxCyclomaticComplexity="4" minCyclomaticComplexity="1" />
          <FullName>SigStat.Common.Transforms.RealisticImageGenerator/&lt;&gt;c__DisplayClass42_2</FullName>
          <Methods>
            <Method visited="false" cyclomaticComplexity="1" sequenceCoverage="0" branchCoverage="0" isConstructor="true" isStatic="false" isGetter="false" isSetter="false">
              <Summary numSequencePoints="0" visitedSequencePoints="0" numBranchPoints="0" visitedBranchPoints="0" sequenceCoverage="0" branchCoverage="0" maxCyclomaticComplexity="1" minCyclomaticComplexity="1" />
              <MetadataToken>100664248</MetadataToken>
              <Name>System.Void SigStat.Common.Transforms.RealisticImageGenerator/&lt;&gt;c__DisplayClass42_2::.ctor()</Name>
              <SequencePoints />
              <BranchPoints />
              <MethodPoint vc="0" uspid="2332" ordinal="0" offset="0" />
            </Method>
            <Method visited="false" cyclomaticComplexity="4" sequenceCoverage="0" branchCoverage="0" isConstructor="false" isStatic="false" isGetter="false" isSetter="false">
              <Summary numSequencePoints="24" visitedSequencePoints="0" numBranchPoints="7" visitedBranchPoints="0" sequenceCoverage="0" branchCoverage="0" maxCyclomaticComplexity="4" minCyclomaticComplexity="4" />
              <MetadataToken>100664249</MetadataToken>
              <Name>System.Void SigStat.Common.Transforms.RealisticImageGenerator/&lt;&gt;c__DisplayClass42_2::&lt;DrawRealisticLines&gt;b__0(SixLabors.ImageSharp.Processing.IImageProcessingContext`1&lt;SixLabors.ImageSharp.PixelFormats.Rgba32&gt;)</Name>
              <FileRef uid="88" />
              <SequencePoints>
                <SequencePoint vc="0" uspid="2333" ordinal="0" offset="0" sl="133" sc="26" el="133" ec="35" />
                <SequencePoint vc="0" uspid="2334" ordinal="1" offset="7" sl="135" sc="25" el="135" ec="47" />
                <SequencePoint vc="0" uspid="2335" ordinal="2" offset="30" sl="136" sc="25" el="136" ec="51" />
                <SequencePoint vc="0" uspid="2336" ordinal="3" offset="55" sl="137" sc="25" el="137" ec="46" />
                <SequencePoint vc="0" uspid="2337" ordinal="4" offset="89" sl="142" sc="25" el="142" ec="93" />
                <SequencePoint vc="0" uspid="2338" ordinal="5" offset="137" sl="143" sc="25" el="143" ec="54" />
                <SequencePoint vc="0" uspid="2339" ordinal="6" offset="149" sl="144" sc="30" el="144" ec="44" />
                <SequencePoint vc="0" uspid="2340" ordinal="7" offset="161" sl="146" sc="29" el="149" ec="31" />
                <SequencePoint vc="0" uspid="2341" ordinal="8" offset="210" sl="150" sc="29" el="150" ec="163" />
                <SequencePoint vc="0" uspid="2342" ordinal="9" offset="381" sl="151" sc="29" el="151" ec="47" />
                <SequencePoint vc="0" uspid="2343" ordinal="10" offset="404" sl="152" sc="29" el="152" ec="120" />
                <SequencePoint vc="0" uspid="2344" ordinal="11" offset="499" sl="153" sc="29" el="153" ec="74" />
                <SequencePoint vc="0" uspid="2345" ordinal="12" offset="544" sl="154" sc="29" el="154" ec="74" />
                <SequencePoint vc="0" uspid="2346" ordinal="13" offset="589" sl="156" sc="29" el="156" ec="70" />
                <SequencePoint vc="0" uspid="2347" ordinal="14" offset="600" sl="157" sc="29" el="157" ec="57" />
                <SequencePoint vc="0" uspid="2348" ordinal="15" offset="622" sl="158" sc="29" el="158" ec="57" />
                <SequencePoint vc="0" uspid="2349" ordinal="16" offset="644" sl="159" sc="29" el="159" ec="83" />
                <SequencePoint vc="0" uspid="2350" ordinal="17" offset="662" sl="144" sc="57" el="144" ec="66" />
                <SequencePoint vc="0" uspid="2351" ordinal="18" offset="668" sl="144" sc="46" el="144" ec="55" />
                <SequencePoint vc="0" uspid="2352" ordinal="19" offset="680" sl="162" sc="25" el="162" ec="78" />
                <SequencePoint vc="0" uspid="2353" ordinal="20" offset="709" sl="163" sc="25" el="163" ec="118" />
                <SequencePoint vc="0" uspid="2354" ordinal="21" offset="802" sl="133" sc="59" el="133" ec="62" />
                <SequencePoint vc="0" uspid="2355" ordinal="22" offset="806" sl="133" sc="37" el="133" ec="57" />
                <SequencePoint vc="0" uspid="2356" ordinal="23" offset="835" sl="165" sc="17" el="165" ec="18" />
              </SequencePoints>
              <BranchPoints>
                <BranchPoint vc="0" uspid="2357" ordinal="0" offset="84" path="0" />
                <BranchPoint vc="0" uspid="2358" ordinal="1" offset="84" path="1" />
                <BranchPoint vc="0" uspid="2359" ordinal="2" offset="675" path="0" />
                <BranchPoint vc="0" uspid="2360" ordinal="3" offset="675" path="1" />
                <BranchPoint vc="0" uspid="2361" ordinal="4" offset="830" path="0" />
                <BranchPoint vc="0" uspid="2362" ordinal="5" offset="830" path="1" />
              </BranchPoints>
              <MethodPoint xsi:type="SequencePoint" vc="0" uspid="2333" ordinal="0" offset="0" sl="133" sc="26" el="133" ec="35" />
            </Method>
          </Methods>
        </Class>
        <Class>
          <Summary numSequencePoints="31" visitedSequencePoints="0" numBranchPoints="48" visitedBranchPoints="0" sequenceCoverage="0" branchCoverage="0" maxCyclomaticComplexity="22" minCyclomaticComplexity="1" />
          <FullName>SigStat.Common.Transforms.Resize</FullName>
          <Methods>
            <Method visited="false" cyclomaticComplexity="1" sequenceCoverage="0" branchCoverage="0" isConstructor="false" isStatic="false" isGetter="true" isSetter="false">
              <Summary numSequencePoints="1" visitedSequencePoints="0" numBranchPoints="1" visitedBranchPoints="0" sequenceCoverage="0" branchCoverage="0" maxCyclomaticComplexity="1" minCyclomaticComplexity="1" />
              <MetadataToken>100663704</MetadataToken>
              <Name>SigStat.Common.FeatureDescriptor`1&lt;SixLabors.ImageSharp.Image`1&lt;SixLabors.ImageSharp.PixelFormats.Rgba32&gt;&gt; SigStat.Common.Transforms.Resize::get_InputImage()</Name>
              <FileRef uid="90" />
              <SequencePoints>
                <SequencePoint vc="0" uspid="2363" ordinal="0" offset="0" sl="24" sc="62" el="24" ec="66" />
              </SequencePoints>
              <BranchPoints />
              <MethodPoint xsi:type="SequencePoint" vc="0" uspid="2363" ordinal="0" offset="0" sl="24" sc="62" el="24" ec="66" />
            </Method>
            <Method visited="false" cyclomaticComplexity="1" sequenceCoverage="0" branchCoverage="0" isConstructor="false" isStatic="false" isGetter="false" isSetter="true">
              <Summary numSequencePoints="1" visitedSequencePoints="0" numBranchPoints="1" visitedBranchPoints="0" sequenceCoverage="0" branchCoverage="0" maxCyclomaticComplexity="1" minCyclomaticComplexity="1" />
              <MetadataToken>100663705</MetadataToken>
              <Name>System.Void SigStat.Common.Transforms.Resize::set_InputImage(SigStat.Common.FeatureDescriptor`1&lt;SixLabors.ImageSharp.Image`1&lt;SixLabors.ImageSharp.PixelFormats.Rgba32&gt;&gt;)</Name>
              <FileRef uid="90" />
              <SequencePoints>
                <SequencePoint vc="0" uspid="2364" ordinal="0" offset="0" sl="24" sc="67" el="24" ec="71" />
              </SequencePoints>
              <BranchPoints />
              <MethodPoint xsi:type="SequencePoint" vc="0" uspid="2364" ordinal="0" offset="0" sl="24" sc="67" el="24" ec="71" />
            </Method>
            <Method visited="false" cyclomaticComplexity="1" sequenceCoverage="0" branchCoverage="0" isConstructor="false" isStatic="false" isGetter="true" isSetter="false">
              <Summary numSequencePoints="1" visitedSequencePoints="0" numBranchPoints="1" visitedBranchPoints="0" sequenceCoverage="0" branchCoverage="0" maxCyclomaticComplexity="1" minCyclomaticComplexity="1" />
              <MetadataToken>100663706</MetadataToken>
              <Name>SigStat.Common.FeatureDescriptor`1&lt;SixLabors.ImageSharp.Image`1&lt;SixLabors.ImageSharp.PixelFormats.Rgba32&gt;&gt; SigStat.Common.Transforms.Resize::get_OutputImage()</Name>
              <FileRef uid="90" />
              <SequencePoints>
                <SequencePoint vc="0" uspid="2365" ordinal="0" offset="0" sl="27" sc="63" el="27" ec="67" />
              </SequencePoints>
              <BranchPoints />
              <MethodPoint xsi:type="SequencePoint" vc="0" uspid="2365" ordinal="0" offset="0" sl="27" sc="63" el="27" ec="67" />
            </Method>
            <Method visited="false" cyclomaticComplexity="1" sequenceCoverage="0" branchCoverage="0" isConstructor="false" isStatic="false" isGetter="false" isSetter="true">
              <Summary numSequencePoints="1" visitedSequencePoints="0" numBranchPoints="1" visitedBranchPoints="0" sequenceCoverage="0" branchCoverage="0" maxCyclomaticComplexity="1" minCyclomaticComplexity="1" />
              <MetadataToken>100663707</MetadataToken>
              <Name>System.Void SigStat.Common.Transforms.Resize::set_OutputImage(SigStat.Common.FeatureDescriptor`1&lt;SixLabors.ImageSharp.Image`1&lt;SixLabors.ImageSharp.PixelFormats.Rgba32&gt;&gt;)</Name>
              <FileRef uid="90" />
              <SequencePoints>
                <SequencePoint vc="0" uspid="2366" ordinal="0" offset="0" sl="27" sc="68" el="27" ec="72" />
              </SequencePoints>
              <BranchPoints />
              <MethodPoint xsi:type="SequencePoint" vc="0" uspid="2366" ordinal="0" offset="0" sl="27" sc="68" el="27" ec="72" />
            </Method>
            <Method visited="false" cyclomaticComplexity="1" sequenceCoverage="0" branchCoverage="0" isConstructor="false" isStatic="false" isGetter="true" isSetter="false">
              <Summary numSequencePoints="1" visitedSequencePoints="0" numBranchPoints="1" visitedBranchPoints="0" sequenceCoverage="0" branchCoverage="0" maxCyclomaticComplexity="1" minCyclomaticComplexity="1" />
              <MetadataToken>100663708</MetadataToken>
              <Name>System.Nullable`1&lt;System.Int32&gt; SigStat.Common.Transforms.Resize::get_Width()</Name>
              <FileRef uid="90" />
              <SequencePoints>
                <SequencePoint vc="0" uspid="2367" ordinal="0" offset="0" sl="32" sc="29" el="32" ec="33" />
              </SequencePoints>
              <BranchPoints />
              <MethodPoint xsi:type="SequencePoint" vc="0" uspid="2367" ordinal="0" offset="0" sl="32" sc="29" el="32" ec="33" />
            </Method>
            <Method visited="false" cyclomaticComplexity="1" sequenceCoverage="0" branchCoverage="0" isConstructor="false" isStatic="false" isGetter="false" isSetter="true">
              <Summary numSequencePoints="1" visitedSequencePoints="0" numBranchPoints="1" visitedBranchPoints="0" sequenceCoverage="0" branchCoverage="0" maxCyclomaticComplexity="1" minCyclomaticComplexity="1" />
              <MetadataToken>100663709</MetadataToken>
              <Name>System.Void SigStat.Common.Transforms.Resize::set_Width(System.Nullable`1&lt;System.Int32&gt;)</Name>
              <FileRef uid="90" />
              <SequencePoints>
                <SequencePoint vc="0" uspid="2368" ordinal="0" offset="0" sl="32" sc="34" el="32" ec="38" />
              </SequencePoints>
              <BranchPoints />
              <MethodPoint xsi:type="SequencePoint" vc="0" uspid="2368" ordinal="0" offset="0" sl="32" sc="34" el="32" ec="38" />
            </Method>
            <Method visited="false" cyclomaticComplexity="1" sequenceCoverage="0" branchCoverage="0" isConstructor="false" isStatic="false" isGetter="true" isSetter="false">
              <Summary numSequencePoints="1" visitedSequencePoints="0" numBranchPoints="1" visitedBranchPoints="0" sequenceCoverage="0" branchCoverage="0" maxCyclomaticComplexity="1" minCyclomaticComplexity="1" />
              <MetadataToken>100663710</MetadataToken>
              <Name>System.Nullable`1&lt;System.Int32&gt; SigStat.Common.Transforms.Resize::get_Height()</Name>
              <FileRef uid="90" />
              <SequencePoints>
                <SequencePoint vc="0" uspid="2369" ordinal="0" offset="0" sl="36" sc="30" el="36" ec="34" />
              </SequencePoints>
              <BranchPoints />
              <MethodPoint xsi:type="SequencePoint" vc="0" uspid="2369" ordinal="0" offset="0" sl="36" sc="30" el="36" ec="34" />
            </Method>
            <Method visited="false" cyclomaticComplexity="1" sequenceCoverage="0" branchCoverage="0" isConstructor="false" isStatic="false" isGetter="false" isSetter="true">
              <Summary numSequencePoints="1" visitedSequencePoints="0" numBranchPoints="1" visitedBranchPoints="0" sequenceCoverage="0" branchCoverage="0" maxCyclomaticComplexity="1" minCyclomaticComplexity="1" />
              <MetadataToken>100663711</MetadataToken>
              <Name>System.Void SigStat.Common.Transforms.Resize::set_Height(System.Nullable`1&lt;System.Int32&gt;)</Name>
              <FileRef uid="90" />
              <SequencePoints>
                <SequencePoint vc="0" uspid="2370" ordinal="0" offset="0" sl="36" sc="35" el="36" ec="39" />
              </SequencePoints>
              <BranchPoints />
              <MethodPoint xsi:type="SequencePoint" vc="0" uspid="2370" ordinal="0" offset="0" sl="36" sc="35" el="36" ec="39" />
            </Method>
            <Method visited="false" cyclomaticComplexity="1" sequenceCoverage="0" branchCoverage="0" isConstructor="false" isStatic="false" isGetter="true" isSetter="false">
              <Summary numSequencePoints="1" visitedSequencePoints="0" numBranchPoints="1" visitedBranchPoints="0" sequenceCoverage="0" branchCoverage="0" maxCyclomaticComplexity="1" minCyclomaticComplexity="1" />
              <MetadataToken>100663712</MetadataToken>
              <Name>System.Func`2&lt;SixLabors.ImageSharp.Image`1&lt;SixLabors.ImageSharp.PixelFormats.Rgba32&gt;,SixLabors.Primitives.Size&gt; SigStat.Common.Transforms.Resize::get_ResizeFunction()</Name>
              <FileRef uid="90" />
              <SequencePoints>
                <SequencePoint vc="0" uspid="2371" ordinal="0" offset="0" sl="40" sc="59" el="40" ec="63" />
              </SequencePoints>
              <BranchPoints />
              <MethodPoint xsi:type="SequencePoint" vc="0" uspid="2371" ordinal="0" offset="0" sl="40" sc="59" el="40" ec="63" />
            </Method>
            <Method visited="false" cyclomaticComplexity="1" sequenceCoverage="0" branchCoverage="0" isConstructor="false" isStatic="false" isGetter="false" isSetter="true">
              <Summary numSequencePoints="1" visitedSequencePoints="0" numBranchPoints="1" visitedBranchPoints="0" sequenceCoverage="0" branchCoverage="0" maxCyclomaticComplexity="1" minCyclomaticComplexity="1" />
              <MetadataToken>100663713</MetadataToken>
              <Name>System.Void SigStat.Common.Transforms.Resize::set_ResizeFunction(System.Func`2&lt;SixLabors.ImageSharp.Image`1&lt;SixLabors.ImageSharp.PixelFormats.Rgba32&gt;,SixLabors.Primitives.Size&gt;)</Name>
              <FileRef uid="90" />
              <SequencePoints>
                <SequencePoint vc="0" uspid="2372" ordinal="0" offset="0" sl="40" sc="64" el="40" ec="68" />
              </SequencePoints>
              <BranchPoints />
              <MethodPoint xsi:type="SequencePoint" vc="0" uspid="2372" ordinal="0" offset="0" sl="40" sc="64" el="40" ec="68" />
            </Method>
            <Method visited="false" cyclomaticComplexity="2" sequenceCoverage="0" branchCoverage="0" isConstructor="false" isStatic="false" isGetter="false" isSetter="false">
              <Summary numSequencePoints="9" visitedSequencePoints="0" numBranchPoints="3" visitedBranchPoints="0" sequenceCoverage="0" branchCoverage="0" maxCyclomaticComplexity="2" minCyclomaticComplexity="2" />
              <MetadataToken>100663714</MetadataToken>
              <Name>System.Void SigStat.Common.Transforms.Resize::Transform(SigStat.Common.Signature)</Name>
              <FileRef uid="90" />
              <SequencePoints>
                <SequencePoint vc="0" uspid="2373" ordinal="0" offset="6" sl="45" sc="13" el="45" ec="68" />
                <SequencePoint vc="0" uspid="2374" ordinal="1" offset="19" sl="47" sc="13" el="47" ec="49" />
                <SequencePoint vc="0" uspid="2375" ordinal="2" offset="32" sl="48" sc="13" el="48" ec="99" />
                <SequencePoint vc="0" uspid="2376" ordinal="3" offset="51" sl="51" sc="13" el="51" ec="43" />
                <SequencePoint vc="0" uspid="2377" ordinal="4" offset="65" sl="53" sc="17" el="53" ec="33" />
                <SequencePoint vc="0" uspid="2378" ordinal="5" offset="71" sl="56" sc="13" el="56" ec="57" />
                <SequencePoint vc="0" uspid="2379" ordinal="6" offset="84" sl="57" sc="13" el="57" ec="52" />
                <SequencePoint vc="0" uspid="2380" ordinal="7" offset="100" sl="58" sc="13" el="58" ec="28" />
                <SequencePoint vc="0" uspid="2381" ordinal="8" offset="108" sl="59" sc="9" el="59" ec="10" />
              </SequencePoints>
              <BranchPoints>
                <BranchPoint vc="0" uspid="2383" ordinal="0" offset="63" path="0" />
                <BranchPoint vc="0" uspid="2384" ordinal="1" offset="63" path="1" />
              </BranchPoints>
              <MethodPoint vc="0" uspid="2382" ordinal="0" offset="0" />
            </Method>
            <Method visited="false" cyclomaticComplexity="22" sequenceCoverage="0" branchCoverage="0" isConstructor="false" isStatic="false" isGetter="false" isSetter="false">
              <Summary numSequencePoints="12" visitedSequencePoints="0" numBranchPoints="35" visitedBranchPoints="0" sequenceCoverage="0" branchCoverage="0" maxCyclomaticComplexity="22" minCyclomaticComplexity="22" />
              <MetadataToken>100663715</MetadataToken>
              <Name>SixLabors.Primitives.Size SigStat.Common.Transforms.Resize::CalculateSize(SixLabors.ImageSharp.Image`1&lt;SixLabors.ImageSharp.PixelFormats.Rgba32&gt;)</Name>
              <FileRef uid="90" />
              <SequencePoints>
                <SequencePoint vc="0" uspid="2385" ordinal="0" offset="0" sl="64" sc="13" el="64" ec="75" />
                <SequencePoint vc="0" uspid="2386" ordinal="1" offset="40" sl="66" sc="17" el="66" ec="116" />
                <SequencePoint vc="0" uspid="2387" ordinal="2" offset="84" sl="68" sc="13" el="68" ec="77" />
                <SequencePoint vc="0" uspid="2388" ordinal="3" offset="124" sl="70" sc="17" el="70" ec="121" />
                <SequencePoint vc="0" uspid="2389" ordinal="4" offset="168" sl="74" sc="13" el="74" ec="75" />
                <SequencePoint vc="0" uspid="2390" ordinal="5" offset="208" sl="76" sc="17" el="76" ec="46" />
                <SequencePoint vc="0" uspid="2391" ordinal="6" offset="221" sl="80" sc="13" el="80" ec="45" />
                <SequencePoint vc="0" uspid="2392" ordinal="7" offset="228" sl="81" sc="13" el="81" ec="49" />
                <SequencePoint vc="0" uspid="2393" ordinal="8" offset="260" sl="83" sc="17" el="83" ec="75" />
                <SequencePoint vc="0" uspid="2394" ordinal="9" offset="361" sl="85" sc="13" el="85" ec="49" />
                <SequencePoint vc="0" uspid="2395" ordinal="10" offset="393" sl="87" sc="17" el="87" ec="75" />
                <SequencePoint vc="0" uspid="2396" ordinal="11" offset="494" sl="91" sc="13" el="91" ec="56" />
              </SequencePoints>
              <BranchPoints>
                <BranchPoint vc="0" uspid="2397" ordinal="0" offset="14" path="0" />
                <BranchPoint vc="0" uspid="2398" ordinal="1" offset="14" path="1" />
                <BranchPoint vc="0" uspid="2399" ordinal="2" offset="30" path="0" />
                <BranchPoint vc="0" uspid="2400" ordinal="3" offset="30" path="1" />
                <BranchPoint vc="0" uspid="2401" ordinal="4" offset="38" path="0" />
                <BranchPoint vc="0" uspid="2402" ordinal="5" offset="38" path="1" />
                <BranchPoint vc="0" uspid="2403" ordinal="6" offset="98" path="0" />
                <BranchPoint vc="0" uspid="2404" ordinal="7" offset="98" path="1" />
                <BranchPoint vc="0" uspid="2405" ordinal="8" offset="114" path="0" />
                <BranchPoint vc="0" uspid="2406" ordinal="9" offset="114" path="1" />
                <BranchPoint vc="0" uspid="2407" ordinal="10" offset="122" path="0" />
                <BranchPoint vc="0" uspid="2408" ordinal="11" offset="122" path="1" />
                <BranchPoint vc="0" uspid="2409" ordinal="12" offset="182" path="0" />
                <BranchPoint vc="0" uspid="2410" ordinal="13" offset="182" path="1" />
                <BranchPoint vc="0" uspid="2411" ordinal="14" offset="198" path="0" />
                <BranchPoint vc="0" uspid="2412" ordinal="15" offset="198" path="1" />
                <BranchPoint vc="0" uspid="2413" ordinal="16" offset="206" path="0" />
                <BranchPoint vc="0" uspid="2414" ordinal="17" offset="206" path="1" />
                <BranchPoint vc="0" uspid="2415" ordinal="18" offset="242" path="0" />
                <BranchPoint vc="0" uspid="2416" ordinal="19" offset="242" path="1" />
                <BranchPoint vc="0" uspid="2417" ordinal="20" offset="258" path="0" />
                <BranchPoint vc="0" uspid="2418" ordinal="21" offset="258" path="1" />
                <BranchPoint vc="0" uspid="2419" ordinal="22" offset="284" path="0" />
                <BranchPoint vc="0" uspid="2420" ordinal="23" offset="284" path="1" />
                <BranchPoint vc="0" uspid="2421" ordinal="24" offset="329" path="0" />
                <BranchPoint vc="0" uspid="2422" ordinal="25" offset="329" path="1" />
                <BranchPoint vc="0" uspid="2423" ordinal="26" offset="375" path="0" />
                <BranchPoint vc="0" uspid="2424" ordinal="27" offset="375" path="1" />
                <BranchPoint vc="0" uspid="2425" ordinal="28" offset="391" path="0" />
                <BranchPoint vc="0" uspid="2426" ordinal="29" offset="391" path="1" />
                <BranchPoint vc="0" uspid="2427" ordinal="30" offset="417" path="0" />
                <BranchPoint vc="0" uspid="2428" ordinal="31" offset="417" path="1" />
                <BranchPoint vc="0" uspid="2429" ordinal="32" offset="462" path="0" />
                <BranchPoint vc="0" uspid="2430" ordinal="33" offset="462" path="1" />
              </BranchPoints>
              <MethodPoint xsi:type="SequencePoint" vc="0" uspid="2385" ordinal="0" offset="0" sl="64" sc="13" el="64" ec="75" />
            </Method>
            <Method visited="false" cyclomaticComplexity="1" sequenceCoverage="0" branchCoverage="0" isConstructor="true" isStatic="false" isGetter="false" isSetter="false">
              <Summary numSequencePoints="0" visitedSequencePoints="0" numBranchPoints="0" visitedBranchPoints="0" sequenceCoverage="0" branchCoverage="0" maxCyclomaticComplexity="1" minCyclomaticComplexity="1" />
              <MetadataToken>100663716</MetadataToken>
              <Name>System.Void SigStat.Common.Transforms.Resize::.ctor()</Name>
              <SequencePoints />
              <BranchPoints />
              <MethodPoint vc="0" uspid="2431" ordinal="0" offset="0" />
            </Method>
          </Methods>
        </Class>
        <Class>
          <Summary numSequencePoints="1" visitedSequencePoints="0" numBranchPoints="1" visitedBranchPoints="0" sequenceCoverage="0" branchCoverage="0" maxCyclomaticComplexity="1" minCyclomaticComplexity="1" />
          <FullName>SigStat.Common.Transforms.Resize/&lt;&gt;c__DisplayClass20_0</FullName>
          <Methods>
            <Method visited="false" cyclomaticComplexity="1" sequenceCoverage="0" branchCoverage="0" isConstructor="true" isStatic="false" isGetter="false" isSetter="false">
              <Summary numSequencePoints="0" visitedSequencePoints="0" numBranchPoints="0" visitedBranchPoints="0" sequenceCoverage="0" branchCoverage="0" maxCyclomaticComplexity="1" minCyclomaticComplexity="1" />
              <MetadataToken>100664250</MetadataToken>
              <Name>System.Void SigStat.Common.Transforms.Resize/&lt;&gt;c__DisplayClass20_0::.ctor()</Name>
              <SequencePoints />
              <BranchPoints />
              <MethodPoint vc="0" uspid="2432" ordinal="0" offset="0" />
            </Method>
            <Method visited="false" cyclomaticComplexity="1" sequenceCoverage="0" branchCoverage="0" isConstructor="false" isStatic="false" isGetter="false" isSetter="false">
              <Summary numSequencePoints="1" visitedSequencePoints="0" numBranchPoints="1" visitedBranchPoints="0" sequenceCoverage="0" branchCoverage="0" maxCyclomaticComplexity="1" minCyclomaticComplexity="1" />
              <MetadataToken>100664251</MetadataToken>
              <Name>System.Void SigStat.Common.Transforms.Resize/&lt;&gt;c__DisplayClass20_0::&lt;Transform&gt;b__0(SixLabors.ImageSharp.Processing.IImageProcessingContext`1&lt;SixLabors.ImageSharp.PixelFormats.Rgba32&gt;)</Name>
              <FileRef uid="90" />
              <SequencePoints>
                <SequencePoint vc="0" uspid="2433" ordinal="0" offset="0" sl="48" sc="47" el="48" ec="97" />
              </SequencePoints>
              <BranchPoints />
              <MethodPoint xsi:type="SequencePoint" vc="0" uspid="2433" ordinal="0" offset="0" sl="48" sc="47" el="48" ec="97" />
            </Method>
          </Methods>
        </Class>
        <Class>
          <Summary numSequencePoints="61" visitedSequencePoints="0" numBranchPoints="56" visitedBranchPoints="0" sequenceCoverage="0" branchCoverage="0" maxCyclomaticComplexity="26" minCyclomaticComplexity="1" />
          <FullName>SigStat.Common.Transforms.Trim</FullName>
          <Methods>
            <Method visited="false" cyclomaticComplexity="1" sequenceCoverage="0" branchCoverage="0" isConstructor="false" isStatic="false" isGetter="true" isSetter="false">
              <Summary numSequencePoints="1" visitedSequencePoints="0" numBranchPoints="1" visitedBranchPoints="0" sequenceCoverage="0" branchCoverage="0" maxCyclomaticComplexity="1" minCyclomaticComplexity="1" />
              <MetadataToken>100663717</MetadataToken>
              <Name>SigStat.Common.FeatureDescriptor`1&lt;System.Boolean[0...,0...]&gt; SigStat.Common.Transforms.Trim::get_Input()</Name>
              <FileRef uid="92" />
              <SequencePoints>
                <SequencePoint vc="0" uspid="2434" ordinal="0" offset="0" sl="22" sc="51" el="22" ec="55" />
              </SequencePoints>
              <BranchPoints />
              <MethodPoint xsi:type="SequencePoint" vc="0" uspid="2434" ordinal="0" offset="0" sl="22" sc="51" el="22" ec="55" />
            </Method>
            <Method visited="false" cyclomaticComplexity="1" sequenceCoverage="0" branchCoverage="0" isConstructor="false" isStatic="false" isGetter="false" isSetter="true">
              <Summary numSequencePoints="1" visitedSequencePoints="0" numBranchPoints="1" visitedBranchPoints="0" sequenceCoverage="0" branchCoverage="0" maxCyclomaticComplexity="1" minCyclomaticComplexity="1" />
              <MetadataToken>100663718</MetadataToken>
              <Name>System.Void SigStat.Common.Transforms.Trim::set_Input(SigStat.Common.FeatureDescriptor`1&lt;System.Boolean[0...,0...]&gt;)</Name>
              <FileRef uid="92" />
              <SequencePoints>
                <SequencePoint vc="0" uspid="2435" ordinal="0" offset="0" sl="22" sc="56" el="22" ec="60" />
              </SequencePoints>
              <BranchPoints />
              <MethodPoint xsi:type="SequencePoint" vc="0" uspid="2435" ordinal="0" offset="0" sl="22" sc="56" el="22" ec="60" />
            </Method>
            <Method visited="false" cyclomaticComplexity="1" sequenceCoverage="0" branchCoverage="0" isConstructor="false" isStatic="false" isGetter="true" isSetter="false">
              <Summary numSequencePoints="1" visitedSequencePoints="0" numBranchPoints="1" visitedBranchPoints="0" sequenceCoverage="0" branchCoverage="0" maxCyclomaticComplexity="1" minCyclomaticComplexity="1" />
              <MetadataToken>100663719</MetadataToken>
              <Name>SigStat.Common.FeatureDescriptor`1&lt;System.Boolean[0...,0...]&gt; SigStat.Common.Transforms.Trim::get_Output()</Name>
              <FileRef uid="92" />
              <SequencePoints>
                <SequencePoint vc="0" uspid="2436" ordinal="0" offset="0" sl="25" sc="52" el="25" ec="56" />
              </SequencePoints>
              <BranchPoints />
              <MethodPoint xsi:type="SequencePoint" vc="0" uspid="2436" ordinal="0" offset="0" sl="25" sc="52" el="25" ec="56" />
            </Method>
            <Method visited="false" cyclomaticComplexity="1" sequenceCoverage="0" branchCoverage="0" isConstructor="false" isStatic="false" isGetter="false" isSetter="true">
              <Summary numSequencePoints="1" visitedSequencePoints="0" numBranchPoints="1" visitedBranchPoints="0" sequenceCoverage="0" branchCoverage="0" maxCyclomaticComplexity="1" minCyclomaticComplexity="1" />
              <MetadataToken>100663720</MetadataToken>
              <Name>System.Void SigStat.Common.Transforms.Trim::set_Output(SigStat.Common.FeatureDescriptor`1&lt;System.Boolean[0...,0...]&gt;)</Name>
              <FileRef uid="92" />
              <SequencePoints>
                <SequencePoint vc="0" uspid="2437" ordinal="0" offset="0" sl="25" sc="57" el="25" ec="61" />
              </SequencePoints>
              <BranchPoints />
              <MethodPoint xsi:type="SequencePoint" vc="0" uspid="2437" ordinal="0" offset="0" sl="25" sc="57" el="25" ec="61" />
            </Method>
            <Method visited="false" cyclomaticComplexity="1" sequenceCoverage="0" branchCoverage="0" isConstructor="true" isStatic="false" isGetter="false" isSetter="false">
              <Summary numSequencePoints="3" visitedSequencePoints="0" numBranchPoints="1" visitedBranchPoints="0" sequenceCoverage="0" branchCoverage="0" maxCyclomaticComplexity="1" minCyclomaticComplexity="1" />
              <MetadataToken>100663721</MetadataToken>
              <Name>System.Void SigStat.Common.Transforms.Trim::.ctor(System.Int32)</Name>
              <FileRef uid="92" />
              <SequencePoints>
                <SequencePoint vc="0" uspid="2438" ordinal="0" offset="0" sl="30" sc="9" el="30" ec="36" />
                <SequencePoint vc="0" uspid="2439" ordinal="1" offset="6" sl="32" sc="13" el="32" ec="42" />
                <SequencePoint vc="0" uspid="2440" ordinal="2" offset="13" sl="33" sc="9" el="33" ec="10" />
              </SequencePoints>
              <BranchPoints />
              <MethodPoint xsi:type="SequencePoint" vc="0" uspid="2438" ordinal="0" offset="0" sl="30" sc="9" el="30" ec="36" />
            </Method>
            <Method visited="false" cyclomaticComplexity="26" sequenceCoverage="0" branchCoverage="0" isConstructor="false" isStatic="false" isGetter="false" isSetter="false">
              <Summary numSequencePoints="54" visitedSequencePoints="0" numBranchPoints="51" visitedBranchPoints="0" sequenceCoverage="0" branchCoverage="0" maxCyclomaticComplexity="26" minCyclomaticComplexity="26" />
              <MetadataToken>100663722</MetadataToken>
              <Name>System.Void SigStat.Common.Transforms.Trim::Transform(SigStat.Common.Signature)</Name>
              <FileRef uid="92" />
              <SequencePoints>
                <SequencePoint vc="0" uspid="2441" ordinal="0" offset="0" sl="38" sc="13" el="38" ec="57" />
                <SequencePoint vc="0" uspid="2442" ordinal="1" offset="13" sl="39" sc="13" el="39" ec="40" />
                <SequencePoint vc="0" uspid="2443" ordinal="2" offset="21" sl="40" sc="13" el="40" ec="40" />
                <SequencePoint vc="0" uspid="2444" ordinal="3" offset="29" sl="42" sc="13" el="42" ec="32" />
                <SequencePoint vc="0" uspid="2445" ordinal="4" offset="38" sl="44" sc="17" el="44" ec="114" />
                <SequencePoint vc="0" uspid="2446" ordinal="5" offset="69" sl="46" sc="13" el="46" ec="58" />
                <SequencePoint vc="0" uspid="2447" ordinal="6" offset="91" sl="48" sc="17" el="48" ec="118" />
                <SequencePoint vc="0" uspid="2448" ordinal="7" offset="122" sl="51" sc="13" el="51" ec="24" />
                <SequencePoint vc="0" uspid="2449" ordinal="8" offset="124" sl="52" sc="13" el="52" ec="24" />
                <SequencePoint vc="0" uspid="2450" ordinal="9" offset="127" sl="53" sc="13" el="53" ec="24" />
                <SequencePoint vc="0" uspid="2451" ordinal="10" offset="130" sl="54" sc="13" el="54" ec="24" />
                <SequencePoint vc="0" uspid="2452" ordinal="11" offset="133" sl="57" sc="18" el="57" ec="27" />
                <SequencePoint vc="0" uspid="2453" ordinal="12" offset="138" sl="59" sc="22" el="59" ec="31" />
                <SequencePoint vc="0" uspid="2454" ordinal="13" offset="143" sl="61" sc="21" el="61" ec="37" />
                <SequencePoint vc="0" uspid="2455" ordinal="14" offset="155" sl="63" sc="25" el="63" ec="58" />
                <SequencePoint vc="0" uspid="2456" ordinal="15" offset="171" sl="59" sc="53" el="59" ec="56" />
                <SequencePoint vc="0" uspid="2457" ordinal="16" offset="177" sl="59" sc="33" el="59" ec="51" />
                <SequencePoint vc="0" uspid="2458" ordinal="17" offset="185" sl="57" sc="49" el="57" ec="52" />
                <SequencePoint vc="0" uspid="2459" ordinal="18" offset="191" sl="57" sc="29" el="57" ec="47" />
                <SequencePoint vc="0" uspid="2460" ordinal="19" offset="199" sl="68" sc="18" el="68" ec="31" />
                <SequencePoint vc="0" uspid="2461" ordinal="20" offset="206" sl="70" sc="22" el="70" ec="31" />
                <SequencePoint vc="0" uspid="2462" ordinal="21" offset="211" sl="72" sc="21" el="72" ec="37" />
                <SequencePoint vc="0" uspid="2463" ordinal="22" offset="223" sl="74" sc="25" el="74" ec="58" />
                <SequencePoint vc="0" uspid="2464" ordinal="23" offset="240" sl="70" sc="53" el="70" ec="56" />
                <SequencePoint vc="0" uspid="2465" ordinal="24" offset="246" sl="70" sc="33" el="70" ec="51" />
                <SequencePoint vc="0" uspid="2466" ordinal="25" offset="256" sl="68" sc="54" el="68" ec="57" />
                <SequencePoint vc="0" uspid="2467" ordinal="26" offset="262" sl="68" sc="33" el="68" ec="52" />
                <SequencePoint vc="0" uspid="2468" ordinal="27" offset="272" sl="79" sc="18" el="79" ec="27" />
                <SequencePoint vc="0" uspid="2469" ordinal="28" offset="277" sl="81" sc="22" el="81" ec="31" />
                <SequencePoint vc="0" uspid="2470" ordinal="29" offset="282" sl="83" sc="21" el="83" ec="37" />
                <SequencePoint vc="0" uspid="2471" ordinal="30" offset="294" sl="85" sc="25" el="85" ec="58" />
                <SequencePoint vc="0" uspid="2472" ordinal="31" offset="311" sl="81" sc="53" el="81" ec="56" />
                <SequencePoint vc="0" uspid="2473" ordinal="32" offset="317" sl="81" sc="33" el="81" ec="51" />
                <SequencePoint vc="0" uspid="2474" ordinal="33" offset="326" sl="79" sc="49" el="79" ec="52" />
                <SequencePoint vc="0" uspid="2475" ordinal="34" offset="332" sl="79" sc="29" el="79" ec="47" />
                <SequencePoint vc="0" uspid="2476" ordinal="35" offset="341" sl="90" sc="18" el="90" ec="31" />
                <SequencePoint vc="0" uspid="2477" ordinal="36" offset="348" sl="92" sc="22" el="92" ec="31" />
                <SequencePoint vc="0" uspid="2478" ordinal="37" offset="353" sl="94" sc="21" el="94" ec="37" />
                <SequencePoint vc="0" uspid="2479" ordinal="38" offset="365" sl="96" sc="25" el="96" ec="58" />
                <SequencePoint vc="0" uspid="2480" ordinal="39" offset="382" sl="92" sc="53" el="92" ec="56" />
                <SequencePoint vc="0" uspid="2481" ordinal="40" offset="388" sl="92" sc="33" el="92" ec="51" />
                <SequencePoint vc="0" uspid="2482" ordinal="41" offset="398" sl="90" sc="54" el="90" ec="57" />
                <SequencePoint vc="0" uspid="2483" ordinal="42" offset="404" sl="90" sc="33" el="90" ec="52" />
                <SequencePoint vc="0" uspid="2484" ordinal="43" offset="414" sl="101" sc="13" el="101" ec="52" />
                <SequencePoint vc="0" uspid="2485" ordinal="44" offset="430" sl="102" sc="18" el="102" ec="27" />
                <SequencePoint vc="0" uspid="2486" ordinal="45" offset="435" sl="104" sc="22" el="104" ec="31" />
                <SequencePoint vc="0" uspid="2487" ordinal="46" offset="440" sl="106" sc="21" el="106" ec="53" />
                <SequencePoint vc="0" uspid="2488" ordinal="47" offset="466" sl="104" sc="53" el="104" ec="56" />
                <SequencePoint vc="0" uspid="2489" ordinal="48" offset="472" sl="104" sc="33" el="104" ec="51" />
                <SequencePoint vc="0" uspid="2490" ordinal="49" offset="484" sl="102" sc="49" el="102" ec="52" />
                <SequencePoint vc="0" uspid="2491" ordinal="50" offset="490" sl="102" sc="29" el="102" ec="47" />
                <SequencePoint vc="0" uspid="2492" ordinal="51" offset="502" sl="110" sc="13" el="110" ec="45" />
                <SequencePoint vc="0" uspid="2493" ordinal="52" offset="516" sl="111" sc="13" el="111" ec="87" />
                <SequencePoint vc="0" uspid="2494" ordinal="53" offset="556" sl="112" sc="9" el="112" ec="10" />
              </SequencePoints>
              <BranchPoints>
                <BranchPoint vc="0" uspid="2495" ordinal="0" offset="36" path="0" />
                <BranchPoint vc="0" uspid="2496" ordinal="1" offset="36" path="1" />
                <BranchPoint vc="0" uspid="2497" ordinal="2" offset="78" path="0" />
                <BranchPoint vc="0" uspid="2498" ordinal="3" offset="78" path="1" />
                <BranchPoint vc="0" uspid="2499" ordinal="4" offset="89" path="0" />
                <BranchPoint vc="0" uspid="2500" ordinal="5" offset="89" path="1" />
                <BranchPoint vc="0" uspid="2501" ordinal="6" offset="153" path="0" />
                <BranchPoint vc="0" uspid="2502" ordinal="7" offset="153" path="1" />
                <BranchPoint vc="0" uspid="2503" ordinal="8" offset="180" path="0" />
                <BranchPoint vc="0" uspid="2504" ordinal="9" offset="180" path="1" />
                <BranchPoint vc="0" uspid="2505" ordinal="10" offset="183" path="0" />
                <BranchPoint vc="0" uspid="2506" ordinal="11" offset="183" path="1" />
                <BranchPoint vc="0" uspid="2507" ordinal="12" offset="194" path="0" />
                <BranchPoint vc="0" uspid="2508" ordinal="13" offset="194" path="1" />
                <BranchPoint vc="0" uspid="2509" ordinal="14" offset="197" path="0" />
                <BranchPoint vc="0" uspid="2510" ordinal="15" offset="197" path="1" />
                <BranchPoint vc="0" uspid="2511" ordinal="16" offset="221" path="0" />
                <BranchPoint vc="0" uspid="2512" ordinal="17" offset="221" path="1" />
                <BranchPoint vc="0" uspid="2513" ordinal="18" offset="249" path="0" />
                <BranchPoint vc="0" uspid="2514" ordinal="19" offset="249" path="1" />
                <BranchPoint vc="0" uspid="2515" ordinal="20" offset="254" path="0" />
                <BranchPoint vc="0" uspid="2516" ordinal="21" offset="254" path="1" />
                <BranchPoint vc="0" uspid="2517" ordinal="22" offset="265" path="0" />
                <BranchPoint vc="0" uspid="2518" ordinal="23" offset="265" path="1" />
                <BranchPoint vc="0" uspid="2519" ordinal="24" offset="270" path="0" />
                <BranchPoint vc="0" uspid="2520" ordinal="25" offset="270" path="1" />
                <BranchPoint vc="0" uspid="2521" ordinal="26" offset="292" path="0" />
                <BranchPoint vc="0" uspid="2522" ordinal="27" offset="292" path="1" />
                <BranchPoint vc="0" uspid="2523" ordinal="28" offset="320" path="0" />
                <BranchPoint vc="0" uspid="2524" ordinal="29" offset="320" path="1" />
                <BranchPoint vc="0" uspid="2525" ordinal="30" offset="324" path="0" />
                <BranchPoint vc="0" uspid="2526" ordinal="31" offset="324" path="1" />
                <BranchPoint vc="0" uspid="2527" ordinal="32" offset="335" path="0" />
                <BranchPoint vc="0" uspid="2528" ordinal="33" offset="335" path="1" />
                <BranchPoint vc="0" uspid="2529" ordinal="34" offset="339" path="0" />
                <BranchPoint vc="0" uspid="2530" ordinal="35" offset="339" path="1" />
                <BranchPoint vc="0" uspid="2531" ordinal="36" offset="363" path="0" />
                <BranchPoint vc="0" uspid="2532" ordinal="37" offset="363" path="1" />
                <BranchPoint vc="0" uspid="2533" ordinal="38" offset="391" path="0" />
                <BranchPoint vc="0" uspid="2534" ordinal="39" offset="391" path="1" />
                <BranchPoint vc="0" uspid="2535" ordinal="40" offset="396" path="0" />
                <BranchPoint vc="0" uspid="2536" ordinal="41" offset="396" path="1" />
                <BranchPoint vc="0" uspid="2537" ordinal="42" offset="407" path="0" />
                <BranchPoint vc="0" uspid="2538" ordinal="43" offset="407" path="1" />
                <BranchPoint vc="0" uspid="2539" ordinal="44" offset="412" path="0" />
                <BranchPoint vc="0" uspid="2540" ordinal="45" offset="412" path="1" />
                <BranchPoint vc="0" uspid="2541" ordinal="46" offset="482" path="0" />
                <BranchPoint vc="0" uspid="2542" ordinal="47" offset="482" path="1" />
                <BranchPoint vc="0" uspid="2543" ordinal="48" offset="500" path="0" />
                <BranchPoint vc="0" uspid="2544" ordinal="49" offset="500" path="1" />
              </BranchPoints>
              <MethodPoint xsi:type="SequencePoint" vc="0" uspid="2441" ordinal="0" offset="0" sl="38" sc="13" el="38" ec="57" />
            </Method>
          </Methods>
        </Class>
        <Class>
          <Summary numSequencePoints="50" visitedSequencePoints="0" numBranchPoints="27" visitedBranchPoints="0" sequenceCoverage="0" branchCoverage="0" maxCyclomaticComplexity="12" minCyclomaticComplexity="1" />
          <FullName>SigStat.Common.PipelineItems.Transforms.Preprocessing.CubicInterpolation</FullName>
          <Methods>
            <Method visited="false" cyclomaticComplexity="1" sequenceCoverage="0" branchCoverage="0" isConstructor="false" isStatic="false" isGetter="true" isSetter="false">
              <Summary numSequencePoints="1" visitedSequencePoints="0" numBranchPoints="1" visitedBranchPoints="0" sequenceCoverage="0" branchCoverage="0" maxCyclomaticComplexity="1" minCyclomaticComplexity="1" />
              <MetadataToken>100663723</MetadataToken>
              <Name>System.Collections.Generic.List`1&lt;System.Double&gt; SigStat.Common.PipelineItems.Transforms.Preprocessing.CubicInterpolation::get_FeatureValues()</Name>
              <FileRef uid="93" />
              <SequencePoints>
                <SequencePoint vc="0" uspid="2545" ordinal="0" offset="0" sl="12" sc="45" el="12" ec="49" />
              </SequencePoints>
              <BranchPoints />
              <MethodPoint xsi:type="SequencePoint" vc="0" uspid="2545" ordinal="0" offset="0" sl="12" sc="45" el="12" ec="49" />
            </Method>
            <Method visited="false" cyclomaticComplexity="1" sequenceCoverage="0" branchCoverage="0" isConstructor="false" isStatic="false" isGetter="false" isSetter="true">
              <Summary numSequencePoints="1" visitedSequencePoints="0" numBranchPoints="1" visitedBranchPoints="0" sequenceCoverage="0" branchCoverage="0" maxCyclomaticComplexity="1" minCyclomaticComplexity="1" />
              <MetadataToken>100663724</MetadataToken>
              <Name>System.Void SigStat.Common.PipelineItems.Transforms.Preprocessing.CubicInterpolation::set_FeatureValues(System.Collections.Generic.List`1&lt;System.Double&gt;)</Name>
              <FileRef uid="93" />
              <SequencePoints>
                <SequencePoint vc="0" uspid="2546" ordinal="0" offset="0" sl="12" sc="50" el="12" ec="54" />
              </SequencePoints>
              <BranchPoints />
              <MethodPoint xsi:type="SequencePoint" vc="0" uspid="2546" ordinal="0" offset="0" sl="12" sc="50" el="12" ec="54" />
            </Method>
            <Method visited="false" cyclomaticComplexity="1" sequenceCoverage="0" branchCoverage="0" isConstructor="false" isStatic="false" isGetter="true" isSetter="false">
              <Summary numSequencePoints="1" visitedSequencePoints="0" numBranchPoints="1" visitedBranchPoints="0" sequenceCoverage="0" branchCoverage="0" maxCyclomaticComplexity="1" minCyclomaticComplexity="1" />
              <MetadataToken>100663725</MetadataToken>
              <Name>System.Collections.Generic.List`1&lt;System.Double&gt; SigStat.Common.PipelineItems.Transforms.Preprocessing.CubicInterpolation::get_TimeValues()</Name>
              <FileRef uid="93" />
              <SequencePoints>
                <SequencePoint vc="0" uspid="2547" ordinal="0" offset="0" sl="15" sc="42" el="15" ec="46" />
              </SequencePoints>
              <BranchPoints />
              <MethodPoint xsi:type="SequencePoint" vc="0" uspid="2547" ordinal="0" offset="0" sl="15" sc="42" el="15" ec="46" />
            </Method>
            <Method visited="false" cyclomaticComplexity="1" sequenceCoverage="0" branchCoverage="0" isConstructor="false" isStatic="false" isGetter="false" isSetter="true">
              <Summary numSequencePoints="1" visitedSequencePoints="0" numBranchPoints="1" visitedBranchPoints="0" sequenceCoverage="0" branchCoverage="0" maxCyclomaticComplexity="1" minCyclomaticComplexity="1" />
              <MetadataToken>100663726</MetadataToken>
              <Name>System.Void SigStat.Common.PipelineItems.Transforms.Preprocessing.CubicInterpolation::set_TimeValues(System.Collections.Generic.List`1&lt;System.Double&gt;)</Name>
              <FileRef uid="93" />
              <SequencePoints>
                <SequencePoint vc="0" uspid="2548" ordinal="0" offset="0" sl="15" sc="47" el="15" ec="51" />
              </SequencePoints>
              <BranchPoints />
              <MethodPoint xsi:type="SequencePoint" vc="0" uspid="2548" ordinal="0" offset="0" sl="15" sc="47" el="15" ec="51" />
            </Method>
            <Method visited="false" cyclomaticComplexity="12" sequenceCoverage="0" branchCoverage="0" isConstructor="false" isStatic="false" isGetter="false" isSetter="false">
              <Summary numSequencePoints="46" visitedSequencePoints="0" numBranchPoints="23" visitedBranchPoints="0" sequenceCoverage="0" branchCoverage="0" maxCyclomaticComplexity="12" minCyclomaticComplexity="12" />
              <MetadataToken>100663727</MetadataToken>
              <Name>System.Double SigStat.Common.PipelineItems.Transforms.Preprocessing.CubicInterpolation::GetValue(System.Double)</Name>
              <FileRef uid="93" />
              <SequencePoints>
                <SequencePoint vc="0" uspid="2549" ordinal="0" offset="0" sl="19" sc="13" el="19" ec="36" />
                <SequencePoint vc="0" uspid="2550" ordinal="1" offset="8" sl="20" sc="17" el="20" ec="80" />
                <SequencePoint vc="0" uspid="2551" ordinal="2" offset="19" sl="22" sc="13" el="22" ec="39" />
                <SequencePoint vc="0" uspid="2552" ordinal="3" offset="27" sl="23" sc="17" el="23" ec="84" />
                <SequencePoint vc="0" uspid="2553" ordinal="4" offset="38" sl="26" sc="13" el="26" ec="48" />
                <SequencePoint vc="0" uspid="2554" ordinal="5" offset="52" sl="27" sc="17" el="27" ec="69" />
                <SequencePoint vc="0" uspid="2555" ordinal="6" offset="76" sl="30" sc="13" el="30" ec="26" />
                <SequencePoint vc="0" uspid="2556" ordinal="7" offset="86" sl="30" sc="28" el="30" ec="34" />
                <SequencePoint vc="0" uspid="2557" ordinal="8" offset="96" sl="30" sc="36" el="30" ec="42" />
                <SequencePoint vc="0" uspid="2558" ordinal="9" offset="106" sl="30" sc="44" el="30" ec="50" />
                <SequencePoint vc="0" uspid="2559" ordinal="10" offset="116" sl="31" sc="13" el="31" ec="27" />
                <SequencePoint vc="0" uspid="2560" ordinal="11" offset="127" sl="31" sc="29" el="31" ec="36" />
                <SequencePoint vc="0" uspid="2561" ordinal="12" offset="138" sl="31" sc="38" el="31" ec="44" />
                <SequencePoint vc="0" uspid="2562" ordinal="13" offset="149" sl="31" sc="46" el="31" ec="52" />
                <SequencePoint vc="0" uspid="2563" ordinal="14" offset="160" sl="32" sc="13" el="32" ec="39" />
                <SequencePoint vc="0" uspid="2564" ordinal="15" offset="163" sl="33" sc="13" el="33" ec="34" />
                <SequencePoint vc="0" uspid="2565" ordinal="16" offset="166" sl="35" sc="18" el="35" ec="27" />
                <SequencePoint vc="0" uspid="2566" ordinal="17" offset="174" sl="37" sc="17" el="37" ec="80" />
                <SequencePoint vc="0" uspid="2567" ordinal="18" offset="214" sl="39" sc="21" el="39" ec="40" />
                <SequencePoint vc="0" uspid="2568" ordinal="19" offset="228" sl="40" sc="21" el="40" ec="44" />
                <SequencePoint vc="0" uspid="2569" ordinal="20" offset="244" sl="41" sc="21" el="41" ec="43" />
                <SequencePoint vc="0" uspid="2570" ordinal="21" offset="258" sl="42" sc="21" el="42" ec="47" />
                <SequencePoint vc="0" uspid="2571" ordinal="22" offset="274" sl="43" sc="21" el="43" ec="59" />
                <SequencePoint vc="0" uspid="2572" ordinal="23" offset="296" sl="45" sc="25" el="45" ec="52" />
                <SequencePoint vc="0" uspid="2573" ordinal="24" offset="313" sl="46" sc="25" el="46" ec="49" />
                <SequencePoint vc="0" uspid="2574" ordinal="25" offset="330" sl="47" sc="25" el="47" ec="51" />
                <SequencePoint vc="0" uspid="2575" ordinal="26" offset="347" sl="48" sc="25" el="48" ec="48" />
                <SequencePoint vc="0" uspid="2576" ordinal="27" offset="364" sl="49" sc="25" el="49" ec="40" />
                <SequencePoint vc="0" uspid="2577" ordinal="28" offset="367" sl="52" sc="21" el="52" ec="41" />
                <SequencePoint vc="0" uspid="2578" ordinal="29" offset="370" sl="35" sc="72" el="35" ec="75" />
                <SequencePoint vc="0" uspid="2579" ordinal="30" offset="376" sl="35" sc="29" el="35" ec="70" />
                <SequencePoint vc="0" uspid="2580" ordinal="31" offset="400" sl="56" sc="13" el="56" ec="31" />
                <SequencePoint vc="0" uspid="2581" ordinal="32" offset="404" sl="57" sc="17" el="57" ec="112" />
                <SequencePoint vc="0" uspid="2582" ordinal="33" offset="415" sl="59" sc="13" el="59" ec="24" />
                <SequencePoint vc="0" uspid="2583" ordinal="34" offset="422" sl="61" sc="17" el="61" ec="57" />
                <SequencePoint vc="0" uspid="2584" ordinal="35" offset="431" sl="62" sc="17" el="62" ec="40" />
                <SequencePoint vc="0" uspid="2585" ordinal="36" offset="438" sl="63" sc="17" el="63" ec="39" />
                <SequencePoint vc="0" uspid="2586" ordinal="37" offset="448" sl="66" sc="17" el="66" ec="52" />
                <SequencePoint vc="0" uspid="2587" ordinal="38" offset="485" sl="67" sc="17" el="67" ec="48" />
                <SequencePoint vc="0" uspid="2588" ordinal="39" offset="505" sl="68" sc="17" el="68" ec="49" />
                <SequencePoint vc="0" uspid="2589" ordinal="40" offset="532" sl="69" sc="17" el="69" ec="40" />
                <SequencePoint vc="0" uspid="2590" ordinal="41" offset="539" sl="77" sc="17" el="77" ec="88" />
                <SequencePoint vc="0" uspid="2591" ordinal="42" offset="568" sl="78" sc="17" el="78" ec="86" />
                <SequencePoint vc="0" uspid="2592" ordinal="43" offset="597" sl="80" sc="17" el="80" ec="37" />
                <SequencePoint vc="0" uspid="2593" ordinal="44" offset="602" sl="82" sc="17" el="82" ec="82" />
                <SequencePoint vc="0" uspid="2594" ordinal="45" offset="630" sl="86" sc="17" el="86" ec="70" />
              </SequencePoints>
              <BranchPoints>
                <BranchPoint vc="0" uspid="2595" ordinal="0" offset="6" path="0" />
                <BranchPoint vc="0" uspid="2596" ordinal="1" offset="6" path="1" />
                <BranchPoint vc="0" uspid="2597" ordinal="2" offset="25" path="0" />
                <BranchPoint vc="0" uspid="2598" ordinal="3" offset="25" path="1" />
                <BranchPoint vc="0" uspid="2599" ordinal="4" offset="50" path="0" />
                <BranchPoint vc="0" uspid="2600" ordinal="5" offset="50" path="1" />
                <BranchPoint vc="0" uspid="2601" ordinal="6" offset="188" path="0" />
                <BranchPoint vc="0" uspid="2602" ordinal="7" offset="188" path="1" />
                <BranchPoint vc="0" uspid="2603" ordinal="8" offset="209" path="0" />
                <BranchPoint vc="0" uspid="2604" ordinal="9" offset="209" path="1" />
                <BranchPoint vc="0" uspid="2605" ordinal="10" offset="277" path="0" />
                <BranchPoint vc="0" uspid="2606" ordinal="11" offset="277" path="1" />
                <BranchPoint vc="0" uspid="2607" ordinal="12" offset="294" path="0" />
                <BranchPoint vc="0" uspid="2608" ordinal="13" offset="294" path="1" />
                <BranchPoint vc="0" uspid="2609" ordinal="14" offset="391" path="0" />
                <BranchPoint vc="0" uspid="2610" ordinal="15" offset="391" path="1" />
                <BranchPoint vc="0" uspid="2611" ordinal="16" offset="395" path="0" />
                <BranchPoint vc="0" uspid="2612" ordinal="17" offset="395" path="1" />
                <BranchPoint vc="0" uspid="2613" ordinal="18" offset="402" path="0" />
                <BranchPoint vc="0" uspid="2614" ordinal="19" offset="402" path="1" />
                <BranchPoint vc="0" uspid="2615" ordinal="20" offset="417" path="0" />
                <BranchPoint vc="0" uspid="2616" ordinal="21" offset="417" path="1" />
              </BranchPoints>
              <MethodPoint xsi:type="SequencePoint" vc="0" uspid="2549" ordinal="0" offset="0" sl="19" sc="13" el="19" ec="36" />
            </Method>
            <Method visited="false" cyclomaticComplexity="1" sequenceCoverage="0" branchCoverage="0" isConstructor="true" isStatic="false" isGetter="false" isSetter="false">
              <Summary numSequencePoints="0" visitedSequencePoints="0" numBranchPoints="0" visitedBranchPoints="0" sequenceCoverage="0" branchCoverage="0" maxCyclomaticComplexity="1" minCyclomaticComplexity="1" />
              <MetadataToken>100663728</MetadataToken>
              <Name>System.Void SigStat.Common.PipelineItems.Transforms.Preprocessing.CubicInterpolation::.ctor()</Name>
              <SequencePoints />
              <BranchPoints />
              <MethodPoint vc="0" uspid="2617" ordinal="0" offset="0" />
            </Method>
          </Methods>
        </Class>
        <Class>
          <Summary numSequencePoints="67" visitedSequencePoints="0" numBranchPoints="40" visitedBranchPoints="0" sequenceCoverage="0" branchCoverage="0" maxCyclomaticComplexity="11" minCyclomaticComplexity="1" />
          <FullName>SigStat.Common.PipelineItems.Transforms.Preprocessing.FillPenUpDurations</FullName>
          <Methods>
            <Method visited="false" cyclomaticComplexity="1" sequenceCoverage="0" branchCoverage="0" isConstructor="false" isStatic="false" isGetter="true" isSetter="false">
              <Summary numSequencePoints="1" visitedSequencePoints="0" numBranchPoints="1" visitedBranchPoints="0" sequenceCoverage="0" branchCoverage="0" maxCyclomaticComplexity="1" minCyclomaticComplexity="1" />
              <MetadataToken>100663729</MetadataToken>
              <Name>SigStat.Common.FeatureDescriptor`1&lt;System.Collections.Generic.List`1&lt;System.Double&gt;&gt; SigStat.Common.PipelineItems.Transforms.Preprocessing.FillPenUpDurations::get_TimeInputFeature()</Name>
              <FileRef uid="94" />
              <SequencePoints>
                <SequencePoint vc="0" uspid="2618" ordinal="0" offset="0" sl="52" sc="67" el="52" ec="71" />
              </SequencePoints>
              <BranchPoints />
              <MethodPoint xsi:type="SequencePoint" vc="0" uspid="2618" ordinal="0" offset="0" sl="52" sc="67" el="52" ec="71" />
            </Method>
            <Method visited="false" cyclomaticComplexity="1" sequenceCoverage="0" branchCoverage="0" isConstructor="false" isStatic="false" isGetter="false" isSetter="true">
              <Summary numSequencePoints="1" visitedSequencePoints="0" numBranchPoints="1" visitedBranchPoints="0" sequenceCoverage="0" branchCoverage="0" maxCyclomaticComplexity="1" minCyclomaticComplexity="1" />
              <MetadataToken>100663730</MetadataToken>
              <Name>System.Void SigStat.Common.PipelineItems.Transforms.Preprocessing.FillPenUpDurations::set_TimeInputFeature(SigStat.Common.FeatureDescriptor`1&lt;System.Collections.Generic.List`1&lt;System.Double&gt;&gt;)</Name>
              <FileRef uid="94" />
              <SequencePoints>
                <SequencePoint vc="0" uspid="2619" ordinal="0" offset="0" sl="52" sc="72" el="52" ec="76" />
              </SequencePoints>
              <BranchPoints />
              <MethodPoint xsi:type="SequencePoint" vc="0" uspid="2619" ordinal="0" offset="0" sl="52" sc="72" el="52" ec="76" />
            </Method>
            <Method visited="false" cyclomaticComplexity="1" sequenceCoverage="0" branchCoverage="0" isConstructor="false" isStatic="false" isGetter="true" isSetter="false">
              <Summary numSequencePoints="1" visitedSequencePoints="0" numBranchPoints="1" visitedBranchPoints="0" sequenceCoverage="0" branchCoverage="0" maxCyclomaticComplexity="1" minCyclomaticComplexity="1" />
              <MetadataToken>100663731</MetadataToken>
              <Name>System.Collections.Generic.List`1&lt;SigStat.Common.FeatureDescriptor`1&lt;System.Collections.Generic.List`1&lt;System.Double&gt;&gt;&gt; SigStat.Common.PipelineItems.Transforms.Preprocessing.FillPenUpDurations::get_InputFeatures()</Name>
              <FileRef uid="94" />
              <SequencePoints>
                <SequencePoint vc="0" uspid="2620" ordinal="0" offset="0" sl="56" sc="70" el="56" ec="74" />
              </SequencePoints>
              <BranchPoints />
              <MethodPoint xsi:type="SequencePoint" vc="0" uspid="2620" ordinal="0" offset="0" sl="56" sc="70" el="56" ec="74" />
            </Method>
            <Method visited="false" cyclomaticComplexity="1" sequenceCoverage="0" branchCoverage="0" isConstructor="false" isStatic="false" isGetter="false" isSetter="true">
              <Summary numSequencePoints="1" visitedSequencePoints="0" numBranchPoints="1" visitedBranchPoints="0" sequenceCoverage="0" branchCoverage="0" maxCyclomaticComplexity="1" minCyclomaticComplexity="1" />
              <MetadataToken>100663732</MetadataToken>
              <Name>System.Void SigStat.Common.PipelineItems.Transforms.Preprocessing.FillPenUpDurations::set_InputFeatures(System.Collections.Generic.List`1&lt;SigStat.Common.FeatureDescriptor`1&lt;System.Collections.Generic.List`1&lt;System.Double&gt;&gt;&gt;)</Name>
              <FileRef uid="94" />
              <SequencePoints>
                <SequencePoint vc="0" uspid="2621" ordinal="0" offset="0" sl="56" sc="75" el="56" ec="79" />
              </SequencePoints>
              <BranchPoints />
              <MethodPoint xsi:type="SequencePoint" vc="0" uspid="2621" ordinal="0" offset="0" sl="56" sc="75" el="56" ec="79" />
            </Method>
            <Method visited="false" cyclomaticComplexity="1" sequenceCoverage="0" branchCoverage="0" isConstructor="false" isStatic="false" isGetter="true" isSetter="false">
              <Summary numSequencePoints="1" visitedSequencePoints="0" numBranchPoints="1" visitedBranchPoints="0" sequenceCoverage="0" branchCoverage="0" maxCyclomaticComplexity="1" minCyclomaticComplexity="1" />
              <MetadataToken>100663733</MetadataToken>
              <Name>SigStat.Common.FeatureDescriptor`1&lt;System.Collections.Generic.List`1&lt;System.Double&gt;&gt; SigStat.Common.PipelineItems.Transforms.Preprocessing.FillPenUpDurations::get_TimeOutputFeature()</Name>
              <FileRef uid="94" />
              <SequencePoints>
                <SequencePoint vc="0" uspid="2622" ordinal="0" offset="0" sl="59" sc="68" el="59" ec="72" />
              </SequencePoints>
              <BranchPoints />
              <MethodPoint xsi:type="SequencePoint" vc="0" uspid="2622" ordinal="0" offset="0" sl="59" sc="68" el="59" ec="72" />
            </Method>
            <Method visited="false" cyclomaticComplexity="1" sequenceCoverage="0" branchCoverage="0" isConstructor="false" isStatic="false" isGetter="false" isSetter="true">
              <Summary numSequencePoints="1" visitedSequencePoints="0" numBranchPoints="1" visitedBranchPoints="0" sequenceCoverage="0" branchCoverage="0" maxCyclomaticComplexity="1" minCyclomaticComplexity="1" />
              <MetadataToken>100663734</MetadataToken>
              <Name>System.Void SigStat.Common.PipelineItems.Transforms.Preprocessing.FillPenUpDurations::set_TimeOutputFeature(SigStat.Common.FeatureDescriptor`1&lt;System.Collections.Generic.List`1&lt;System.Double&gt;&gt;)</Name>
              <FileRef uid="94" />
              <SequencePoints>
                <SequencePoint vc="0" uspid="2623" ordinal="0" offset="0" sl="59" sc="73" el="59" ec="77" />
              </SequencePoints>
              <BranchPoints />
              <MethodPoint xsi:type="SequencePoint" vc="0" uspid="2623" ordinal="0" offset="0" sl="59" sc="73" el="59" ec="77" />
            </Method>
            <Method visited="false" cyclomaticComplexity="1" sequenceCoverage="0" branchCoverage="0" isConstructor="false" isStatic="false" isGetter="true" isSetter="false">
              <Summary numSequencePoints="1" visitedSequencePoints="0" numBranchPoints="1" visitedBranchPoints="0" sequenceCoverage="0" branchCoverage="0" maxCyclomaticComplexity="1" minCyclomaticComplexity="1" />
              <MetadataToken>100663735</MetadataToken>
              <Name>System.Collections.Generic.List`1&lt;SigStat.Common.FeatureDescriptor`1&lt;System.Collections.Generic.List`1&lt;System.Double&gt;&gt;&gt; SigStat.Common.PipelineItems.Transforms.Preprocessing.FillPenUpDurations::get_OutputFeatures()</Name>
              <FileRef uid="94" />
              <SequencePoints>
                <SequencePoint vc="0" uspid="2624" ordinal="0" offset="0" sl="62" sc="71" el="62" ec="75" />
              </SequencePoints>
              <BranchPoints />
              <MethodPoint xsi:type="SequencePoint" vc="0" uspid="2624" ordinal="0" offset="0" sl="62" sc="71" el="62" ec="75" />
            </Method>
            <Method visited="false" cyclomaticComplexity="1" sequenceCoverage="0" branchCoverage="0" isConstructor="false" isStatic="false" isGetter="false" isSetter="true">
              <Summary numSequencePoints="1" visitedSequencePoints="0" numBranchPoints="1" visitedBranchPoints="0" sequenceCoverage="0" branchCoverage="0" maxCyclomaticComplexity="1" minCyclomaticComplexity="1" />
              <MetadataToken>100663736</MetadataToken>
              <Name>System.Void SigStat.Common.PipelineItems.Transforms.Preprocessing.FillPenUpDurations::set_OutputFeatures(System.Collections.Generic.List`1&lt;SigStat.Common.FeatureDescriptor`1&lt;System.Collections.Generic.List`1&lt;System.Double&gt;&gt;&gt;)</Name>
              <FileRef uid="94" />
              <SequencePoints>
                <SequencePoint vc="0" uspid="2625" ordinal="0" offset="0" sl="62" sc="76" el="62" ec="80" />
              </SequencePoints>
              <BranchPoints />
              <MethodPoint xsi:type="SequencePoint" vc="0" uspid="2625" ordinal="0" offset="0" sl="62" sc="76" el="62" ec="80" />
            </Method>
            <Method visited="false" cyclomaticComplexity="1" sequenceCoverage="0" branchCoverage="0" isConstructor="false" isStatic="false" isGetter="true" isSetter="false">
              <Summary numSequencePoints="1" visitedSequencePoints="0" numBranchPoints="1" visitedBranchPoints="0" sequenceCoverage="0" branchCoverage="0" maxCyclomaticComplexity="1" minCyclomaticComplexity="1" />
              <MetadataToken>100663737</MetadataToken>
              <Name>System.Type SigStat.Common.PipelineItems.Transforms.Preprocessing.FillPenUpDurations::get_InterpolationType()</Name>
              <FileRef uid="94" />
              <SequencePoints>
                <SequencePoint vc="0" uspid="2626" ordinal="0" offset="0" sl="66" sc="41" el="66" ec="45" />
              </SequencePoints>
              <BranchPoints />
              <MethodPoint xsi:type="SequencePoint" vc="0" uspid="2626" ordinal="0" offset="0" sl="66" sc="41" el="66" ec="45" />
            </Method>
            <Method visited="false" cyclomaticComplexity="1" sequenceCoverage="0" branchCoverage="0" isConstructor="false" isStatic="false" isGetter="false" isSetter="true">
              <Summary numSequencePoints="1" visitedSequencePoints="0" numBranchPoints="1" visitedBranchPoints="0" sequenceCoverage="0" branchCoverage="0" maxCyclomaticComplexity="1" minCyclomaticComplexity="1" />
              <MetadataToken>100663738</MetadataToken>
              <Name>System.Void SigStat.Common.PipelineItems.Transforms.Preprocessing.FillPenUpDurations::set_InterpolationType(System.Type)</Name>
              <FileRef uid="94" />
              <SequencePoints>
                <SequencePoint vc="0" uspid="2627" ordinal="0" offset="0" sl="66" sc="46" el="66" ec="50" />
              </SequencePoints>
              <BranchPoints />
              <MethodPoint xsi:type="SequencePoint" vc="0" uspid="2627" ordinal="0" offset="0" sl="66" sc="46" el="66" ec="50" />
            </Method>
            <Method visited="false" cyclomaticComplexity="11" sequenceCoverage="0" branchCoverage="0" isConstructor="false" isStatic="false" isGetter="false" isSetter="false">
              <Summary numSequencePoints="38" visitedSequencePoints="0" numBranchPoints="21" visitedBranchPoints="0" sequenceCoverage="0" branchCoverage="0" maxCyclomaticComplexity="11" minCyclomaticComplexity="11" />
              <MetadataToken>100663739</MetadataToken>
              <Name>System.Void SigStat.Common.PipelineItems.Transforms.Preprocessing.FillPenUpDurations::Transform(SigStat.Common.Signature)</Name>
              <FileRef uid="94" />
              <SequencePoints>
                <SequencePoint vc="0" uspid="2628" ordinal="0" offset="0" sl="71" sc="13" el="71" ec="43" />
                <SequencePoint vc="0" uspid="2629" ordinal="1" offset="14" sl="73" sc="17" el="73" ec="86" />
                <SequencePoint vc="0" uspid="2630" ordinal="2" offset="25" sl="76" sc="13" el="76" ec="39" />
                <SequencePoint vc="0" uspid="2631" ordinal="3" offset="33" sl="78" sc="17" el="78" ec="84" />
                <SequencePoint vc="0" uspid="2632" ordinal="4" offset="44" sl="81" sc="13" el="81" ec="40" />
                <SequencePoint vc="0" uspid="2633" ordinal="5" offset="52" sl="83" sc="17" el="83" ec="85" />
                <SequencePoint vc="0" uspid="2634" ordinal="6" offset="63" sl="87" sc="13" el="87" ec="59" />
                <SequencePoint vc="0" uspid="2635" ordinal="7" offset="71" sl="89" sc="13" el="89" ec="70" />
                <SequencePoint vc="0" uspid="2636" ordinal="8" offset="79" sl="91" sc="13" el="91" ec="69" />
                <SequencePoint vc="0" uspid="2637" ordinal="9" offset="91" sl="92" sc="32" el="92" ec="41" />
                <SequencePoint vc="0" uspid="2638" ordinal="10" offset="101" sl="92" sc="22" el="92" ec="28" />
                <SequencePoint vc="0" uspid="2639" ordinal="11" offset="110" sl="94" sc="17" el="94" ec="48" />
                <SequencePoint vc="0" uspid="2640" ordinal="12" offset="120" sl="96" sc="21" el="96" ec="43" />
                <SequencePoint vc="0" uspid="2641" ordinal="13" offset="128" sl="92" sc="29" el="92" ec="31" />
                <SequencePoint vc="0" uspid="2642" ordinal="14" offset="153" sl="100" sc="13" el="100" ec="95" />
                <SequencePoint vc="0" uspid="2643" ordinal="15" offset="171" sl="101" sc="13" el="101" ec="87" />
                <SequencePoint vc="0" uspid="2644" ordinal="16" offset="190" sl="103" sc="13" el="103" ec="93" />
                <SequencePoint vc="0" uspid="2645" ordinal="17" offset="208" sl="105" sc="18" el="105" ec="27" />
                <SequencePoint vc="0" uspid="2646" ordinal="18" offset="216" sl="107" sc="17" el="107" ec="87" />
                <SequencePoint vc="0" uspid="2647" ordinal="19" offset="242" sl="108" sc="17" el="108" ec="72" />
                <SequencePoint vc="0" uspid="2648" ordinal="20" offset="256" sl="109" sc="17" el="109" ec="63" />
                <SequencePoint vc="0" uspid="2649" ordinal="21" offset="264" sl="111" sc="36" el="111" ec="49" />
                <SequencePoint vc="0" uspid="2650" ordinal="22" offset="274" sl="111" sc="26" el="111" ec="32" />
                <SequencePoint vc="0" uspid="2651" ordinal="23" offset="283" sl="113" sc="21" el="113" ec="73" />
                <SequencePoint vc="0" uspid="2652" ordinal="24" offset="294" sl="114" sc="21" el="114" ec="76" />
                <SequencePoint vc="0" uspid="2653" ordinal="25" offset="314" sl="117" sc="25" el="117" ec="36" />
                <SequencePoint vc="0" uspid="2654" ordinal="26" offset="318" sl="117" sc="39" el="117" ec="87" />
                <SequencePoint vc="0" uspid="2655" ordinal="27" offset="329" sl="118" sc="25" el="118" ec="93" />
                <SequencePoint vc="0" uspid="2656" ordinal="28" offset="347" sl="120" sc="25" el="120" ec="59" />
                <SequencePoint vc="0" uspid="2657" ordinal="29" offset="353" sl="121" sc="25" el="121" ec="39" />
                <SequencePoint vc="0" uspid="2658" ordinal="30" offset="359" sl="115" sc="21" el="115" ec="57" />
                <SequencePoint vc="0" uspid="2659" ordinal="31" offset="370" sl="111" sc="33" el="111" ec="35" />
                <SequencePoint vc="0" uspid="2660" ordinal="32" offset="395" sl="125" sc="17" el="125" ec="28" />
                <SequencePoint vc="0" uspid="2661" ordinal="33" offset="399" sl="125" sc="31" el="125" ec="83" />
                <SequencePoint vc="0" uspid="2662" ordinal="34" offset="413" sl="126" sc="17" el="126" ec="65" />
                <SequencePoint vc="0" uspid="2663" ordinal="35" offset="434" sl="105" sc="54" el="105" ec="57" />
                <SequencePoint vc="0" uspid="2664" ordinal="36" offset="440" sl="105" sc="29" el="105" ec="52" />
                <SequencePoint vc="0" uspid="2665" ordinal="37" offset="458" sl="130" sc="9" el="130" ec="10" />
              </SequencePoints>
              <BranchPoints>
                <BranchPoint vc="0" uspid="2666" ordinal="0" offset="12" path="0" />
                <BranchPoint vc="0" uspid="2667" ordinal="1" offset="12" path="1" />
                <BranchPoint vc="0" uspid="2668" ordinal="2" offset="31" path="0" />
                <BranchPoint vc="0" uspid="2669" ordinal="3" offset="31" path="1" />
                <BranchPoint vc="0" uspid="2670" ordinal="4" offset="50" path="0" />
                <BranchPoint vc="0" uspid="2671" ordinal="5" offset="50" path="1" />
                <BranchPoint vc="0" uspid="2672" ordinal="6" offset="118" path="0" />
                <BranchPoint vc="0" uspid="2673" ordinal="7" offset="118" path="1" />
                <BranchPoint vc="0" uspid="2674" ordinal="8" offset="135" path="0" />
                <BranchPoint vc="0" uspid="2675" ordinal="9" offset="135" path="1" />
                <BranchPoint vc="0" uspid="2676" ordinal="10" offset="316" path="0" />
                <BranchPoint vc="0" uspid="2677" ordinal="11" offset="316" path="1" />
                <BranchPoint vc="0" uspid="2678" ordinal="12" offset="368" path="0" />
                <BranchPoint vc="0" uspid="2679" ordinal="13" offset="368" path="1" />
                <BranchPoint vc="0" uspid="2680" ordinal="14" offset="377" path="0" />
                <BranchPoint vc="0" uspid="2681" ordinal="15" offset="377" path="1" />
                <BranchPoint vc="0" uspid="2682" ordinal="16" offset="397" path="0" />
                <BranchPoint vc="0" uspid="2683" ordinal="17" offset="397" path="1" />
                <BranchPoint vc="0" uspid="2684" ordinal="18" offset="453" path="0" />
                <BranchPoint vc="0" uspid="2685" ordinal="19" offset="453" path="1" />
              </BranchPoints>
              <MethodPoint xsi:type="SequencePoint" vc="0" uspid="2628" ordinal="0" offset="0" sl="71" sc="13" el="71" ec="43" />
            </Method>
            <Method visited="false" cyclomaticComplexity="3" sequenceCoverage="0" branchCoverage="0" isConstructor="false" isStatic="false" isGetter="false" isSetter="false">
              <Summary numSequencePoints="11" visitedSequencePoints="0" numBranchPoints="5" visitedBranchPoints="0" sequenceCoverage="0" branchCoverage="0" maxCyclomaticComplexity="3" minCyclomaticComplexity="3" />
              <MetadataToken>100663740</MetadataToken>
              <Name>System.Double SigStat.Common.PipelineItems.Transforms.Preprocessing.FillPenUpDurations::CalculateTimeSlotsMedian(System.Collections.Generic.List`1&lt;SigStat.Common.PipelineItems.Transforms.Preprocessing.FillPenUpDurations/TimeSlot&gt;)</Name>
              <FileRef uid="94" />
              <SequencePoints>
                <SequencePoint vc="0" uspid="2686" ordinal="0" offset="0" sl="134" sc="13" el="134" ec="69" />
                <SequencePoint vc="0" uspid="2687" ordinal="1" offset="12" sl="135" sc="32" el="135" ec="41" />
                <SequencePoint vc="0" uspid="2688" ordinal="2" offset="21" sl="135" sc="22" el="135" ec="28" />
                <SequencePoint vc="0" uspid="2689" ordinal="3" offset="29" sl="137" sc="17" el="137" ec="48" />
                <SequencePoint vc="0" uspid="2690" ordinal="4" offset="41" sl="135" sc="29" el="135" ec="31" />
                <SequencePoint vc="0" uspid="2691" ordinal="5" offset="66" sl="139" sc="13" el="139" ec="36" />
                <SequencePoint vc="0" uspid="2692" ordinal="6" offset="72" sl="141" sc="13" el="141" ec="48" />
                <SequencePoint vc="0" uspid="2693" ordinal="7" offset="82" sl="143" sc="17" el="143" ec="57" />
                <SequencePoint vc="0" uspid="2694" ordinal="8" offset="93" sl="144" sc="17" el="144" ec="74" />
                <SequencePoint vc="0" uspid="2695" ordinal="9" offset="121" sl="148" sc="17" el="148" ec="51" />
                <SequencePoint vc="0" uspid="2696" ordinal="10" offset="131" sl="149" sc="17" el="149" ec="43" />
              </SequencePoints>
              <BranchPoints>
                <BranchPoint vc="0" uspid="2697" ordinal="0" offset="48" path="0" />
                <BranchPoint vc="0" uspid="2698" ordinal="1" offset="48" path="1" />
                <BranchPoint vc="0" uspid="2699" ordinal="2" offset="80" path="0" />
                <BranchPoint vc="0" uspid="2700" ordinal="3" offset="80" path="1" />
              </BranchPoints>
              <MethodPoint xsi:type="SequencePoint" vc="0" uspid="2686" ordinal="0" offset="0" sl="134" sc="13" el="134" ec="69" />
            </Method>
            <Method visited="false" cyclomaticComplexity="2" sequenceCoverage="0" branchCoverage="0" isConstructor="false" isStatic="false" isGetter="false" isSetter="false">
              <Summary numSequencePoints="7" visitedSequencePoints="0" numBranchPoints="3" visitedBranchPoints="0" sequenceCoverage="0" branchCoverage="0" maxCyclomaticComplexity="2" minCyclomaticComplexity="2" />
              <MetadataToken>100663741</MetadataToken>
              <Name>System.Collections.Generic.List`1&lt;SigStat.Common.PipelineItems.Transforms.Preprocessing.FillPenUpDurations/TimeSlot&gt; SigStat.Common.PipelineItems.Transforms.Preprocessing.FillPenUpDurations::CalculateTimeSlots(SigStat.Common.Signature)</Name>
              <FileRef uid="94" />
              <SequencePoints>
                <SequencePoint vc="0" uspid="2701" ordinal="0" offset="0" sl="155" sc="13" el="155" ec="70" />
                <SequencePoint vc="0" uspid="2702" ordinal="1" offset="13" sl="156" sc="13" el="156" ec="71" />
                <SequencePoint vc="0" uspid="2703" ordinal="2" offset="27" sl="158" sc="18" el="158" ec="27" />
                <SequencePoint vc="0" uspid="2704" ordinal="3" offset="31" sl="160" sc="17" el="160" ec="108" />
                <SequencePoint vc="0" uspid="2705" ordinal="4" offset="70" sl="158" sc="56" el="158" ec="59" />
                <SequencePoint vc="0" uspid="2706" ordinal="5" offset="74" sl="158" sc="29" el="158" ec="54" />
                <SequencePoint vc="0" uspid="2707" ordinal="6" offset="85" sl="163" sc="13" el="163" ec="30" />
              </SequencePoints>
              <BranchPoints>
                <BranchPoint vc="0" uspid="2708" ordinal="0" offset="83" path="0" />
                <BranchPoint vc="0" uspid="2709" ordinal="1" offset="83" path="1" />
              </BranchPoints>
              <MethodPoint xsi:type="SequencePoint" vc="0" uspid="2701" ordinal="0" offset="0" sl="155" sc="13" el="155" ec="70" />
            </Method>
            <Method visited="false" cyclomaticComplexity="1" sequenceCoverage="0" branchCoverage="0" isConstructor="true" isStatic="false" isGetter="false" isSetter="false">
              <Summary numSequencePoints="1" visitedSequencePoints="0" numBranchPoints="1" visitedBranchPoints="0" sequenceCoverage="0" branchCoverage="0" maxCyclomaticComplexity="1" minCyclomaticComplexity="1" />
              <MetadataToken>100663742</MetadataToken>
              <Name>System.Void SigStat.Common.PipelineItems.Transforms.Preprocessing.FillPenUpDurations::.ctor()</Name>
              <FileRef uid="94" />
              <SequencePoints>
                <SequencePoint vc="0" uspid="2710" ordinal="0" offset="0" sl="52" sc="81" el="52" ec="91" />
              </SequencePoints>
              <BranchPoints />
              <MethodPoint xsi:type="SequencePoint" vc="0" uspid="2710" ordinal="0" offset="0" sl="52" sc="81" el="52" ec="91" />
            </Method>
          </Methods>
        </Class>
        <Class>
          <Summary numSequencePoints="14" visitedSequencePoints="0" numBranchPoints="10" visitedBranchPoints="0" sequenceCoverage="0" branchCoverage="0" maxCyclomaticComplexity="2" minCyclomaticComplexity="1" />
          <FullName>SigStat.Common.PipelineItems.Transforms.Preprocessing.FillPenUpDurations/TimeSlot</FullName>
          <Methods>
            <Method visited="false" cyclomaticComplexity="1" sequenceCoverage="0" branchCoverage="0" isConstructor="false" isStatic="false" isGetter="true" isSetter="false">
              <Summary numSequencePoints="1" visitedSequencePoints="0" numBranchPoints="1" visitedBranchPoints="0" sequenceCoverage="0" branchCoverage="0" maxCyclomaticComplexity="1" minCyclomaticComplexity="1" />
              <MetadataToken>100664252</MetadataToken>
              <Name>System.Double SigStat.Common.PipelineItems.Transforms.Preprocessing.FillPenUpDurations/TimeSlot::get_StartTime()</Name>
              <FileRef uid="94" />
              <SequencePoints>
                <SequencePoint vc="0" uspid="2711" ordinal="0" offset="0" sl="21" sc="24" el="21" ec="34" />
              </SequencePoints>
              <BranchPoints />
              <MethodPoint xsi:type="SequencePoint" vc="0" uspid="2711" ordinal="0" offset="0" sl="21" sc="24" el="21" ec="34" />
            </Method>
            <Method visited="false" cyclomaticComplexity="2" sequenceCoverage="0" branchCoverage="0" isConstructor="false" isStatic="false" isGetter="false" isSetter="true">
              <Summary numSequencePoints="5" visitedSequencePoints="0" numBranchPoints="3" visitedBranchPoints="0" sequenceCoverage="0" branchCoverage="0" maxCyclomaticComplexity="2" minCyclomaticComplexity="2" />
              <MetadataToken>100664253</MetadataToken>
              <Name>System.Void SigStat.Common.PipelineItems.Transforms.Preprocessing.FillPenUpDurations/TimeSlot::set_StartTime(System.Double)</Name>
              <FileRef uid="94" />
              <SequencePoints>
                <SequencePoint vc="0" uspid="2712" ordinal="0" offset="0" sl="24" sc="21" el="24" ec="40" />
                <SequencePoint vc="0" uspid="2713" ordinal="1" offset="7" sl="25" sc="21" el="25" ec="47" />
                <SequencePoint vc="0" uspid="2714" ordinal="2" offset="14" sl="26" sc="21" el="26" ec="42" />
                <SequencePoint vc="0" uspid="2715" ordinal="3" offset="22" sl="28" sc="25" el="28" ec="56" />
                <SequencePoint vc="0" uspid="2716" ordinal="4" offset="41" sl="30" sc="17" el="30" ec="18" />
              </SequencePoints>
              <BranchPoints>
                <BranchPoint vc="0" uspid="2717" ordinal="0" offset="20" path="0" />
                <BranchPoint vc="0" uspid="2718" ordinal="1" offset="20" path="1" />
              </BranchPoints>
              <MethodPoint xsi:type="SequencePoint" vc="0" uspid="2712" ordinal="0" offset="0" sl="24" sc="21" el="24" ec="40" />
            </Method>
            <Method visited="false" cyclomaticComplexity="1" sequenceCoverage="0" branchCoverage="0" isConstructor="false" isStatic="false" isGetter="true" isSetter="false">
              <Summary numSequencePoints="1" visitedSequencePoints="0" numBranchPoints="1" visitedBranchPoints="0" sequenceCoverage="0" branchCoverage="0" maxCyclomaticComplexity="1" minCyclomaticComplexity="1" />
              <MetadataToken>100664254</MetadataToken>
              <Name>System.Double SigStat.Common.PipelineItems.Transforms.Preprocessing.FillPenUpDurations/TimeSlot::get_EndTime()</Name>
              <FileRef uid="94" />
              <SequencePoints>
                <SequencePoint vc="0" uspid="2719" ordinal="0" offset="0" sl="34" sc="24" el="34" ec="32" />
              </SequencePoints>
              <BranchPoints />
              <MethodPoint xsi:type="SequencePoint" vc="0" uspid="2719" ordinal="0" offset="0" sl="34" sc="24" el="34" ec="32" />
            </Method>
            <Method visited="false" cyclomaticComplexity="2" sequenceCoverage="0" branchCoverage="0" isConstructor="false" isStatic="false" isGetter="false" isSetter="true">
              <Summary numSequencePoints="5" visitedSequencePoints="0" numBranchPoints="3" visitedBranchPoints="0" sequenceCoverage="0" branchCoverage="0" maxCyclomaticComplexity="2" minCyclomaticComplexity="2" />
              <MetadataToken>100664255</MetadataToken>
              <Name>System.Void SigStat.Common.PipelineItems.Transforms.Preprocessing.FillPenUpDurations/TimeSlot::set_EndTime(System.Double)</Name>
              <FileRef uid="94" />
              <SequencePoints>
                <SequencePoint vc="0" uspid="2720" ordinal="0" offset="0" sl="37" sc="21" el="37" ec="38" />
                <SequencePoint vc="0" uspid="2721" ordinal="1" offset="7" sl="38" sc="21" el="38" ec="45" />
                <SequencePoint vc="0" uspid="2722" ordinal="2" offset="14" sl="39" sc="21" el="39" ec="44" />
                <SequencePoint vc="0" uspid="2723" ordinal="3" offset="22" sl="41" sc="25" el="41" ec="56" />
                <SequencePoint vc="0" uspid="2724" ordinal="4" offset="41" sl="43" sc="17" el="43" ec="18" />
              </SequencePoints>
              <BranchPoints>
                <BranchPoint vc="0" uspid="2725" ordinal="0" offset="20" path="0" />
                <BranchPoint vc="0" uspid="2726" ordinal="1" offset="20" path="1" />
              </BranchPoints>
              <MethodPoint xsi:type="SequencePoint" vc="0" uspid="2720" ordinal="0" offset="0" sl="37" sc="21" el="37" ec="38" />
            </Method>
            <Method visited="false" cyclomaticComplexity="1" sequenceCoverage="0" branchCoverage="0" isConstructor="false" isStatic="false" isGetter="true" isSetter="false">
              <Summary numSequencePoints="1" visitedSequencePoints="0" numBranchPoints="1" visitedBranchPoints="0" sequenceCoverage="0" branchCoverage="0" maxCyclomaticComplexity="1" minCyclomaticComplexity="1" />
              <MetadataToken>100664256</MetadataToken>
              <Name>System.Double SigStat.Common.PipelineItems.Transforms.Preprocessing.FillPenUpDurations/TimeSlot::get_Length()</Name>
              <FileRef uid="94" />
              <SequencePoints>
                <SequencePoint vc="0" uspid="2727" ordinal="0" offset="0" sl="46" sc="36" el="46" ec="40" />
              </SequencePoints>
              <BranchPoints />
              <MethodPoint xsi:type="SequencePoint" vc="0" uspid="2727" ordinal="0" offset="0" sl="46" sc="36" el="46" ec="40" />
            </Method>
            <Method visited="false" cyclomaticComplexity="1" sequenceCoverage="0" branchCoverage="0" isConstructor="false" isStatic="false" isGetter="false" isSetter="true">
              <Summary numSequencePoints="1" visitedSequencePoints="0" numBranchPoints="1" visitedBranchPoints="0" sequenceCoverage="0" branchCoverage="0" maxCyclomaticComplexity="1" minCyclomaticComplexity="1" />
              <MetadataToken>100664257</MetadataToken>
              <Name>System.Void SigStat.Common.PipelineItems.Transforms.Preprocessing.FillPenUpDurations/TimeSlot::set_Length(System.Double)</Name>
              <FileRef uid="94" />
              <SequencePoints>
                <SequencePoint vc="0" uspid="2728" ordinal="0" offset="0" sl="46" sc="41" el="46" ec="53" />
              </SequencePoints>
              <BranchPoints />
              <MethodPoint xsi:type="SequencePoint" vc="0" uspid="2728" ordinal="0" offset="0" sl="46" sc="41" el="46" ec="53" />
            </Method>
            <Method visited="false" cyclomaticComplexity="1" sequenceCoverage="0" branchCoverage="0" isConstructor="true" isStatic="false" isGetter="false" isSetter="false">
              <Summary numSequencePoints="0" visitedSequencePoints="0" numBranchPoints="0" visitedBranchPoints="0" sequenceCoverage="0" branchCoverage="0" maxCyclomaticComplexity="1" minCyclomaticComplexity="1" />
              <MetadataToken>100664258</MetadataToken>
              <Name>System.Void SigStat.Common.PipelineItems.Transforms.Preprocessing.FillPenUpDurations/TimeSlot::.ctor()</Name>
              <SequencePoints />
              <BranchPoints />
              <MethodPoint vc="0" uspid="2729" ordinal="0" offset="0" />
            </Method>
          </Methods>
        </Class>
        <Class>
          <Summary numSequencePoints="36" visitedSequencePoints="0" numBranchPoints="21" visitedBranchPoints="0" sequenceCoverage="0" branchCoverage="0" maxCyclomaticComplexity="5" minCyclomaticComplexity="1" />
          <FullName>SigStat.Common.PipelineItems.Transforms.Preprocessing.FilterPoints</FullName>
          <Methods>
            <Method visited="false" cyclomaticComplexity="1" sequenceCoverage="0" branchCoverage="0" isConstructor="false" isStatic="false" isGetter="true" isSetter="false">
              <Summary numSequencePoints="1" visitedSequencePoints="0" numBranchPoints="1" visitedBranchPoints="0" sequenceCoverage="0" branchCoverage="0" maxCyclomaticComplexity="1" minCyclomaticComplexity="1" />
              <MetadataToken>100663743</MetadataToken>
              <Name>SigStat.Common.FeatureDescriptor`1&lt;System.Collections.Generic.List`1&lt;System.Double&gt;&gt; SigStat.Common.PipelineItems.Transforms.Preprocessing.FilterPoints::get_KeyFeatureInput()</Name>
              <FileRef uid="96" />
              <SequencePoints>
                <SequencePoint vc="0" uspid="2730" ordinal="0" offset="0" sl="13" sc="66" el="13" ec="70" />
              </SequencePoints>
              <BranchPoints />
              <MethodPoint xsi:type="SequencePoint" vc="0" uspid="2730" ordinal="0" offset="0" sl="13" sc="66" el="13" ec="70" />
            </Method>
            <Method visited="false" cyclomaticComplexity="1" sequenceCoverage="0" branchCoverage="0" isConstructor="false" isStatic="false" isGetter="false" isSetter="true">
              <Summary numSequencePoints="1" visitedSequencePoints="0" numBranchPoints="1" visitedBranchPoints="0" sequenceCoverage="0" branchCoverage="0" maxCyclomaticComplexity="1" minCyclomaticComplexity="1" />
              <MetadataToken>100663744</MetadataToken>
              <Name>System.Void SigStat.Common.PipelineItems.Transforms.Preprocessing.FilterPoints::set_KeyFeatureInput(SigStat.Common.FeatureDescriptor`1&lt;System.Collections.Generic.List`1&lt;System.Double&gt;&gt;)</Name>
              <FileRef uid="96" />
              <SequencePoints>
                <SequencePoint vc="0" uspid="2731" ordinal="0" offset="0" sl="13" sc="71" el="13" ec="75" />
              </SequencePoints>
              <BranchPoints />
              <MethodPoint xsi:type="SequencePoint" vc="0" uspid="2731" ordinal="0" offset="0" sl="13" sc="71" el="13" ec="75" />
            </Method>
            <Method visited="false" cyclomaticComplexity="1" sequenceCoverage="0" branchCoverage="0" isConstructor="false" isStatic="false" isGetter="true" isSetter="false">
              <Summary numSequencePoints="1" visitedSequencePoints="0" numBranchPoints="1" visitedBranchPoints="0" sequenceCoverage="0" branchCoverage="0" maxCyclomaticComplexity="1" minCyclomaticComplexity="1" />
              <MetadataToken>100663745</MetadataToken>
              <Name>System.Collections.Generic.List`1&lt;SigStat.Common.FeatureDescriptor`1&lt;System.Collections.Generic.List`1&lt;System.Double&gt;&gt;&gt; SigStat.Common.PipelineItems.Transforms.Preprocessing.FilterPoints::get_InputFeatures()</Name>
              <FileRef uid="96" />
              <SequencePoints>
                <SequencePoint vc="0" uspid="2732" ordinal="0" offset="0" sl="16" sc="70" el="16" ec="74" />
              </SequencePoints>
              <BranchPoints />
              <MethodPoint xsi:type="SequencePoint" vc="0" uspid="2732" ordinal="0" offset="0" sl="16" sc="70" el="16" ec="74" />
            </Method>
            <Method visited="false" cyclomaticComplexity="1" sequenceCoverage="0" branchCoverage="0" isConstructor="false" isStatic="false" isGetter="false" isSetter="true">
              <Summary numSequencePoints="1" visitedSequencePoints="0" numBranchPoints="1" visitedBranchPoints="0" sequenceCoverage="0" branchCoverage="0" maxCyclomaticComplexity="1" minCyclomaticComplexity="1" />
              <MetadataToken>100663746</MetadataToken>
              <Name>System.Void SigStat.Common.PipelineItems.Transforms.Preprocessing.FilterPoints::set_InputFeatures(System.Collections.Generic.List`1&lt;SigStat.Common.FeatureDescriptor`1&lt;System.Collections.Generic.List`1&lt;System.Double&gt;&gt;&gt;)</Name>
              <FileRef uid="96" />
              <SequencePoints>
                <SequencePoint vc="0" uspid="2733" ordinal="0" offset="0" sl="16" sc="75" el="16" ec="79" />
              </SequencePoints>
              <BranchPoints />
              <MethodPoint xsi:type="SequencePoint" vc="0" uspid="2733" ordinal="0" offset="0" sl="16" sc="75" el="16" ec="79" />
            </Method>
            <Method visited="false" cyclomaticComplexity="1" sequenceCoverage="0" branchCoverage="0" isConstructor="false" isStatic="false" isGetter="true" isSetter="false">
              <Summary numSequencePoints="1" visitedSequencePoints="0" numBranchPoints="1" visitedBranchPoints="0" sequenceCoverage="0" branchCoverage="0" maxCyclomaticComplexity="1" minCyclomaticComplexity="1" />
              <MetadataToken>100663747</MetadataToken>
              <Name>SigStat.Common.FeatureDescriptor`1&lt;System.Collections.Generic.List`1&lt;System.Double&gt;&gt; SigStat.Common.PipelineItems.Transforms.Preprocessing.FilterPoints::get_KeyFeatureOutput()</Name>
              <FileRef uid="96" />
              <SequencePoints>
                <SequencePoint vc="0" uspid="2734" ordinal="0" offset="0" sl="19" sc="67" el="19" ec="71" />
              </SequencePoints>
              <BranchPoints />
              <MethodPoint xsi:type="SequencePoint" vc="0" uspid="2734" ordinal="0" offset="0" sl="19" sc="67" el="19" ec="71" />
            </Method>
            <Method visited="false" cyclomaticComplexity="1" sequenceCoverage="0" branchCoverage="0" isConstructor="false" isStatic="false" isGetter="false" isSetter="true">
              <Summary numSequencePoints="1" visitedSequencePoints="0" numBranchPoints="1" visitedBranchPoints="0" sequenceCoverage="0" branchCoverage="0" maxCyclomaticComplexity="1" minCyclomaticComplexity="1" />
              <MetadataToken>100663748</MetadataToken>
              <Name>System.Void SigStat.Common.PipelineItems.Transforms.Preprocessing.FilterPoints::set_KeyFeatureOutput(SigStat.Common.FeatureDescriptor`1&lt;System.Collections.Generic.List`1&lt;System.Double&gt;&gt;)</Name>
              <FileRef uid="96" />
              <SequencePoints>
                <SequencePoint vc="0" uspid="2735" ordinal="0" offset="0" sl="19" sc="72" el="19" ec="76" />
              </SequencePoints>
              <BranchPoints />
              <MethodPoint xsi:type="SequencePoint" vc="0" uspid="2735" ordinal="0" offset="0" sl="19" sc="72" el="19" ec="76" />
            </Method>
            <Method visited="false" cyclomaticComplexity="1" sequenceCoverage="0" branchCoverage="0" isConstructor="false" isStatic="false" isGetter="true" isSetter="false">
              <Summary numSequencePoints="1" visitedSequencePoints="0" numBranchPoints="1" visitedBranchPoints="0" sequenceCoverage="0" branchCoverage="0" maxCyclomaticComplexity="1" minCyclomaticComplexity="1" />
              <MetadataToken>100663749</MetadataToken>
              <Name>System.Collections.Generic.List`1&lt;SigStat.Common.FeatureDescriptor`1&lt;System.Collections.Generic.List`1&lt;System.Double&gt;&gt;&gt; SigStat.Common.PipelineItems.Transforms.Preprocessing.FilterPoints::get_OutputFeatures()</Name>
              <FileRef uid="96" />
              <SequencePoints>
                <SequencePoint vc="0" uspid="2736" ordinal="0" offset="0" sl="22" sc="71" el="22" ec="75" />
              </SequencePoints>
              <BranchPoints />
              <MethodPoint xsi:type="SequencePoint" vc="0" uspid="2736" ordinal="0" offset="0" sl="22" sc="71" el="22" ec="75" />
            </Method>
            <Method visited="false" cyclomaticComplexity="1" sequenceCoverage="0" branchCoverage="0" isConstructor="false" isStatic="false" isGetter="false" isSetter="true">
              <Summary numSequencePoints="1" visitedSequencePoints="0" numBranchPoints="1" visitedBranchPoints="0" sequenceCoverage="0" branchCoverage="0" maxCyclomaticComplexity="1" minCyclomaticComplexity="1" />
              <MetadataToken>100663750</MetadataToken>
              <Name>System.Void SigStat.Common.PipelineItems.Transforms.Preprocessing.FilterPoints::set_OutputFeatures(System.Collections.Generic.List`1&lt;SigStat.Common.FeatureDescriptor`1&lt;System.Collections.Generic.List`1&lt;System.Double&gt;&gt;&gt;)</Name>
              <FileRef uid="96" />
              <SequencePoints>
                <SequencePoint vc="0" uspid="2737" ordinal="0" offset="0" sl="22" sc="76" el="22" ec="80" />
              </SequencePoints>
              <BranchPoints />
              <MethodPoint xsi:type="SequencePoint" vc="0" uspid="2737" ordinal="0" offset="0" sl="22" sc="76" el="22" ec="80" />
            </Method>
            <Method visited="false" cyclomaticComplexity="1" sequenceCoverage="0" branchCoverage="0" isConstructor="false" isStatic="false" isGetter="true" isSetter="false">
              <Summary numSequencePoints="1" visitedSequencePoints="0" numBranchPoints="1" visitedBranchPoints="0" sequenceCoverage="0" branchCoverage="0" maxCyclomaticComplexity="1" minCyclomaticComplexity="1" />
              <MetadataToken>100663751</MetadataToken>
              <Name>System.Int32 SigStat.Common.PipelineItems.Transforms.Preprocessing.FilterPoints::get_Percentile()</Name>
              <FileRef uid="96" />
              <SequencePoints>
                <SequencePoint vc="0" uspid="2738" ordinal="0" offset="0" sl="24" sc="33" el="24" ec="37" />
              </SequencePoints>
              <BranchPoints />
              <MethodPoint xsi:type="SequencePoint" vc="0" uspid="2738" ordinal="0" offset="0" sl="24" sc="33" el="24" ec="37" />
            </Method>
            <Method visited="false" cyclomaticComplexity="1" sequenceCoverage="0" branchCoverage="0" isConstructor="false" isStatic="false" isGetter="false" isSetter="true">
              <Summary numSequencePoints="1" visitedSequencePoints="0" numBranchPoints="1" visitedBranchPoints="0" sequenceCoverage="0" branchCoverage="0" maxCyclomaticComplexity="1" minCyclomaticComplexity="1" />
              <MetadataToken>100663752</MetadataToken>
              <Name>System.Void SigStat.Common.PipelineItems.Transforms.Preprocessing.FilterPoints::set_Percentile(System.Int32)</Name>
              <FileRef uid="96" />
              <SequencePoints>
                <SequencePoint vc="0" uspid="2739" ordinal="0" offset="0" sl="24" sc="38" el="24" ec="42" />
              </SequencePoints>
              <BranchPoints />
              <MethodPoint xsi:type="SequencePoint" vc="0" uspid="2739" ordinal="0" offset="0" sl="24" sc="38" el="24" ec="42" />
            </Method>
            <Method visited="false" cyclomaticComplexity="5" sequenceCoverage="0" branchCoverage="0" isConstructor="false" isStatic="false" isGetter="false" isSetter="false">
              <Summary numSequencePoints="20" visitedSequencePoints="0" numBranchPoints="9" visitedBranchPoints="0" sequenceCoverage="0" branchCoverage="0" maxCyclomaticComplexity="5" minCyclomaticComplexity="5" />
              <MetadataToken>100663753</MetadataToken>
              <Name>System.Void SigStat.Common.PipelineItems.Transforms.Preprocessing.FilterPoints::Transform(SigStat.Common.Signature)</Name>
              <FileRef uid="96" />
              <SequencePoints>
                <SequencePoint vc="0" uspid="2740" ordinal="0" offset="0" sl="28" sc="13" el="28" ec="92" />
                <SequencePoint vc="0" uspid="2741" ordinal="1" offset="18" sl="30" sc="13" el="30" ec="81" />
                <SequencePoint vc="0" uspid="2742" ordinal="2" offset="32" sl="32" sc="13" el="32" ec="43" />
                <SequencePoint vc="0" uspid="2743" ordinal="3" offset="38" sl="33" sc="18" el="33" ec="50" />
                <SequencePoint vc="0" uspid="2744" ordinal="4" offset="49" sl="35" sc="17" el="35" ec="55" />
                <SequencePoint vc="0" uspid="2745" ordinal="5" offset="59" sl="37" sc="21" el="37" ec="50" />
                <SequencePoint vc="0" uspid="2746" ordinal="6" offset="66" sl="38" sc="21" el="38" ec="36" />
                <SequencePoint vc="0" uspid="2747" ordinal="7" offset="73" sl="33" sc="59" el="33" ec="62" />
                <SequencePoint vc="0" uspid="2748" ordinal="8" offset="77" sl="33" sc="52" el="33" ec="57" />
                <SequencePoint vc="0" uspid="2749" ordinal="9" offset="81" sl="41" sc="13" el="41" ec="70" />
                <SequencePoint vc="0" uspid="2750" ordinal="10" offset="94" sl="43" sc="18" el="43" ec="27" />
                <SequencePoint vc="0" uspid="2751" ordinal="11" offset="99" sl="45" sc="17" el="45" ec="87" />
                <SequencePoint vc="0" uspid="2752" ordinal="12" offset="125" sl="46" sc="39" el="46" ec="46" />
                <SequencePoint vc="0" uspid="2753" ordinal="13" offset="135" sl="46" sc="26" el="46" ec="35" />
                <SequencePoint vc="0" uspid="2754" ordinal="14" offset="144" sl="48" sc="21" el="48" ec="44" />
                <SequencePoint vc="0" uspid="2755" ordinal="15" offset="153" sl="46" sc="36" el="46" ec="38" />
                <SequencePoint vc="0" uspid="2756" ordinal="16" offset="178" sl="50" sc="17" el="50" ec="65" />
                <SequencePoint vc="0" uspid="2757" ordinal="17" offset="199" sl="43" sc="54" el="43" ec="57" />
                <SequencePoint vc="0" uspid="2758" ordinal="18" offset="205" sl="43" sc="29" el="43" ec="52" />
                <SequencePoint vc="0" uspid="2759" ordinal="19" offset="220" sl="53" sc="9" el="53" ec="10" />
              </SequencePoints>
              <BranchPoints>
                <BranchPoint vc="0" uspid="2760" ordinal="0" offset="57" path="0" />
                <BranchPoint vc="0" uspid="2761" ordinal="1" offset="57" path="1" />
                <BranchPoint vc="0" uspid="2762" ordinal="2" offset="79" path="0" />
                <BranchPoint vc="0" uspid="2763" ordinal="3" offset="79" path="1" />
                <BranchPoint vc="0" uspid="2764" ordinal="4" offset="160" path="0" />
                <BranchPoint vc="0" uspid="2765" ordinal="5" offset="160" path="1" />
                <BranchPoint vc="0" uspid="2766" ordinal="6" offset="218" path="0" />
                <BranchPoint vc="0" uspid="2767" ordinal="7" offset="218" path="1" />
              </BranchPoints>
              <MethodPoint xsi:type="SequencePoint" vc="0" uspid="2740" ordinal="0" offset="0" sl="28" sc="13" el="28" ec="92" />
            </Method>
            <Method visited="false" cyclomaticComplexity="1" sequenceCoverage="0" branchCoverage="0" isConstructor="false" isStatic="false" isGetter="false" isSetter="false">
              <Summary numSequencePoints="4" visitedSequencePoints="0" numBranchPoints="1" visitedBranchPoints="0" sequenceCoverage="0" branchCoverage="0" maxCyclomaticComplexity="1" minCyclomaticComplexity="1" />
              <MetadataToken>100663754</MetadataToken>
              <Name>System.Double SigStat.Common.PipelineItems.Transforms.Preprocessing.FilterPoints::CalculatePercentile(System.Int32,System.Collections.Generic.List`1&lt;System.Double&gt;)</Name>
              <FileRef uid="96" />
              <SequencePoints>
                <SequencePoint vc="0" uspid="2768" ordinal="0" offset="0" sl="57" sc="13" el="57" ec="25" />
                <SequencePoint vc="0" uspid="2769" ordinal="1" offset="2" sl="58" sc="13" el="58" ec="50" />
                <SequencePoint vc="0" uspid="2770" ordinal="2" offset="12" sl="59" sc="13" el="59" ec="50" />
                <SequencePoint vc="0" uspid="2771" ordinal="3" offset="24" sl="60" sc="13" el="60" ec="50" />
              </SequencePoints>
              <BranchPoints />
              <MethodPoint xsi:type="SequencePoint" vc="0" uspid="2768" ordinal="0" offset="0" sl="57" sc="13" el="57" ec="25" />
            </Method>
            <Method visited="false" cyclomaticComplexity="1" sequenceCoverage="0" branchCoverage="0" isConstructor="true" isStatic="false" isGetter="false" isSetter="false">
              <Summary numSequencePoints="2" visitedSequencePoints="0" numBranchPoints="1" visitedBranchPoints="0" sequenceCoverage="0" branchCoverage="0" maxCyclomaticComplexity="1" minCyclomaticComplexity="1" />
              <MetadataToken>100663755</MetadataToken>
              <Name>System.Void SigStat.Common.PipelineItems.Transforms.Preprocessing.FilterPoints::.ctor()</Name>
              <FileRef uid="96" />
              <SequencePoints>
                <SequencePoint vc="0" uspid="2772" ordinal="0" offset="0" sl="13" sc="80" el="13" ec="97" />
                <SequencePoint vc="0" uspid="2773" ordinal="1" offset="11" sl="24" sc="47" el="24" ec="48" />
              </SequencePoints>
              <BranchPoints />
              <MethodPoint xsi:type="SequencePoint" vc="0" uspid="2772" ordinal="0" offset="0" sl="13" sc="80" el="13" ec="97" />
            </Method>
          </Methods>
        </Class>
        <Class>
          <Summary numSequencePoints="27" visitedSequencePoints="0" numBranchPoints="21" visitedBranchPoints="0" sequenceCoverage="0" branchCoverage="0" maxCyclomaticComplexity="9" minCyclomaticComplexity="1" />
          <FullName>SigStat.Common.PipelineItems.Transforms.Preprocessing.LinearInterpolation</FullName>
          <Methods>
            <Method visited="false" cyclomaticComplexity="1" sequenceCoverage="0" branchCoverage="0" isConstructor="false" isStatic="false" isGetter="true" isSetter="false">
              <Summary numSequencePoints="1" visitedSequencePoints="0" numBranchPoints="1" visitedBranchPoints="0" sequenceCoverage="0" branchCoverage="0" maxCyclomaticComplexity="1" minCyclomaticComplexity="1" />
              <MetadataToken>100663761</MetadataToken>
              <Name>System.Collections.Generic.List`1&lt;System.Double&gt; SigStat.Common.PipelineItems.Transforms.Preprocessing.LinearInterpolation::get_FeatureValues()</Name>
              <FileRef uid="97" />
              <SequencePoints>
                <SequencePoint vc="0" uspid="2774" ordinal="0" offset="0" sl="12" sc="45" el="12" ec="49" />
              </SequencePoints>
              <BranchPoints />
              <MethodPoint xsi:type="SequencePoint" vc="0" uspid="2774" ordinal="0" offset="0" sl="12" sc="45" el="12" ec="49" />
            </Method>
            <Method visited="false" cyclomaticComplexity="1" sequenceCoverage="0" branchCoverage="0" isConstructor="false" isStatic="false" isGetter="false" isSetter="true">
              <Summary numSequencePoints="1" visitedSequencePoints="0" numBranchPoints="1" visitedBranchPoints="0" sequenceCoverage="0" branchCoverage="0" maxCyclomaticComplexity="1" minCyclomaticComplexity="1" />
              <MetadataToken>100663762</MetadataToken>
              <Name>System.Void SigStat.Common.PipelineItems.Transforms.Preprocessing.LinearInterpolation::set_FeatureValues(System.Collections.Generic.List`1&lt;System.Double&gt;)</Name>
              <FileRef uid="97" />
              <SequencePoints>
                <SequencePoint vc="0" uspid="2775" ordinal="0" offset="0" sl="12" sc="50" el="12" ec="54" />
              </SequencePoints>
              <BranchPoints />
              <MethodPoint xsi:type="SequencePoint" vc="0" uspid="2775" ordinal="0" offset="0" sl="12" sc="50" el="12" ec="54" />
            </Method>
            <Method visited="false" cyclomaticComplexity="1" sequenceCoverage="0" branchCoverage="0" isConstructor="false" isStatic="false" isGetter="true" isSetter="false">
              <Summary numSequencePoints="1" visitedSequencePoints="0" numBranchPoints="1" visitedBranchPoints="0" sequenceCoverage="0" branchCoverage="0" maxCyclomaticComplexity="1" minCyclomaticComplexity="1" />
              <MetadataToken>100663763</MetadataToken>
              <Name>System.Collections.Generic.List`1&lt;System.Double&gt; SigStat.Common.PipelineItems.Transforms.Preprocessing.LinearInterpolation::get_TimeValues()</Name>
              <FileRef uid="97" />
              <SequencePoints>
                <SequencePoint vc="0" uspid="2776" ordinal="0" offset="0" sl="14" sc="42" el="14" ec="46" />
              </SequencePoints>
              <BranchPoints />
              <MethodPoint xsi:type="SequencePoint" vc="0" uspid="2776" ordinal="0" offset="0" sl="14" sc="42" el="14" ec="46" />
            </Method>
            <Method visited="false" cyclomaticComplexity="1" sequenceCoverage="0" branchCoverage="0" isConstructor="false" isStatic="false" isGetter="false" isSetter="true">
              <Summary numSequencePoints="1" visitedSequencePoints="0" numBranchPoints="1" visitedBranchPoints="0" sequenceCoverage="0" branchCoverage="0" maxCyclomaticComplexity="1" minCyclomaticComplexity="1" />
              <MetadataToken>100663764</MetadataToken>
              <Name>System.Void SigStat.Common.PipelineItems.Transforms.Preprocessing.LinearInterpolation::set_TimeValues(System.Collections.Generic.List`1&lt;System.Double&gt;)</Name>
              <FileRef uid="97" />
              <SequencePoints>
                <SequencePoint vc="0" uspid="2777" ordinal="0" offset="0" sl="14" sc="47" el="14" ec="51" />
              </SequencePoints>
              <BranchPoints />
              <MethodPoint xsi:type="SequencePoint" vc="0" uspid="2777" ordinal="0" offset="0" sl="14" sc="47" el="14" ec="51" />
            </Method>
            <Method visited="false" cyclomaticComplexity="9" sequenceCoverage="0" branchCoverage="0" isConstructor="false" isStatic="false" isGetter="false" isSetter="false">
              <Summary numSequencePoints="23" visitedSequencePoints="0" numBranchPoints="17" visitedBranchPoints="0" sequenceCoverage="0" branchCoverage="0" maxCyclomaticComplexity="9" minCyclomaticComplexity="9" />
              <MetadataToken>100663765</MetadataToken>
              <Name>System.Double SigStat.Common.PipelineItems.Transforms.Preprocessing.LinearInterpolation::GetValue(System.Double)</Name>
              <FileRef uid="97" />
              <SequencePoints>
                <SequencePoint vc="0" uspid="2778" ordinal="0" offset="0" sl="18" sc="13" el="18" ec="36" />
                <SequencePoint vc="0" uspid="2779" ordinal="1" offset="8" sl="20" sc="17" el="20" ec="80" />
                <SequencePoint vc="0" uspid="2780" ordinal="2" offset="19" sl="23" sc="13" el="23" ec="39" />
                <SequencePoint vc="0" uspid="2781" ordinal="3" offset="27" sl="25" sc="17" el="25" ec="84" />
                <SequencePoint vc="0" uspid="2782" ordinal="4" offset="38" sl="29" sc="13" el="29" ec="48" />
                <SequencePoint vc="0" uspid="2783" ordinal="5" offset="52" sl="30" sc="17" el="30" ec="69" />
                <SequencePoint vc="0" uspid="2784" ordinal="6" offset="76" sl="33" sc="13" el="33" ec="26" />
                <SequencePoint vc="0" uspid="2785" ordinal="7" offset="86" sl="33" sc="28" el="33" ec="34" />
                <SequencePoint vc="0" uspid="2786" ordinal="8" offset="96" sl="33" sc="36" el="33" ec="42" />
                <SequencePoint vc="0" uspid="2787" ordinal="9" offset="106" sl="33" sc="44" el="33" ec="50" />
                <SequencePoint vc="0" uspid="2788" ordinal="10" offset="116" sl="34" sc="13" el="34" ec="39" />
                <SequencePoint vc="0" uspid="2789" ordinal="11" offset="119" sl="36" sc="18" el="36" ec="27" />
                <SequencePoint vc="0" uspid="2790" ordinal="12" offset="124" sl="38" sc="17" el="38" ec="80" />
                <SequencePoint vc="0" uspid="2791" ordinal="13" offset="158" sl="40" sc="21" el="40" ec="40" />
                <SequencePoint vc="0" uspid="2792" ordinal="14" offset="172" sl="41" sc="21" el="41" ec="44" />
                <SequencePoint vc="0" uspid="2793" ordinal="15" offset="188" sl="42" sc="21" el="42" ec="43" />
                <SequencePoint vc="0" uspid="2794" ordinal="16" offset="202" sl="43" sc="21" el="43" ec="47" />
                <SequencePoint vc="0" uspid="2795" ordinal="17" offset="218" sl="44" sc="21" el="44" ec="41" />
                <SequencePoint vc="0" uspid="2796" ordinal="18" offset="221" sl="36" sc="72" el="36" ec="75" />
                <SequencePoint vc="0" uspid="2797" ordinal="19" offset="227" sl="36" sc="29" el="36" ec="70" />
                <SequencePoint vc="0" uspid="2798" ordinal="20" offset="248" sl="48" sc="13" el="48" ec="31" />
                <SequencePoint vc="0" uspid="2799" ordinal="21" offset="252" sl="49" sc="17" el="49" ec="112" />
                <SequencePoint vc="0" uspid="2800" ordinal="22" offset="263" sl="51" sc="13" el="51" ec="67" />
              </SequencePoints>
              <BranchPoints>
                <BranchPoint vc="0" uspid="2801" ordinal="0" offset="6" path="0" />
                <BranchPoint vc="0" uspid="2802" ordinal="1" offset="6" path="1" />
                <BranchPoint vc="0" uspid="2803" ordinal="2" offset="25" path="0" />
                <BranchPoint vc="0" uspid="2804" ordinal="3" offset="25" path="1" />
                <BranchPoint vc="0" uspid="2805" ordinal="4" offset="50" path="0" />
                <BranchPoint vc="0" uspid="2806" ordinal="5" offset="50" path="1" />
                <BranchPoint vc="0" uspid="2807" ordinal="6" offset="138" path="0" />
                <BranchPoint vc="0" uspid="2808" ordinal="7" offset="138" path="1" />
                <BranchPoint vc="0" uspid="2809" ordinal="8" offset="156" path="0" />
                <BranchPoint vc="0" uspid="2810" ordinal="9" offset="156" path="1" />
                <BranchPoint vc="0" uspid="2811" ordinal="10" offset="242" path="0" />
                <BranchPoint vc="0" uspid="2812" ordinal="11" offset="242" path="1" />
                <BranchPoint vc="0" uspid="2813" ordinal="12" offset="246" path="0" />
                <BranchPoint vc="0" uspid="2814" ordinal="13" offset="246" path="1" />
                <BranchPoint vc="0" uspid="2815" ordinal="14" offset="250" path="0" />
                <BranchPoint vc="0" uspid="2816" ordinal="15" offset="250" path="1" />
              </BranchPoints>
              <MethodPoint xsi:type="SequencePoint" vc="0" uspid="2778" ordinal="0" offset="0" sl="18" sc="13" el="18" ec="36" />
            </Method>
            <Method visited="false" cyclomaticComplexity="1" sequenceCoverage="0" branchCoverage="0" isConstructor="true" isStatic="false" isGetter="false" isSetter="false">
              <Summary numSequencePoints="0" visitedSequencePoints="0" numBranchPoints="0" visitedBranchPoints="0" sequenceCoverage="0" branchCoverage="0" maxCyclomaticComplexity="1" minCyclomaticComplexity="1" />
              <MetadataToken>100663766</MetadataToken>
              <Name>System.Void SigStat.Common.PipelineItems.Transforms.Preprocessing.LinearInterpolation::.ctor()</Name>
              <SequencePoints />
              <BranchPoints />
              <MethodPoint vc="0" uspid="2817" ordinal="0" offset="0" />
            </Method>
          </Methods>
        </Class>
        <Class>
          <Summary numSequencePoints="57" visitedSequencePoints="0" numBranchPoints="22" visitedBranchPoints="0" sequenceCoverage="0" branchCoverage="0" maxCyclomaticComplexity="4" minCyclomaticComplexity="1" />
          <FullName>SigStat.Common.PipelineItems.Transforms.Preprocessing.NormalizeRotation</FullName>
          <Methods>
            <Method visited="false" cyclomaticComplexity="1" sequenceCoverage="0" branchCoverage="0" isConstructor="false" isStatic="false" isGetter="true" isSetter="false">
              <Summary numSequencePoints="1" visitedSequencePoints="0" numBranchPoints="1" visitedBranchPoints="0" sequenceCoverage="0" branchCoverage="0" maxCyclomaticComplexity="1" minCyclomaticComplexity="1" />
              <MetadataToken>100663767</MetadataToken>
              <Name>SigStat.Common.FeatureDescriptor`1&lt;System.Collections.Generic.List`1&lt;System.Double&gt;&gt; SigStat.Common.PipelineItems.Transforms.Preprocessing.NormalizeRotation::get_InputX()</Name>
              <FileRef uid="98" />
              <SequencePoints>
                <SequencePoint vc="0" uspid="2818" ordinal="0" offset="0" sl="15" sc="57" el="15" ec="61" />
              </SequencePoints>
              <BranchPoints />
              <MethodPoint xsi:type="SequencePoint" vc="0" uspid="2818" ordinal="0" offset="0" sl="15" sc="57" el="15" ec="61" />
            </Method>
            <Method visited="false" cyclomaticComplexity="1" sequenceCoverage="0" branchCoverage="0" isConstructor="false" isStatic="false" isGetter="false" isSetter="true">
              <Summary numSequencePoints="1" visitedSequencePoints="0" numBranchPoints="1" visitedBranchPoints="0" sequenceCoverage="0" branchCoverage="0" maxCyclomaticComplexity="1" minCyclomaticComplexity="1" />
              <MetadataToken>100663768</MetadataToken>
              <Name>System.Void SigStat.Common.PipelineItems.Transforms.Preprocessing.NormalizeRotation::set_InputX(SigStat.Common.FeatureDescriptor`1&lt;System.Collections.Generic.List`1&lt;System.Double&gt;&gt;)</Name>
              <FileRef uid="98" />
              <SequencePoints>
                <SequencePoint vc="0" uspid="2819" ordinal="0" offset="0" sl="15" sc="62" el="15" ec="66" />
              </SequencePoints>
              <BranchPoints />
              <MethodPoint xsi:type="SequencePoint" vc="0" uspid="2819" ordinal="0" offset="0" sl="15" sc="62" el="15" ec="66" />
            </Method>
            <Method visited="false" cyclomaticComplexity="1" sequenceCoverage="0" branchCoverage="0" isConstructor="false" isStatic="false" isGetter="true" isSetter="false">
              <Summary numSequencePoints="1" visitedSequencePoints="0" numBranchPoints="1" visitedBranchPoints="0" sequenceCoverage="0" branchCoverage="0" maxCyclomaticComplexity="1" minCyclomaticComplexity="1" />
              <MetadataToken>100663769</MetadataToken>
              <Name>SigStat.Common.FeatureDescriptor`1&lt;System.Collections.Generic.List`1&lt;System.Double&gt;&gt; SigStat.Common.PipelineItems.Transforms.Preprocessing.NormalizeRotation::get_InputY()</Name>
              <FileRef uid="98" />
              <SequencePoints>
                <SequencePoint vc="0" uspid="2820" ordinal="0" offset="0" sl="19" sc="57" el="19" ec="61" />
              </SequencePoints>
              <BranchPoints />
              <MethodPoint xsi:type="SequencePoint" vc="0" uspid="2820" ordinal="0" offset="0" sl="19" sc="57" el="19" ec="61" />
            </Method>
            <Method visited="false" cyclomaticComplexity="1" sequenceCoverage="0" branchCoverage="0" isConstructor="false" isStatic="false" isGetter="false" isSetter="true">
              <Summary numSequencePoints="1" visitedSequencePoints="0" numBranchPoints="1" visitedBranchPoints="0" sequenceCoverage="0" branchCoverage="0" maxCyclomaticComplexity="1" minCyclomaticComplexity="1" />
              <MetadataToken>100663770</MetadataToken>
              <Name>System.Void SigStat.Common.PipelineItems.Transforms.Preprocessing.NormalizeRotation::set_InputY(SigStat.Common.FeatureDescriptor`1&lt;System.Collections.Generic.List`1&lt;System.Double&gt;&gt;)</Name>
              <FileRef uid="98" />
              <SequencePoints>
                <SequencePoint vc="0" uspid="2821" ordinal="0" offset="0" sl="19" sc="62" el="19" ec="66" />
              </SequencePoints>
              <BranchPoints />
              <MethodPoint xsi:type="SequencePoint" vc="0" uspid="2821" ordinal="0" offset="0" sl="19" sc="62" el="19" ec="66" />
            </Method>
            <Method visited="false" cyclomaticComplexity="1" sequenceCoverage="0" branchCoverage="0" isConstructor="false" isStatic="false" isGetter="true" isSetter="false">
              <Summary numSequencePoints="1" visitedSequencePoints="0" numBranchPoints="1" visitedBranchPoints="0" sequenceCoverage="0" branchCoverage="0" maxCyclomaticComplexity="1" minCyclomaticComplexity="1" />
              <MetadataToken>100663771</MetadataToken>
              <Name>SigStat.Common.FeatureDescriptor`1&lt;System.Collections.Generic.List`1&lt;System.Double&gt;&gt; SigStat.Common.PipelineItems.Transforms.Preprocessing.NormalizeRotation::get_InputT()</Name>
              <FileRef uid="98" />
              <SequencePoints>
                <SequencePoint vc="0" uspid="2822" ordinal="0" offset="0" sl="23" sc="57" el="23" ec="61" />
              </SequencePoints>
              <BranchPoints />
              <MethodPoint xsi:type="SequencePoint" vc="0" uspid="2822" ordinal="0" offset="0" sl="23" sc="57" el="23" ec="61" />
            </Method>
            <Method visited="false" cyclomaticComplexity="1" sequenceCoverage="0" branchCoverage="0" isConstructor="false" isStatic="false" isGetter="false" isSetter="true">
              <Summary numSequencePoints="1" visitedSequencePoints="0" numBranchPoints="1" visitedBranchPoints="0" sequenceCoverage="0" branchCoverage="0" maxCyclomaticComplexity="1" minCyclomaticComplexity="1" />
              <MetadataToken>100663772</MetadataToken>
              <Name>System.Void SigStat.Common.PipelineItems.Transforms.Preprocessing.NormalizeRotation::set_InputT(SigStat.Common.FeatureDescriptor`1&lt;System.Collections.Generic.List`1&lt;System.Double&gt;&gt;)</Name>
              <FileRef uid="98" />
              <SequencePoints>
                <SequencePoint vc="0" uspid="2823" ordinal="0" offset="0" sl="23" sc="62" el="23" ec="66" />
              </SequencePoints>
              <BranchPoints />
              <MethodPoint xsi:type="SequencePoint" vc="0" uspid="2823" ordinal="0" offset="0" sl="23" sc="62" el="23" ec="66" />
            </Method>
            <Method visited="false" cyclomaticComplexity="1" sequenceCoverage="0" branchCoverage="0" isConstructor="false" isStatic="false" isGetter="true" isSetter="false">
              <Summary numSequencePoints="1" visitedSequencePoints="0" numBranchPoints="1" visitedBranchPoints="0" sequenceCoverage="0" branchCoverage="0" maxCyclomaticComplexity="1" minCyclomaticComplexity="1" />
              <MetadataToken>100663773</MetadataToken>
              <Name>SigStat.Common.FeatureDescriptor`1&lt;System.Collections.Generic.List`1&lt;System.Double&gt;&gt; SigStat.Common.PipelineItems.Transforms.Preprocessing.NormalizeRotation::get_OutputX()</Name>
              <FileRef uid="98" />
              <SequencePoints>
                <SequencePoint vc="0" uspid="2824" ordinal="0" offset="0" sl="26" sc="58" el="26" ec="62" />
              </SequencePoints>
              <BranchPoints />
              <MethodPoint xsi:type="SequencePoint" vc="0" uspid="2824" ordinal="0" offset="0" sl="26" sc="58" el="26" ec="62" />
            </Method>
            <Method visited="false" cyclomaticComplexity="1" sequenceCoverage="0" branchCoverage="0" isConstructor="false" isStatic="false" isGetter="false" isSetter="true">
              <Summary numSequencePoints="1" visitedSequencePoints="0" numBranchPoints="1" visitedBranchPoints="0" sequenceCoverage="0" branchCoverage="0" maxCyclomaticComplexity="1" minCyclomaticComplexity="1" />
              <MetadataToken>100663774</MetadataToken>
              <Name>System.Void SigStat.Common.PipelineItems.Transforms.Preprocessing.NormalizeRotation::set_OutputX(SigStat.Common.FeatureDescriptor`1&lt;System.Collections.Generic.List`1&lt;System.Double&gt;&gt;)</Name>
              <FileRef uid="98" />
              <SequencePoints>
                <SequencePoint vc="0" uspid="2825" ordinal="0" offset="0" sl="26" sc="63" el="26" ec="67" />
              </SequencePoints>
              <BranchPoints />
              <MethodPoint xsi:type="SequencePoint" vc="0" uspid="2825" ordinal="0" offset="0" sl="26" sc="63" el="26" ec="67" />
            </Method>
            <Method visited="false" cyclomaticComplexity="1" sequenceCoverage="0" branchCoverage="0" isConstructor="false" isStatic="false" isGetter="true" isSetter="false">
              <Summary numSequencePoints="1" visitedSequencePoints="0" numBranchPoints="1" visitedBranchPoints="0" sequenceCoverage="0" branchCoverage="0" maxCyclomaticComplexity="1" minCyclomaticComplexity="1" />
              <MetadataToken>100663775</MetadataToken>
              <Name>SigStat.Common.FeatureDescriptor`1&lt;System.Collections.Generic.List`1&lt;System.Double&gt;&gt; SigStat.Common.PipelineItems.Transforms.Preprocessing.NormalizeRotation::get_OutputY()</Name>
              <FileRef uid="98" />
              <SequencePoints>
                <SequencePoint vc="0" uspid="2826" ordinal="0" offset="0" sl="29" sc="58" el="29" ec="62" />
              </SequencePoints>
              <BranchPoints />
              <MethodPoint xsi:type="SequencePoint" vc="0" uspid="2826" ordinal="0" offset="0" sl="29" sc="58" el="29" ec="62" />
            </Method>
            <Method visited="false" cyclomaticComplexity="1" sequenceCoverage="0" branchCoverage="0" isConstructor="false" isStatic="false" isGetter="false" isSetter="true">
              <Summary numSequencePoints="1" visitedSequencePoints="0" numBranchPoints="1" visitedBranchPoints="0" sequenceCoverage="0" branchCoverage="0" maxCyclomaticComplexity="1" minCyclomaticComplexity="1" />
              <MetadataToken>100663776</MetadataToken>
              <Name>System.Void SigStat.Common.PipelineItems.Transforms.Preprocessing.NormalizeRotation::set_OutputY(SigStat.Common.FeatureDescriptor`1&lt;System.Collections.Generic.List`1&lt;System.Double&gt;&gt;)</Name>
              <FileRef uid="98" />
              <SequencePoints>
                <SequencePoint vc="0" uspid="2827" ordinal="0" offset="0" sl="29" sc="63" el="29" ec="67" />
              </SequencePoints>
              <BranchPoints />
              <MethodPoint xsi:type="SequencePoint" vc="0" uspid="2827" ordinal="0" offset="0" sl="29" sc="63" el="29" ec="67" />
            </Method>
            <Method visited="false" cyclomaticComplexity="2" sequenceCoverage="0" branchCoverage="0" isConstructor="false" isStatic="false" isGetter="false" isSetter="false">
              <Summary numSequencePoints="17" visitedSequencePoints="0" numBranchPoints="3" visitedBranchPoints="0" sequenceCoverage="0" branchCoverage="0" maxCyclomaticComplexity="2" minCyclomaticComplexity="2" />
              <MetadataToken>100663777</MetadataToken>
              <Name>System.Void SigStat.Common.PipelineItems.Transforms.Preprocessing.NormalizeRotation::Transform(SigStat.Common.Signature)</Name>
              <FileRef uid="98" />
              <SequencePoints>
                <SequencePoint vc="0" uspid="2828" ordinal="0" offset="0" sl="34" sc="13" el="34" ec="91" />
                <SequencePoint vc="0" uspid="2829" ordinal="1" offset="12" sl="36" sc="13" el="36" ec="74" />
                <SequencePoint vc="0" uspid="2830" ordinal="2" offset="30" sl="37" sc="13" el="37" ec="74" />
                <SequencePoint vc="0" uspid="2831" ordinal="3" offset="49" sl="39" sc="13" el="39" ec="53" />
                <SequencePoint vc="0" uspid="2832" ordinal="4" offset="63" sl="41" sc="13" el="43" ec="77" />
                <SequencePoint vc="0" uspid="2833" ordinal="5" offset="123" sl="45" sc="13" el="45" ec="43" />
                <SequencePoint vc="0" uspid="2834" ordinal="6" offset="132" sl="46" sc="13" el="46" ec="43" />
                <SequencePoint vc="0" uspid="2835" ordinal="7" offset="141" sl="48" sc="18" el="48" ec="27" />
                <SequencePoint vc="0" uspid="2836" ordinal="8" offset="146" sl="50" sc="17" el="50" ec="39" />
                <SequencePoint vc="0" uspid="2837" ordinal="9" offset="156" sl="51" sc="17" el="51" ec="39" />
                <SequencePoint vc="0" uspid="2838" ordinal="10" offset="167" sl="52" sc="17" el="52" ec="50" />
                <SequencePoint vc="0" uspid="2839" ordinal="11" offset="186" sl="53" sc="17" el="53" ec="50" />
                <SequencePoint vc="0" uspid="2840" ordinal="12" offset="206" sl="48" sc="48" el="48" ec="51" />
                <SequencePoint vc="0" uspid="2841" ordinal="13" offset="212" sl="48" sc="29" el="48" ec="46" />
                <SequencePoint vc="0" uspid="2842" ordinal="14" offset="222" sl="56" sc="13" el="56" ec="52" />
                <SequencePoint vc="0" uspid="2843" ordinal="15" offset="235" sl="57" sc="13" el="57" ec="52" />
                <SequencePoint vc="0" uspid="2844" ordinal="16" offset="249" sl="58" sc="9" el="58" ec="10" />
              </SequencePoints>
              <BranchPoints>
                <BranchPoint vc="0" uspid="2845" ordinal="0" offset="220" path="0" />
                <BranchPoint vc="0" uspid="2846" ordinal="1" offset="220" path="1" />
              </BranchPoints>
              <MethodPoint xsi:type="SequencePoint" vc="0" uspid="2828" ordinal="0" offset="0" sl="34" sc="13" el="34" ec="91" />
            </Method>
            <Method visited="false" cyclomaticComplexity="4" sequenceCoverage="0" branchCoverage="0" isConstructor="false" isStatic="false" isGetter="false" isSetter="false">
              <Summary numSequencePoints="21" visitedSequencePoints="0" numBranchPoints="7" visitedBranchPoints="0" sequenceCoverage="0" branchCoverage="0" maxCyclomaticComplexity="4" minCyclomaticComplexity="4" />
              <MetadataToken>100663778</MetadataToken>
              <Name>System.Collections.Generic.List`1&lt;System.Double&gt; SigStat.Common.PipelineItems.Transforms.Preprocessing.NormalizeRotation::GenerateLinearBestFit(SigStat.Common.Signature,System.Double&amp;,System.Double&amp;)</Name>
              <FileRef uid="98" />
              <SequencePoints>
                <SequencePoint vc="0" uspid="2847" ordinal="0" offset="0" sl="63" sc="13" el="63" ec="68" />
                <SequencePoint vc="0" uspid="2848" ordinal="1" offset="18" sl="64" sc="13" el="64" ec="68" />
                <SequencePoint vc="0" uspid="2849" ordinal="2" offset="36" sl="66" sc="13" el="66" ec="43" />
                <SequencePoint vc="0" uspid="2850" ordinal="3" offset="43" sl="67" sc="13" el="67" ec="46" />
                <SequencePoint vc="0" uspid="2851" ordinal="4" offset="50" sl="68" sc="13" el="68" ec="46" />
                <SequencePoint vc="0" uspid="2852" ordinal="5" offset="58" sl="70" sc="13" el="70" ec="58" />
                <SequencePoint vc="0" uspid="2853" ordinal="6" offset="97" sl="72" sc="13" el="72" ec="30" />
                <SequencePoint vc="0" uspid="2854" ordinal="7" offset="108" sl="73" sc="18" el="73" ec="27" />
                <SequencePoint vc="0" uspid="2855" ordinal="8" offset="113" sl="75" sc="17" el="75" ec="50" />
                <SequencePoint vc="0" uspid="2856" ordinal="9" offset="135" sl="73" sc="44" el="73" ec="47" />
                <SequencePoint vc="0" uspid="2857" ordinal="10" offset="141" sl="73" sc="29" el="73" ec="42" />
                <SequencePoint vc="0" uspid="2858" ordinal="11" offset="146" sl="78" sc="13" el="78" ec="97" />
                <SequencePoint vc="0" uspid="2859" ordinal="12" offset="168" sl="79" sc="13" el="79" ec="37" />
                <SequencePoint vc="0" uspid="2860" ordinal="13" offset="177" sl="81" sc="13" el="81" ec="27" />
                <SequencePoint vc="0" uspid="2861" ordinal="14" offset="181" sl="82" sc="13" el="82" ec="27" />
                <SequencePoint vc="0" uspid="2862" ordinal="15" offset="185" sl="84" sc="13" el="84" ec="58" />
                <SequencePoint vc="0" uspid="2863" ordinal="16" offset="193" sl="85" sc="18" el="85" ec="27" />
                <SequencePoint vc="0" uspid="2864" ordinal="17" offset="198" sl="87" sc="17" el="87" ec="54" />
                <SequencePoint vc="0" uspid="2865" ordinal="18" offset="219" sl="85" sc="44" el="85" ec="47" />
                <SequencePoint vc="0" uspid="2866" ordinal="19" offset="225" sl="85" sc="29" el="85" ec="42" />
                <SequencePoint vc="0" uspid="2867" ordinal="20" offset="230" sl="90" sc="13" el="90" ec="31" />
              </SequencePoints>
              <BranchPoints>
                <BranchPoint vc="0" uspid="2868" ordinal="0" offset="65" path="0" />
                <BranchPoint vc="0" uspid="2869" ordinal="1" offset="65" path="1" />
                <BranchPoint vc="0" uspid="2870" ordinal="2" offset="144" path="0" />
                <BranchPoint vc="0" uspid="2871" ordinal="3" offset="144" path="1" />
                <BranchPoint vc="0" uspid="2872" ordinal="4" offset="228" path="0" />
                <BranchPoint vc="0" uspid="2873" ordinal="5" offset="228" path="1" />
              </BranchPoints>
              <MethodPoint xsi:type="SequencePoint" vc="0" uspid="2847" ordinal="0" offset="0" sl="63" sc="13" el="63" ec="68" />
            </Method>
            <Method visited="false" cyclomaticComplexity="1" sequenceCoverage="0" branchCoverage="0" isConstructor="false" isStatic="false" isGetter="false" isSetter="false">
              <Summary numSequencePoints="4" visitedSequencePoints="0" numBranchPoints="1" visitedBranchPoints="0" sequenceCoverage="0" branchCoverage="0" maxCyclomaticComplexity="1" minCyclomaticComplexity="1" />
              <MetadataToken>100663779</MetadataToken>
              <Name>System.Double SigStat.Common.PipelineItems.Transforms.Preprocessing.NormalizeRotation::CalculateAngleBetweenLines(System.Double,System.Double,System.Double,System.Double,System.Double,System.Double,System.Double,System.Double)</Name>
              <FileRef uid="98" />
              <SequencePoints>
                <SequencePoint vc="0" uspid="2874" ordinal="0" offset="0" sl="99" sc="13" el="99" ec="64" />
                <SequencePoint vc="0" uspid="2875" ordinal="1" offset="13" sl="100" sc="13" el="100" ec="64" />
                <SequencePoint vc="0" uspid="2876" ordinal="2" offset="29" sl="103" sc="13" el="103" ec="52" />
                <SequencePoint vc="0" uspid="2877" ordinal="3" offset="38" sl="105" sc="13" el="105" ec="25" />
              </SequencePoints>
              <BranchPoints />
              <MethodPoint xsi:type="SequencePoint" vc="0" uspid="2874" ordinal="0" offset="0" sl="99" sc="13" el="99" ec="64" />
            </Method>
            <Method visited="false" cyclomaticComplexity="1" sequenceCoverage="0" branchCoverage="0" isConstructor="true" isStatic="false" isGetter="false" isSetter="false">
              <Summary numSequencePoints="5" visitedSequencePoints="0" numBranchPoints="1" visitedBranchPoints="0" sequenceCoverage="0" branchCoverage="0" maxCyclomaticComplexity="1" minCyclomaticComplexity="1" />
              <MetadataToken>100663780</MetadataToken>
              <Name>System.Void SigStat.Common.PipelineItems.Transforms.Preprocessing.NormalizeRotation::.ctor()</Name>
              <FileRef uid="98" />
              <SequencePoints>
                <SequencePoint vc="0" uspid="2878" ordinal="0" offset="0" sl="15" sc="71" el="15" ec="81" />
                <SequencePoint vc="0" uspid="2879" ordinal="1" offset="11" sl="19" sc="71" el="19" ec="81" />
                <SequencePoint vc="0" uspid="2880" ordinal="2" offset="22" sl="23" sc="71" el="23" ec="81" />
                <SequencePoint vc="0" uspid="2881" ordinal="3" offset="33" sl="26" sc="72" el="26" ec="82" />
                <SequencePoint vc="0" uspid="2882" ordinal="4" offset="44" sl="29" sc="72" el="29" ec="82" />
              </SequencePoints>
              <BranchPoints />
              <MethodPoint xsi:type="SequencePoint" vc="0" uspid="2878" ordinal="0" offset="0" sl="15" sc="71" el="15" ec="81" />
            </Method>
          </Methods>
        </Class>
        <Class>
          <Summary numSequencePoints="1" visitedSequencePoints="0" numBranchPoints="1" visitedBranchPoints="0" sequenceCoverage="0" branchCoverage="0" maxCyclomaticComplexity="1" minCyclomaticComplexity="1" />
          <FullName>SigStat.Common.PipelineItems.Transforms.Preprocessing.NormalizeRotation/&lt;&gt;c</FullName>
          <Methods>
            <Method visited="false" cyclomaticComplexity="1" sequenceCoverage="0" branchCoverage="0" isConstructor="true" isStatic="true" isGetter="false" isSetter="false">
              <Summary numSequencePoints="0" visitedSequencePoints="0" numBranchPoints="0" visitedBranchPoints="0" sequenceCoverage="0" branchCoverage="0" maxCyclomaticComplexity="1" minCyclomaticComplexity="1" />
              <MetadataToken>100664259</MetadataToken>
              <Name>System.Void SigStat.Common.PipelineItems.Transforms.Preprocessing.NormalizeRotation/&lt;&gt;c::.cctor()</Name>
              <SequencePoints />
              <BranchPoints />
              <MethodPoint vc="0" uspid="2883" ordinal="0" offset="0" />
            </Method>
            <Method visited="false" cyclomaticComplexity="1" sequenceCoverage="0" branchCoverage="0" isConstructor="true" isStatic="false" isGetter="false" isSetter="false">
              <Summary numSequencePoints="0" visitedSequencePoints="0" numBranchPoints="0" visitedBranchPoints="0" sequenceCoverage="0" branchCoverage="0" maxCyclomaticComplexity="1" minCyclomaticComplexity="1" />
              <MetadataToken>100664260</MetadataToken>
              <Name>System.Void SigStat.Common.PipelineItems.Transforms.Preprocessing.NormalizeRotation/&lt;&gt;c::.ctor()</Name>
              <SequencePoints />
              <BranchPoints />
              <MethodPoint vc="0" uspid="2884" ordinal="0" offset="0" />
            </Method>
            <Method visited="false" cyclomaticComplexity="1" sequenceCoverage="0" branchCoverage="0" isConstructor="false" isStatic="false" isGetter="false" isSetter="false">
              <Summary numSequencePoints="1" visitedSequencePoints="0" numBranchPoints="1" visitedBranchPoints="0" sequenceCoverage="0" branchCoverage="0" maxCyclomaticComplexity="1" minCyclomaticComplexity="1" />
              <MetadataToken>100664261</MetadataToken>
              <Name>System.Double SigStat.Common.PipelineItems.Transforms.Preprocessing.NormalizeRotation/&lt;&gt;c::&lt;GenerateLinearBestFit&gt;b__21_0(System.Double)</Name>
              <FileRef uid="98" />
              <SequencePoints>
                <SequencePoint vc="0" uspid="2885" ordinal="0" offset="0" sl="70" sc="51" el="70" ec="56" />
              </SequencePoints>
              <BranchPoints />
              <MethodPoint xsi:type="SequencePoint" vc="0" uspid="2885" ordinal="0" offset="0" sl="70" sc="51" el="70" ec="56" />
            </Method>
          </Methods>
        </Class>
        <Class>
          <Summary numSequencePoints="50" visitedSequencePoints="0" numBranchPoints="30" visitedBranchPoints="0" sequenceCoverage="0" branchCoverage="0" maxCyclomaticComplexity="6" minCyclomaticComplexity="1" />
          <FullName>SigStat.Common.PipelineItems.Transforms.Preprocessing.ResampleSamplesCountBased</FullName>
          <Methods>
            <Method visited="false" cyclomaticComplexity="1" sequenceCoverage="0" branchCoverage="0" isConstructor="false" isStatic="false" isGetter="true" isSetter="false">
              <Summary numSequencePoints="1" visitedSequencePoints="0" numBranchPoints="1" visitedBranchPoints="0" sequenceCoverage="0" branchCoverage="0" maxCyclomaticComplexity="1" minCyclomaticComplexity="1" />
              <MetadataToken>100663781</MetadataToken>
              <Name>System.Int32 SigStat.Common.PipelineItems.Transforms.Preprocessing.ResampleSamplesCountBased::get_NumOfSamples()</Name>
              <FileRef uid="100" />
              <SequencePoints>
                <SequencePoint vc="0" uspid="2886" ordinal="0" offset="0" sl="13" sc="35" el="13" ec="39" />
              </SequencePoints>
              <BranchPoints />
              <MethodPoint xsi:type="SequencePoint" vc="0" uspid="2886" ordinal="0" offset="0" sl="13" sc="35" el="13" ec="39" />
            </Method>
            <Method visited="false" cyclomaticComplexity="1" sequenceCoverage="0" branchCoverage="0" isConstructor="false" isStatic="false" isGetter="false" isSetter="true">
              <Summary numSequencePoints="1" visitedSequencePoints="0" numBranchPoints="1" visitedBranchPoints="0" sequenceCoverage="0" branchCoverage="0" maxCyclomaticComplexity="1" minCyclomaticComplexity="1" />
              <MetadataToken>100663782</MetadataToken>
              <Name>System.Void SigStat.Common.PipelineItems.Transforms.Preprocessing.ResampleSamplesCountBased::set_NumOfSamples(System.Int32)</Name>
              <FileRef uid="100" />
              <SequencePoints>
                <SequencePoint vc="0" uspid="2887" ordinal="0" offset="0" sl="13" sc="40" el="13" ec="44" />
              </SequencePoints>
              <BranchPoints />
              <MethodPoint xsi:type="SequencePoint" vc="0" uspid="2887" ordinal="0" offset="0" sl="13" sc="40" el="13" ec="44" />
            </Method>
            <Method visited="false" cyclomaticComplexity="1" sequenceCoverage="0" branchCoverage="0" isConstructor="false" isStatic="false" isGetter="true" isSetter="false">
              <Summary numSequencePoints="1" visitedSequencePoints="0" numBranchPoints="1" visitedBranchPoints="0" sequenceCoverage="0" branchCoverage="0" maxCyclomaticComplexity="1" minCyclomaticComplexity="1" />
              <MetadataToken>100663783</MetadataToken>
              <Name>System.Type SigStat.Common.PipelineItems.Transforms.Preprocessing.ResampleSamplesCountBased::get_InterpolationType()</Name>
              <FileRef uid="100" />
              <SequencePoints>
                <SequencePoint vc="0" uspid="2888" ordinal="0" offset="0" sl="15" sc="41" el="15" ec="45" />
              </SequencePoints>
              <BranchPoints />
              <MethodPoint xsi:type="SequencePoint" vc="0" uspid="2888" ordinal="0" offset="0" sl="15" sc="41" el="15" ec="45" />
            </Method>
            <Method visited="false" cyclomaticComplexity="1" sequenceCoverage="0" branchCoverage="0" isConstructor="false" isStatic="false" isGetter="false" isSetter="true">
              <Summary numSequencePoints="1" visitedSequencePoints="0" numBranchPoints="1" visitedBranchPoints="0" sequenceCoverage="0" branchCoverage="0" maxCyclomaticComplexity="1" minCyclomaticComplexity="1" />
              <MetadataToken>100663784</MetadataToken>
              <Name>System.Void SigStat.Common.PipelineItems.Transforms.Preprocessing.ResampleSamplesCountBased::set_InterpolationType(System.Type)</Name>
              <FileRef uid="100" />
              <SequencePoints>
                <SequencePoint vc="0" uspid="2889" ordinal="0" offset="0" sl="15" sc="46" el="15" ec="50" />
              </SequencePoints>
              <BranchPoints />
              <MethodPoint xsi:type="SequencePoint" vc="0" uspid="2889" ordinal="0" offset="0" sl="15" sc="46" el="15" ec="50" />
            </Method>
            <Method visited="false" cyclomaticComplexity="1" sequenceCoverage="0" branchCoverage="0" isConstructor="false" isStatic="false" isGetter="true" isSetter="false">
              <Summary numSequencePoints="1" visitedSequencePoints="0" numBranchPoints="1" visitedBranchPoints="0" sequenceCoverage="0" branchCoverage="0" maxCyclomaticComplexity="1" minCyclomaticComplexity="1" />
              <MetadataToken>100663785</MetadataToken>
              <Name>System.Collections.Generic.List`1&lt;SigStat.Common.FeatureDescriptor`1&lt;System.Collections.Generic.List`1&lt;System.Double&gt;&gt;&gt; SigStat.Common.PipelineItems.Transforms.Preprocessing.ResampleSamplesCountBased::get_InputFeatures()</Name>
              <FileRef uid="100" />
              <SequencePoints>
                <SequencePoint vc="0" uspid="2890" ordinal="0" offset="0" sl="21" sc="70" el="21" ec="74" />
              </SequencePoints>
              <BranchPoints />
              <MethodPoint xsi:type="SequencePoint" vc="0" uspid="2890" ordinal="0" offset="0" sl="21" sc="70" el="21" ec="74" />
            </Method>
            <Method visited="false" cyclomaticComplexity="1" sequenceCoverage="0" branchCoverage="0" isConstructor="false" isStatic="false" isGetter="false" isSetter="true">
              <Summary numSequencePoints="1" visitedSequencePoints="0" numBranchPoints="1" visitedBranchPoints="0" sequenceCoverage="0" branchCoverage="0" maxCyclomaticComplexity="1" minCyclomaticComplexity="1" />
              <MetadataToken>100663786</MetadataToken>
              <Name>System.Void SigStat.Common.PipelineItems.Transforms.Preprocessing.ResampleSamplesCountBased::set_InputFeatures(System.Collections.Generic.List`1&lt;SigStat.Common.FeatureDescriptor`1&lt;System.Collections.Generic.List`1&lt;System.Double&gt;&gt;&gt;)</Name>
              <FileRef uid="100" />
              <SequencePoints>
                <SequencePoint vc="0" uspid="2891" ordinal="0" offset="0" sl="21" sc="75" el="21" ec="79" />
              </SequencePoints>
              <BranchPoints />
              <MethodPoint xsi:type="SequencePoint" vc="0" uspid="2891" ordinal="0" offset="0" sl="21" sc="75" el="21" ec="79" />
            </Method>
            <Method visited="false" cyclomaticComplexity="1" sequenceCoverage="0" branchCoverage="0" isConstructor="false" isStatic="false" isGetter="true" isSetter="false">
              <Summary numSequencePoints="1" visitedSequencePoints="0" numBranchPoints="1" visitedBranchPoints="0" sequenceCoverage="0" branchCoverage="0" maxCyclomaticComplexity="1" minCyclomaticComplexity="1" />
              <MetadataToken>100663787</MetadataToken>
              <Name>SigStat.Common.FeatureDescriptor`1&lt;System.Collections.Generic.List`1&lt;System.Double&gt;&gt; SigStat.Common.PipelineItems.Transforms.Preprocessing.ResampleSamplesCountBased::get_OriginalTFeature()</Name>
              <FileRef uid="100" />
              <SequencePoints>
                <SequencePoint vc="0" uspid="2892" ordinal="0" offset="0" sl="25" sc="67" el="25" ec="71" />
              </SequencePoints>
              <BranchPoints />
              <MethodPoint xsi:type="SequencePoint" vc="0" uspid="2892" ordinal="0" offset="0" sl="25" sc="67" el="25" ec="71" />
            </Method>
            <Method visited="false" cyclomaticComplexity="1" sequenceCoverage="0" branchCoverage="0" isConstructor="false" isStatic="false" isGetter="false" isSetter="true">
              <Summary numSequencePoints="1" visitedSequencePoints="0" numBranchPoints="1" visitedBranchPoints="0" sequenceCoverage="0" branchCoverage="0" maxCyclomaticComplexity="1" minCyclomaticComplexity="1" />
              <MetadataToken>100663788</MetadataToken>
              <Name>System.Void SigStat.Common.PipelineItems.Transforms.Preprocessing.ResampleSamplesCountBased::set_OriginalTFeature(SigStat.Common.FeatureDescriptor`1&lt;System.Collections.Generic.List`1&lt;System.Double&gt;&gt;)</Name>
              <FileRef uid="100" />
              <SequencePoints>
                <SequencePoint vc="0" uspid="2893" ordinal="0" offset="0" sl="25" sc="72" el="25" ec="76" />
              </SequencePoints>
              <BranchPoints />
              <MethodPoint xsi:type="SequencePoint" vc="0" uspid="2893" ordinal="0" offset="0" sl="25" sc="72" el="25" ec="76" />
            </Method>
            <Method visited="false" cyclomaticComplexity="1" sequenceCoverage="0" branchCoverage="0" isConstructor="false" isStatic="false" isGetter="true" isSetter="false">
              <Summary numSequencePoints="1" visitedSequencePoints="0" numBranchPoints="1" visitedBranchPoints="0" sequenceCoverage="0" branchCoverage="0" maxCyclomaticComplexity="1" minCyclomaticComplexity="1" />
              <MetadataToken>100663789</MetadataToken>
              <Name>SigStat.Common.FeatureDescriptor`1&lt;System.Collections.Generic.List`1&lt;System.Double&gt;&gt; SigStat.Common.PipelineItems.Transforms.Preprocessing.ResampleSamplesCountBased::get_ResampledTFeature()</Name>
              <FileRef uid="100" />
              <SequencePoints>
                <SequencePoint vc="0" uspid="2894" ordinal="0" offset="0" sl="28" sc="68" el="28" ec="72" />
              </SequencePoints>
              <BranchPoints />
              <MethodPoint xsi:type="SequencePoint" vc="0" uspid="2894" ordinal="0" offset="0" sl="28" sc="68" el="28" ec="72" />
            </Method>
            <Method visited="false" cyclomaticComplexity="1" sequenceCoverage="0" branchCoverage="0" isConstructor="false" isStatic="false" isGetter="false" isSetter="true">
              <Summary numSequencePoints="1" visitedSequencePoints="0" numBranchPoints="1" visitedBranchPoints="0" sequenceCoverage="0" branchCoverage="0" maxCyclomaticComplexity="1" minCyclomaticComplexity="1" />
              <MetadataToken>100663790</MetadataToken>
              <Name>System.Void SigStat.Common.PipelineItems.Transforms.Preprocessing.ResampleSamplesCountBased::set_ResampledTFeature(SigStat.Common.FeatureDescriptor`1&lt;System.Collections.Generic.List`1&lt;System.Double&gt;&gt;)</Name>
              <FileRef uid="100" />
              <SequencePoints>
                <SequencePoint vc="0" uspid="2895" ordinal="0" offset="0" sl="28" sc="73" el="28" ec="77" />
              </SequencePoints>
              <BranchPoints />
              <MethodPoint xsi:type="SequencePoint" vc="0" uspid="2895" ordinal="0" offset="0" sl="28" sc="73" el="28" ec="77" />
            </Method>
            <Method visited="false" cyclomaticComplexity="1" sequenceCoverage="0" branchCoverage="0" isConstructor="false" isStatic="false" isGetter="true" isSetter="false">
              <Summary numSequencePoints="1" visitedSequencePoints="0" numBranchPoints="1" visitedBranchPoints="0" sequenceCoverage="0" branchCoverage="0" maxCyclomaticComplexity="1" minCyclomaticComplexity="1" />
              <MetadataToken>100663791</MetadataToken>
              <Name>System.Collections.Generic.List`1&lt;SigStat.Common.FeatureDescriptor`1&lt;System.Collections.Generic.List`1&lt;System.Double&gt;&gt;&gt; SigStat.Common.PipelineItems.Transforms.Preprocessing.ResampleSamplesCountBased::get_OutputFeatures()</Name>
              <FileRef uid="100" />
              <SequencePoints>
                <SequencePoint vc="0" uspid="2896" ordinal="0" offset="0" sl="31" sc="71" el="31" ec="75" />
              </SequencePoints>
              <BranchPoints />
              <MethodPoint xsi:type="SequencePoint" vc="0" uspid="2896" ordinal="0" offset="0" sl="31" sc="71" el="31" ec="75" />
            </Method>
            <Method visited="false" cyclomaticComplexity="1" sequenceCoverage="0" branchCoverage="0" isConstructor="false" isStatic="false" isGetter="false" isSetter="true">
              <Summary numSequencePoints="1" visitedSequencePoints="0" numBranchPoints="1" visitedBranchPoints="0" sequenceCoverage="0" branchCoverage="0" maxCyclomaticComplexity="1" minCyclomaticComplexity="1" />
              <MetadataToken>100663792</MetadataToken>
              <Name>System.Void SigStat.Common.PipelineItems.Transforms.Preprocessing.ResampleSamplesCountBased::set_OutputFeatures(System.Collections.Generic.List`1&lt;SigStat.Common.FeatureDescriptor`1&lt;System.Collections.Generic.List`1&lt;System.Double&gt;&gt;&gt;)</Name>
              <FileRef uid="100" />
              <SequencePoints>
                <SequencePoint vc="0" uspid="2897" ordinal="0" offset="0" sl="31" sc="76" el="31" ec="80" />
              </SequencePoints>
              <BranchPoints />
              <MethodPoint xsi:type="SequencePoint" vc="0" uspid="2897" ordinal="0" offset="0" sl="31" sc="76" el="31" ec="80" />
            </Method>
            <Method visited="false" cyclomaticComplexity="6" sequenceCoverage="0" branchCoverage="0" isConstructor="false" isStatic="false" isGetter="false" isSetter="false">
              <Summary numSequencePoints="18" visitedSequencePoints="0" numBranchPoints="11" visitedBranchPoints="0" sequenceCoverage="0" branchCoverage="0" maxCyclomaticComplexity="6" minCyclomaticComplexity="6" />
              <MetadataToken>100663793</MetadataToken>
              <Name>System.Void SigStat.Common.PipelineItems.Transforms.Preprocessing.ResampleSamplesCountBased::Transform(SigStat.Common.Signature)</Name>
              <FileRef uid="100" />
              <SequencePoints>
                <SequencePoint vc="0" uspid="2898" ordinal="0" offset="0" sl="35" sc="13" el="35" ec="35" />
                <SequencePoint vc="0" uspid="2899" ordinal="1" offset="9" sl="37" sc="17" el="37" ec="77" />
                <SequencePoint vc="0" uspid="2900" ordinal="2" offset="20" sl="40" sc="13" el="40" ec="39" />
                <SequencePoint vc="0" uspid="2901" ordinal="3" offset="28" sl="42" sc="17" el="42" ec="84" />
                <SequencePoint vc="0" uspid="2902" ordinal="4" offset="39" sl="45" sc="13" el="45" ec="40" />
                <SequencePoint vc="0" uspid="2903" ordinal="5" offset="47" sl="47" sc="17" el="47" ec="85" />
                <SequencePoint vc="0" uspid="2904" ordinal="6" offset="58" sl="50" sc="13" el="50" ec="43" />
                <SequencePoint vc="0" uspid="2905" ordinal="7" offset="72" sl="52" sc="17" el="52" ec="82" />
                <SequencePoint vc="0" uspid="2906" ordinal="8" offset="83" sl="55" sc="13" el="55" ec="71" />
                <SequencePoint vc="0" uspid="2907" ordinal="9" offset="100" sl="57" sc="13" el="57" ec="95" />
                <SequencePoint vc="0" uspid="2908" ordinal="10" offset="118" sl="58" sc="13" el="58" ec="81" />
                <SequencePoint vc="0" uspid="2909" ordinal="11" offset="126" sl="60" sc="18" el="60" ec="27" />
                <SequencePoint vc="0" uspid="2910" ordinal="12" offset="130" sl="62" sc="17" el="62" ec="93" />
                <SequencePoint vc="0" uspid="2911" ordinal="13" offset="156" sl="63" sc="17" el="63" ec="141" />
                <SequencePoint vc="0" uspid="2912" ordinal="14" offset="185" sl="60" sc="54" el="60" ec="57" />
                <SequencePoint vc="0" uspid="2913" ordinal="15" offset="189" sl="60" sc="29" el="60" ec="52" />
                <SequencePoint vc="0" uspid="2914" ordinal="16" offset="203" sl="65" sc="13" el="65" ec="74" />
                <SequencePoint vc="0" uspid="2915" ordinal="17" offset="216" sl="66" sc="9" el="66" ec="10" />
              </SequencePoints>
              <BranchPoints>
                <BranchPoint vc="0" uspid="2916" ordinal="0" offset="7" path="0" />
                <BranchPoint vc="0" uspid="2917" ordinal="1" offset="7" path="1" />
                <BranchPoint vc="0" uspid="2918" ordinal="2" offset="26" path="0" />
                <BranchPoint vc="0" uspid="2919" ordinal="3" offset="26" path="1" />
                <BranchPoint vc="0" uspid="2920" ordinal="4" offset="45" path="0" />
                <BranchPoint vc="0" uspid="2921" ordinal="5" offset="45" path="1" />
                <BranchPoint vc="0" uspid="2922" ordinal="6" offset="70" path="0" />
                <BranchPoint vc="0" uspid="2923" ordinal="7" offset="70" path="1" />
                <BranchPoint vc="0" uspid="2924" ordinal="8" offset="201" path="0" />
                <BranchPoint vc="0" uspid="2925" ordinal="9" offset="201" path="1" />
              </BranchPoints>
              <MethodPoint xsi:type="SequencePoint" vc="0" uspid="2898" ordinal="0" offset="0" sl="35" sc="13" el="35" ec="35" />
            </Method>
            <Method visited="false" cyclomaticComplexity="2" sequenceCoverage="0" branchCoverage="0" isConstructor="false" isStatic="false" isGetter="false" isSetter="false">
              <Summary numSequencePoints="9" visitedSequencePoints="0" numBranchPoints="3" visitedBranchPoints="0" sequenceCoverage="0" branchCoverage="0" maxCyclomaticComplexity="2" minCyclomaticComplexity="2" />
              <MetadataToken>100663794</MetadataToken>
              <Name>System.Collections.Generic.List`1&lt;System.Double&gt; SigStat.Common.PipelineItems.Transforms.Preprocessing.ResampleSamplesCountBased::GenerateResampledValues(System.Collections.Generic.List`1&lt;System.Double&gt;,System.Collections.Generic.List`1&lt;System.Double&gt;,System.Collections.Generic.List`1&lt;System.Double&gt;)</Name>
              <FileRef uid="100" />
              <SequencePoints>
                <SequencePoint vc="0" uspid="2926" ordinal="0" offset="0" sl="70" sc="13" el="70" ec="93" />
                <SequencePoint vc="0" uspid="2927" ordinal="1" offset="17" sl="71" sc="13" el="71" ec="59" />
                <SequencePoint vc="0" uspid="2928" ordinal="2" offset="24" sl="72" sc="13" el="72" ec="58" />
                <SequencePoint vc="0" uspid="2929" ordinal="3" offset="31" sl="74" sc="13" el="74" ec="66" />
                <SequencePoint vc="0" uspid="2930" ordinal="4" offset="43" sl="76" sc="32" el="76" ec="51" />
                <SequencePoint vc="0" uspid="2931" ordinal="5" offset="52" sl="76" sc="22" el="76" ec="28" />
                <SequencePoint vc="0" uspid="2932" ordinal="6" offset="60" sl="78" sc="17" el="78" ec="65" />
                <SequencePoint vc="0" uspid="2933" ordinal="7" offset="73" sl="76" sc="29" el="76" ec="31" />
                <SequencePoint vc="0" uspid="2934" ordinal="8" offset="98" sl="81" sc="13" el="81" ec="36" />
              </SequencePoints>
              <BranchPoints>
                <BranchPoint vc="0" uspid="2935" ordinal="0" offset="80" path="0" />
                <BranchPoint vc="0" uspid="2936" ordinal="1" offset="80" path="1" />
              </BranchPoints>
              <MethodPoint xsi:type="SequencePoint" vc="0" uspid="2926" ordinal="0" offset="0" sl="70" sc="13" el="70" ec="93" />
            </Method>
            <Method visited="false" cyclomaticComplexity="2" sequenceCoverage="0" branchCoverage="0" isConstructor="false" isStatic="false" isGetter="false" isSetter="false">
              <Summary numSequencePoints="10" visitedSequencePoints="0" numBranchPoints="3" visitedBranchPoints="0" sequenceCoverage="0" branchCoverage="0" maxCyclomaticComplexity="2" minCyclomaticComplexity="2" />
              <MetadataToken>100663795</MetadataToken>
              <Name>System.Collections.Generic.List`1&lt;System.Double&gt; SigStat.Common.PipelineItems.Transforms.Preprocessing.ResampleSamplesCountBased::GenerateNewTimestamps(System.Collections.Generic.List`1&lt;System.Double&gt;)</Name>
              <FileRef uid="100" />
              <SequencePoints>
                <SequencePoint vc="0" uspid="2937" ordinal="0" offset="0" sl="86" sc="13" el="86" ec="57" />
                <SequencePoint vc="0" uspid="2938" ordinal="1" offset="7" sl="87" sc="13" el="87" ec="94" />
                <SequencePoint vc="0" uspid="2939" ordinal="2" offset="26" sl="88" sc="13" el="88" ec="58" />
                <SequencePoint vc="0" uspid="2940" ordinal="3" offset="32" sl="90" sc="13" el="90" ec="51" />
                <SequencePoint vc="0" uspid="2941" ordinal="4" offset="34" sl="91" sc="13" el="91" ec="31" />
                <SequencePoint vc="0" uspid="2942" ordinal="5" offset="39" sl="94" sc="17" el="94" ec="58" />
                <SequencePoint vc="0" uspid="2943" ordinal="6" offset="46" sl="95" sc="17" el="95" ec="45" />
                <SequencePoint vc="0" uspid="2944" ordinal="7" offset="50" sl="96" sc="17" el="96" ec="29" />
                <SequencePoint vc="0" uspid="2945" ordinal="8" offset="56" sl="92" sc="13" el="92" ec="49" />
                <SequencePoint vc="0" uspid="2946" ordinal="9" offset="68" sl="99" sc="13" el="99" ec="40" />
              </SequencePoints>
              <BranchPoints>
                <BranchPoint vc="0" uspid="2947" ordinal="0" offset="66" path="0" />
                <BranchPoint vc="0" uspid="2948" ordinal="1" offset="66" path="1" />
              </BranchPoints>
              <MethodPoint xsi:type="SequencePoint" vc="0" uspid="2937" ordinal="0" offset="0" sl="86" sc="13" el="86" ec="57" />
            </Method>
            <Method visited="false" cyclomaticComplexity="1" sequenceCoverage="0" branchCoverage="0" isConstructor="true" isStatic="false" isGetter="false" isSetter="false">
              <Summary numSequencePoints="1" visitedSequencePoints="0" numBranchPoints="1" visitedBranchPoints="0" sequenceCoverage="0" branchCoverage="0" maxCyclomaticComplexity="1" minCyclomaticComplexity="1" />
              <MetadataToken>100663796</MetadataToken>
              <Name>System.Void SigStat.Common.PipelineItems.Transforms.Preprocessing.ResampleSamplesCountBased::.ctor()</Name>
              <FileRef uid="100" />
              <SequencePoints>
                <SequencePoint vc="0" uspid="2949" ordinal="0" offset="0" sl="25" sc="81" el="25" ec="91" />
              </SequencePoints>
              <BranchPoints />
              <MethodPoint xsi:type="SequencePoint" vc="0" uspid="2949" ordinal="0" offset="0" sl="25" sc="81" el="25" ec="91" />
            </Method>
          </Methods>
        </Class>
        <Class>
          <Summary numSequencePoints="52" visitedSequencePoints="0" numBranchPoints="35" visitedBranchPoints="0" sequenceCoverage="0" branchCoverage="0" maxCyclomaticComplexity="6" minCyclomaticComplexity="1" />
          <FullName>SigStat.Common.PipelineItems.Transforms.Preprocessing.ResampleTimeBased</FullName>
          <Methods>
            <Method visited="false" cyclomaticComplexity="1" sequenceCoverage="0" branchCoverage="0" isConstructor="false" isStatic="false" isGetter="true" isSetter="false">
              <Summary numSequencePoints="1" visitedSequencePoints="0" numBranchPoints="1" visitedBranchPoints="0" sequenceCoverage="0" branchCoverage="0" maxCyclomaticComplexity="1" minCyclomaticComplexity="1" />
              <MetadataToken>100663797</MetadataToken>
              <Name>System.Double SigStat.Common.PipelineItems.Transforms.Preprocessing.ResampleTimeBased::get_TimeSlot()</Name>
              <FileRef uid="101" />
              <SequencePoints>
                <SequencePoint vc="0" uspid="2950" ordinal="0" offset="0" sl="14" sc="34" el="14" ec="38" />
              </SequencePoints>
              <BranchPoints />
              <MethodPoint xsi:type="SequencePoint" vc="0" uspid="2950" ordinal="0" offset="0" sl="14" sc="34" el="14" ec="38" />
            </Method>
            <Method visited="false" cyclomaticComplexity="1" sequenceCoverage="0" branchCoverage="0" isConstructor="false" isStatic="false" isGetter="false" isSetter="true">
              <Summary numSequencePoints="1" visitedSequencePoints="0" numBranchPoints="1" visitedBranchPoints="0" sequenceCoverage="0" branchCoverage="0" maxCyclomaticComplexity="1" minCyclomaticComplexity="1" />
              <MetadataToken>100663798</MetadataToken>
              <Name>System.Void SigStat.Common.PipelineItems.Transforms.Preprocessing.ResampleTimeBased::set_TimeSlot(System.Double)</Name>
              <FileRef uid="101" />
              <SequencePoints>
                <SequencePoint vc="0" uspid="2951" ordinal="0" offset="0" sl="14" sc="39" el="14" ec="43" />
              </SequencePoints>
              <BranchPoints />
              <MethodPoint xsi:type="SequencePoint" vc="0" uspid="2951" ordinal="0" offset="0" sl="14" sc="39" el="14" ec="43" />
            </Method>
            <Method visited="false" cyclomaticComplexity="1" sequenceCoverage="0" branchCoverage="0" isConstructor="false" isStatic="false" isGetter="true" isSetter="false">
              <Summary numSequencePoints="1" visitedSequencePoints="0" numBranchPoints="1" visitedBranchPoints="0" sequenceCoverage="0" branchCoverage="0" maxCyclomaticComplexity="1" minCyclomaticComplexity="1" />
              <MetadataToken>100663799</MetadataToken>
              <Name>System.Type SigStat.Common.PipelineItems.Transforms.Preprocessing.ResampleTimeBased::get_InterpolationType()</Name>
              <FileRef uid="101" />
              <SequencePoints>
                <SequencePoint vc="0" uspid="2952" ordinal="0" offset="0" sl="16" sc="41" el="16" ec="45" />
              </SequencePoints>
              <BranchPoints />
              <MethodPoint xsi:type="SequencePoint" vc="0" uspid="2952" ordinal="0" offset="0" sl="16" sc="41" el="16" ec="45" />
            </Method>
            <Method visited="false" cyclomaticComplexity="1" sequenceCoverage="0" branchCoverage="0" isConstructor="false" isStatic="false" isGetter="false" isSetter="true">
              <Summary numSequencePoints="1" visitedSequencePoints="0" numBranchPoints="1" visitedBranchPoints="0" sequenceCoverage="0" branchCoverage="0" maxCyclomaticComplexity="1" minCyclomaticComplexity="1" />
              <MetadataToken>100663800</MetadataToken>
              <Name>System.Void SigStat.Common.PipelineItems.Transforms.Preprocessing.ResampleTimeBased::set_InterpolationType(System.Type)</Name>
              <FileRef uid="101" />
              <SequencePoints>
                <SequencePoint vc="0" uspid="2953" ordinal="0" offset="0" sl="16" sc="46" el="16" ec="50" />
              </SequencePoints>
              <BranchPoints />
              <MethodPoint xsi:type="SequencePoint" vc="0" uspid="2953" ordinal="0" offset="0" sl="16" sc="46" el="16" ec="50" />
            </Method>
            <Method visited="false" cyclomaticComplexity="1" sequenceCoverage="0" branchCoverage="0" isConstructor="false" isStatic="false" isGetter="true" isSetter="false">
              <Summary numSequencePoints="1" visitedSequencePoints="0" numBranchPoints="1" visitedBranchPoints="0" sequenceCoverage="0" branchCoverage="0" maxCyclomaticComplexity="1" minCyclomaticComplexity="1" />
              <MetadataToken>100663801</MetadataToken>
              <Name>System.Collections.Generic.List`1&lt;System.Double&gt; SigStat.Common.PipelineItems.Transforms.Preprocessing.ResampleTimeBased::get_ResampledTimestamps()</Name>
              <FileRef uid="101" />
              <SequencePoints>
                <SequencePoint vc="0" uspid="2954" ordinal="0" offset="0" sl="18" sc="51" el="18" ec="55" />
              </SequencePoints>
              <BranchPoints />
              <MethodPoint xsi:type="SequencePoint" vc="0" uspid="2954" ordinal="0" offset="0" sl="18" sc="51" el="18" ec="55" />
            </Method>
            <Method visited="false" cyclomaticComplexity="1" sequenceCoverage="0" branchCoverage="0" isConstructor="false" isStatic="false" isGetter="false" isSetter="true">
              <Summary numSequencePoints="1" visitedSequencePoints="0" numBranchPoints="1" visitedBranchPoints="0" sequenceCoverage="0" branchCoverage="0" maxCyclomaticComplexity="1" minCyclomaticComplexity="1" />
              <MetadataToken>100663802</MetadataToken>
              <Name>System.Void SigStat.Common.PipelineItems.Transforms.Preprocessing.ResampleTimeBased::set_ResampledTimestamps(System.Collections.Generic.List`1&lt;System.Double&gt;)</Name>
              <FileRef uid="101" />
              <SequencePoints>
                <SequencePoint vc="0" uspid="2955" ordinal="0" offset="0" sl="18" sc="56" el="18" ec="68" />
              </SequencePoints>
              <BranchPoints />
              <MethodPoint xsi:type="SequencePoint" vc="0" uspid="2955" ordinal="0" offset="0" sl="18" sc="56" el="18" ec="68" />
            </Method>
            <Method visited="false" cyclomaticComplexity="1" sequenceCoverage="0" branchCoverage="0" isConstructor="false" isStatic="false" isGetter="true" isSetter="false">
              <Summary numSequencePoints="1" visitedSequencePoints="0" numBranchPoints="1" visitedBranchPoints="0" sequenceCoverage="0" branchCoverage="0" maxCyclomaticComplexity="1" minCyclomaticComplexity="1" />
              <MetadataToken>100663803</MetadataToken>
              <Name>System.Collections.Generic.List`1&lt;SigStat.Common.FeatureDescriptor`1&lt;System.Collections.Generic.List`1&lt;System.Double&gt;&gt;&gt; SigStat.Common.PipelineItems.Transforms.Preprocessing.ResampleTimeBased::get_InputFeatures()</Name>
              <FileRef uid="101" />
              <SequencePoints>
                <SequencePoint vc="0" uspid="2956" ordinal="0" offset="0" sl="22" sc="70" el="22" ec="74" />
              </SequencePoints>
              <BranchPoints />
              <MethodPoint xsi:type="SequencePoint" vc="0" uspid="2956" ordinal="0" offset="0" sl="22" sc="70" el="22" ec="74" />
            </Method>
            <Method visited="false" cyclomaticComplexity="1" sequenceCoverage="0" branchCoverage="0" isConstructor="false" isStatic="false" isGetter="false" isSetter="true">
              <Summary numSequencePoints="1" visitedSequencePoints="0" numBranchPoints="1" visitedBranchPoints="0" sequenceCoverage="0" branchCoverage="0" maxCyclomaticComplexity="1" minCyclomaticComplexity="1" />
              <MetadataToken>100663804</MetadataToken>
              <Name>System.Void SigStat.Common.PipelineItems.Transforms.Preprocessing.ResampleTimeBased::set_InputFeatures(System.Collections.Generic.List`1&lt;SigStat.Common.FeatureDescriptor`1&lt;System.Collections.Generic.List`1&lt;System.Double&gt;&gt;&gt;)</Name>
              <FileRef uid="101" />
              <SequencePoints>
                <SequencePoint vc="0" uspid="2957" ordinal="0" offset="0" sl="22" sc="75" el="22" ec="79" />
              </SequencePoints>
              <BranchPoints />
              <MethodPoint xsi:type="SequencePoint" vc="0" uspid="2957" ordinal="0" offset="0" sl="22" sc="75" el="22" ec="79" />
            </Method>
            <Method visited="false" cyclomaticComplexity="1" sequenceCoverage="0" branchCoverage="0" isConstructor="false" isStatic="false" isGetter="true" isSetter="false">
              <Summary numSequencePoints="1" visitedSequencePoints="0" numBranchPoints="1" visitedBranchPoints="0" sequenceCoverage="0" branchCoverage="0" maxCyclomaticComplexity="1" minCyclomaticComplexity="1" />
              <MetadataToken>100663805</MetadataToken>
              <Name>SigStat.Common.FeatureDescriptor`1&lt;System.Collections.Generic.List`1&lt;System.Double&gt;&gt; SigStat.Common.PipelineItems.Transforms.Preprocessing.ResampleTimeBased::get_OriginalTFeature()</Name>
              <FileRef uid="101" />
              <SequencePoints>
                <SequencePoint vc="0" uspid="2958" ordinal="0" offset="0" sl="26" sc="67" el="26" ec="71" />
              </SequencePoints>
              <BranchPoints />
              <MethodPoint xsi:type="SequencePoint" vc="0" uspid="2958" ordinal="0" offset="0" sl="26" sc="67" el="26" ec="71" />
            </Method>
            <Method visited="false" cyclomaticComplexity="1" sequenceCoverage="0" branchCoverage="0" isConstructor="false" isStatic="false" isGetter="false" isSetter="true">
              <Summary numSequencePoints="1" visitedSequencePoints="0" numBranchPoints="1" visitedBranchPoints="0" sequenceCoverage="0" branchCoverage="0" maxCyclomaticComplexity="1" minCyclomaticComplexity="1" />
              <MetadataToken>100663806</MetadataToken>
              <Name>System.Void SigStat.Common.PipelineItems.Transforms.Preprocessing.ResampleTimeBased::set_OriginalTFeature(SigStat.Common.FeatureDescriptor`1&lt;System.Collections.Generic.List`1&lt;System.Double&gt;&gt;)</Name>
              <FileRef uid="101" />
              <SequencePoints>
                <SequencePoint vc="0" uspid="2959" ordinal="0" offset="0" sl="26" sc="72" el="26" ec="76" />
              </SequencePoints>
              <BranchPoints />
              <MethodPoint xsi:type="SequencePoint" vc="0" uspid="2959" ordinal="0" offset="0" sl="26" sc="72" el="26" ec="76" />
            </Method>
            <Method visited="false" cyclomaticComplexity="1" sequenceCoverage="0" branchCoverage="0" isConstructor="false" isStatic="false" isGetter="true" isSetter="false">
              <Summary numSequencePoints="1" visitedSequencePoints="0" numBranchPoints="1" visitedBranchPoints="0" sequenceCoverage="0" branchCoverage="0" maxCyclomaticComplexity="1" minCyclomaticComplexity="1" />
              <MetadataToken>100663807</MetadataToken>
              <Name>SigStat.Common.FeatureDescriptor`1&lt;System.Collections.Generic.List`1&lt;System.Double&gt;&gt; SigStat.Common.PipelineItems.Transforms.Preprocessing.ResampleTimeBased::get_ResampledTFeature()</Name>
              <FileRef uid="101" />
              <SequencePoints>
                <SequencePoint vc="0" uspid="2960" ordinal="0" offset="0" sl="29" sc="68" el="29" ec="72" />
              </SequencePoints>
              <BranchPoints />
              <MethodPoint xsi:type="SequencePoint" vc="0" uspid="2960" ordinal="0" offset="0" sl="29" sc="68" el="29" ec="72" />
            </Method>
            <Method visited="false" cyclomaticComplexity="1" sequenceCoverage="0" branchCoverage="0" isConstructor="false" isStatic="false" isGetter="false" isSetter="true">
              <Summary numSequencePoints="1" visitedSequencePoints="0" numBranchPoints="1" visitedBranchPoints="0" sequenceCoverage="0" branchCoverage="0" maxCyclomaticComplexity="1" minCyclomaticComplexity="1" />
              <MetadataToken>100663808</MetadataToken>
              <Name>System.Void SigStat.Common.PipelineItems.Transforms.Preprocessing.ResampleTimeBased::set_ResampledTFeature(SigStat.Common.FeatureDescriptor`1&lt;System.Collections.Generic.List`1&lt;System.Double&gt;&gt;)</Name>
              <FileRef uid="101" />
              <SequencePoints>
                <SequencePoint vc="0" uspid="2961" ordinal="0" offset="0" sl="29" sc="73" el="29" ec="77" />
              </SequencePoints>
              <BranchPoints />
              <MethodPoint xsi:type="SequencePoint" vc="0" uspid="2961" ordinal="0" offset="0" sl="29" sc="73" el="29" ec="77" />
            </Method>
            <Method visited="false" cyclomaticComplexity="1" sequenceCoverage="0" branchCoverage="0" isConstructor="false" isStatic="false" isGetter="true" isSetter="false">
              <Summary numSequencePoints="1" visitedSequencePoints="0" numBranchPoints="1" visitedBranchPoints="0" sequenceCoverage="0" branchCoverage="0" maxCyclomaticComplexity="1" minCyclomaticComplexity="1" />
              <MetadataToken>100663809</MetadataToken>
              <Name>System.Collections.Generic.List`1&lt;SigStat.Common.FeatureDescriptor`1&lt;System.Collections.Generic.List`1&lt;System.Double&gt;&gt;&gt; SigStat.Common.PipelineItems.Transforms.Preprocessing.ResampleTimeBased::get_OutputFeatures()</Name>
              <FileRef uid="101" />
              <SequencePoints>
                <SequencePoint vc="0" uspid="2962" ordinal="0" offset="0" sl="32" sc="71" el="32" ec="75" />
              </SequencePoints>
              <BranchPoints />
              <MethodPoint xsi:type="SequencePoint" vc="0" uspid="2962" ordinal="0" offset="0" sl="32" sc="71" el="32" ec="75" />
            </Method>
            <Method visited="false" cyclomaticComplexity="1" sequenceCoverage="0" branchCoverage="0" isConstructor="false" isStatic="false" isGetter="false" isSetter="true">
              <Summary numSequencePoints="1" visitedSequencePoints="0" numBranchPoints="1" visitedBranchPoints="0" sequenceCoverage="0" branchCoverage="0" maxCyclomaticComplexity="1" minCyclomaticComplexity="1" />
              <MetadataToken>100663810</MetadataToken>
              <Name>System.Void SigStat.Common.PipelineItems.Transforms.Preprocessing.ResampleTimeBased::set_OutputFeatures(System.Collections.Generic.List`1&lt;SigStat.Common.FeatureDescriptor`1&lt;System.Collections.Generic.List`1&lt;System.Double&gt;&gt;&gt;)</Name>
              <FileRef uid="101" />
              <SequencePoints>
                <SequencePoint vc="0" uspid="2963" ordinal="0" offset="0" sl="32" sc="76" el="32" ec="80" />
              </SequencePoints>
              <BranchPoints />
              <MethodPoint xsi:type="SequencePoint" vc="0" uspid="2963" ordinal="0" offset="0" sl="32" sc="76" el="32" ec="80" />
            </Method>
            <Method visited="false" cyclomaticComplexity="6" sequenceCoverage="0" branchCoverage="0" isConstructor="false" isStatic="false" isGetter="false" isSetter="false">
              <Summary numSequencePoints="17" visitedSequencePoints="0" numBranchPoints="11" visitedBranchPoints="0" sequenceCoverage="0" branchCoverage="0" maxCyclomaticComplexity="6" minCyclomaticComplexity="6" />
              <MetadataToken>100663811</MetadataToken>
              <Name>System.Void SigStat.Common.PipelineItems.Transforms.Preprocessing.ResampleTimeBased::Transform(SigStat.Common.Signature)</Name>
              <FileRef uid="101" />
              <SequencePoints>
                <SequencePoint vc="0" uspid="2964" ordinal="0" offset="0" sl="36" sc="13" el="36" ec="31" />
                <SequencePoint vc="0" uspid="2965" ordinal="1" offset="17" sl="38" sc="17" el="38" ec="69" />
                <SequencePoint vc="0" uspid="2966" ordinal="2" offset="28" sl="41" sc="13" el="41" ec="39" />
                <SequencePoint vc="0" uspid="2967" ordinal="3" offset="36" sl="43" sc="17" el="43" ec="84" />
                <SequencePoint vc="0" uspid="2968" ordinal="4" offset="47" sl="46" sc="13" el="46" ec="40" />
                <SequencePoint vc="0" uspid="2969" ordinal="5" offset="55" sl="48" sc="17" el="48" ec="85" />
                <SequencePoint vc="0" uspid="2970" ordinal="6" offset="66" sl="51" sc="13" el="51" ec="43" />
                <SequencePoint vc="0" uspid="2971" ordinal="7" offset="80" sl="53" sc="17" el="53" ec="82" />
                <SequencePoint vc="0" uspid="2972" ordinal="8" offset="91" sl="56" sc="13" el="56" ec="71" />
                <SequencePoint vc="0" uspid="2973" ordinal="9" offset="108" sl="58" sc="13" el="58" ec="95" />
                <SequencePoint vc="0" uspid="2974" ordinal="10" offset="126" sl="59" sc="18" el="59" ec="27" />
                <SequencePoint vc="0" uspid="2975" ordinal="11" offset="130" sl="61" sc="17" el="61" ec="93" />
                <SequencePoint vc="0" uspid="2976" ordinal="12" offset="156" sl="62" sc="17" el="62" ec="120" />
                <SequencePoint vc="0" uspid="2977" ordinal="13" offset="184" sl="59" sc="54" el="59" ec="57" />
                <SequencePoint vc="0" uspid="2978" ordinal="14" offset="188" sl="59" sc="29" el="59" ec="52" />
                <SequencePoint vc="0" uspid="2979" ordinal="15" offset="202" sl="64" sc="13" el="64" ec="74" />
                <SequencePoint vc="0" uspid="2980" ordinal="16" offset="220" sl="65" sc="9" el="65" ec="10" />
              </SequencePoints>
              <BranchPoints>
                <BranchPoint vc="0" uspid="2981" ordinal="0" offset="15" path="0" />
                <BranchPoint vc="0" uspid="2982" ordinal="1" offset="15" path="1" />
                <BranchPoint vc="0" uspid="2983" ordinal="2" offset="34" path="0" />
                <BranchPoint vc="0" uspid="2984" ordinal="3" offset="34" path="1" />
                <BranchPoint vc="0" uspid="2985" ordinal="4" offset="53" path="0" />
                <BranchPoint vc="0" uspid="2986" ordinal="5" offset="53" path="1" />
                <BranchPoint vc="0" uspid="2987" ordinal="6" offset="78" path="0" />
                <BranchPoint vc="0" uspid="2988" ordinal="7" offset="78" path="1" />
                <BranchPoint vc="0" uspid="2989" ordinal="8" offset="200" path="0" />
                <BranchPoint vc="0" uspid="2990" ordinal="9" offset="200" path="1" />
              </BranchPoints>
              <MethodPoint xsi:type="SequencePoint" vc="0" uspid="2964" ordinal="0" offset="0" sl="36" sc="13" el="36" ec="31" />
            </Method>
            <Method visited="false" cyclomaticComplexity="5" sequenceCoverage="0" branchCoverage="0" isConstructor="false" isStatic="false" isGetter="false" isSetter="false">
              <Summary numSequencePoints="20" visitedSequencePoints="0" numBranchPoints="9" visitedBranchPoints="0" sequenceCoverage="0" branchCoverage="0" maxCyclomaticComplexity="5" minCyclomaticComplexity="5" />
              <MetadataToken>100663812</MetadataToken>
              <Name>System.Collections.Generic.List`1&lt;System.Double&gt; SigStat.Common.PipelineItems.Transforms.Preprocessing.ResampleTimeBased::GenerateResampledValues(System.Collections.Generic.List`1&lt;System.Double&gt;,System.Collections.Generic.List`1&lt;System.Double&gt;)</Name>
              <FileRef uid="101" />
              <SequencePoints>
                <SequencePoint vc="0" uspid="2991" ordinal="0" offset="0" sl="69" sc="13" el="69" ec="93" />
                <SequencePoint vc="0" uspid="2992" ordinal="1" offset="17" sl="70" sc="13" el="70" ec="59" />
                <SequencePoint vc="0" uspid="2993" ordinal="2" offset="24" sl="71" sc="13" el="71" ec="58" />
                <SequencePoint vc="0" uspid="2994" ordinal="3" offset="31" sl="73" sc="13" el="73" ec="57" />
                <SequencePoint vc="0" uspid="2995" ordinal="4" offset="38" sl="74" sc="13" el="74" ec="100" />
                <SequencePoint vc="0" uspid="2996" ordinal="5" offset="60" sl="75" sc="13" el="75" ec="69" />
                <SequencePoint vc="0" uspid="2997" ordinal="6" offset="72" sl="77" sc="13" el="77" ec="68" />
                <SequencePoint vc="0" uspid="2998" ordinal="7" offset="82" sl="79" sc="13" el="79" ec="92" />
                <SequencePoint vc="0" uspid="2999" ordinal="8" offset="106" sl="81" sc="17" el="81" ec="72" />
                <SequencePoint vc="0" uspid="3000" ordinal="9" offset="120" sl="83" sc="17" el="83" ec="55" />
                <SequencePoint vc="0" uspid="3001" ordinal="10" offset="125" sl="86" sc="21" el="86" ec="82" />
                <SequencePoint vc="0" uspid="3002" ordinal="11" offset="140" sl="87" sc="21" el="87" ec="62" />
                <SequencePoint vc="0" uspid="3003" ordinal="12" offset="153" sl="88" sc="21" el="88" ec="49" />
                <SequencePoint vc="0" uspid="3004" ordinal="13" offset="164" sl="84" sc="17" el="84" ec="56" />
                <SequencePoint vc="0" uspid="3005" ordinal="14" offset="169" sl="90" sc="13" el="90" ec="14" />
                <SequencePoint vc="0" uspid="3006" ordinal="15" offset="171" sl="93" sc="36" el="93" ec="55" />
                <SequencePoint vc="0" uspid="3007" ordinal="16" offset="186" sl="93" sc="26" el="93" ec="32" />
                <SequencePoint vc="0" uspid="3008" ordinal="17" offset="195" sl="95" sc="21" el="95" ec="69" />
                <SequencePoint vc="0" uspid="3009" ordinal="18" offset="210" sl="93" sc="33" el="93" ec="35" />
                <SequencePoint vc="0" uspid="3010" ordinal="19" offset="235" sl="99" sc="13" el="99" ec="36" />
              </SequencePoints>
              <BranchPoints>
                <BranchPoint vc="0" uspid="3011" ordinal="0" offset="88" path="0" />
                <BranchPoint vc="0" uspid="3012" ordinal="1" offset="88" path="1" />
                <BranchPoint vc="0" uspid="3013" ordinal="2" offset="104" path="0" />
                <BranchPoint vc="0" uspid="3014" ordinal="3" offset="104" path="1" />
                <BranchPoint vc="0" uspid="3015" ordinal="4" offset="167" path="0" />
                <BranchPoint vc="0" uspid="3016" ordinal="5" offset="167" path="1" />
                <BranchPoint vc="0" uspid="3017" ordinal="6" offset="217" path="0" />
                <BranchPoint vc="0" uspid="3018" ordinal="7" offset="217" path="1" />
              </BranchPoints>
              <MethodPoint xsi:type="SequencePoint" vc="0" uspid="2991" ordinal="0" offset="0" sl="69" sc="13" el="69" ec="93" />
            </Method>
            <Method visited="false" cyclomaticComplexity="1" sequenceCoverage="0" branchCoverage="0" isConstructor="true" isStatic="false" isGetter="false" isSetter="false">
              <Summary numSequencePoints="1" visitedSequencePoints="0" numBranchPoints="1" visitedBranchPoints="0" sequenceCoverage="0" branchCoverage="0" maxCyclomaticComplexity="1" minCyclomaticComplexity="1" />
              <MetadataToken>100663813</MetadataToken>
              <Name>System.Void SigStat.Common.PipelineItems.Transforms.Preprocessing.ResampleTimeBased::.ctor()</Name>
              <FileRef uid="101" />
              <SequencePoints>
                <SequencePoint vc="0" uspid="3019" ordinal="0" offset="0" sl="26" sc="81" el="26" ec="91" />
              </SequencePoints>
              <BranchPoints />
              <MethodPoint xsi:type="SequencePoint" vc="0" uspid="3019" ordinal="0" offset="0" sl="26" sc="81" el="26" ec="91" />
            </Method>
          </Methods>
        </Class>
        <Class>
          <Summary numSequencePoints="20" visitedSequencePoints="0" numBranchPoints="16" visitedBranchPoints="0" sequenceCoverage="0" branchCoverage="0" maxCyclomaticComplexity="4" minCyclomaticComplexity="1" />
          <FullName>SigStat.Common.PipelineItems.Transforms.Preprocessing.Scale</FullName>
          <Methods>
            <Method visited="false" cyclomaticComplexity="1" sequenceCoverage="0" branchCoverage="0" isConstructor="false" isStatic="false" isGetter="true" isSetter="false">
              <Summary numSequencePoints="1" visitedSequencePoints="0" numBranchPoints="1" visitedBranchPoints="0" sequenceCoverage="0" branchCoverage="0" maxCyclomaticComplexity="1" minCyclomaticComplexity="1" />
              <MetadataToken>100663814</MetadataToken>
              <Name>SigStat.Common.FeatureDescriptor`1&lt;System.Collections.Generic.List`1&lt;System.Double&gt;&gt; SigStat.Common.PipelineItems.Transforms.Preprocessing.Scale::get_InputFeature()</Name>
              <FileRef uid="102" />
              <SequencePoints>
                <SequencePoint vc="0" uspid="3020" ordinal="0" offset="0" sl="21" sc="63" el="21" ec="67" />
              </SequencePoints>
              <BranchPoints />
              <MethodPoint xsi:type="SequencePoint" vc="0" uspid="3020" ordinal="0" offset="0" sl="21" sc="63" el="21" ec="67" />
            </Method>
            <Method visited="false" cyclomaticComplexity="1" sequenceCoverage="0" branchCoverage="0" isConstructor="false" isStatic="false" isGetter="false" isSetter="true">
              <Summary numSequencePoints="1" visitedSequencePoints="0" numBranchPoints="1" visitedBranchPoints="0" sequenceCoverage="0" branchCoverage="0" maxCyclomaticComplexity="1" minCyclomaticComplexity="1" />
              <MetadataToken>100663815</MetadataToken>
              <Name>System.Void SigStat.Common.PipelineItems.Transforms.Preprocessing.Scale::set_InputFeature(SigStat.Common.FeatureDescriptor`1&lt;System.Collections.Generic.List`1&lt;System.Double&gt;&gt;)</Name>
              <FileRef uid="102" />
              <SequencePoints>
                <SequencePoint vc="0" uspid="3021" ordinal="0" offset="0" sl="21" sc="68" el="21" ec="72" />
              </SequencePoints>
              <BranchPoints />
              <MethodPoint xsi:type="SequencePoint" vc="0" uspid="3021" ordinal="0" offset="0" sl="21" sc="68" el="21" ec="72" />
            </Method>
            <Method visited="false" cyclomaticComplexity="1" sequenceCoverage="0" branchCoverage="0" isConstructor="false" isStatic="false" isGetter="true" isSetter="false">
              <Summary numSequencePoints="1" visitedSequencePoints="0" numBranchPoints="1" visitedBranchPoints="0" sequenceCoverage="0" branchCoverage="0" maxCyclomaticComplexity="1" minCyclomaticComplexity="1" />
              <MetadataToken>100663816</MetadataToken>
              <Name>System.Double SigStat.Common.PipelineItems.Transforms.Preprocessing.Scale::get_NewMinValue()</Name>
              <FileRef uid="102" />
              <SequencePoints>
                <SequencePoint vc="0" uspid="3022" ordinal="0" offset="0" sl="26" sc="37" el="26" ec="41" />
              </SequencePoints>
              <BranchPoints />
              <MethodPoint xsi:type="SequencePoint" vc="0" uspid="3022" ordinal="0" offset="0" sl="26" sc="37" el="26" ec="41" />
            </Method>
            <Method visited="false" cyclomaticComplexity="1" sequenceCoverage="0" branchCoverage="0" isConstructor="false" isStatic="false" isGetter="false" isSetter="true">
              <Summary numSequencePoints="1" visitedSequencePoints="0" numBranchPoints="1" visitedBranchPoints="0" sequenceCoverage="0" branchCoverage="0" maxCyclomaticComplexity="1" minCyclomaticComplexity="1" />
              <MetadataToken>100663817</MetadataToken>
              <Name>System.Void SigStat.Common.PipelineItems.Transforms.Preprocessing.Scale::set_NewMinValue(System.Double)</Name>
              <FileRef uid="102" />
              <SequencePoints>
                <SequencePoint vc="0" uspid="3023" ordinal="0" offset="0" sl="26" sc="42" el="26" ec="46" />
              </SequencePoints>
              <BranchPoints />
              <MethodPoint xsi:type="SequencePoint" vc="0" uspid="3023" ordinal="0" offset="0" sl="26" sc="42" el="26" ec="46" />
            </Method>
            <Method visited="false" cyclomaticComplexity="1" sequenceCoverage="0" branchCoverage="0" isConstructor="false" isStatic="false" isGetter="true" isSetter="false">
              <Summary numSequencePoints="1" visitedSequencePoints="0" numBranchPoints="1" visitedBranchPoints="0" sequenceCoverage="0" branchCoverage="0" maxCyclomaticComplexity="1" minCyclomaticComplexity="1" />
              <MetadataToken>100663818</MetadataToken>
              <Name>System.Double SigStat.Common.PipelineItems.Transforms.Preprocessing.Scale::get_NewMaxValue()</Name>
              <FileRef uid="102" />
              <SequencePoints>
                <SequencePoint vc="0" uspid="3024" ordinal="0" offset="0" sl="31" sc="37" el="31" ec="41" />
              </SequencePoints>
              <BranchPoints />
              <MethodPoint xsi:type="SequencePoint" vc="0" uspid="3024" ordinal="0" offset="0" sl="31" sc="37" el="31" ec="41" />
            </Method>
            <Method visited="false" cyclomaticComplexity="1" sequenceCoverage="0" branchCoverage="0" isConstructor="false" isStatic="false" isGetter="false" isSetter="true">
              <Summary numSequencePoints="1" visitedSequencePoints="0" numBranchPoints="1" visitedBranchPoints="0" sequenceCoverage="0" branchCoverage="0" maxCyclomaticComplexity="1" minCyclomaticComplexity="1" />
              <MetadataToken>100663819</MetadataToken>
              <Name>System.Void SigStat.Common.PipelineItems.Transforms.Preprocessing.Scale::set_NewMaxValue(System.Double)</Name>
              <FileRef uid="102" />
              <SequencePoints>
                <SequencePoint vc="0" uspid="3025" ordinal="0" offset="0" sl="31" sc="42" el="31" ec="46" />
              </SequencePoints>
              <BranchPoints />
              <MethodPoint xsi:type="SequencePoint" vc="0" uspid="3025" ordinal="0" offset="0" sl="31" sc="42" el="31" ec="46" />
            </Method>
            <Method visited="false" cyclomaticComplexity="1" sequenceCoverage="0" branchCoverage="0" isConstructor="false" isStatic="false" isGetter="true" isSetter="false">
              <Summary numSequencePoints="1" visitedSequencePoints="0" numBranchPoints="1" visitedBranchPoints="0" sequenceCoverage="0" branchCoverage="0" maxCyclomaticComplexity="1" minCyclomaticComplexity="1" />
              <MetadataToken>100663820</MetadataToken>
              <Name>SigStat.Common.FeatureDescriptor`1&lt;System.Collections.Generic.List`1&lt;System.Double&gt;&gt; SigStat.Common.PipelineItems.Transforms.Preprocessing.Scale::get_OutputFeature()</Name>
              <FileRef uid="102" />
              <SequencePoints>
                <SequencePoint vc="0" uspid="3026" ordinal="0" offset="0" sl="34" sc="64" el="34" ec="68" />
              </SequencePoints>
              <BranchPoints />
              <MethodPoint xsi:type="SequencePoint" vc="0" uspid="3026" ordinal="0" offset="0" sl="34" sc="64" el="34" ec="68" />
            </Method>
            <Method visited="false" cyclomaticComplexity="1" sequenceCoverage="0" branchCoverage="0" isConstructor="false" isStatic="false" isGetter="false" isSetter="true">
              <Summary numSequencePoints="1" visitedSequencePoints="0" numBranchPoints="1" visitedBranchPoints="0" sequenceCoverage="0" branchCoverage="0" maxCyclomaticComplexity="1" minCyclomaticComplexity="1" />
              <MetadataToken>100663821</MetadataToken>
              <Name>System.Void SigStat.Common.PipelineItems.Transforms.Preprocessing.Scale::set_OutputFeature(SigStat.Common.FeatureDescriptor`1&lt;System.Collections.Generic.List`1&lt;System.Double&gt;&gt;)</Name>
              <FileRef uid="102" />
              <SequencePoints>
                <SequencePoint vc="0" uspid="3027" ordinal="0" offset="0" sl="34" sc="69" el="34" ec="73" />
              </SequencePoints>
              <BranchPoints />
              <MethodPoint xsi:type="SequencePoint" vc="0" uspid="3027" ordinal="0" offset="0" sl="34" sc="69" el="34" ec="73" />
            </Method>
            <Method visited="false" cyclomaticComplexity="4" sequenceCoverage="0" branchCoverage="0" isConstructor="false" isStatic="false" isGetter="false" isSetter="false">
              <Summary numSequencePoints="11" visitedSequencePoints="0" numBranchPoints="7" visitedBranchPoints="0" sequenceCoverage="0" branchCoverage="0" maxCyclomaticComplexity="4" minCyclomaticComplexity="4" />
              <MetadataToken>100663822</MetadataToken>
              <Name>System.Void SigStat.Common.PipelineItems.Transforms.Preprocessing.Scale::Transform(SigStat.Common.Signature)</Name>
              <FileRef uid="102" />
              <SequencePoints>
                <SequencePoint vc="0" uspid="3028" ordinal="0" offset="0" sl="40" sc="13" el="40" ec="63" />
                <SequencePoint vc="0" uspid="3029" ordinal="1" offset="16" sl="41" sc="17" el="41" ec="85" />
                <SequencePoint vc="0" uspid="3030" ordinal="2" offset="27" sl="43" sc="13" el="43" ec="111" />
                <SequencePoint vc="0" uspid="3031" ordinal="3" offset="50" sl="46" sc="13" el="46" ec="44" />
                <SequencePoint vc="0" uspid="3032" ordinal="4" offset="57" sl="47" sc="13" el="47" ec="44" />
                <SequencePoint vc="0" uspid="3033" ordinal="5" offset="64" sl="50" sc="18" el="50" ec="27" />
                <SequencePoint vc="0" uspid="3034" ordinal="6" offset="68" sl="52" sc="17" el="53" ec="109" />
                <SequencePoint vc="0" uspid="3035" ordinal="7" offset="109" sl="50" sc="47" el="50" ec="50" />
                <SequencePoint vc="0" uspid="3036" ordinal="8" offset="113" sl="50" sc="29" el="50" ec="45" />
                <SequencePoint vc="0" uspid="3037" ordinal="9" offset="122" sl="57" sc="13" el="57" ec="57" />
                <SequencePoint vc="0" uspid="3038" ordinal="10" offset="135" sl="58" sc="9" el="58" ec="10" />
              </SequencePoints>
              <BranchPoints>
                <BranchPoint vc="0" uspid="3039" ordinal="0" offset="6" path="0" />
                <BranchPoint vc="0" uspid="3040" ordinal="1" offset="6" path="1" />
                <BranchPoint vc="0" uspid="3041" ordinal="2" offset="14" path="0" />
                <BranchPoint vc="0" uspid="3042" ordinal="3" offset="14" path="1" />
                <BranchPoint vc="0" uspid="3043" ordinal="4" offset="120" path="0" />
                <BranchPoint vc="0" uspid="3044" ordinal="5" offset="120" path="1" />
              </BranchPoints>
              <MethodPoint xsi:type="SequencePoint" vc="0" uspid="3028" ordinal="0" offset="0" sl="40" sc="13" el="40" ec="63" />
            </Method>
            <Method visited="false" cyclomaticComplexity="1" sequenceCoverage="0" branchCoverage="0" isConstructor="true" isStatic="false" isGetter="false" isSetter="false">
              <Summary numSequencePoints="1" visitedSequencePoints="0" numBranchPoints="1" visitedBranchPoints="0" sequenceCoverage="0" branchCoverage="0" maxCyclomaticComplexity="1" minCyclomaticComplexity="1" />
              <MetadataToken>100663823</MetadataToken>
              <Name>System.Void SigStat.Common.PipelineItems.Transforms.Preprocessing.Scale::.ctor()</Name>
              <FileRef uid="102" />
              <SequencePoints>
                <SequencePoint vc="0" uspid="3045" ordinal="0" offset="0" sl="31" sc="51" el="31" ec="52" />
              </SequencePoints>
              <BranchPoints />
              <MethodPoint xsi:type="SequencePoint" vc="0" uspid="3045" ordinal="0" offset="0" sl="31" sc="51" el="31" ec="52" />
            </Method>
          </Methods>
        </Class>
        <Class>
          <Summary numSequencePoints="58" visitedSequencePoints="0" numBranchPoints="32" visitedBranchPoints="0" sequenceCoverage="0" branchCoverage="0" maxCyclomaticComplexity="7" minCyclomaticComplexity="1" />
          <FullName>SigStat.Common.PipelineItems.Transforms.Preprocessing.TranslatePreproc</FullName>
          <Methods>
            <Method visited="false" cyclomaticComplexity="1" sequenceCoverage="0" branchCoverage="0" isConstructor="false" isStatic="false" isGetter="true" isSetter="false">
              <Summary numSequencePoints="1" visitedSequencePoints="0" numBranchPoints="1" visitedBranchPoints="0" sequenceCoverage="0" branchCoverage="0" maxCyclomaticComplexity="1" minCyclomaticComplexity="1" />
              <MetadataToken>100663824</MetadataToken>
              <Name>SigStat.Common.FeatureDescriptor`1&lt;System.Collections.Generic.List`1&lt;System.Double&gt;&gt; SigStat.Common.PipelineItems.Transforms.Preprocessing.TranslatePreproc::get_InputFeature()</Name>
              <FileRef uid="103" />
              <SequencePoints>
                <SequencePoint vc="0" uspid="3046" ordinal="0" offset="0" sl="22" sc="63" el="22" ec="67" />
              </SequencePoints>
              <BranchPoints />
              <MethodPoint xsi:type="SequencePoint" vc="0" uspid="3046" ordinal="0" offset="0" sl="22" sc="63" el="22" ec="67" />
            </Method>
            <Method visited="false" cyclomaticComplexity="1" sequenceCoverage="0" branchCoverage="0" isConstructor="false" isStatic="false" isGetter="false" isSetter="true">
              <Summary numSequencePoints="1" visitedSequencePoints="0" numBranchPoints="1" visitedBranchPoints="0" sequenceCoverage="0" branchCoverage="0" maxCyclomaticComplexity="1" minCyclomaticComplexity="1" />
              <MetadataToken>100663825</MetadataToken>
              <Name>System.Void SigStat.Common.PipelineItems.Transforms.Preprocessing.TranslatePreproc::set_InputFeature(SigStat.Common.FeatureDescriptor`1&lt;System.Collections.Generic.List`1&lt;System.Double&gt;&gt;)</Name>
              <FileRef uid="103" />
              <SequencePoints>
                <SequencePoint vc="0" uspid="3047" ordinal="0" offset="0" sl="22" sc="68" el="22" ec="72" />
              </SequencePoints>
              <BranchPoints />
              <MethodPoint xsi:type="SequencePoint" vc="0" uspid="3047" ordinal="0" offset="0" sl="22" sc="68" el="22" ec="72" />
            </Method>
            <Method visited="false" cyclomaticComplexity="1" sequenceCoverage="0" branchCoverage="0" isConstructor="false" isStatic="false" isGetter="true" isSetter="false">
              <Summary numSequencePoints="1" visitedSequencePoints="0" numBranchPoints="1" visitedBranchPoints="0" sequenceCoverage="0" branchCoverage="0" maxCyclomaticComplexity="1" minCyclomaticComplexity="1" />
              <MetadataToken>100663826</MetadataToken>
              <Name>SigStat.Common.FeatureDescriptor`1&lt;System.Collections.Generic.List`1&lt;System.Double&gt;&gt; SigStat.Common.PipelineItems.Transforms.Preprocessing.TranslatePreproc::get_OutputFeature()</Name>
              <FileRef uid="103" />
              <SequencePoints>
                <SequencePoint vc="0" uspid="3048" ordinal="0" offset="0" sl="25" sc="64" el="25" ec="68" />
              </SequencePoints>
              <BranchPoints />
              <MethodPoint xsi:type="SequencePoint" vc="0" uspid="3048" ordinal="0" offset="0" sl="25" sc="64" el="25" ec="68" />
            </Method>
            <Method visited="false" cyclomaticComplexity="1" sequenceCoverage="0" branchCoverage="0" isConstructor="false" isStatic="false" isGetter="false" isSetter="true">
              <Summary numSequencePoints="1" visitedSequencePoints="0" numBranchPoints="1" visitedBranchPoints="0" sequenceCoverage="0" branchCoverage="0" maxCyclomaticComplexity="1" minCyclomaticComplexity="1" />
              <MetadataToken>100663827</MetadataToken>
              <Name>System.Void SigStat.Common.PipelineItems.Transforms.Preprocessing.TranslatePreproc::set_OutputFeature(SigStat.Common.FeatureDescriptor`1&lt;System.Collections.Generic.List`1&lt;System.Double&gt;&gt;)</Name>
              <FileRef uid="103" />
              <SequencePoints>
                <SequencePoint vc="0" uspid="3049" ordinal="0" offset="0" sl="25" sc="69" el="25" ec="73" />
              </SequencePoints>
              <BranchPoints />
              <MethodPoint xsi:type="SequencePoint" vc="0" uspid="3049" ordinal="0" offset="0" sl="25" sc="69" el="25" ec="73" />
            </Method>
            <Method visited="false" cyclomaticComplexity="1" sequenceCoverage="0" branchCoverage="0" isConstructor="false" isStatic="false" isGetter="true" isSetter="false">
              <Summary numSequencePoints="1" visitedSequencePoints="0" numBranchPoints="1" visitedBranchPoints="0" sequenceCoverage="0" branchCoverage="0" maxCyclomaticComplexity="1" minCyclomaticComplexity="1" />
              <MetadataToken>100663828</MetadataToken>
              <Name>SigStat.Common.PipelineItems.Transforms.Preprocessing.OriginType SigStat.Common.PipelineItems.Transforms.Preprocessing.TranslatePreproc::get_GoalOrigin()</Name>
              <FileRef uid="103" />
              <SequencePoints>
                <SequencePoint vc="0" uspid="3050" ordinal="0" offset="0" sl="28" sc="40" el="28" ec="44" />
              </SequencePoints>
              <BranchPoints />
              <MethodPoint xsi:type="SequencePoint" vc="0" uspid="3050" ordinal="0" offset="0" sl="28" sc="40" el="28" ec="44" />
            </Method>
            <Method visited="false" cyclomaticComplexity="1" sequenceCoverage="0" branchCoverage="0" isConstructor="false" isStatic="false" isGetter="false" isSetter="true">
              <Summary numSequencePoints="1" visitedSequencePoints="0" numBranchPoints="1" visitedBranchPoints="0" sequenceCoverage="0" branchCoverage="0" maxCyclomaticComplexity="1" minCyclomaticComplexity="1" />
              <MetadataToken>100663829</MetadataToken>
              <Name>System.Void SigStat.Common.PipelineItems.Transforms.Preprocessing.TranslatePreproc::set_GoalOrigin(SigStat.Common.PipelineItems.Transforms.Preprocessing.OriginType)</Name>
              <FileRef uid="103" />
              <SequencePoints>
                <SequencePoint vc="0" uspid="3051" ordinal="0" offset="0" sl="28" sc="45" el="28" ec="49" />
              </SequencePoints>
              <BranchPoints />
              <MethodPoint xsi:type="SequencePoint" vc="0" uspid="3051" ordinal="0" offset="0" sl="28" sc="45" el="28" ec="49" />
            </Method>
            <Method visited="false" cyclomaticComplexity="1" sequenceCoverage="0" branchCoverage="0" isConstructor="false" isStatic="false" isGetter="true" isSetter="false">
              <Summary numSequencePoints="1" visitedSequencePoints="0" numBranchPoints="1" visitedBranchPoints="0" sequenceCoverage="0" branchCoverage="0" maxCyclomaticComplexity="1" minCyclomaticComplexity="1" />
              <MetadataToken>100663830</MetadataToken>
              <Name>System.Double SigStat.Common.PipelineItems.Transforms.Preprocessing.TranslatePreproc::get_NewOrigin()</Name>
              <FileRef uid="103" />
              <SequencePoints>
                <SequencePoint vc="0" uspid="3052" ordinal="0" offset="0" sl="33" sc="20" el="33" ec="30" />
              </SequencePoints>
              <BranchPoints />
              <MethodPoint xsi:type="SequencePoint" vc="0" uspid="3052" ordinal="0" offset="0" sl="33" sc="20" el="33" ec="30" />
            </Method>
            <Method visited="false" cyclomaticComplexity="1" sequenceCoverage="0" branchCoverage="0" isConstructor="false" isStatic="false" isGetter="false" isSetter="true">
              <Summary numSequencePoints="3" visitedSequencePoints="0" numBranchPoints="1" visitedBranchPoints="0" sequenceCoverage="0" branchCoverage="0" maxCyclomaticComplexity="1" minCyclomaticComplexity="1" />
              <MetadataToken>100663831</MetadataToken>
              <Name>System.Void SigStat.Common.PipelineItems.Transforms.Preprocessing.TranslatePreproc::set_NewOrigin(System.Double)</Name>
              <FileRef uid="103" />
              <SequencePoints>
                <SequencePoint vc="0" uspid="3053" ordinal="0" offset="0" sl="36" sc="17" el="36" ec="36" />
                <SequencePoint vc="0" uspid="3054" ordinal="1" offset="7" sl="37" sc="17" el="37" ec="52" />
                <SequencePoint vc="0" uspid="3055" ordinal="2" offset="14" sl="38" sc="13" el="38" ec="14" />
              </SequencePoints>
              <BranchPoints />
              <MethodPoint xsi:type="SequencePoint" vc="0" uspid="3053" ordinal="0" offset="0" sl="36" sc="17" el="36" ec="36" />
            </Method>
            <Method visited="false" cyclomaticComplexity="1" sequenceCoverage="0" branchCoverage="0" isConstructor="true" isStatic="false" isGetter="false" isSetter="false">
              <Summary numSequencePoints="3" visitedSequencePoints="0" numBranchPoints="1" visitedBranchPoints="0" sequenceCoverage="0" branchCoverage="0" maxCyclomaticComplexity="1" minCyclomaticComplexity="1" />
              <MetadataToken>100663832</MetadataToken>
              <Name>System.Void SigStat.Common.PipelineItems.Transforms.Preprocessing.TranslatePreproc::.ctor()</Name>
              <FileRef uid="103" />
              <SequencePoints>
                <SequencePoint vc="0" uspid="3056" ordinal="0" offset="0" sl="28" sc="54" el="28" ec="75" />
                <SequencePoint vc="0" uspid="3057" ordinal="1" offset="7" sl="41" sc="9" el="41" ec="34" />
                <SequencePoint vc="0" uspid="3058" ordinal="2" offset="13" sl="41" sc="37" el="41" ec="38" />
              </SequencePoints>
              <BranchPoints />
              <MethodPoint xsi:type="SequencePoint" vc="0" uspid="3056" ordinal="0" offset="0" sl="28" sc="54" el="28" ec="75" />
            </Method>
            <Method visited="false" cyclomaticComplexity="1" sequenceCoverage="0" branchCoverage="0" isConstructor="true" isStatic="false" isGetter="false" isSetter="false">
              <Summary numSequencePoints="4" visitedSequencePoints="0" numBranchPoints="1" visitedBranchPoints="0" sequenceCoverage="0" branchCoverage="0" maxCyclomaticComplexity="1" minCyclomaticComplexity="1" />
              <MetadataToken>100663833</MetadataToken>
              <Name>System.Void SigStat.Common.PipelineItems.Transforms.Preprocessing.TranslatePreproc::.ctor(SigStat.Common.PipelineItems.Transforms.Preprocessing.OriginType)</Name>
              <FileRef uid="103" />
              <SequencePoints>
                <SequencePoint vc="0" uspid="3059" ordinal="0" offset="0" sl="28" sc="54" el="28" ec="75" />
                <SequencePoint vc="0" uspid="3060" ordinal="1" offset="7" sl="43" sc="9" el="43" ec="55" />
                <SequencePoint vc="0" uspid="3061" ordinal="2" offset="13" sl="45" sc="13" el="45" ec="37" />
                <SequencePoint vc="0" uspid="3062" ordinal="3" offset="20" sl="46" sc="9" el="46" ec="10" />
              </SequencePoints>
              <BranchPoints />
              <MethodPoint xsi:type="SequencePoint" vc="0" uspid="3059" ordinal="0" offset="0" sl="28" sc="54" el="28" ec="75" />
            </Method>
            <Method visited="false" cyclomaticComplexity="1" sequenceCoverage="0" branchCoverage="0" isConstructor="true" isStatic="false" isGetter="false" isSetter="false">
              <Summary numSequencePoints="5" visitedSequencePoints="0" numBranchPoints="1" visitedBranchPoints="0" sequenceCoverage="0" branchCoverage="0" maxCyclomaticComplexity="1" minCyclomaticComplexity="1" />
              <MetadataToken>100663834</MetadataToken>
              <Name>System.Void SigStat.Common.PipelineItems.Transforms.Preprocessing.TranslatePreproc::.ctor(System.Double)</Name>
              <FileRef uid="103" />
              <SequencePoints>
                <SequencePoint vc="0" uspid="3063" ordinal="0" offset="0" sl="28" sc="54" el="28" ec="75" />
                <SequencePoint vc="0" uspid="3064" ordinal="1" offset="7" sl="48" sc="9" el="48" ec="50" />
                <SequencePoint vc="0" uspid="3065" ordinal="2" offset="13" sl="50" sc="13" el="50" ec="35" />
                <SequencePoint vc="0" uspid="3066" ordinal="3" offset="20" sl="51" sc="13" el="51" ec="48" />
                <SequencePoint vc="0" uspid="3067" ordinal="4" offset="27" sl="52" sc="9" el="52" ec="10" />
              </SequencePoints>
              <BranchPoints />
              <MethodPoint xsi:type="SequencePoint" vc="0" uspid="3063" ordinal="0" offset="0" sl="28" sc="54" el="28" ec="75" />
            </Method>
            <Method visited="false" cyclomaticComplexity="7" sequenceCoverage="0" branchCoverage="0" isConstructor="false" isStatic="false" isGetter="false" isSetter="false">
              <Summary numSequencePoints="11" visitedSequencePoints="0" numBranchPoints="10" visitedBranchPoints="0" sequenceCoverage="0" branchCoverage="0" maxCyclomaticComplexity="7" minCyclomaticComplexity="7" />
              <MetadataToken>100663835</MetadataToken>
              <Name>System.Void SigStat.Common.PipelineItems.Transforms.Preprocessing.TranslatePreproc::Transform(SigStat.Common.Signature)</Name>
              <FileRef uid="103" />
              <SequencePoints>
                <SequencePoint vc="0" uspid="3068" ordinal="0" offset="0" sl="57" sc="13" el="57" ec="63" />
                <SequencePoint vc="0" uspid="3069" ordinal="1" offset="16" sl="58" sc="17" el="58" ec="85" />
                <SequencePoint vc="0" uspid="3070" ordinal="2" offset="27" sl="60" sc="13" el="60" ec="32" />
                <SequencePoint vc="0" uspid="3071" ordinal="3" offset="57" sl="63" sc="21" el="63" ec="45" />
                <SequencePoint vc="0" uspid="3072" ordinal="4" offset="64" sl="64" sc="21" el="64" ec="27" />
                <SequencePoint vc="0" uspid="3073" ordinal="5" offset="65" sl="66" sc="21" el="66" ec="56" />
                <SequencePoint vc="0" uspid="3074" ordinal="6" offset="73" sl="67" sc="21" el="67" ec="27" />
                <SequencePoint vc="0" uspid="3075" ordinal="7" offset="74" sl="69" sc="21" el="69" ec="55" />
                <SequencePoint vc="0" uspid="3076" ordinal="8" offset="82" sl="70" sc="21" el="70" ec="27" />
                <SequencePoint vc="0" uspid="3077" ordinal="9" offset="83" sl="72" sc="21" el="72" ec="71" />
                <SequencePoint vc="0" uspid="3078" ordinal="10" offset="96" sl="77" sc="9" el="77" ec="10" />
              </SequencePoints>
              <BranchPoints>
                <BranchPoint vc="0" uspid="3079" ordinal="0" offset="6" path="0" />
                <BranchPoint vc="0" uspid="3080" ordinal="1" offset="6" path="1" />
                <BranchPoint vc="0" uspid="3081" ordinal="2" offset="14" path="0" />
                <BranchPoint vc="0" uspid="3082" ordinal="3" offset="14" path="1" />
                <BranchPoint vc="0" uspid="3083" ordinal="4" offset="35" path="0" />
                <BranchPoint vc="0" uspid="3084" ordinal="5" offset="35" path="1" />
                <BranchPoint vc="0" uspid="3085" ordinal="6" offset="35" path="2" />
                <BranchPoint vc="0" uspid="3086" ordinal="7" offset="35" path="3" />
                <BranchPoint vc="0" uspid="3087" ordinal="8" offset="35" path="4" />
              </BranchPoints>
              <MethodPoint xsi:type="SequencePoint" vc="0" uspid="3068" ordinal="0" offset="0" sl="57" sc="13" el="57" ec="63" />
            </Method>
            <Method visited="false" cyclomaticComplexity="2" sequenceCoverage="0" branchCoverage="0" isConstructor="false" isStatic="false" isGetter="false" isSetter="false">
              <Summary numSequencePoints="9" visitedSequencePoints="0" numBranchPoints="3" visitedBranchPoints="0" sequenceCoverage="0" branchCoverage="0" maxCyclomaticComplexity="2" minCyclomaticComplexity="2" />
              <MetadataToken>100663836</MetadataToken>
              <Name>System.Void SigStat.Common.PipelineItems.Transforms.Preprocessing.TranslatePreproc::COGTransform(SigStat.Common.Signature)</Name>
              <FileRef uid="103" />
              <SequencePoints>
                <SequencePoint vc="0" uspid="3088" ordinal="0" offset="0" sl="81" sc="13" el="81" ec="83" />
                <SequencePoint vc="0" uspid="3089" ordinal="1" offset="18" sl="82" sc="13" el="82" ec="50" />
                <SequencePoint vc="0" uspid="3090" ordinal="2" offset="25" sl="83" sc="13" el="83" ec="30" />
                <SequencePoint vc="0" uspid="3091" ordinal="3" offset="32" sl="85" sc="18" el="85" ec="27" />
                <SequencePoint vc="0" uspid="3092" ordinal="4" offset="36" sl="87" sc="17" el="87" ec="65" />
                <SequencePoint vc="0" uspid="3093" ordinal="5" offset="52" sl="85" sc="57" el="85" ec="60" />
                <SequencePoint vc="0" uspid="3094" ordinal="6" offset="56" sl="85" sc="29" el="85" ec="55" />
                <SequencePoint vc="0" uspid="3095" ordinal="7" offset="65" sl="90" sc="13" el="90" ec="61" />
                <SequencePoint vc="0" uspid="3096" ordinal="8" offset="78" sl="91" sc="9" el="91" ec="10" />
              </SequencePoints>
              <BranchPoints>
                <BranchPoint vc="0" uspid="3097" ordinal="0" offset="63" path="0" />
                <BranchPoint vc="0" uspid="3098" ordinal="1" offset="63" path="1" />
              </BranchPoints>
              <MethodPoint xsi:type="SequencePoint" vc="0" uspid="3088" ordinal="0" offset="0" sl="81" sc="13" el="81" ec="83" />
            </Method>
            <Method visited="false" cyclomaticComplexity="3" sequenceCoverage="0" branchCoverage="0" isConstructor="false" isStatic="false" isGetter="false" isSetter="false">
              <Summary numSequencePoints="9" visitedSequencePoints="0" numBranchPoints="5" visitedBranchPoints="0" sequenceCoverage="0" branchCoverage="0" maxCyclomaticComplexity="3" minCyclomaticComplexity="3" />
              <MetadataToken>100663837</MetadataToken>
              <Name>System.Void SigStat.Common.PipelineItems.Transforms.Preprocessing.TranslatePreproc::ExtremaTransform(SigStat.Common.Signature,System.Boolean)</Name>
              <FileRef uid="103" />
              <SequencePoints>
                <SequencePoint vc="0" uspid="3099" ordinal="0" offset="0" sl="95" sc="13" el="95" ec="83" />
                <SequencePoint vc="0" uspid="3100" ordinal="1" offset="18" sl="97" sc="13" el="97" ec="82" />
                <SequencePoint vc="0" uspid="3101" ordinal="2" offset="36" sl="98" sc="13" el="98" ec="33" />
                <SequencePoint vc="0" uspid="3102" ordinal="3" offset="43" sl="100" sc="18" el="100" ec="27" />
                <SequencePoint vc="0" uspid="3103" ordinal="4" offset="47" sl="102" sc="17" el="102" ec="68" />
                <SequencePoint vc="0" uspid="3104" ordinal="5" offset="63" sl="100" sc="57" el="100" ec="60" />
                <SequencePoint vc="0" uspid="3105" ordinal="6" offset="67" sl="100" sc="29" el="100" ec="55" />
                <SequencePoint vc="0" uspid="3106" ordinal="7" offset="76" sl="105" sc="13" el="105" ec="61" />
                <SequencePoint vc="0" uspid="3107" ordinal="8" offset="89" sl="106" sc="9" el="106" ec="10" />
              </SequencePoints>
              <BranchPoints>
                <BranchPoint vc="0" uspid="3108" ordinal="0" offset="19" path="0" />
                <BranchPoint vc="0" uspid="3109" ordinal="1" offset="19" path="1" />
                <BranchPoint vc="0" uspid="3110" ordinal="2" offset="74" path="0" />
                <BranchPoint vc="0" uspid="3111" ordinal="3" offset="74" path="1" />
              </BranchPoints>
              <MethodPoint xsi:type="SequencePoint" vc="0" uspid="3099" ordinal="0" offset="0" sl="95" sc="13" el="95" ec="83" />
            </Method>
            <Method visited="false" cyclomaticComplexity="2" sequenceCoverage="0" branchCoverage="0" isConstructor="false" isStatic="false" isGetter="false" isSetter="false">
              <Summary numSequencePoints="7" visitedSequencePoints="0" numBranchPoints="3" visitedBranchPoints="0" sequenceCoverage="0" branchCoverage="0" maxCyclomaticComplexity="2" minCyclomaticComplexity="2" />
              <MetadataToken>100663838</MetadataToken>
              <Name>System.Void SigStat.Common.PipelineItems.Transforms.Preprocessing.TranslatePreproc::TranslateToPredefinedOrigin(SigStat.Common.Signature,System.Double)</Name>
              <FileRef uid="103" />
              <SequencePoints>
                <SequencePoint vc="0" uspid="3112" ordinal="0" offset="0" sl="110" sc="13" el="110" ec="83" />
                <SequencePoint vc="0" uspid="3113" ordinal="1" offset="18" sl="112" sc="18" el="112" ec="27" />
                <SequencePoint vc="0" uspid="3114" ordinal="2" offset="22" sl="114" sc="17" el="114" ec="71" />
                <SequencePoint vc="0" uspid="3115" ordinal="3" offset="38" sl="112" sc="57" el="112" ec="60" />
                <SequencePoint vc="0" uspid="3116" ordinal="4" offset="42" sl="112" sc="29" el="112" ec="55" />
                <SequencePoint vc="0" uspid="3117" ordinal="5" offset="51" sl="117" sc="13" el="117" ec="61" />
                <SequencePoint vc="0" uspid="3118" ordinal="6" offset="64" sl="118" sc="9" el="118" ec="10" />
              </SequencePoints>
              <BranchPoints>
                <BranchPoint vc="0" uspid="3119" ordinal="0" offset="49" path="0" />
                <BranchPoint vc="0" uspid="3120" ordinal="1" offset="49" path="1" />
              </BranchPoints>
              <MethodPoint xsi:type="SequencePoint" vc="0" uspid="3112" ordinal="0" offset="0" sl="110" sc="13" el="110" ec="83" />
            </Method>
          </Methods>
        </Class>
        <Class>
          <Summary numSequencePoints="34" visitedSequencePoints="0" numBranchPoints="26" visitedBranchPoints="0" sequenceCoverage="0" branchCoverage="0" maxCyclomaticComplexity="6" minCyclomaticComplexity="1" />
          <FullName>SigStat.Common.PipelineItems.Transforms.Preprocessing.UniformScale</FullName>
          <Methods>
            <Method visited="false" cyclomaticComplexity="1" sequenceCoverage="0" branchCoverage="0" isConstructor="false" isStatic="false" isGetter="true" isSetter="false">
              <Summary numSequencePoints="1" visitedSequencePoints="0" numBranchPoints="1" visitedBranchPoints="0" sequenceCoverage="0" branchCoverage="0" maxCyclomaticComplexity="1" minCyclomaticComplexity="1" />
              <MetadataToken>100663839</MetadataToken>
              <Name>SigStat.Common.FeatureDescriptor`1&lt;System.Collections.Generic.List`1&lt;System.Double&gt;&gt; SigStat.Common.PipelineItems.Transforms.Preprocessing.UniformScale::get_BaseDimension()</Name>
              <FileRef uid="104" />
              <SequencePoints>
                <SequencePoint vc="0" uspid="3121" ordinal="0" offset="0" sl="23" sc="64" el="23" ec="68" />
              </SequencePoints>
              <BranchPoints />
              <MethodPoint xsi:type="SequencePoint" vc="0" uspid="3121" ordinal="0" offset="0" sl="23" sc="64" el="23" ec="68" />
            </Method>
            <Method visited="false" cyclomaticComplexity="1" sequenceCoverage="0" branchCoverage="0" isConstructor="false" isStatic="false" isGetter="false" isSetter="true">
              <Summary numSequencePoints="1" visitedSequencePoints="0" numBranchPoints="1" visitedBranchPoints="0" sequenceCoverage="0" branchCoverage="0" maxCyclomaticComplexity="1" minCyclomaticComplexity="1" />
              <MetadataToken>100663840</MetadataToken>
              <Name>System.Void SigStat.Common.PipelineItems.Transforms.Preprocessing.UniformScale::set_BaseDimension(SigStat.Common.FeatureDescriptor`1&lt;System.Collections.Generic.List`1&lt;System.Double&gt;&gt;)</Name>
              <FileRef uid="104" />
              <SequencePoints>
                <SequencePoint vc="0" uspid="3122" ordinal="0" offset="0" sl="23" sc="69" el="23" ec="73" />
              </SequencePoints>
              <BranchPoints />
              <MethodPoint xsi:type="SequencePoint" vc="0" uspid="3122" ordinal="0" offset="0" sl="23" sc="69" el="23" ec="73" />
            </Method>
            <Method visited="false" cyclomaticComplexity="1" sequenceCoverage="0" branchCoverage="0" isConstructor="false" isStatic="false" isGetter="true" isSetter="false">
              <Summary numSequencePoints="1" visitedSequencePoints="0" numBranchPoints="1" visitedBranchPoints="0" sequenceCoverage="0" branchCoverage="0" maxCyclomaticComplexity="1" minCyclomaticComplexity="1" />
              <MetadataToken>100663841</MetadataToken>
              <Name>SigStat.Common.FeatureDescriptor`1&lt;System.Collections.Generic.List`1&lt;System.Double&gt;&gt; SigStat.Common.PipelineItems.Transforms.Preprocessing.UniformScale::get_ProportionalDimension()</Name>
              <FileRef uid="104" />
              <SequencePoints>
                <SequencePoint vc="0" uspid="3123" ordinal="0" offset="0" sl="27" sc="72" el="27" ec="76" />
              </SequencePoints>
              <BranchPoints />
              <MethodPoint xsi:type="SequencePoint" vc="0" uspid="3123" ordinal="0" offset="0" sl="27" sc="72" el="27" ec="76" />
            </Method>
            <Method visited="false" cyclomaticComplexity="1" sequenceCoverage="0" branchCoverage="0" isConstructor="false" isStatic="false" isGetter="false" isSetter="true">
              <Summary numSequencePoints="1" visitedSequencePoints="0" numBranchPoints="1" visitedBranchPoints="0" sequenceCoverage="0" branchCoverage="0" maxCyclomaticComplexity="1" minCyclomaticComplexity="1" />
              <MetadataToken>100663842</MetadataToken>
              <Name>System.Void SigStat.Common.PipelineItems.Transforms.Preprocessing.UniformScale::set_ProportionalDimension(SigStat.Common.FeatureDescriptor`1&lt;System.Collections.Generic.List`1&lt;System.Double&gt;&gt;)</Name>
              <FileRef uid="104" />
              <SequencePoints>
                <SequencePoint vc="0" uspid="3124" ordinal="0" offset="0" sl="27" sc="77" el="27" ec="81" />
              </SequencePoints>
              <BranchPoints />
              <MethodPoint xsi:type="SequencePoint" vc="0" uspid="3124" ordinal="0" offset="0" sl="27" sc="77" el="27" ec="81" />
            </Method>
            <Method visited="false" cyclomaticComplexity="1" sequenceCoverage="0" branchCoverage="0" isConstructor="false" isStatic="false" isGetter="true" isSetter="false">
              <Summary numSequencePoints="1" visitedSequencePoints="0" numBranchPoints="1" visitedBranchPoints="0" sequenceCoverage="0" branchCoverage="0" maxCyclomaticComplexity="1" minCyclomaticComplexity="1" />
              <MetadataToken>100663843</MetadataToken>
              <Name>System.Double SigStat.Common.PipelineItems.Transforms.Preprocessing.UniformScale::get_NewMinBaseValue()</Name>
              <FileRef uid="104" />
              <SequencePoints>
                <SequencePoint vc="0" uspid="3125" ordinal="0" offset="0" sl="32" sc="41" el="32" ec="45" />
              </SequencePoints>
              <BranchPoints />
              <MethodPoint xsi:type="SequencePoint" vc="0" uspid="3125" ordinal="0" offset="0" sl="32" sc="41" el="32" ec="45" />
            </Method>
            <Method visited="false" cyclomaticComplexity="1" sequenceCoverage="0" branchCoverage="0" isConstructor="false" isStatic="false" isGetter="false" isSetter="true">
              <Summary numSequencePoints="1" visitedSequencePoints="0" numBranchPoints="1" visitedBranchPoints="0" sequenceCoverage="0" branchCoverage="0" maxCyclomaticComplexity="1" minCyclomaticComplexity="1" />
              <MetadataToken>100663844</MetadataToken>
              <Name>System.Void SigStat.Common.PipelineItems.Transforms.Preprocessing.UniformScale::set_NewMinBaseValue(System.Double)</Name>
              <FileRef uid="104" />
              <SequencePoints>
                <SequencePoint vc="0" uspid="3126" ordinal="0" offset="0" sl="32" sc="46" el="32" ec="50" />
              </SequencePoints>
              <BranchPoints />
              <MethodPoint xsi:type="SequencePoint" vc="0" uspid="3126" ordinal="0" offset="0" sl="32" sc="46" el="32" ec="50" />
            </Method>
            <Method visited="false" cyclomaticComplexity="1" sequenceCoverage="0" branchCoverage="0" isConstructor="false" isStatic="false" isGetter="true" isSetter="false">
              <Summary numSequencePoints="1" visitedSequencePoints="0" numBranchPoints="1" visitedBranchPoints="0" sequenceCoverage="0" branchCoverage="0" maxCyclomaticComplexity="1" minCyclomaticComplexity="1" />
              <MetadataToken>100663845</MetadataToken>
              <Name>System.Double SigStat.Common.PipelineItems.Transforms.Preprocessing.UniformScale::get_NewMaxBaseValue()</Name>
              <FileRef uid="104" />
              <SequencePoints>
                <SequencePoint vc="0" uspid="3127" ordinal="0" offset="0" sl="37" sc="41" el="37" ec="45" />
              </SequencePoints>
              <BranchPoints />
              <MethodPoint xsi:type="SequencePoint" vc="0" uspid="3127" ordinal="0" offset="0" sl="37" sc="41" el="37" ec="45" />
            </Method>
            <Method visited="false" cyclomaticComplexity="1" sequenceCoverage="0" branchCoverage="0" isConstructor="false" isStatic="false" isGetter="false" isSetter="true">
              <Summary numSequencePoints="1" visitedSequencePoints="0" numBranchPoints="1" visitedBranchPoints="0" sequenceCoverage="0" branchCoverage="0" maxCyclomaticComplexity="1" minCyclomaticComplexity="1" />
              <MetadataToken>100663846</MetadataToken>
              <Name>System.Void SigStat.Common.PipelineItems.Transforms.Preprocessing.UniformScale::set_NewMaxBaseValue(System.Double)</Name>
              <FileRef uid="104" />
              <SequencePoints>
                <SequencePoint vc="0" uspid="3128" ordinal="0" offset="0" sl="37" sc="46" el="37" ec="50" />
              </SequencePoints>
              <BranchPoints />
              <MethodPoint xsi:type="SequencePoint" vc="0" uspid="3128" ordinal="0" offset="0" sl="37" sc="46" el="37" ec="50" />
            </Method>
            <Method visited="false" cyclomaticComplexity="1" sequenceCoverage="0" branchCoverage="0" isConstructor="false" isStatic="false" isGetter="true" isSetter="false">
              <Summary numSequencePoints="1" visitedSequencePoints="0" numBranchPoints="1" visitedBranchPoints="0" sequenceCoverage="0" branchCoverage="0" maxCyclomaticComplexity="1" minCyclomaticComplexity="1" />
              <MetadataToken>100663847</MetadataToken>
              <Name>System.Double SigStat.Common.PipelineItems.Transforms.Preprocessing.UniformScale::get_NewMinProportionalValue()</Name>
              <FileRef uid="104" />
              <SequencePoints>
                <SequencePoint vc="0" uspid="3129" ordinal="0" offset="0" sl="42" sc="49" el="42" ec="53" />
              </SequencePoints>
              <BranchPoints />
              <MethodPoint xsi:type="SequencePoint" vc="0" uspid="3129" ordinal="0" offset="0" sl="42" sc="49" el="42" ec="53" />
            </Method>
            <Method visited="false" cyclomaticComplexity="1" sequenceCoverage="0" branchCoverage="0" isConstructor="false" isStatic="false" isGetter="false" isSetter="true">
              <Summary numSequencePoints="1" visitedSequencePoints="0" numBranchPoints="1" visitedBranchPoints="0" sequenceCoverage="0" branchCoverage="0" maxCyclomaticComplexity="1" minCyclomaticComplexity="1" />
              <MetadataToken>100663848</MetadataToken>
              <Name>System.Void SigStat.Common.PipelineItems.Transforms.Preprocessing.UniformScale::set_NewMinProportionalValue(System.Double)</Name>
              <FileRef uid="104" />
              <SequencePoints>
                <SequencePoint vc="0" uspid="3130" ordinal="0" offset="0" sl="42" sc="54" el="42" ec="58" />
              </SequencePoints>
              <BranchPoints />
              <MethodPoint xsi:type="SequencePoint" vc="0" uspid="3130" ordinal="0" offset="0" sl="42" sc="54" el="42" ec="58" />
            </Method>
            <Method visited="false" cyclomaticComplexity="1" sequenceCoverage="0" branchCoverage="0" isConstructor="false" isStatic="false" isGetter="true" isSetter="false">
              <Summary numSequencePoints="1" visitedSequencePoints="0" numBranchPoints="1" visitedBranchPoints="0" sequenceCoverage="0" branchCoverage="0" maxCyclomaticComplexity="1" minCyclomaticComplexity="1" />
              <MetadataToken>100663849</MetadataToken>
              <Name>SigStat.Common.FeatureDescriptor`1&lt;System.Collections.Generic.List`1&lt;System.Double&gt;&gt; SigStat.Common.PipelineItems.Transforms.Preprocessing.UniformScale::get_BaseDimensionOutput()</Name>
              <FileRef uid="104" />
              <SequencePoints>
                <SequencePoint vc="0" uspid="3131" ordinal="0" offset="0" sl="45" sc="70" el="45" ec="74" />
              </SequencePoints>
              <BranchPoints />
              <MethodPoint xsi:type="SequencePoint" vc="0" uspid="3131" ordinal="0" offset="0" sl="45" sc="70" el="45" ec="74" />
            </Method>
            <Method visited="false" cyclomaticComplexity="1" sequenceCoverage="0" branchCoverage="0" isConstructor="false" isStatic="false" isGetter="false" isSetter="true">
              <Summary numSequencePoints="1" visitedSequencePoints="0" numBranchPoints="1" visitedBranchPoints="0" sequenceCoverage="0" branchCoverage="0" maxCyclomaticComplexity="1" minCyclomaticComplexity="1" />
              <MetadataToken>100663850</MetadataToken>
              <Name>System.Void SigStat.Common.PipelineItems.Transforms.Preprocessing.UniformScale::set_BaseDimensionOutput(SigStat.Common.FeatureDescriptor`1&lt;System.Collections.Generic.List`1&lt;System.Double&gt;&gt;)</Name>
              <FileRef uid="104" />
              <SequencePoints>
                <SequencePoint vc="0" uspid="3132" ordinal="0" offset="0" sl="45" sc="75" el="45" ec="79" />
              </SequencePoints>
              <BranchPoints />
              <MethodPoint xsi:type="SequencePoint" vc="0" uspid="3132" ordinal="0" offset="0" sl="45" sc="75" el="45" ec="79" />
            </Method>
            <Method visited="false" cyclomaticComplexity="1" sequenceCoverage="0" branchCoverage="0" isConstructor="false" isStatic="false" isGetter="true" isSetter="false">
              <Summary numSequencePoints="1" visitedSequencePoints="0" numBranchPoints="1" visitedBranchPoints="0" sequenceCoverage="0" branchCoverage="0" maxCyclomaticComplexity="1" minCyclomaticComplexity="1" />
              <MetadataToken>100663851</MetadataToken>
              <Name>SigStat.Common.FeatureDescriptor`1&lt;System.Collections.Generic.List`1&lt;System.Double&gt;&gt; SigStat.Common.PipelineItems.Transforms.Preprocessing.UniformScale::get_ProportionalDimensionOutput()</Name>
              <FileRef uid="104" />
              <SequencePoints>
                <SequencePoint vc="0" uspid="3133" ordinal="0" offset="0" sl="48" sc="78" el="48" ec="82" />
              </SequencePoints>
              <BranchPoints />
              <MethodPoint xsi:type="SequencePoint" vc="0" uspid="3133" ordinal="0" offset="0" sl="48" sc="78" el="48" ec="82" />
            </Method>
            <Method visited="false" cyclomaticComplexity="1" sequenceCoverage="0" branchCoverage="0" isConstructor="false" isStatic="false" isGetter="false" isSetter="true">
              <Summary numSequencePoints="1" visitedSequencePoints="0" numBranchPoints="1" visitedBranchPoints="0" sequenceCoverage="0" branchCoverage="0" maxCyclomaticComplexity="1" minCyclomaticComplexity="1" />
              <MetadataToken>100663852</MetadataToken>
              <Name>System.Void SigStat.Common.PipelineItems.Transforms.Preprocessing.UniformScale::set_ProportionalDimensionOutput(SigStat.Common.FeatureDescriptor`1&lt;System.Collections.Generic.List`1&lt;System.Double&gt;&gt;)</Name>
              <FileRef uid="104" />
              <SequencePoints>
                <SequencePoint vc="0" uspid="3134" ordinal="0" offset="0" sl="48" sc="83" el="48" ec="87" />
              </SequencePoints>
              <BranchPoints />
              <MethodPoint xsi:type="SequencePoint" vc="0" uspid="3134" ordinal="0" offset="0" sl="48" sc="83" el="48" ec="87" />
            </Method>
            <Method visited="false" cyclomaticComplexity="6" sequenceCoverage="0" branchCoverage="0" isConstructor="false" isStatic="false" isGetter="false" isSetter="false">
              <Summary numSequencePoints="19" visitedSequencePoints="0" numBranchPoints="11" visitedBranchPoints="0" sequenceCoverage="0" branchCoverage="0" maxCyclomaticComplexity="6" minCyclomaticComplexity="6" />
              <MetadataToken>100663853</MetadataToken>
              <Name>System.Void SigStat.Common.PipelineItems.Transforms.Preprocessing.UniformScale::Transform(SigStat.Common.Signature)</Name>
              <FileRef uid="104" />
              <SequencePoints>
                <SequencePoint vc="0" uspid="3135" ordinal="0" offset="0" sl="53" sc="13" el="53" ec="70" />
                <SequencePoint vc="0" uspid="3136" ordinal="1" offset="16" sl="55" sc="17" el="55" ec="99" />
                <SequencePoint vc="0" uspid="3137" ordinal="2" offset="27" sl="58" sc="13" el="58" ec="86" />
                <SequencePoint vc="0" uspid="3138" ordinal="3" offset="43" sl="60" sc="17" el="60" ec="107" />
                <SequencePoint vc="0" uspid="3139" ordinal="4" offset="54" sl="64" sc="13" el="64" ec="102" />
                <SequencePoint vc="0" uspid="3140" ordinal="5" offset="77" sl="65" sc="13" el="65" ec="110" />
                <SequencePoint vc="0" uspid="3141" ordinal="6" offset="100" sl="68" sc="13" el="68" ec="52" />
                <SequencePoint vc="0" uspid="3142" ordinal="7" offset="107" sl="69" sc="13" el="69" ec="52" />
                <SequencePoint vc="0" uspid="3143" ordinal="8" offset="114" sl="70" sc="13" el="70" ec="52" />
                <SequencePoint vc="0" uspid="3144" ordinal="9" offset="122" sl="71" sc="13" el="71" ec="52" />
                <SequencePoint vc="0" uspid="3145" ordinal="10" offset="130" sl="73" sc="13" el="74" ec="131" />
                <SequencePoint vc="0" uspid="3146" ordinal="11" offset="162" sl="77" sc="18" el="77" ec="27" />
                <SequencePoint vc="0" uspid="3147" ordinal="12" offset="167" sl="79" sc="17" el="80" ec="133" />
                <SequencePoint vc="0" uspid="3148" ordinal="13" offset="210" sl="81" sc="17" el="82" ec="141" />
                <SequencePoint vc="0" uspid="3149" ordinal="14" offset="252" sl="77" sc="51" el="77" ec="54" />
                <SequencePoint vc="0" uspid="3150" ordinal="15" offset="258" sl="77" sc="29" el="77" ec="49" />
                <SequencePoint vc="0" uspid="3151" ordinal="16" offset="268" sl="85" sc="13" el="85" ec="67" />
                <SequencePoint vc="0" uspid="3152" ordinal="17" offset="281" sl="86" sc="13" el="86" ec="75" />
                <SequencePoint vc="0" uspid="3153" ordinal="18" offset="294" sl="87" sc="9" el="87" ec="10" />
              </SequencePoints>
              <BranchPoints>
                <BranchPoint vc="0" uspid="3154" ordinal="0" offset="6" path="0" />
                <BranchPoint vc="0" uspid="3155" ordinal="1" offset="6" path="1" />
                <BranchPoint vc="0" uspid="3156" ordinal="2" offset="14" path="0" />
                <BranchPoint vc="0" uspid="3157" ordinal="3" offset="14" path="1" />
                <BranchPoint vc="0" uspid="3158" ordinal="4" offset="33" path="0" />
                <BranchPoint vc="0" uspid="3159" ordinal="5" offset="33" path="1" />
                <BranchPoint vc="0" uspid="3160" ordinal="6" offset="41" path="0" />
                <BranchPoint vc="0" uspid="3161" ordinal="7" offset="41" path="1" />
                <BranchPoint vc="0" uspid="3162" ordinal="8" offset="266" path="0" />
                <BranchPoint vc="0" uspid="3163" ordinal="9" offset="266" path="1" />
              </BranchPoints>
              <MethodPoint xsi:type="SequencePoint" vc="0" uspid="3135" ordinal="0" offset="0" sl="53" sc="13" el="53" ec="70" />
            </Method>
            <Method visited="false" cyclomaticComplexity="1" sequenceCoverage="0" branchCoverage="0" isConstructor="true" isStatic="false" isGetter="false" isSetter="false">
              <Summary numSequencePoints="1" visitedSequencePoints="0" numBranchPoints="1" visitedBranchPoints="0" sequenceCoverage="0" branchCoverage="0" maxCyclomaticComplexity="1" minCyclomaticComplexity="1" />
              <MetadataToken>100663854</MetadataToken>
              <Name>System.Void SigStat.Common.PipelineItems.Transforms.Preprocessing.UniformScale::.ctor()</Name>
              <FileRef uid="104" />
              <SequencePoints>
                <SequencePoint vc="0" uspid="3164" ordinal="0" offset="0" sl="37" sc="55" el="37" ec="56" />
              </SequencePoints>
              <BranchPoints />
              <MethodPoint xsi:type="SequencePoint" vc="0" uspid="3164" ordinal="0" offset="0" sl="37" sc="55" el="37" ec="56" />
            </Method>
          </Methods>
        </Class>
        <Class>
          <Summary numSequencePoints="2" visitedSequencePoints="0" numBranchPoints="2" visitedBranchPoints="0" sequenceCoverage="0" branchCoverage="0" maxCyclomaticComplexity="1" minCyclomaticComplexity="1" />
          <FullName>SigStat.Common.PipelineItems.Classifiers.DtwSignerModel</FullName>
          <Methods>
            <Method visited="false" cyclomaticComplexity="1" sequenceCoverage="0" branchCoverage="0" isConstructor="false" isStatic="false" isGetter="true" isSetter="false">
              <Summary numSequencePoints="1" visitedSequencePoints="0" numBranchPoints="1" visitedBranchPoints="0" sequenceCoverage="0" branchCoverage="0" maxCyclomaticComplexity="1" minCyclomaticComplexity="1" />
              <MetadataToken>100663855</MetadataToken>
              <Name>System.Collections.Generic.List`1&lt;System.Collections.Generic.KeyValuePair`2&lt;System.String,System.Double[][]&gt;&gt; SigStat.Common.PipelineItems.Classifiers.DtwSignerModel::get_GenuineSignatures()</Name>
              <FileRef uid="105" />
              <SequencePoints>
                <SequencePoint vc="0" uspid="3165" ordinal="0" offset="0" sl="23" sc="75" el="23" ec="79" />
              </SequencePoints>
              <BranchPoints />
              <MethodPoint xsi:type="SequencePoint" vc="0" uspid="3165" ordinal="0" offset="0" sl="23" sc="75" el="23" ec="79" />
            </Method>
            <Method visited="false" cyclomaticComplexity="1" sequenceCoverage="0" branchCoverage="0" isConstructor="false" isStatic="false" isGetter="false" isSetter="true">
              <Summary numSequencePoints="1" visitedSequencePoints="0" numBranchPoints="1" visitedBranchPoints="0" sequenceCoverage="0" branchCoverage="0" maxCyclomaticComplexity="1" minCyclomaticComplexity="1" />
              <MetadataToken>100663856</MetadataToken>
              <Name>System.Void SigStat.Common.PipelineItems.Classifiers.DtwSignerModel::set_GenuineSignatures(System.Collections.Generic.List`1&lt;System.Collections.Generic.KeyValuePair`2&lt;System.String,System.Double[][]&gt;&gt;)</Name>
              <FileRef uid="105" />
              <SequencePoints>
                <SequencePoint vc="0" uspid="3166" ordinal="0" offset="0" sl="23" sc="80" el="23" ec="84" />
              </SequencePoints>
              <BranchPoints />
              <MethodPoint xsi:type="SequencePoint" vc="0" uspid="3166" ordinal="0" offset="0" sl="23" sc="80" el="23" ec="84" />
            </Method>
            <Method visited="false" cyclomaticComplexity="1" sequenceCoverage="0" branchCoverage="0" isConstructor="true" isStatic="false" isGetter="false" isSetter="false">
              <Summary numSequencePoints="0" visitedSequencePoints="0" numBranchPoints="0" visitedBranchPoints="0" sequenceCoverage="0" branchCoverage="0" maxCyclomaticComplexity="1" minCyclomaticComplexity="1" />
              <MetadataToken>100663857</MetadataToken>
              <Name>System.Void SigStat.Common.PipelineItems.Classifiers.DtwSignerModel::.ctor()</Name>
              <SequencePoints />
              <BranchPoints />
              <MethodPoint vc="0" uspid="3167" ordinal="0" offset="0" />
            </Method>
          </Methods>
        </Class>
        <Class>
          <Summary numSequencePoints="38" visitedSequencePoints="0" numBranchPoints="24" visitedBranchPoints="0" sequenceCoverage="0" branchCoverage="0" maxCyclomaticComplexity="8" minCyclomaticComplexity="1" />
          <FullName>SigStat.Common.PipelineItems.Classifiers.DtwClassifier</FullName>
          <Methods>
            <Method visited="false" cyclomaticComplexity="1" sequenceCoverage="0" branchCoverage="0" isConstructor="false" isStatic="false" isGetter="true" isSetter="false">
              <Summary numSequencePoints="1" visitedSequencePoints="0" numBranchPoints="1" visitedBranchPoints="0" sequenceCoverage="0" branchCoverage="0" maxCyclomaticComplexity="1" minCyclomaticComplexity="1" />
              <MetadataToken>100663858</MetadataToken>
              <Name>System.Collections.Generic.List`1&lt;SigStat.Common.FeatureDescriptor&gt; SigStat.Common.PipelineItems.Classifiers.DtwClassifier::get_Features()</Name>
              <FileRef uid="105" />
              <SequencePoints>
                <SequencePoint vc="0" uspid="3168" ordinal="0" offset="0" sl="46" sc="51" el="46" ec="55" />
              </SequencePoints>
              <BranchPoints />
              <MethodPoint xsi:type="SequencePoint" vc="0" uspid="3168" ordinal="0" offset="0" sl="46" sc="51" el="46" ec="55" />
            </Method>
            <Method visited="false" cyclomaticComplexity="1" sequenceCoverage="0" branchCoverage="0" isConstructor="false" isStatic="false" isGetter="false" isSetter="true">
              <Summary numSequencePoints="1" visitedSequencePoints="0" numBranchPoints="1" visitedBranchPoints="0" sequenceCoverage="0" branchCoverage="0" maxCyclomaticComplexity="1" minCyclomaticComplexity="1" />
              <MetadataToken>100663859</MetadataToken>
              <Name>System.Void SigStat.Common.PipelineItems.Classifiers.DtwClassifier::set_Features(System.Collections.Generic.List`1&lt;SigStat.Common.FeatureDescriptor&gt;)</Name>
              <FileRef uid="105" />
              <SequencePoints>
                <SequencePoint vc="0" uspid="3169" ordinal="0" offset="0" sl="46" sc="56" el="46" ec="60" />
              </SequencePoints>
              <BranchPoints />
              <MethodPoint xsi:type="SequencePoint" vc="0" uspid="3169" ordinal="0" offset="0" sl="46" sc="56" el="46" ec="60" />
            </Method>
            <Method visited="false" cyclomaticComplexity="1" sequenceCoverage="0" branchCoverage="0" isConstructor="true" isStatic="false" isGetter="false" isSetter="false">
              <Summary numSequencePoints="2" visitedSequencePoints="0" numBranchPoints="1" visitedBranchPoints="0" sequenceCoverage="0" branchCoverage="0" maxCyclomaticComplexity="1" minCyclomaticComplexity="1" />
              <MetadataToken>100663860</MetadataToken>
              <Name>System.Void SigStat.Common.PipelineItems.Classifiers.DtwClassifier::.ctor()</Name>
              <FileRef uid="105" />
              <SequencePoints>
                <SequencePoint vc="0" uspid="3170" ordinal="0" offset="0" sl="49" sc="34" el="49" ec="70" />
                <SequencePoint vc="0" uspid="3171" ordinal="1" offset="18" sl="51" sc="9" el="51" ec="10" />
              </SequencePoints>
              <BranchPoints />
              <MethodPoint xsi:type="SequencePoint" vc="0" uspid="3170" ordinal="0" offset="0" sl="49" sc="34" el="49" ec="70" />
            </Method>
            <Method visited="false" cyclomaticComplexity="1" sequenceCoverage="0" branchCoverage="0" isConstructor="true" isStatic="false" isGetter="false" isSetter="false">
              <Summary numSequencePoints="4" visitedSequencePoints="0" numBranchPoints="1" visitedBranchPoints="0" sequenceCoverage="0" branchCoverage="0" maxCyclomaticComplexity="1" minCyclomaticComplexity="1" />
              <MetadataToken>100663861</MetadataToken>
              <Name>System.Void SigStat.Common.PipelineItems.Classifiers.DtwClassifier::.ctor(System.Func`3&lt;System.Double[],System.Double[],System.Double&gt;)</Name>
              <FileRef uid="105" />
              <SequencePoints>
                <SequencePoint vc="0" uspid="3172" ordinal="0" offset="0" sl="54" sc="9" el="54" ec="78" />
                <SequencePoint vc="0" uspid="3173" ordinal="1" offset="6" sl="56" sc="13" el="56" ec="50" />
                <SequencePoint vc="0" uspid="3174" ordinal="2" offset="13" sl="57" sc="13" el="57" ec="54" />
                <SequencePoint vc="0" uspid="3175" ordinal="3" offset="24" sl="58" sc="9" el="58" ec="10" />
              </SequencePoints>
              <BranchPoints />
              <MethodPoint xsi:type="SequencePoint" vc="0" uspid="3172" ordinal="0" offset="0" sl="54" sc="9" el="54" ec="78" />
            </Method>
            <Method visited="false" cyclomaticComplexity="8" sequenceCoverage="0" branchCoverage="0" isConstructor="false" isStatic="false" isGetter="false" isSetter="false">
              <Summary numSequencePoints="19" visitedSequencePoints="0" numBranchPoints="15" visitedBranchPoints="0" sequenceCoverage="0" branchCoverage="0" maxCyclomaticComplexity="8" minCyclomaticComplexity="8" />
              <MetadataToken>100663862</MetadataToken>
              <Name>SigStat.Common.Pipeline.ISignerModel SigStat.Common.PipelineItems.Classifiers.DtwClassifier::Train(System.Collections.Generic.List`1&lt;SigStat.Common.Signature&gt;)</Name>
              <FileRef uid="105" />
              <SequencePoints>
                <SequencePoint vc="0" uspid="3176" ordinal="0" offset="13" sl="63" sc="13" el="64" ec="107" />
                <SequencePoint vc="0" uspid="3177" ordinal="1" offset="73" sl="65" sc="13" el="65" ec="78" />
                <SequencePoint vc="0" uspid="3178" ordinal="2" offset="79" sl="66" sc="31" el="66" ec="39" />
                <SequencePoint vc="0" uspid="3179" ordinal="3" offset="92" sl="66" sc="22" el="66" ec="27" />
                <SequencePoint vc="0" uspid="3180" ordinal="4" offset="101" sl="68" sc="35" el="68" ec="43" />
                <SequencePoint vc="0" uspid="3181" ordinal="5" offset="114" sl="68" sc="26" el="68" ec="31" />
                <SequencePoint vc="0" uspid="3182" ordinal="6" offset="123" sl="70" sc="21" el="70" ec="64" />
                <SequencePoint vc="0" uspid="3183" ordinal="7" offset="145" sl="72" sc="25" el="72" ec="81" />
                <SequencePoint vc="0" uspid="3184" ordinal="8" offset="185" sl="73" sc="21" el="73" ec="22" />
                <SequencePoint vc="0" uspid="3185" ordinal="9" offset="187" sl="74" sc="26" el="74" ec="37" />
                <SequencePoint vc="0" uspid="3186" ordinal="10" offset="193" sl="76" sc="25" el="76" ec="56" />
                <SequencePoint vc="0" uspid="3187" ordinal="11" offset="222" sl="77" sc="21" el="77" ec="22" />
                <SequencePoint vc="0" uspid="3188" ordinal="12" offset="224" sl="80" sc="25" el="80" ec="104" />
                <SequencePoint vc="0" uspid="3189" ordinal="13" offset="269" sl="68" sc="32" el="68" ec="34" />
                <SequencePoint vc="0" uspid="3190" ordinal="14" offset="297" sl="66" sc="28" el="66" ec="30" />
                <SequencePoint vc="0" uspid="3191" ordinal="15" offset="325" sl="86" sc="13" el="86" ec="75" />
                <SequencePoint vc="0" uspid="3192" ordinal="16" offset="368" sl="87" sc="13" el="87" ec="44" />
                <SequencePoint vc="0" uspid="3193" ordinal="17" offset="380" sl="88" sc="13" el="88" ec="109" />
                <SequencePoint vc="0" uspid="3194" ordinal="18" offset="418" sl="89" sc="13" el="94" ec="15" />
              </SequencePoints>
              <BranchPoints>
                <BranchPoint vc="0" uspid="3196" ordinal="0" offset="20" path="0" />
                <BranchPoint vc="0" uspid="3197" ordinal="1" offset="20" path="1" />
                <BranchPoint vc="0" uspid="3198" ordinal="2" offset="143" path="0" />
                <BranchPoint vc="0" uspid="3199" ordinal="3" offset="143" path="1" />
                <BranchPoint vc="0" uspid="3200" ordinal="4" offset="191" path="0" />
                <BranchPoint vc="0" uspid="3201" ordinal="5" offset="191" path="1" />
                <BranchPoint vc="0" uspid="3202" ordinal="6" offset="276" path="0" />
                <BranchPoint vc="0" uspid="3203" ordinal="7" offset="276" path="1" />
                <BranchPoint vc="0" uspid="3204" ordinal="8" offset="304" path="0" />
                <BranchPoint vc="0" uspid="3205" ordinal="9" offset="304" path="1" />
                <BranchPoint vc="0" uspid="3206" ordinal="10" offset="337" path="0" />
                <BranchPoint vc="0" uspid="3207" ordinal="11" offset="337" path="1" />
                <BranchPoint vc="0" uspid="3208" ordinal="12" offset="431" path="0" />
                <BranchPoint vc="0" uspid="3209" ordinal="13" offset="431" path="1" />
              </BranchPoints>
              <MethodPoint vc="0" uspid="3195" ordinal="0" offset="0" />
            </Method>
            <Method visited="false" cyclomaticComplexity="3" sequenceCoverage="0" branchCoverage="0" isConstructor="false" isStatic="false" isGetter="false" isSetter="false">
              <Summary numSequencePoints="11" visitedSequencePoints="0" numBranchPoints="5" visitedBranchPoints="0" sequenceCoverage="0" branchCoverage="0" maxCyclomaticComplexity="3" minCyclomaticComplexity="3" />
              <MetadataToken>100663863</MetadataToken>
              <Name>System.Double SigStat.Common.PipelineItems.Classifiers.DtwClassifier::Test(SigStat.Common.Pipeline.ISignerModel,SigStat.Common.Signature)</Name>
              <FileRef uid="105" />
              <SequencePoints>
                <SequencePoint vc="0" uspid="3210" ordinal="0" offset="0" sl="100" sc="13" el="100" ec="50" />
                <SequencePoint vc="0" uspid="3211" ordinal="1" offset="7" sl="101" sc="13" el="101" ec="83" />
                <SequencePoint vc="0" uspid="3212" ordinal="2" offset="25" sl="102" sc="13" el="102" ec="74" />
                <SequencePoint vc="0" uspid="3213" ordinal="3" offset="42" sl="104" sc="18" el="104" ec="27" />
                <SequencePoint vc="0" uspid="3214" ordinal="4" offset="46" sl="106" sc="17" el="106" ec="110" />
                <SequencePoint vc="0" uspid="3215" ordinal="5" offset="82" sl="107" sc="17" el="107" ec="105" />
                <SequencePoint vc="0" uspid="3216" ordinal="6" offset="123" sl="104" sc="67" el="104" ec="70" />
                <SequencePoint vc="0" uspid="3217" ordinal="7" offset="127" sl="104" sc="29" el="104" ec="65" />
                <SequencePoint vc="0" uspid="3218" ordinal="8" offset="141" sl="111" sc="13" el="111" ec="58" />
                <SequencePoint vc="0" uspid="3219" ordinal="9" offset="155" sl="113" sc="17" el="113" ec="26" />
                <SequencePoint vc="0" uspid="3220" ordinal="10" offset="165" sl="117" sc="17" el="117" ec="26" />
              </SequencePoints>
              <BranchPoints>
                <BranchPoint vc="0" uspid="3221" ordinal="0" offset="139" path="0" />
                <BranchPoint vc="0" uspid="3222" ordinal="1" offset="139" path="1" />
                <BranchPoint vc="0" uspid="3223" ordinal="2" offset="153" path="0" />
                <BranchPoint vc="0" uspid="3224" ordinal="3" offset="153" path="1" />
              </BranchPoints>
              <MethodPoint xsi:type="SequencePoint" vc="0" uspid="3210" ordinal="0" offset="0" sl="100" sc="13" el="100" ec="50" />
            </Method>
          </Methods>
        </Class>
        <Class>
          <Summary numSequencePoints="2" visitedSequencePoints="0" numBranchPoints="2" visitedBranchPoints="0" sequenceCoverage="0" branchCoverage="0" maxCyclomaticComplexity="1" minCyclomaticComplexity="1" />
          <FullName>SigStat.Common.PipelineItems.Classifiers.DtwClassifier/&lt;&gt;c__DisplayClass7_0</FullName>
          <Methods>
            <Method visited="false" cyclomaticComplexity="1" sequenceCoverage="0" branchCoverage="0" isConstructor="true" isStatic="false" isGetter="false" isSetter="false">
              <Summary numSequencePoints="0" visitedSequencePoints="0" numBranchPoints="0" visitedBranchPoints="0" sequenceCoverage="0" branchCoverage="0" maxCyclomaticComplexity="1" minCyclomaticComplexity="1" />
              <MetadataToken>100664262</MetadataToken>
              <Name>System.Void SigStat.Common.PipelineItems.Classifiers.DtwClassifier/&lt;&gt;c__DisplayClass7_0::.ctor()</Name>
              <SequencePoints />
              <BranchPoints />
              <MethodPoint vc="0" uspid="3225" ordinal="0" offset="0" />
            </Method>
            <Method visited="false" cyclomaticComplexity="1" sequenceCoverage="0" branchCoverage="0" isConstructor="false" isStatic="false" isGetter="false" isSetter="false">
              <Summary numSequencePoints="1" visitedSequencePoints="0" numBranchPoints="1" visitedBranchPoints="0" sequenceCoverage="0" branchCoverage="0" maxCyclomaticComplexity="1" minCyclomaticComplexity="1" />
              <MetadataToken>100664263</MetadataToken>
              <Name>&lt;&gt;f__AnonymousType2`2&lt;System.String,System.Double[][]&gt; SigStat.Common.PipelineItems.Classifiers.DtwClassifier/&lt;&gt;c__DisplayClass7_0::&lt;Train&gt;b__1(SigStat.Common.Signature)</Name>
              <FileRef uid="105" />
              <SequencePoints>
                <SequencePoint vc="0" uspid="3226" ordinal="0" offset="0" sl="64" sc="30" el="64" ec="96" />
              </SequencePoints>
              <BranchPoints />
              <MethodPoint xsi:type="SequencePoint" vc="0" uspid="3226" ordinal="0" offset="0" sl="64" sc="30" el="64" ec="96" />
            </Method>
            <Method visited="false" cyclomaticComplexity="1" sequenceCoverage="0" branchCoverage="0" isConstructor="false" isStatic="false" isGetter="false" isSetter="false">
              <Summary numSequencePoints="1" visitedSequencePoints="0" numBranchPoints="1" visitedBranchPoints="0" sequenceCoverage="0" branchCoverage="0" maxCyclomaticComplexity="1" minCyclomaticComplexity="1" />
              <MetadataToken>100664264</MetadataToken>
              <Name>System.Double SigStat.Common.PipelineItems.Classifiers.DtwClassifier/&lt;&gt;c__DisplayClass7_0::&lt;Train&gt;b__3(System.Double)</Name>
              <FileRef uid="105" />
              <SequencePoints>
                <SequencePoint vc="0" uspid="3227" ordinal="0" offset="0" sl="88" sc="57" el="88" ec="80" />
              </SequencePoints>
              <BranchPoints />
              <MethodPoint xsi:type="SequencePoint" vc="0" uspid="3227" ordinal="0" offset="0" sl="88" sc="57" el="88" ec="80" />
            </Method>
          </Methods>
        </Class>
        <Class>
          <Summary numSequencePoints="3" visitedSequencePoints="0" numBranchPoints="3" visitedBranchPoints="0" sequenceCoverage="0" branchCoverage="0" maxCyclomaticComplexity="1" minCyclomaticComplexity="1" />
          <FullName>SigStat.Common.PipelineItems.Classifiers.DtwClassifier/&lt;&gt;c</FullName>
          <Methods>
            <Method visited="false" cyclomaticComplexity="1" sequenceCoverage="0" branchCoverage="0" isConstructor="true" isStatic="true" isGetter="false" isSetter="false">
              <Summary numSequencePoints="0" visitedSequencePoints="0" numBranchPoints="0" visitedBranchPoints="0" sequenceCoverage="0" branchCoverage="0" maxCyclomaticComplexity="1" minCyclomaticComplexity="1" />
              <MetadataToken>100664265</MetadataToken>
              <Name>System.Void SigStat.Common.PipelineItems.Classifiers.DtwClassifier/&lt;&gt;c::.cctor()</Name>
              <SequencePoints />
              <BranchPoints />
              <MethodPoint vc="0" uspid="3228" ordinal="0" offset="0" />
            </Method>
            <Method visited="false" cyclomaticComplexity="1" sequenceCoverage="0" branchCoverage="0" isConstructor="true" isStatic="false" isGetter="false" isSetter="false">
              <Summary numSequencePoints="0" visitedSequencePoints="0" numBranchPoints="0" visitedBranchPoints="0" sequenceCoverage="0" branchCoverage="0" maxCyclomaticComplexity="1" minCyclomaticComplexity="1" />
              <MetadataToken>100664266</MetadataToken>
              <Name>System.Void SigStat.Common.PipelineItems.Classifiers.DtwClassifier/&lt;&gt;c::.ctor()</Name>
              <SequencePoints />
              <BranchPoints />
              <MethodPoint vc="0" uspid="3229" ordinal="0" offset="0" />
            </Method>
            <Method visited="false" cyclomaticComplexity="1" sequenceCoverage="0" branchCoverage="0" isConstructor="false" isStatic="false" isGetter="false" isSetter="false">
              <Summary numSequencePoints="1" visitedSequencePoints="0" numBranchPoints="1" visitedBranchPoints="0" sequenceCoverage="0" branchCoverage="0" maxCyclomaticComplexity="1" minCyclomaticComplexity="1" />
              <MetadataToken>100664267</MetadataToken>
              <Name>System.Boolean SigStat.Common.PipelineItems.Classifiers.DtwClassifier/&lt;&gt;c::&lt;Train&gt;b__7_0(SigStat.Common.Signature)</Name>
              <FileRef uid="105" />
              <SequencePoints>
                <SequencePoint vc="0" uspid="3230" ordinal="0" offset="0" sl="63" sc="50" el="63" ec="76" />
              </SequencePoints>
              <BranchPoints />
              <MethodPoint xsi:type="SequencePoint" vc="0" uspid="3230" ordinal="0" offset="0" sl="63" sc="50" el="63" ec="76" />
            </Method>
            <Method visited="false" cyclomaticComplexity="1" sequenceCoverage="0" branchCoverage="0" isConstructor="false" isStatic="false" isGetter="false" isSetter="false">
              <Summary numSequencePoints="1" visitedSequencePoints="0" numBranchPoints="1" visitedBranchPoints="0" sequenceCoverage="0" branchCoverage="0" maxCyclomaticComplexity="1" minCyclomaticComplexity="1" />
              <MetadataToken>100664268</MetadataToken>
              <Name>System.Boolean SigStat.Common.PipelineItems.Classifiers.DtwClassifier/&lt;&gt;c::&lt;Train&gt;b__7_2(System.Double)</Name>
              <FileRef uid="105" />
              <SequencePoints>
                <SequencePoint vc="0" uspid="3231" ordinal="0" offset="0" sl="86" sc="67" el="86" ec="73" />
              </SequencePoints>
              <BranchPoints />
              <MethodPoint xsi:type="SequencePoint" vc="0" uspid="3231" ordinal="0" offset="0" sl="86" sc="67" el="86" ec="73" />
            </Method>
            <Method visited="false" cyclomaticComplexity="1" sequenceCoverage="0" branchCoverage="0" isConstructor="false" isStatic="false" isGetter="false" isSetter="false">
              <Summary numSequencePoints="1" visitedSequencePoints="0" numBranchPoints="1" visitedBranchPoints="0" sequenceCoverage="0" branchCoverage="0" maxCyclomaticComplexity="1" minCyclomaticComplexity="1" />
              <MetadataToken>100664269</MetadataToken>
              <Name>System.Collections.Generic.KeyValuePair`2&lt;System.String,System.Double[][]&gt; SigStat.Common.PipelineItems.Classifiers.DtwClassifier/&lt;&gt;c::&lt;Train&gt;b__7_4(&lt;&gt;f__AnonymousType2`2&lt;System.String,System.Double[][]&gt;)</Name>
              <FileRef uid="105" />
              <SequencePoints>
                <SequencePoint vc="0" uspid="3232" ordinal="0" offset="0" sl="91" sc="56" el="91" ec="110" />
              </SequencePoints>
              <BranchPoints />
              <MethodPoint xsi:type="SequencePoint" vc="0" uspid="3232" ordinal="0" offset="0" sl="91" sc="56" el="91" ec="110" />
            </Method>
          </Methods>
        </Class>
        <Class>
          <Summary numSequencePoints="59" visitedSequencePoints="0" numBranchPoints="44" visitedBranchPoints="0" sequenceCoverage="0" branchCoverage="0" maxCyclomaticComplexity="11" minCyclomaticComplexity="1" />
          <FullName>SigStat.Common.PipelineItems.Classifiers.OptimalDtwClassifier</FullName>
          <Methods>
            <Method visited="false" cyclomaticComplexity="1" sequenceCoverage="0" branchCoverage="0" isConstructor="false" isStatic="false" isGetter="true" isSetter="false">
              <Summary numSequencePoints="1" visitedSequencePoints="0" numBranchPoints="1" visitedBranchPoints="0" sequenceCoverage="0" branchCoverage="0" maxCyclomaticComplexity="1" minCyclomaticComplexity="1" />
              <MetadataToken>100663864</MetadataToken>
              <Name>System.Collections.Generic.List`1&lt;SigStat.Common.FeatureDescriptor&gt; SigStat.Common.PipelineItems.Classifiers.OptimalDtwClassifier::get_Features()</Name>
              <FileRef uid="109" />
              <SequencePoints>
                <SequencePoint vc="0" uspid="3233" ordinal="0" offset="0" sl="45" sc="51" el="45" ec="55" />
              </SequencePoints>
              <BranchPoints />
              <MethodPoint xsi:type="SequencePoint" vc="0" uspid="3233" ordinal="0" offset="0" sl="45" sc="51" el="45" ec="55" />
            </Method>
            <Method visited="false" cyclomaticComplexity="1" sequenceCoverage="0" branchCoverage="0" isConstructor="false" isStatic="false" isGetter="false" isSetter="true">
              <Summary numSequencePoints="1" visitedSequencePoints="0" numBranchPoints="1" visitedBranchPoints="0" sequenceCoverage="0" branchCoverage="0" maxCyclomaticComplexity="1" minCyclomaticComplexity="1" />
              <MetadataToken>100663865</MetadataToken>
              <Name>System.Void SigStat.Common.PipelineItems.Classifiers.OptimalDtwClassifier::set_Features(System.Collections.Generic.List`1&lt;SigStat.Common.FeatureDescriptor&gt;)</Name>
              <FileRef uid="109" />
              <SequencePoints>
                <SequencePoint vc="0" uspid="3234" ordinal="0" offset="0" sl="45" sc="56" el="45" ec="60" />
              </SequencePoints>
              <BranchPoints />
              <MethodPoint xsi:type="SequencePoint" vc="0" uspid="3234" ordinal="0" offset="0" sl="45" sc="56" el="45" ec="60" />
            </Method>
            <Method visited="false" cyclomaticComplexity="1" sequenceCoverage="0" branchCoverage="0" isConstructor="false" isStatic="false" isGetter="true" isSetter="false">
              <Summary numSequencePoints="1" visitedSequencePoints="0" numBranchPoints="1" visitedBranchPoints="0" sequenceCoverage="0" branchCoverage="0" maxCyclomaticComplexity="1" minCyclomaticComplexity="1" />
              <MetadataToken>100663866</MetadataToken>
              <Name>SigStat.Common.Sampler SigStat.Common.PipelineItems.Classifiers.OptimalDtwClassifier::get_Sampler()</Name>
              <FileRef uid="109" />
              <SequencePoints>
                <SequencePoint vc="0" uspid="3235" ordinal="0" offset="0" sl="47" sc="34" el="47" ec="38" />
              </SequencePoints>
              <BranchPoints />
              <MethodPoint xsi:type="SequencePoint" vc="0" uspid="3235" ordinal="0" offset="0" sl="47" sc="34" el="47" ec="38" />
            </Method>
            <Method visited="false" cyclomaticComplexity="1" sequenceCoverage="0" branchCoverage="0" isConstructor="false" isStatic="false" isGetter="false" isSetter="true">
              <Summary numSequencePoints="1" visitedSequencePoints="0" numBranchPoints="1" visitedBranchPoints="0" sequenceCoverage="0" branchCoverage="0" maxCyclomaticComplexity="1" minCyclomaticComplexity="1" />
              <MetadataToken>100663867</MetadataToken>
              <Name>System.Void SigStat.Common.PipelineItems.Classifiers.OptimalDtwClassifier::set_Sampler(SigStat.Common.Sampler)</Name>
              <FileRef uid="109" />
              <SequencePoints>
                <SequencePoint vc="0" uspid="3236" ordinal="0" offset="0" sl="47" sc="39" el="47" ec="43" />
              </SequencePoints>
              <BranchPoints />
              <MethodPoint xsi:type="SequencePoint" vc="0" uspid="3236" ordinal="0" offset="0" sl="47" sc="39" el="47" ec="43" />
            </Method>
            <Method visited="false" cyclomaticComplexity="1" sequenceCoverage="0" branchCoverage="0" isConstructor="false" isStatic="false" isGetter="true" isSetter="false">
              <Summary numSequencePoints="1" visitedSequencePoints="0" numBranchPoints="1" visitedBranchPoints="0" sequenceCoverage="0" branchCoverage="0" maxCyclomaticComplexity="1" minCyclomaticComplexity="1" />
              <MetadataToken>100663868</MetadataToken>
              <Name>System.Func`3&lt;System.Double[],System.Double[],System.Double&gt; SigStat.Common.PipelineItems.Classifiers.OptimalDtwClassifier::get_DistanceFunction()</Name>
              <FileRef uid="109" />
              <SequencePoints>
                <SequencePoint vc="0" uspid="3237" ordinal="0" offset="0" sl="49" sc="68" el="49" ec="72" />
              </SequencePoints>
              <BranchPoints />
              <MethodPoint xsi:type="SequencePoint" vc="0" uspid="3237" ordinal="0" offset="0" sl="49" sc="68" el="49" ec="72" />
            </Method>
            <Method visited="false" cyclomaticComplexity="1" sequenceCoverage="0" branchCoverage="0" isConstructor="false" isStatic="false" isGetter="false" isSetter="true">
              <Summary numSequencePoints="1" visitedSequencePoints="0" numBranchPoints="1" visitedBranchPoints="0" sequenceCoverage="0" branchCoverage="0" maxCyclomaticComplexity="1" minCyclomaticComplexity="1" />
              <MetadataToken>100663869</MetadataToken>
              <Name>System.Void SigStat.Common.PipelineItems.Classifiers.OptimalDtwClassifier::set_DistanceFunction(System.Func`3&lt;System.Double[],System.Double[],System.Double&gt;)</Name>
              <FileRef uid="109" />
              <SequencePoints>
                <SequencePoint vc="0" uspid="3238" ordinal="0" offset="0" sl="49" sc="73" el="49" ec="77" />
              </SequencePoints>
              <BranchPoints />
              <MethodPoint xsi:type="SequencePoint" vc="0" uspid="3238" ordinal="0" offset="0" sl="49" sc="73" el="49" ec="77" />
            </Method>
            <Method visited="false" cyclomaticComplexity="2" sequenceCoverage="0" branchCoverage="0" isConstructor="true" isStatic="false" isGetter="false" isSetter="false">
              <Summary numSequencePoints="3" visitedSequencePoints="0" numBranchPoints="3" visitedBranchPoints="0" sequenceCoverage="0" branchCoverage="0" maxCyclomaticComplexity="2" minCyclomaticComplexity="2" />
              <MetadataToken>100663870</MetadataToken>
              <Name>System.Void SigStat.Common.PipelineItems.Classifiers.OptimalDtwClassifier::.ctor(System.Func`3&lt;System.Double[],System.Double[],System.Double&gt;)</Name>
              <FileRef uid="109" />
              <SequencePoints>
                <SequencePoint vc="0" uspid="3239" ordinal="0" offset="0" sl="51" sc="9" el="51" ec="94" />
                <SequencePoint vc="0" uspid="3240" ordinal="1" offset="6" sl="53" sc="13" el="53" ec="83" />
                <SequencePoint vc="0" uspid="3241" ordinal="2" offset="29" sl="54" sc="9" el="54" ec="10" />
              </SequencePoints>
              <BranchPoints>
                <BranchPoint vc="0" uspid="3242" ordinal="0" offset="9" path="0" />
                <BranchPoint vc="0" uspid="3243" ordinal="1" offset="9" path="1" />
              </BranchPoints>
              <MethodPoint xsi:type="SequencePoint" vc="0" uspid="3239" ordinal="0" offset="0" sl="51" sc="9" el="51" ec="94" />
            </Method>
            <Method visited="false" cyclomaticComplexity="11" sequenceCoverage="0" branchCoverage="0" isConstructor="false" isStatic="false" isGetter="false" isSetter="false">
              <Summary numSequencePoints="27" visitedSequencePoints="0" numBranchPoints="21" visitedBranchPoints="0" sequenceCoverage="0" branchCoverage="0" maxCyclomaticComplexity="11" minCyclomaticComplexity="11" />
              <MetadataToken>100663871</MetadataToken>
              <Name>SigStat.Common.Pipeline.ISignerModel SigStat.Common.PipelineItems.Classifiers.OptimalDtwClassifier::Train(System.Collections.Generic.List`1&lt;SigStat.Common.Signature&gt;)</Name>
              <FileRef uid="109" />
              <SequencePoints>
                <SequencePoint vc="0" uspid="3244" ordinal="0" offset="13" sl="59" sc="13" el="59" ec="36" />
                <SequencePoint vc="0" uspid="3245" ordinal="1" offset="16" sl="60" sc="17" el="60" ec="69" />
                <SequencePoint vc="0" uspid="3246" ordinal="2" offset="27" sl="61" sc="13" el="61" ec="39" />
                <SequencePoint vc="0" uspid="3247" ordinal="3" offset="35" sl="62" sc="17" el="62" ec="98" />
                <SequencePoint vc="0" uspid="3248" ordinal="4" offset="51" sl="64" sc="13" el="64" ec="169" />
                <SequencePoint vc="0" uspid="3249" ordinal="5" offset="91" sl="65" sc="13" el="65" ec="167" />
                <SequencePoint vc="0" uspid="3250" ordinal="6" offset="126" sl="66" sc="13" el="66" ec="166" />
                <SequencePoint vc="0" uspid="3251" ordinal="7" offset="161" sl="68" sc="13" el="68" ec="74" />
                <SequencePoint vc="0" uspid="3252" ordinal="8" offset="174" sl="70" sc="13" el="70" ec="77" />
                <SequencePoint vc="0" uspid="3253" ordinal="9" offset="185" sl="74" sc="35" el="74" ec="50" />
                <SequencePoint vc="0" uspid="3254" ordinal="10" offset="200" sl="74" sc="22" el="74" ec="31" />
                <SequencePoint vc="0" uspid="3255" ordinal="11" offset="209" sl="76" sc="38" el="76" ec="76" />
                <SequencePoint vc="0" uspid="3256" ordinal="12" offset="230" sl="76" sc="26" el="76" ec="34" />
                <SequencePoint vc="0" uspid="3257" ordinal="13" offset="239" sl="78" sc="21" el="78" ec="110" />
                <SequencePoint vc="0" uspid="3258" ordinal="14" offset="289" sl="76" sc="35" el="76" ec="37" />
                <SequencePoint vc="0" uspid="3259" ordinal="15" offset="312" sl="74" sc="32" el="74" ec="34" />
                <SequencePoint vc="0" uspid="3260" ordinal="16" offset="337" sl="82" sc="13" el="90" ec="27" />
                <SequencePoint vc="0" uspid="3261" ordinal="17" offset="402" sl="94" sc="13" el="94" ec="58" />
                <SequencePoint vc="0" uspid="3262" ordinal="18" offset="409" sl="95" sc="13" el="95" ec="31" />
                <SequencePoint vc="0" uspid="3263" ordinal="19" offset="425" sl="96" sc="18" el="96" ec="27" />
                <SequencePoint vc="0" uspid="3264" ordinal="20" offset="430" sl="98" sc="17" el="98" ec="103" />
                <SequencePoint vc="0" uspid="3265" ordinal="21" offset="486" sl="96" sc="61" el="96" ec="64" />
                <SequencePoint vc="0" uspid="3266" ordinal="22" offset="492" sl="96" sc="29" el="96" ec="59" />
                <SequencePoint vc="0" uspid="3267" ordinal="23" offset="509" sl="101" sc="13" el="101" ec="87" />
                <SequencePoint vc="0" uspid="3268" ordinal="24" offset="555" sl="103" sc="13" el="106" ec="25" />
                <SequencePoint vc="0" uspid="3269" ordinal="25" offset="581" sl="109" sc="13" el="115" ec="15" />
                <SequencePoint vc="0" uspid="3270" ordinal="26" offset="740" sl="116" sc="13" el="116" ec="26" />
              </SequencePoints>
              <BranchPoints>
                <BranchPoint vc="0" uspid="3272" ordinal="0" offset="14" path="0" />
                <BranchPoint vc="0" uspid="3273" ordinal="1" offset="14" path="1" />
                <BranchPoint vc="0" uspid="3274" ordinal="2" offset="33" path="0" />
                <BranchPoint vc="0" uspid="3275" ordinal="3" offset="33" path="1" />
                <BranchPoint vc="0" uspid="3276" ordinal="4" offset="296" path="0" />
                <BranchPoint vc="0" uspid="3277" ordinal="5" offset="296" path="1" />
                <BranchPoint vc="0" uspid="3278" ordinal="6" offset="302" path="0" />
                <BranchPoint vc="0" uspid="3279" ordinal="7" offset="302" path="1" />
                <BranchPoint vc="0" uspid="3280" ordinal="8" offset="319" path="0" />
                <BranchPoint vc="0" uspid="3281" ordinal="9" offset="319" path="1" />
                <BranchPoint vc="0" uspid="3282" ordinal="10" offset="362" path="0" />
                <BranchPoint vc="0" uspid="3283" ordinal="11" offset="362" path="1" />
                <BranchPoint vc="0" uspid="3284" ordinal="12" offset="507" path="0" />
                <BranchPoint vc="0" uspid="3285" ordinal="13" offset="507" path="1" />
                <BranchPoint vc="0" uspid="3286" ordinal="14" offset="611" path="0" />
                <BranchPoint vc="0" uspid="3287" ordinal="15" offset="611" path="1" />
                <BranchPoint vc="0" uspid="3288" ordinal="16" offset="642" path="0" />
                <BranchPoint vc="0" uspid="3289" ordinal="17" offset="642" path="1" />
                <BranchPoint vc="0" uspid="3290" ordinal="18" offset="694" path="0" />
                <BranchPoint vc="0" uspid="3291" ordinal="19" offset="694" path="1" />
              </BranchPoints>
              <MethodPoint vc="0" uspid="3271" ordinal="0" offset="0" />
            </Method>
            <Method visited="false" cyclomaticComplexity="7" sequenceCoverage="0" branchCoverage="0" isConstructor="false" isStatic="false" isGetter="false" isSetter="false">
              <Summary numSequencePoints="18" visitedSequencePoints="0" numBranchPoints="11" visitedBranchPoints="0" sequenceCoverage="0" branchCoverage="0" maxCyclomaticComplexity="7" minCyclomaticComplexity="7" />
              <MetadataToken>100663872</MetadataToken>
              <Name>SigStat.Common.ErrorRate SigStat.Common.PipelineItems.Classifiers.OptimalDtwClassifier::CalculateErrorRate(System.Double,System.Collections.Generic.List`1&lt;SigStat.Common.PipelineItems.Classifiers.OptimalDtwClassifier/SignatureDistance&gt;)</Name>
              <FileRef uid="109" />
              <SequencePoints>
                <SequencePoint vc="0" uspid="3292" ordinal="0" offset="0" sl="122" sc="13" el="122" ec="33" />
                <SequencePoint vc="0" uspid="3293" ordinal="1" offset="2" sl="122" sc="35" el="122" ec="51" />
                <SequencePoint vc="0" uspid="3294" ordinal="2" offset="4" sl="123" sc="13" el="123" ec="32" />
                <SequencePoint vc="0" uspid="3295" ordinal="3" offset="6" sl="123" sc="34" el="123" ec="49" />
                <SequencePoint vc="0" uspid="3296" ordinal="4" offset="8" sl="124" sc="34" el="124" ec="43" />
                <SequencePoint vc="0" uspid="3297" ordinal="5" offset="18" sl="124" sc="22" el="124" ec="30" />
                <SequencePoint vc="0" uspid="3298" ordinal="6" offset="27" sl="126" sc="17" el="126" ec="37" />
                <SequencePoint vc="0" uspid="3299" ordinal="7" offset="57" sl="129" sc="25" el="129" ec="40" />
                <SequencePoint vc="0" uspid="3300" ordinal="8" offset="61" sl="130" sc="25" el="130" ec="55" />
                <SequencePoint vc="0" uspid="3301" ordinal="9" offset="71" sl="131" sc="29" el="131" ec="44" />
                <SequencePoint vc="0" uspid="3302" ordinal="10" offset="75" sl="132" sc="25" el="132" ec="31" />
                <SequencePoint vc="0" uspid="3303" ordinal="11" offset="77" sl="134" sc="25" el="134" ec="39" />
                <SequencePoint vc="0" uspid="3304" ordinal="12" offset="81" sl="135" sc="25" el="135" ec="56" />
                <SequencePoint vc="0" uspid="3305" ordinal="13" offset="91" sl="136" sc="29" el="136" ec="43" />
                <SequencePoint vc="0" uspid="3306" ordinal="14" offset="95" sl="137" sc="25" el="137" ec="31" />
                <SequencePoint vc="0" uspid="3307" ordinal="15" offset="97" sl="140" sc="25" el="140" ec="59" />
                <SequencePoint vc="0" uspid="3308" ordinal="16" offset="103" sl="124" sc="31" el="124" ec="33" />
                <SequencePoint vc="0" uspid="3309" ordinal="17" offset="128" sl="144" sc="13" el="144" ec="121" />
              </SequencePoints>
              <BranchPoints>
                <BranchPoint vc="0" uspid="3310" ordinal="0" offset="38" path="0" />
                <BranchPoint vc="0" uspid="3311" ordinal="1" offset="38" path="1" />
                <BranchPoint vc="0" uspid="3312" ordinal="2" offset="38" path="2" />
                <BranchPoint vc="0" uspid="3313" ordinal="3" offset="38" path="3" />
                <BranchPoint vc="0" uspid="3314" ordinal="4" offset="69" path="0" />
                <BranchPoint vc="0" uspid="3315" ordinal="5" offset="69" path="1" />
                <BranchPoint vc="0" uspid="3316" ordinal="6" offset="89" path="0" />
                <BranchPoint vc="0" uspid="3317" ordinal="7" offset="89" path="1" />
                <BranchPoint vc="0" uspid="3318" ordinal="8" offset="110" path="0" />
                <BranchPoint vc="0" uspid="3319" ordinal="9" offset="110" path="1" />
              </BranchPoints>
              <MethodPoint xsi:type="SequencePoint" vc="0" uspid="3292" ordinal="0" offset="0" sl="122" sc="13" el="122" ec="33" />
            </Method>
            <Method visited="false" cyclomaticComplexity="2" sequenceCoverage="0" branchCoverage="0" isConstructor="false" isStatic="false" isGetter="false" isSetter="false">
              <Summary numSequencePoints="5" visitedSequencePoints="0" numBranchPoints="3" visitedBranchPoints="0" sequenceCoverage="0" branchCoverage="0" maxCyclomaticComplexity="2" minCyclomaticComplexity="2" />
              <MetadataToken>100663873</MetadataToken>
              <Name>System.Double SigStat.Common.PipelineItems.Classifiers.OptimalDtwClassifier::Test(SigStat.Common.Pipeline.ISignerModel,SigStat.Common.Signature)</Name>
              <FileRef uid="109" />
              <SequencePoints>
                <SequencePoint vc="0" uspid="3320" ordinal="0" offset="0" sl="151" sc="13" el="151" ec="60" />
                <SequencePoint vc="0" uspid="3321" ordinal="1" offset="7" sl="152" sc="13" el="152" ec="78" />
                <SequencePoint vc="0" uspid="3322" ordinal="2" offset="25" sl="153" sc="13" el="153" ec="45" />
                <SequencePoint vc="0" uspid="3323" ordinal="3" offset="34" sl="154" sc="17" el="154" ec="26" />
                <SequencePoint vc="0" uspid="3324" ordinal="4" offset="44" sl="156" sc="17" el="156" ec="26" />
              </SequencePoints>
              <BranchPoints>
                <BranchPoint vc="0" uspid="3325" ordinal="0" offset="32" path="0" />
                <BranchPoint vc="0" uspid="3326" ordinal="1" offset="32" path="1" />
              </BranchPoints>
              <MethodPoint xsi:type="SequencePoint" vc="0" uspid="3320" ordinal="0" offset="0" sl="151" sc="13" el="151" ec="60" />
            </Method>
          </Methods>
        </Class>
        <Class>
          <Summary numSequencePoints="8" visitedSequencePoints="0" numBranchPoints="8" visitedBranchPoints="0" sequenceCoverage="0" branchCoverage="0" maxCyclomaticComplexity="1" minCyclomaticComplexity="1" />
          <FullName>SigStat.Common.PipelineItems.Classifiers.OptimalDtwClassifier/OptimalDtwSignerModel</FullName>
          <Methods>
            <Method visited="false" cyclomaticComplexity="1" sequenceCoverage="0" branchCoverage="0" isConstructor="false" isStatic="false" isGetter="true" isSetter="false">
              <Summary numSequencePoints="1" visitedSequencePoints="0" numBranchPoints="1" visitedBranchPoints="0" sequenceCoverage="0" branchCoverage="0" maxCyclomaticComplexity="1" minCyclomaticComplexity="1" />
              <MetadataToken>100664270</MetadataToken>
              <Name>System.Collections.Generic.Dictionary`2&lt;System.String,System.Double&gt; SigStat.Common.PipelineItems.Classifiers.OptimalDtwClassifier/OptimalDtwSignerModel::get_SignatureDistanceFromTraining()</Name>
              <FileRef uid="109" />
              <SequencePoints>
                <SequencePoint vc="0" uspid="3327" ordinal="0" offset="0" sl="20" sc="79" el="20" ec="83" />
              </SequencePoints>
              <BranchPoints />
              <MethodPoint xsi:type="SequencePoint" vc="0" uspid="3327" ordinal="0" offset="0" sl="20" sc="79" el="20" ec="83" />
            </Method>
            <Method visited="false" cyclomaticComplexity="1" sequenceCoverage="0" branchCoverage="0" isConstructor="false" isStatic="false" isGetter="false" isSetter="true">
              <Summary numSequencePoints="1" visitedSequencePoints="0" numBranchPoints="1" visitedBranchPoints="0" sequenceCoverage="0" branchCoverage="0" maxCyclomaticComplexity="1" minCyclomaticComplexity="1" />
              <MetadataToken>100664271</MetadataToken>
              <Name>System.Void SigStat.Common.PipelineItems.Classifiers.OptimalDtwClassifier/OptimalDtwSignerModel::set_SignatureDistanceFromTraining(System.Collections.Generic.Dictionary`2&lt;System.String,System.Double&gt;)</Name>
              <FileRef uid="109" />
              <SequencePoints>
                <SequencePoint vc="0" uspid="3328" ordinal="0" offset="0" sl="20" sc="84" el="20" ec="88" />
              </SequencePoints>
              <BranchPoints />
              <MethodPoint xsi:type="SequencePoint" vc="0" uspid="3328" ordinal="0" offset="0" sl="20" sc="84" el="20" ec="88" />
            </Method>
            <Method visited="false" cyclomaticComplexity="1" sequenceCoverage="0" branchCoverage="0" isConstructor="false" isStatic="false" isGetter="true" isSetter="false">
              <Summary numSequencePoints="1" visitedSequencePoints="0" numBranchPoints="1" visitedBranchPoints="0" sequenceCoverage="0" branchCoverage="0" maxCyclomaticComplexity="1" minCyclomaticComplexity="1" />
              <MetadataToken>100664272</MetadataToken>
              <Name>System.Double SigStat.Common.PipelineItems.Classifiers.OptimalDtwClassifier/OptimalDtwSignerModel::get_Threshold()</Name>
              <FileRef uid="109" />
              <SequencePoints>
                <SequencePoint vc="0" uspid="3329" ordinal="0" offset="0" sl="26" sc="39" el="26" ec="43" />
              </SequencePoints>
              <BranchPoints />
              <MethodPoint xsi:type="SequencePoint" vc="0" uspid="3329" ordinal="0" offset="0" sl="26" sc="39" el="26" ec="43" />
            </Method>
            <Method visited="false" cyclomaticComplexity="1" sequenceCoverage="0" branchCoverage="0" isConstructor="false" isStatic="false" isGetter="false" isSetter="true">
              <Summary numSequencePoints="1" visitedSequencePoints="0" numBranchPoints="1" visitedBranchPoints="0" sequenceCoverage="0" branchCoverage="0" maxCyclomaticComplexity="1" minCyclomaticComplexity="1" />
              <MetadataToken>100664273</MetadataToken>
              <Name>System.Void SigStat.Common.PipelineItems.Classifiers.OptimalDtwClassifier/OptimalDtwSignerModel::set_Threshold(System.Double)</Name>
              <FileRef uid="109" />
              <SequencePoints>
                <SequencePoint vc="0" uspid="3330" ordinal="0" offset="0" sl="26" sc="44" el="26" ec="48" />
              </SequencePoints>
              <BranchPoints />
              <MethodPoint xsi:type="SequencePoint" vc="0" uspid="3330" ordinal="0" offset="0" sl="26" sc="44" el="26" ec="48" />
            </Method>
            <Method visited="false" cyclomaticComplexity="1" sequenceCoverage="0" branchCoverage="0" isConstructor="false" isStatic="false" isGetter="true" isSetter="false">
              <Summary numSequencePoints="1" visitedSequencePoints="0" numBranchPoints="1" visitedBranchPoints="0" sequenceCoverage="0" branchCoverage="0" maxCyclomaticComplexity="1" minCyclomaticComplexity="1" />
              <MetadataToken>100664274</MetadataToken>
              <Name>System.Collections.Generic.List`1&lt;System.Collections.Generic.KeyValuePair`2&lt;System.Double,SigStat.Common.ErrorRate&gt;&gt; SigStat.Common.PipelineItems.Classifiers.OptimalDtwClassifier/OptimalDtwSignerModel::get_ErrorRates()</Name>
              <FileRef uid="109" />
              <SequencePoints>
                <SequencePoint vc="0" uspid="3331" ordinal="0" offset="0" sl="29" sc="71" el="29" ec="75" />
              </SequencePoints>
              <BranchPoints />
              <MethodPoint xsi:type="SequencePoint" vc="0" uspid="3331" ordinal="0" offset="0" sl="29" sc="71" el="29" ec="75" />
            </Method>
            <Method visited="false" cyclomaticComplexity="1" sequenceCoverage="0" branchCoverage="0" isConstructor="false" isStatic="false" isGetter="false" isSetter="true">
              <Summary numSequencePoints="1" visitedSequencePoints="0" numBranchPoints="1" visitedBranchPoints="0" sequenceCoverage="0" branchCoverage="0" maxCyclomaticComplexity="1" minCyclomaticComplexity="1" />
              <MetadataToken>100664275</MetadataToken>
              <Name>System.Void SigStat.Common.PipelineItems.Classifiers.OptimalDtwClassifier/OptimalDtwSignerModel::set_ErrorRates(System.Collections.Generic.List`1&lt;System.Collections.Generic.KeyValuePair`2&lt;System.Double,SigStat.Common.ErrorRate&gt;&gt;)</Name>
              <FileRef uid="109" />
              <SequencePoints>
                <SequencePoint vc="0" uspid="3332" ordinal="0" offset="0" sl="29" sc="76" el="29" ec="80" />
              </SequencePoints>
              <BranchPoints />
              <MethodPoint xsi:type="SequencePoint" vc="0" uspid="3332" ordinal="0" offset="0" sl="29" sc="76" el="29" ec="80" />
            </Method>
            <Method visited="false" cyclomaticComplexity="1" sequenceCoverage="0" branchCoverage="0" isConstructor="false" isStatic="false" isGetter="true" isSetter="false">
              <Summary numSequencePoints="1" visitedSequencePoints="0" numBranchPoints="1" visitedBranchPoints="0" sequenceCoverage="0" branchCoverage="0" maxCyclomaticComplexity="1" minCyclomaticComplexity="1" />
              <MetadataToken>100664276</MetadataToken>
              <Name>SigStat.Common.DistanceMatrix`3&lt;System.String,System.String,System.Double&gt; SigStat.Common.PipelineItems.Classifiers.OptimalDtwClassifier/OptimalDtwSignerModel::get_DistanceMatrix()</Name>
              <FileRef uid="109" />
              <SequencePoints>
                <SequencePoint vc="0" uspid="3333" ordinal="0" offset="0" sl="33" sc="76" el="33" ec="80" />
              </SequencePoints>
              <BranchPoints />
              <MethodPoint xsi:type="SequencePoint" vc="0" uspid="3333" ordinal="0" offset="0" sl="33" sc="76" el="33" ec="80" />
            </Method>
            <Method visited="false" cyclomaticComplexity="1" sequenceCoverage="0" branchCoverage="0" isConstructor="false" isStatic="false" isGetter="false" isSetter="true">
              <Summary numSequencePoints="1" visitedSequencePoints="0" numBranchPoints="1" visitedBranchPoints="0" sequenceCoverage="0" branchCoverage="0" maxCyclomaticComplexity="1" minCyclomaticComplexity="1" />
              <MetadataToken>100664277</MetadataToken>
              <Name>System.Void SigStat.Common.PipelineItems.Classifiers.OptimalDtwClassifier/OptimalDtwSignerModel::set_DistanceMatrix(SigStat.Common.DistanceMatrix`3&lt;System.String,System.String,System.Double&gt;)</Name>
              <FileRef uid="109" />
              <SequencePoints>
                <SequencePoint vc="0" uspid="3334" ordinal="0" offset="0" sl="33" sc="81" el="33" ec="85" />
              </SequencePoints>
              <BranchPoints />
              <MethodPoint xsi:type="SequencePoint" vc="0" uspid="3334" ordinal="0" offset="0" sl="33" sc="81" el="33" ec="85" />
            </Method>
            <Method visited="false" cyclomaticComplexity="1" sequenceCoverage="0" branchCoverage="0" isConstructor="true" isStatic="false" isGetter="false" isSetter="false">
              <Summary numSequencePoints="0" visitedSequencePoints="0" numBranchPoints="0" visitedBranchPoints="0" sequenceCoverage="0" branchCoverage="0" maxCyclomaticComplexity="1" minCyclomaticComplexity="1" />
              <MetadataToken>100664278</MetadataToken>
              <Name>System.Void SigStat.Common.PipelineItems.Classifiers.OptimalDtwClassifier/OptimalDtwSignerModel::.ctor()</Name>
              <SequencePoints />
              <BranchPoints />
              <MethodPoint vc="0" uspid="3335" ordinal="0" offset="0" />
            </Method>
          </Methods>
        </Class>
        <Class>
          <Summary numSequencePoints="5" visitedSequencePoints="0" numBranchPoints="5" visitedBranchPoints="0" sequenceCoverage="0" branchCoverage="0" maxCyclomaticComplexity="1" minCyclomaticComplexity="1" />
          <FullName>SigStat.Common.PipelineItems.Classifiers.OptimalDtwClassifier/&lt;&gt;c__DisplayClass15_0</FullName>
          <Methods>
            <Method visited="false" cyclomaticComplexity="1" sequenceCoverage="0" branchCoverage="0" isConstructor="true" isStatic="false" isGetter="false" isSetter="false">
              <Summary numSequencePoints="0" visitedSequencePoints="0" numBranchPoints="0" visitedBranchPoints="0" sequenceCoverage="0" branchCoverage="0" maxCyclomaticComplexity="1" minCyclomaticComplexity="1" />
              <MetadataToken>100664279</MetadataToken>
              <Name>System.Void SigStat.Common.PipelineItems.Classifiers.OptimalDtwClassifier/&lt;&gt;c__DisplayClass15_0::.ctor()</Name>
              <SequencePoints />
              <BranchPoints />
              <MethodPoint vc="0" uspid="3336" ordinal="0" offset="0" />
            </Method>
            <Method visited="false" cyclomaticComplexity="1" sequenceCoverage="0" branchCoverage="0" isConstructor="false" isStatic="false" isGetter="false" isSetter="false">
              <Summary numSequencePoints="1" visitedSequencePoints="0" numBranchPoints="1" visitedBranchPoints="0" sequenceCoverage="0" branchCoverage="0" maxCyclomaticComplexity="1" minCyclomaticComplexity="1" />
              <MetadataToken>100664280</MetadataToken>
              <Name>&lt;&gt;f__AnonymousType3`3&lt;System.String,SigStat.Common.Origin,System.Double[][]&gt; SigStat.Common.PipelineItems.Classifiers.OptimalDtwClassifier/&lt;&gt;c__DisplayClass15_0::&lt;Train&gt;b__0(SigStat.Common.Signature)</Name>
              <FileRef uid="109" />
              <SequencePoints>
                <SequencePoint vc="0" uspid="3337" ordinal="0" offset="0" sl="64" sc="84" el="64" ec="158" />
              </SequencePoints>
              <BranchPoints />
              <MethodPoint xsi:type="SequencePoint" vc="0" uspid="3337" ordinal="0" offset="0" sl="64" sc="84" el="64" ec="158" />
            </Method>
            <Method visited="false" cyclomaticComplexity="1" sequenceCoverage="0" branchCoverage="0" isConstructor="false" isStatic="false" isGetter="false" isSetter="false">
              <Summary numSequencePoints="1" visitedSequencePoints="0" numBranchPoints="1" visitedBranchPoints="0" sequenceCoverage="0" branchCoverage="0" maxCyclomaticComplexity="1" minCyclomaticComplexity="1" />
              <MetadataToken>100664281</MetadataToken>
              <Name>&lt;&gt;f__AnonymousType3`3&lt;System.String,SigStat.Common.Origin,System.Double[][]&gt; SigStat.Common.PipelineItems.Classifiers.OptimalDtwClassifier/&lt;&gt;c__DisplayClass15_0::&lt;Train&gt;b__1(SigStat.Common.Signature)</Name>
              <FileRef uid="109" />
              <SequencePoints>
                <SequencePoint vc="0" uspid="3338" ordinal="0" offset="0" sl="65" sc="82" el="65" ec="156" />
              </SequencePoints>
              <BranchPoints />
              <MethodPoint xsi:type="SequencePoint" vc="0" uspid="3338" ordinal="0" offset="0" sl="65" sc="82" el="65" ec="156" />
            </Method>
            <Method visited="false" cyclomaticComplexity="1" sequenceCoverage="0" branchCoverage="0" isConstructor="false" isStatic="false" isGetter="false" isSetter="false">
              <Summary numSequencePoints="1" visitedSequencePoints="0" numBranchPoints="1" visitedBranchPoints="0" sequenceCoverage="0" branchCoverage="0" maxCyclomaticComplexity="1" minCyclomaticComplexity="1" />
              <MetadataToken>100664282</MetadataToken>
              <Name>&lt;&gt;f__AnonymousType3`3&lt;System.String,SigStat.Common.Origin,System.Double[][]&gt; SigStat.Common.PipelineItems.Classifiers.OptimalDtwClassifier/&lt;&gt;c__DisplayClass15_0::&lt;Train&gt;b__2(SigStat.Common.Signature)</Name>
              <FileRef uid="109" />
              <SequencePoints>
                <SequencePoint vc="0" uspid="3339" ordinal="0" offset="0" sl="66" sc="81" el="66" ec="155" />
              </SequencePoints>
              <BranchPoints />
              <MethodPoint xsi:type="SequencePoint" vc="0" uspid="3339" ordinal="0" offset="0" sl="66" sc="81" el="66" ec="155" />
            </Method>
            <Method visited="false" cyclomaticComplexity="1" sequenceCoverage="0" branchCoverage="0" isConstructor="false" isStatic="false" isGetter="false" isSetter="false">
              <Summary numSequencePoints="1" visitedSequencePoints="0" numBranchPoints="1" visitedBranchPoints="0" sequenceCoverage="0" branchCoverage="0" maxCyclomaticComplexity="1" minCyclomaticComplexity="1" />
              <MetadataToken>100664283</MetadataToken>
              <Name>SigStat.Common.PipelineItems.Classifiers.OptimalDtwClassifier/SignatureDistance SigStat.Common.PipelineItems.Classifiers.OptimalDtwClassifier/&lt;&gt;c__DisplayClass15_0::&lt;Train&gt;b__3(&lt;&gt;f__AnonymousType3`3&lt;System.String,SigStat.Common.Origin,System.Double[][]&gt;)</Name>
              <FileRef uid="109" />
              <SequencePoints>
                <SequencePoint vc="0" uspid="3340" ordinal="0" offset="20" sl="83" sc="47" el="88" ec="18" />
              </SequencePoints>
              <BranchPoints />
              <MethodPoint vc="0" uspid="3341" ordinal="0" offset="0" />
            </Method>
            <Method visited="false" cyclomaticComplexity="1" sequenceCoverage="0" branchCoverage="0" isConstructor="false" isStatic="false" isGetter="false" isSetter="false">
              <Summary numSequencePoints="1" visitedSequencePoints="0" numBranchPoints="1" visitedBranchPoints="0" sequenceCoverage="0" branchCoverage="0" maxCyclomaticComplexity="1" minCyclomaticComplexity="1" />
              <MetadataToken>100664284</MetadataToken>
              <Name>System.Collections.Generic.KeyValuePair`2&lt;System.Double,SigStat.Common.ErrorRate&gt; SigStat.Common.PipelineItems.Classifiers.OptimalDtwClassifier/&lt;&gt;c__DisplayClass15_0::&lt;Train&gt;b__5(System.Double)</Name>
              <FileRef uid="109" />
              <SequencePoints>
                <SequencePoint vc="0" uspid="3342" ordinal="0" offset="0" sl="103" sc="54" el="106" ec="14" />
              </SequencePoints>
              <BranchPoints />
              <MethodPoint xsi:type="SequencePoint" vc="0" uspid="3342" ordinal="0" offset="0" sl="103" sc="54" el="106" ec="14" />
            </Method>
          </Methods>
        </Class>
        <Class>
          <Summary numSequencePoints="2" visitedSequencePoints="0" numBranchPoints="2" visitedBranchPoints="0" sequenceCoverage="0" branchCoverage="0" maxCyclomaticComplexity="1" minCyclomaticComplexity="1" />
          <FullName>SigStat.Common.PipelineItems.Classifiers.OptimalDtwClassifier/&lt;&gt;c__DisplayClass15_1</FullName>
          <Methods>
            <Method visited="false" cyclomaticComplexity="1" sequenceCoverage="0" branchCoverage="0" isConstructor="true" isStatic="false" isGetter="false" isSetter="false">
              <Summary numSequencePoints="0" visitedSequencePoints="0" numBranchPoints="0" visitedBranchPoints="0" sequenceCoverage="0" branchCoverage="0" maxCyclomaticComplexity="1" minCyclomaticComplexity="1" />
              <MetadataToken>100664285</MetadataToken>
              <Name>System.Void SigStat.Common.PipelineItems.Classifiers.OptimalDtwClassifier/&lt;&gt;c__DisplayClass15_1::.ctor()</Name>
              <SequencePoints />
              <BranchPoints />
              <MethodPoint vc="0" uspid="3343" ordinal="0" offset="0" />
            </Method>
            <Method visited="false" cyclomaticComplexity="1" sequenceCoverage="0" branchCoverage="0" isConstructor="false" isStatic="false" isGetter="false" isSetter="false">
              <Summary numSequencePoints="1" visitedSequencePoints="0" numBranchPoints="1" visitedBranchPoints="0" sequenceCoverage="0" branchCoverage="0" maxCyclomaticComplexity="1" minCyclomaticComplexity="1" />
              <MetadataToken>100664286</MetadataToken>
              <Name>System.Boolean SigStat.Common.PipelineItems.Classifiers.OptimalDtwClassifier/&lt;&gt;c__DisplayClass15_1::&lt;Train&gt;b__6(&lt;&gt;f__AnonymousType3`3&lt;System.String,SigStat.Common.Origin,System.Double[][]&gt;)</Name>
              <FileRef uid="109" />
              <SequencePoints>
                <SequencePoint vc="0" uspid="3344" ordinal="0" offset="0" sl="87" sc="63" el="87" ec="82" />
              </SequencePoints>
              <BranchPoints />
              <MethodPoint xsi:type="SequencePoint" vc="0" uspid="3344" ordinal="0" offset="0" sl="87" sc="63" el="87" ec="82" />
            </Method>
            <Method visited="false" cyclomaticComplexity="1" sequenceCoverage="0" branchCoverage="0" isConstructor="false" isStatic="false" isGetter="false" isSetter="false">
              <Summary numSequencePoints="1" visitedSequencePoints="0" numBranchPoints="1" visitedBranchPoints="0" sequenceCoverage="0" branchCoverage="0" maxCyclomaticComplexity="1" minCyclomaticComplexity="1" />
              <MetadataToken>100664287</MetadataToken>
              <Name>System.Double SigStat.Common.PipelineItems.Classifiers.OptimalDtwClassifier/&lt;&gt;c__DisplayClass15_1::&lt;Train&gt;b__7(&lt;&gt;f__AnonymousType3`3&lt;System.String,SigStat.Common.Origin,System.Double[][]&gt;)</Name>
              <FileRef uid="109" />
              <SequencePoints>
                <SequencePoint vc="0" uspid="3345" ordinal="0" offset="0" sl="87" sc="100" el="87" ec="131" />
              </SequencePoints>
              <BranchPoints />
              <MethodPoint xsi:type="SequencePoint" vc="0" uspid="3345" ordinal="0" offset="0" sl="87" sc="100" el="87" ec="131" />
            </Method>
          </Methods>
        </Class>
        <Class>
          <Summary numSequencePoints="4" visitedSequencePoints="0" numBranchPoints="4" visitedBranchPoints="0" sequenceCoverage="0" branchCoverage="0" maxCyclomaticComplexity="1" minCyclomaticComplexity="1" />
          <FullName>SigStat.Common.PipelineItems.Classifiers.OptimalDtwClassifier/&lt;&gt;c</FullName>
          <Methods>
            <Method visited="false" cyclomaticComplexity="1" sequenceCoverage="0" branchCoverage="0" isConstructor="true" isStatic="true" isGetter="false" isSetter="false">
              <Summary numSequencePoints="0" visitedSequencePoints="0" numBranchPoints="0" visitedBranchPoints="0" sequenceCoverage="0" branchCoverage="0" maxCyclomaticComplexity="1" minCyclomaticComplexity="1" />
              <MetadataToken>100664288</MetadataToken>
              <Name>System.Void SigStat.Common.PipelineItems.Classifiers.OptimalDtwClassifier/&lt;&gt;c::.cctor()</Name>
              <SequencePoints />
              <BranchPoints />
              <MethodPoint vc="0" uspid="3346" ordinal="0" offset="0" />
            </Method>
            <Method visited="false" cyclomaticComplexity="1" sequenceCoverage="0" branchCoverage="0" isConstructor="true" isStatic="false" isGetter="false" isSetter="false">
              <Summary numSequencePoints="0" visitedSequencePoints="0" numBranchPoints="0" visitedBranchPoints="0" sequenceCoverage="0" branchCoverage="0" maxCyclomaticComplexity="1" minCyclomaticComplexity="1" />
              <MetadataToken>100664289</MetadataToken>
              <Name>System.Void SigStat.Common.PipelineItems.Classifiers.OptimalDtwClassifier/&lt;&gt;c::.ctor()</Name>
              <SequencePoints />
              <BranchPoints />
              <MethodPoint vc="0" uspid="3347" ordinal="0" offset="0" />
            </Method>
            <Method visited="false" cyclomaticComplexity="1" sequenceCoverage="0" branchCoverage="0" isConstructor="false" isStatic="false" isGetter="false" isSetter="false">
              <Summary numSequencePoints="1" visitedSequencePoints="0" numBranchPoints="1" visitedBranchPoints="0" sequenceCoverage="0" branchCoverage="0" maxCyclomaticComplexity="1" minCyclomaticComplexity="1" />
              <MetadataToken>100664290</MetadataToken>
              <Name>System.Double SigStat.Common.PipelineItems.Classifiers.OptimalDtwClassifier/&lt;&gt;c::&lt;Train&gt;b__15_4(SigStat.Common.PipelineItems.Classifiers.OptimalDtwClassifier/SignatureDistance)</Name>
              <FileRef uid="109" />
              <SequencePoints>
                <SequencePoint vc="0" uspid="3348" ordinal="0" offset="0" sl="89" sc="31" el="89" ec="41" />
              </SequencePoints>
              <BranchPoints />
              <MethodPoint xsi:type="SequencePoint" vc="0" uspid="3348" ordinal="0" offset="0" sl="89" sc="31" el="89" ec="41" />
            </Method>
            <Method visited="false" cyclomaticComplexity="1" sequenceCoverage="0" branchCoverage="0" isConstructor="false" isStatic="false" isGetter="false" isSetter="false">
              <Summary numSequencePoints="1" visitedSequencePoints="0" numBranchPoints="1" visitedBranchPoints="0" sequenceCoverage="0" branchCoverage="0" maxCyclomaticComplexity="1" minCyclomaticComplexity="1" />
              <MetadataToken>100664291</MetadataToken>
              <Name>System.String SigStat.Common.PipelineItems.Classifiers.OptimalDtwClassifier/&lt;&gt;c::&lt;Train&gt;b__15_8(SigStat.Common.PipelineItems.Classifiers.OptimalDtwClassifier/SignatureDistance)</Name>
              <FileRef uid="109" />
              <SequencePoints>
                <SequencePoint vc="0" uspid="3349" ordinal="0" offset="0" sl="112" sc="86" el="112" ec="92" />
              </SequencePoints>
              <BranchPoints />
              <MethodPoint xsi:type="SequencePoint" vc="0" uspid="3349" ordinal="0" offset="0" sl="112" sc="86" el="112" ec="92" />
            </Method>
            <Method visited="false" cyclomaticComplexity="1" sequenceCoverage="0" branchCoverage="0" isConstructor="false" isStatic="false" isGetter="false" isSetter="false">
              <Summary numSequencePoints="1" visitedSequencePoints="0" numBranchPoints="1" visitedBranchPoints="0" sequenceCoverage="0" branchCoverage="0" maxCyclomaticComplexity="1" minCyclomaticComplexity="1" />
              <MetadataToken>100664292</MetadataToken>
              <Name>System.Double SigStat.Common.PipelineItems.Classifiers.OptimalDtwClassifier/&lt;&gt;c::&lt;Train&gt;b__15_9(SigStat.Common.PipelineItems.Classifiers.OptimalDtwClassifier/SignatureDistance)</Name>
              <FileRef uid="109" />
              <SequencePoints>
                <SequencePoint vc="0" uspid="3350" ordinal="0" offset="0" sl="112" sc="101" el="112" ec="113" />
              </SequencePoints>
              <BranchPoints />
              <MethodPoint xsi:type="SequencePoint" vc="0" uspid="3350" ordinal="0" offset="0" sl="112" sc="101" el="112" ec="113" />
            </Method>
            <Method visited="false" cyclomaticComplexity="1" sequenceCoverage="0" branchCoverage="0" isConstructor="false" isStatic="false" isGetter="false" isSetter="false">
              <Summary numSequencePoints="1" visitedSequencePoints="0" numBranchPoints="1" visitedBranchPoints="0" sequenceCoverage="0" branchCoverage="0" maxCyclomaticComplexity="1" minCyclomaticComplexity="1" />
              <MetadataToken>100664293</MetadataToken>
              <Name>System.Boolean SigStat.Common.PipelineItems.Classifiers.OptimalDtwClassifier/&lt;&gt;c::&lt;Train&gt;b__15_10(System.Collections.Generic.KeyValuePair`2&lt;System.Double,SigStat.Common.ErrorRate&gt;)</Name>
              <FileRef uid="109" />
              <SequencePoints>
                <SequencePoint vc="0" uspid="3351" ordinal="0" offset="0" sl="114" sc="51" el="114" ec="77" />
              </SequencePoints>
              <BranchPoints />
              <MethodPoint xsi:type="SequencePoint" vc="0" uspid="3351" ordinal="0" offset="0" sl="114" sc="51" el="114" ec="77" />
            </Method>
          </Methods>
        </Class>
        <Class>
          <Summary numSequencePoints="6" visitedSequencePoints="0" numBranchPoints="5" visitedBranchPoints="0" sequenceCoverage="0" branchCoverage="0" maxCyclomaticComplexity="1" minCyclomaticComplexity="1" />
          <FullName>SigStat.Common.PipelineItems.Classifiers.WeightedClassifier</FullName>
          <Methods>
            <Method visited="false" cyclomaticComplexity="1" sequenceCoverage="0" branchCoverage="0" isConstructor="false" isStatic="false" isGetter="false" isSetter="false">
              <Summary numSequencePoints="1" visitedSequencePoints="0" numBranchPoints="1" visitedBranchPoints="0" sequenceCoverage="0" branchCoverage="0" maxCyclomaticComplexity="1" minCyclomaticComplexity="1" />
              <MetadataToken>100663874</MetadataToken>
              <Name>System.Collections.IEnumerator SigStat.Common.PipelineItems.Classifiers.WeightedClassifier::GetEnumerator()</Name>
              <FileRef uid="114" />
              <SequencePoints>
                <SequencePoint vc="0" uspid="3352" ordinal="0" offset="0" sl="25" sc="13" el="25" ec="42" />
              </SequencePoints>
              <BranchPoints />
              <MethodPoint xsi:type="SequencePoint" vc="0" uspid="3352" ordinal="0" offset="0" sl="25" sc="13" el="25" ec="42" />
            </Method>
            <Method visited="false" cyclomaticComplexity="1" sequenceCoverage="0" branchCoverage="0" isConstructor="false" isStatic="false" isGetter="false" isSetter="false">
              <Summary numSequencePoints="2" visitedSequencePoints="0" numBranchPoints="1" visitedBranchPoints="0" sequenceCoverage="0" branchCoverage="0" maxCyclomaticComplexity="1" minCyclomaticComplexity="1" />
              <MetadataToken>100663875</MetadataToken>
              <Name>System.Void SigStat.Common.PipelineItems.Classifiers.WeightedClassifier::Add(System.ValueTuple`2&lt;SigStat.Common.Pipeline.IClassifier,System.Double&gt;)</Name>
              <FileRef uid="114" />
              <SequencePoints>
                <SequencePoint vc="0" uspid="3353" ordinal="0" offset="0" sl="32" sc="13" el="32" ec="32" />
                <SequencePoint vc="0" uspid="3354" ordinal="1" offset="12" sl="33" sc="9" el="33" ec="10" />
              </SequencePoints>
              <BranchPoints />
              <MethodPoint xsi:type="SequencePoint" vc="0" uspid="3353" ordinal="0" offset="0" sl="32" sc="13" el="32" ec="32" />
            </Method>
            <Method visited="false" cyclomaticComplexity="1" sequenceCoverage="0" branchCoverage="0" isConstructor="false" isStatic="false" isGetter="false" isSetter="false">
              <Summary numSequencePoints="1" visitedSequencePoints="0" numBranchPoints="1" visitedBranchPoints="0" sequenceCoverage="0" branchCoverage="0" maxCyclomaticComplexity="1" minCyclomaticComplexity="1" />
              <MetadataToken>100663876</MetadataToken>
              <Name>SigStat.Common.Pipeline.ISignerModel SigStat.Common.PipelineItems.Classifiers.WeightedClassifier::Train(System.Collections.Generic.List`1&lt;SigStat.Common.Signature&gt;)</Name>
              <FileRef uid="114" />
              <SequencePoints>
                <SequencePoint vc="0" uspid="3355" ordinal="0" offset="0" sl="47" sc="13" el="47" ec="49" />
              </SequencePoints>
              <BranchPoints />
              <MethodPoint xsi:type="SequencePoint" vc="0" uspid="3355" ordinal="0" offset="0" sl="47" sc="13" el="47" ec="49" />
            </Method>
            <Method visited="false" cyclomaticComplexity="1" sequenceCoverage="0" branchCoverage="0" isConstructor="false" isStatic="false" isGetter="false" isSetter="false">
              <Summary numSequencePoints="1" visitedSequencePoints="0" numBranchPoints="1" visitedBranchPoints="0" sequenceCoverage="0" branchCoverage="0" maxCyclomaticComplexity="1" minCyclomaticComplexity="1" />
              <MetadataToken>100663877</MetadataToken>
              <Name>System.Double SigStat.Common.PipelineItems.Classifiers.WeightedClassifier::Test(SigStat.Common.Pipeline.ISignerModel,SigStat.Common.Signature)</Name>
              <FileRef uid="114" />
              <SequencePoints>
                <SequencePoint vc="0" uspid="3356" ordinal="0" offset="0" sl="53" sc="13" el="53" ec="49" />
              </SequencePoints>
              <BranchPoints />
              <MethodPoint xsi:type="SequencePoint" vc="0" uspid="3356" ordinal="0" offset="0" sl="53" sc="13" el="53" ec="49" />
            </Method>
            <Method visited="false" cyclomaticComplexity="1" sequenceCoverage="0" branchCoverage="0" isConstructor="true" isStatic="false" isGetter="false" isSetter="false">
              <Summary numSequencePoints="1" visitedSequencePoints="0" numBranchPoints="1" visitedBranchPoints="0" sequenceCoverage="0" branchCoverage="0" maxCyclomaticComplexity="1" minCyclomaticComplexity="1" />
              <MetadataToken>100663878</MetadataToken>
              <Name>System.Void SigStat.Common.PipelineItems.Classifiers.WeightedClassifier::.ctor()</Name>
              <FileRef uid="114" />
              <SequencePoints>
                <SequencePoint vc="0" uspid="3357" ordinal="0" offset="0" sl="20" sc="9" el="20" ec="122" />
              </SequencePoints>
              <BranchPoints />
              <MethodPoint xsi:type="SequencePoint" vc="0" uspid="3357" ordinal="0" offset="0" sl="20" sc="9" el="20" ec="122" />
            </Method>
          </Methods>
        </Class>
        <Class>
          <Summary numSequencePoints="133" visitedSequencePoints="0" numBranchPoints="100" visitedBranchPoints="0" sequenceCoverage="0" branchCoverage="0" maxCyclomaticComplexity="50" minCyclomaticComplexity="1" />
          <FullName>SigStat.Common.Loaders.BenchmarkBuilder</FullName>
          <Methods>
            <Method visited="false" cyclomaticComplexity="50" sequenceCoverage="0" branchCoverage="0" isConstructor="false" isStatic="true" isGetter="false" isSetter="false">
              <Summary numSequencePoints="107" visitedSequencePoints="0" numBranchPoints="99" visitedBranchPoints="0" sequenceCoverage="0" branchCoverage="0" maxCyclomaticComplexity="50" minCyclomaticComplexity="50" />
              <MetadataToken>100663879</MetadataToken>
              <Name>SigStat.Common.VerifierBenchmark SigStat.Common.Loaders.BenchmarkBuilder::Build(SigStat.Common.Helpers.BenchmarkConfig)</Name>
              <FileRef uid="115" />
              <SequencePoints>
                <SequencePoint vc="0" uspid="3358" ordinal="0" offset="0" sl="61" sc="13" el="61" ec="37" />
                <SequencePoint vc="0" uspid="3359" ordinal="1" offset="2" sl="62" sc="13" el="62" ec="37" />
                <SequencePoint vc="0" uspid="3360" ordinal="2" offset="4" sl="63" sc="13" el="63" ec="37" />
                <SequencePoint vc="0" uspid="3361" ordinal="3" offset="6" sl="64" sc="13" el="64" ec="37" />
                <SequencePoint vc="0" uspid="3362" ordinal="4" offset="8" sl="67" sc="13" el="67" ec="59" />
                <SequencePoint vc="0" uspid="3363" ordinal="5" offset="15" sl="68" sc="13" el="68" ec="37" />
                <SequencePoint vc="0" uspid="3364" ordinal="6" offset="67" sl="71" sc="21" el="71" ec="42" />
                <SequencePoint vc="0" uspid="3365" ordinal="7" offset="79" sl="72" sc="21" el="72" ec="44" />
                <SequencePoint vc="0" uspid="3366" ordinal="8" offset="85" sl="73" sc="21" el="73" ec="44" />
                <SequencePoint vc="0" uspid="3367" ordinal="9" offset="91" sl="74" sc="21" el="74" ec="44" />
                <SequencePoint vc="0" uspid="3368" ordinal="10" offset="97" sl="75" sc="21" el="75" ec="44" />
                <SequencePoint vc="0" uspid="3369" ordinal="11" offset="103" sl="76" sc="21" el="76" ec="27" />
                <SequencePoint vc="0" uspid="3370" ordinal="12" offset="105" sl="78" sc="21" el="78" ec="43" />
                <SequencePoint vc="0" uspid="3371" ordinal="13" offset="117" sl="79" sc="21" el="79" ec="45" />
                <SequencePoint vc="0" uspid="3372" ordinal="14" offset="123" sl="80" sc="21" el="80" ec="45" />
                <SequencePoint vc="0" uspid="3373" ordinal="15" offset="129" sl="81" sc="21" el="81" ec="45" />
                <SequencePoint vc="0" uspid="3374" ordinal="16" offset="135" sl="82" sc="21" el="82" ec="45" />
                <SequencePoint vc="0" uspid="3375" ordinal="17" offset="141" sl="83" sc="21" el="83" ec="27" />
                <SequencePoint vc="0" uspid="3376" ordinal="18" offset="143" sl="85" sc="21" el="85" ec="44" />
                <SequencePoint vc="0" uspid="3377" ordinal="19" offset="155" sl="86" sc="21" el="86" ec="46" />
                <SequencePoint vc="0" uspid="3378" ordinal="20" offset="161" sl="87" sc="21" el="87" ec="46" />
                <SequencePoint vc="0" uspid="3379" ordinal="21" offset="167" sl="88" sc="21" el="88" ec="46" />
                <SequencePoint vc="0" uspid="3380" ordinal="22" offset="173" sl="89" sc="21" el="89" ec="46" />
                <SequencePoint vc="0" uspid="3381" ordinal="23" offset="179" sl="90" sc="21" el="90" ec="27" />
                <SequencePoint vc="0" uspid="3382" ordinal="24" offset="181" sl="92" sc="21" el="92" ec="55" />
                <SequencePoint vc="0" uspid="3383" ordinal="25" offset="187" sl="95" sc="13" el="95" ec="37" />
                <SequencePoint vc="0" uspid="3384" ordinal="26" offset="253" sl="98" sc="21" el="98" ec="42" />
                <SequencePoint vc="0" uspid="3385" ordinal="27" offset="261" sl="99" sc="21" el="99" ec="27" />
                <SequencePoint vc="0" uspid="3386" ordinal="28" offset="263" sl="101" sc="21" el="101" ec="42" />
                <SequencePoint vc="0" uspid="3387" ordinal="29" offset="271" sl="102" sc="21" el="102" ec="27" />
                <SequencePoint vc="0" uspid="3388" ordinal="30" offset="273" sl="104" sc="21" el="104" ec="42" />
                <SequencePoint vc="0" uspid="3389" ordinal="31" offset="281" sl="105" sc="21" el="105" ec="27" />
                <SequencePoint vc="0" uspid="3390" ordinal="32" offset="283" sl="107" sc="21" el="107" ec="42" />
                <SequencePoint vc="0" uspid="3391" ordinal="33" offset="291" sl="114" sc="13" el="114" ec="62" />
                <SequencePoint vc="0" uspid="3392" ordinal="34" offset="298" sl="117" sc="13" el="117" ec="50" />
                <SequencePoint vc="0" uspid="3393" ordinal="35" offset="336" sl="120" sc="21" el="120" ec="48" />
                <SequencePoint vc="0" uspid="3394" ordinal="36" offset="348" sl="127" sc="13" el="127" ec="33" />
                <SequencePoint vc="0" uspid="3395" ordinal="37" offset="356" sl="128" sc="17" el="128" ec="49" />
                <SequencePoint vc="0" uspid="3396" ordinal="38" offset="368" sl="130" sc="13" el="130" ec="60" />
                <SequencePoint vc="0" uspid="3397" ordinal="39" offset="453" sl="133" sc="21" el="133" ec="47" />
                <SequencePoint vc="0" uspid="3398" ordinal="40" offset="465" sl="134" sc="21" el="134" ec="27" />
                <SequencePoint vc="0" uspid="3399" ordinal="41" offset="467" sl="136" sc="21" el="136" ec="47" />
                <SequencePoint vc="0" uspid="3400" ordinal="42" offset="479" sl="137" sc="21" el="137" ec="27" />
                <SequencePoint vc="0" uspid="3401" ordinal="43" offset="481" sl="139" sc="21" el="139" ec="47" />
                <SequencePoint vc="0" uspid="3402" ordinal="44" offset="493" sl="140" sc="21" el="140" ec="47" />
                <SequencePoint vc="0" uspid="3403" ordinal="45" offset="505" sl="141" sc="21" el="141" ec="27" />
                <SequencePoint vc="0" uspid="3404" ordinal="46" offset="507" sl="143" sc="21" el="143" ec="48" />
                <SequencePoint vc="0" uspid="3405" ordinal="47" offset="519" sl="144" sc="21" el="144" ec="48" />
                <SequencePoint vc="0" uspid="3406" ordinal="48" offset="531" sl="151" sc="13" el="151" ec="56" />
                <SequencePoint vc="0" uspid="3407" ordinal="49" offset="630" sl="154" sc="21" el="154" ec="42" />
                <SequencePoint vc="0" uspid="3408" ordinal="50" offset="642" sl="155" sc="21" el="155" ec="27" />
                <SequencePoint vc="0" uspid="3409" ordinal="51" offset="644" sl="157" sc="21" el="157" ec="42" />
                <SequencePoint vc="0" uspid="3410" ordinal="52" offset="656" sl="158" sc="21" el="158" ec="27" />
                <SequencePoint vc="0" uspid="3411" ordinal="53" offset="658" sl="160" sc="21" el="160" ec="42" />
                <SequencePoint vc="0" uspid="3412" ordinal="54" offset="670" sl="161" sc="21" el="161" ec="42" />
                <SequencePoint vc="0" uspid="3413" ordinal="55" offset="682" sl="162" sc="21" el="162" ec="27" />
                <SequencePoint vc="0" uspid="3414" ordinal="56" offset="684" sl="164" sc="21" el="164" ec="50" />
                <SequencePoint vc="0" uspid="3415" ordinal="57" offset="696" sl="165" sc="21" el="165" ec="27" />
                <SequencePoint vc="0" uspid="3416" ordinal="58" offset="698" sl="167" sc="21" el="167" ec="50" />
                <SequencePoint vc="0" uspid="3417" ordinal="59" offset="710" sl="174" sc="13" el="177" ec="15" />
                <SequencePoint vc="0" uspid="3418" ordinal="60" offset="772" sl="180" sc="13" el="180" ec="42" />
                <SequencePoint vc="0" uspid="3419" ordinal="61" offset="810" sl="183" sc="21" el="183" ec="53" />
                <SequencePoint vc="0" uspid="3420" ordinal="62" offset="822" sl="184" sc="21" el="184" ec="27" />
                <SequencePoint vc="0" uspid="3421" ordinal="63" offset="824" sl="187" sc="21" el="187" ec="54" />
                <SequencePoint vc="0" uspid="3422" ordinal="64" offset="836" sl="192" sc="13" el="192" ec="50" />
                <SequencePoint vc="0" uspid="3423" ordinal="65" offset="894" sl="195" sc="21" el="203" ec="24" />
                <SequencePoint vc="0" uspid="3424" ordinal="66" offset="965" sl="204" sc="21" el="204" ec="27" />
                <SequencePoint vc="0" uspid="3425" ordinal="67" offset="967" sl="206" sc="21" el="213" ec="24" />
                <SequencePoint vc="0" uspid="3426" ordinal="68" offset="1025" sl="220" sc="13" el="220" ec="68" />
                <SequencePoint vc="0" uspid="3427" ordinal="69" offset="1032" sl="221" sc="13" el="221" ec="37" />
                <SequencePoint vc="0" uspid="3428" ordinal="70" offset="1354" sl="224" sc="21" el="224" ec="56" />
                <SequencePoint vc="0" uspid="3429" ordinal="71" offset="1366" sl="225" sc="21" el="225" ec="27" />
                <SequencePoint vc="0" uspid="3430" ordinal="72" offset="1371" sl="227" sc="21" el="227" ec="56" />
                <SequencePoint vc="0" uspid="3431" ordinal="73" offset="1383" sl="228" sc="21" el="228" ec="27" />
                <SequencePoint vc="0" uspid="3432" ordinal="74" offset="1388" sl="230" sc="21" el="230" ec="63" />
                <SequencePoint vc="0" uspid="3433" ordinal="75" offset="1400" sl="231" sc="21" el="231" ec="27" />
                <SequencePoint vc="0" uspid="3434" ordinal="76" offset="1405" sl="233" sc="21" el="233" ec="62" />
                <SequencePoint vc="0" uspid="3435" ordinal="77" offset="1417" sl="234" sc="21" el="234" ec="27" />
                <SequencePoint vc="0" uspid="3436" ordinal="78" offset="1422" sl="236" sc="21" el="236" ec="63" />
                <SequencePoint vc="0" uspid="3437" ordinal="79" offset="1434" sl="237" sc="21" el="237" ec="27" />
                <SequencePoint vc="0" uspid="3438" ordinal="80" offset="1436" sl="239" sc="21" el="239" ec="56" />
                <SequencePoint vc="0" uspid="3439" ordinal="81" offset="1448" sl="240" sc="21" el="240" ec="56" />
                <SequencePoint vc="0" uspid="3440" ordinal="82" offset="1460" sl="241" sc="21" el="241" ec="27" />
                <SequencePoint vc="0" uspid="3441" ordinal="83" offset="1462" sl="243" sc="21" el="243" ec="56" />
                <SequencePoint vc="0" uspid="3442" ordinal="84" offset="1474" sl="244" sc="21" el="244" ec="56" />
                <SequencePoint vc="0" uspid="3443" ordinal="85" offset="1486" sl="245" sc="21" el="245" ec="63" />
                <SequencePoint vc="0" uspid="3444" ordinal="86" offset="1498" sl="246" sc="21" el="246" ec="27" />
                <SequencePoint vc="0" uspid="3445" ordinal="87" offset="1500" sl="248" sc="21" el="248" ec="56" />
                <SequencePoint vc="0" uspid="3446" ordinal="88" offset="1512" sl="249" sc="21" el="249" ec="56" />
                <SequencePoint vc="0" uspid="3447" ordinal="89" offset="1524" sl="250" sc="21" el="250" ec="63" />
                <SequencePoint vc="0" uspid="3448" ordinal="90" offset="1536" sl="251" sc="21" el="251" ec="62" />
                <SequencePoint vc="0" uspid="3449" ordinal="91" offset="1548" sl="252" sc="21" el="252" ec="63" />
                <SequencePoint vc="0" uspid="3450" ordinal="92" offset="1560" sl="259" sc="13" el="259" ec="62" />
                <SequencePoint vc="0" uspid="3451" ordinal="93" offset="1563" sl="260" sc="13" el="260" ec="37" />
                <SequencePoint vc="0" uspid="3452" ordinal="94" offset="1601" sl="263" sc="21" el="263" ec="63" />
                <SequencePoint vc="0" uspid="3453" ordinal="95" offset="1615" sl="264" sc="21" el="264" ec="27" />
                <SequencePoint vc="0" uspid="3454" ordinal="96" offset="1617" sl="266" sc="21" el="266" ec="63" />
                <SequencePoint vc="0" uspid="3455" ordinal="97" offset="1631" sl="272" sc="13" el="272" ec="44" />
                <SequencePoint vc="0" uspid="3456" ordinal="98" offset="1649" sl="274" sc="17" el="274" ec="58" />
                <SequencePoint vc="0" uspid="3457" ordinal="99" offset="1658" sl="275" sc="17" el="275" ec="77" />
                <SequencePoint vc="0" uspid="3458" ordinal="100" offset="1672" sl="276" sc="13" el="276" ec="14" />
                <SequencePoint vc="0" uspid="3459" ordinal="101" offset="1674" sl="277" sc="18" el="277" ec="56" />
                <SequencePoint vc="0" uspid="3460" ordinal="102" offset="1692" sl="279" sc="17" el="285" ec="19" />
                <SequencePoint vc="0" uspid="3461" ordinal="103" offset="1722" sl="286" sc="13" el="286" ec="14" />
                <SequencePoint vc="0" uspid="3462" ordinal="104" offset="1724" sl="287" sc="18" el="287" ec="52" />
                <SequencePoint vc="0" uspid="3463" ordinal="105" offset="1730" sl="289" sc="13" el="293" ec="15" />
                <SequencePoint vc="0" uspid="3464" ordinal="106" offset="1758" sl="295" sc="13" el="295" ec="22" />
              </SequencePoints>
              <BranchPoints>
                <BranchPoint vc="0" uspid="3465" ordinal="0" offset="35" path="0" />
                <BranchPoint vc="0" uspid="3466" ordinal="1" offset="35" path="1" />
                <BranchPoint vc="0" uspid="3467" ordinal="2" offset="49" path="0" />
                <BranchPoint vc="0" uspid="3468" ordinal="3" offset="49" path="1" />
                <BranchPoint vc="0" uspid="3469" ordinal="4" offset="63" path="0" />
                <BranchPoint vc="0" uspid="3470" ordinal="5" offset="63" path="1" />
                <BranchPoint vc="0" uspid="3471" ordinal="6" offset="207" path="0" />
                <BranchPoint vc="0" uspid="3472" ordinal="7" offset="207" path="1" />
                <BranchPoint vc="0" uspid="3473" ordinal="8" offset="221" path="0" />
                <BranchPoint vc="0" uspid="3474" ordinal="9" offset="221" path="1" />
                <BranchPoint vc="0" uspid="3475" ordinal="10" offset="235" path="0" />
                <BranchPoint vc="0" uspid="3476" ordinal="11" offset="235" path="1" />
                <BranchPoint vc="0" uspid="3477" ordinal="12" offset="249" path="0" />
                <BranchPoint vc="0" uspid="3478" ordinal="13" offset="249" path="1" />
                <BranchPoint vc="0" uspid="3479" ordinal="14" offset="318" path="0" />
                <BranchPoint vc="0" uspid="3480" ordinal="15" offset="318" path="1" />
                <BranchPoint vc="0" uspid="3481" ordinal="16" offset="332" path="0" />
                <BranchPoint vc="0" uspid="3482" ordinal="17" offset="332" path="1" />
                <BranchPoint vc="0" uspid="3483" ordinal="18" offset="354" path="0" />
                <BranchPoint vc="0" uspid="3484" ordinal="19" offset="354" path="1" />
                <BranchPoint vc="0" uspid="3485" ordinal="20" offset="393" path="0" />
                <BranchPoint vc="0" uspid="3486" ordinal="21" offset="393" path="1" />
                <BranchPoint vc="0" uspid="3487" ordinal="22" offset="407" path="0" />
                <BranchPoint vc="0" uspid="3488" ordinal="23" offset="407" path="1" />
                <BranchPoint vc="0" uspid="3489" ordinal="24" offset="421" path="0" />
                <BranchPoint vc="0" uspid="3490" ordinal="25" offset="421" path="1" />
                <BranchPoint vc="0" uspid="3491" ordinal="26" offset="435" path="0" />
                <BranchPoint vc="0" uspid="3492" ordinal="27" offset="435" path="1" />
                <BranchPoint vc="0" uspid="3493" ordinal="28" offset="449" path="0" />
                <BranchPoint vc="0" uspid="3494" ordinal="29" offset="449" path="1" />
                <BranchPoint vc="0" uspid="3495" ordinal="30" offset="556" path="0" />
                <BranchPoint vc="0" uspid="3496" ordinal="31" offset="556" path="1" />
                <BranchPoint vc="0" uspid="3497" ordinal="32" offset="570" path="0" />
                <BranchPoint vc="0" uspid="3498" ordinal="33" offset="570" path="1" />
                <BranchPoint vc="0" uspid="3499" ordinal="34" offset="584" path="0" />
                <BranchPoint vc="0" uspid="3500" ordinal="35" offset="584" path="1" />
                <BranchPoint vc="0" uspid="3501" ordinal="36" offset="598" path="0" />
                <BranchPoint vc="0" uspid="3502" ordinal="37" offset="598" path="1" />
                <BranchPoint vc="0" uspid="3503" ordinal="38" offset="612" path="0" />
                <BranchPoint vc="0" uspid="3504" ordinal="39" offset="612" path="1" />
                <BranchPoint vc="0" uspid="3505" ordinal="40" offset="626" path="0" />
                <BranchPoint vc="0" uspid="3506" ordinal="41" offset="626" path="1" />
                <BranchPoint vc="0" uspid="3507" ordinal="42" offset="792" path="0" />
                <BranchPoint vc="0" uspid="3508" ordinal="43" offset="792" path="1" />
                <BranchPoint vc="0" uspid="3509" ordinal="44" offset="806" path="0" />
                <BranchPoint vc="0" uspid="3510" ordinal="45" offset="806" path="1" />
                <BranchPoint vc="0" uspid="3511" ordinal="46" offset="856" path="0" />
                <BranchPoint vc="0" uspid="3512" ordinal="47" offset="856" path="1" />
                <BranchPoint vc="0" uspid="3513" ordinal="48" offset="870" path="0" />
                <BranchPoint vc="0" uspid="3514" ordinal="49" offset="870" path="1" />
                <BranchPoint vc="0" uspid="3515" ordinal="50" offset="884" path="0" />
                <BranchPoint vc="0" uspid="3516" ordinal="51" offset="884" path="1" />
                <BranchPoint vc="0" uspid="3517" ordinal="52" offset="1056" path="0" />
                <BranchPoint vc="0" uspid="3518" ordinal="53" offset="1056" path="1" />
                <BranchPoint vc="0" uspid="3519" ordinal="54" offset="1065" path="0" />
                <BranchPoint vc="0" uspid="3520" ordinal="55" offset="1065" path="1" />
                <BranchPoint vc="0" uspid="3521" ordinal="56" offset="1074" path="0" />
                <BranchPoint vc="0" uspid="3522" ordinal="57" offset="1074" path="1" />
                <BranchPoint vc="0" uspid="3523" ordinal="58" offset="1086" path="0" />
                <BranchPoint vc="0" uspid="3524" ordinal="59" offset="1086" path="1" />
                <BranchPoint vc="0" uspid="3525" ordinal="60" offset="1103" path="0" />
                <BranchPoint vc="0" uspid="3526" ordinal="61" offset="1103" path="1" />
                <BranchPoint vc="0" uspid="3527" ordinal="62" offset="1115" path="0" />
                <BranchPoint vc="0" uspid="3528" ordinal="63" offset="1115" path="1" />
                <BranchPoint vc="0" uspid="3529" ordinal="64" offset="1132" path="0" />
                <BranchPoint vc="0" uspid="3530" ordinal="65" offset="1132" path="1" />
                <BranchPoint vc="0" uspid="3531" ordinal="66" offset="1141" path="0" />
                <BranchPoint vc="0" uspid="3532" ordinal="67" offset="1141" path="1" />
                <BranchPoint vc="0" uspid="3533" ordinal="68" offset="1150" path="0" />
                <BranchPoint vc="0" uspid="3534" ordinal="69" offset="1150" path="1" />
                <BranchPoint vc="0" uspid="3535" ordinal="70" offset="1164" path="0" />
                <BranchPoint vc="0" uspid="3536" ordinal="71" offset="1164" path="1" />
                <BranchPoint vc="0" uspid="3537" ordinal="72" offset="1173" path="0" />
                <BranchPoint vc="0" uspid="3538" ordinal="73" offset="1173" path="1" />
                <BranchPoint vc="0" uspid="3539" ordinal="74" offset="1190" path="0" />
                <BranchPoint vc="0" uspid="3540" ordinal="75" offset="1190" path="1" />
                <BranchPoint vc="0" uspid="3541" ordinal="76" offset="1212" path="0" />
                <BranchPoint vc="0" uspid="3542" ordinal="77" offset="1212" path="1" />
                <BranchPoint vc="0" uspid="3543" ordinal="78" offset="1234" path="0" />
                <BranchPoint vc="0" uspid="3544" ordinal="79" offset="1234" path="1" />
                <BranchPoint vc="0" uspid="3545" ordinal="80" offset="1256" path="0" />
                <BranchPoint vc="0" uspid="3546" ordinal="81" offset="1256" path="1" />
                <BranchPoint vc="0" uspid="3547" ordinal="82" offset="1278" path="0" />
                <BranchPoint vc="0" uspid="3548" ordinal="83" offset="1278" path="1" />
                <BranchPoint vc="0" uspid="3549" ordinal="84" offset="1300" path="0" />
                <BranchPoint vc="0" uspid="3550" ordinal="85" offset="1300" path="1" />
                <BranchPoint vc="0" uspid="3551" ordinal="86" offset="1322" path="0" />
                <BranchPoint vc="0" uspid="3552" ordinal="87" offset="1322" path="1" />
                <BranchPoint vc="0" uspid="3553" ordinal="88" offset="1344" path="0" />
                <BranchPoint vc="0" uspid="3554" ordinal="89" offset="1344" path="1" />
                <BranchPoint vc="0" uspid="3555" ordinal="90" offset="1583" path="0" />
                <BranchPoint vc="0" uspid="3556" ordinal="91" offset="1583" path="1" />
                <BranchPoint vc="0" uspid="3557" ordinal="92" offset="1597" path="0" />
                <BranchPoint vc="0" uspid="3558" ordinal="93" offset="1597" path="1" />
                <BranchPoint vc="0" uspid="3559" ordinal="94" offset="1647" path="0" />
                <BranchPoint vc="0" uspid="3560" ordinal="95" offset="1647" path="1" />
                <BranchPoint vc="0" uspid="3561" ordinal="96" offset="1690" path="0" />
                <BranchPoint vc="0" uspid="3562" ordinal="97" offset="1690" path="1" />
              </BranchPoints>
              <MethodPoint xsi:type="SequencePoint" vc="0" uspid="3358" ordinal="0" offset="0" sl="61" sc="13" el="61" ec="37" />
            </Method>
            <Method visited="false" cyclomaticComplexity="1" sequenceCoverage="0" branchCoverage="0" isConstructor="true" isStatic="true" isGetter="false" isSetter="false">
              <Summary numSequencePoints="26" visitedSequencePoints="0" numBranchPoints="1" visitedBranchPoints="0" sequenceCoverage="0" branchCoverage="0" maxCyclomaticComplexity="1" minCyclomaticComplexity="1" />
              <MetadataToken>100663880</MetadataToken>
              <Name>System.Void SigStat.Common.Loaders.BenchmarkBuilder::.cctor()</Name>
              <FileRef uid="115" />
              <SequencePoints>
                <SequencePoint vc="0" uspid="3563" ordinal="0" offset="0" sl="16" sc="9" el="16" ec="68" />
                <SequencePoint vc="0" uspid="3564" ordinal="1" offset="10" sl="17" sc="9" el="17" ec="68" />
                <SequencePoint vc="0" uspid="3565" ordinal="2" offset="20" sl="18" sc="9" el="18" ec="68" />
                <SequencePoint vc="0" uspid="3566" ordinal="3" offset="30" sl="19" sc="9" el="19" ec="68" />
                <SequencePoint vc="0" uspid="3567" ordinal="4" offset="40" sl="20" sc="9" el="20" ec="63" />
                <SequencePoint vc="0" uspid="3568" ordinal="5" offset="50" sl="21" sc="9" el="21" ec="63" />
                <SequencePoint vc="0" uspid="3569" ordinal="6" offset="60" sl="22" sc="9" el="22" ec="63" />
                <SequencePoint vc="0" uspid="3570" ordinal="7" offset="70" sl="23" sc="9" el="23" ec="63" />
                <SequencePoint vc="0" uspid="3571" ordinal="8" offset="80" sl="24" sc="9" el="24" ec="66" />
                <SequencePoint vc="0" uspid="3572" ordinal="9" offset="90" sl="25" sc="9" el="25" ec="66" />
                <SequencePoint vc="0" uspid="3573" ordinal="10" offset="100" sl="26" sc="9" el="26" ec="66" />
                <SequencePoint vc="0" uspid="3574" ordinal="11" offset="110" sl="27" sc="9" el="27" ec="66" />
                <SequencePoint vc="0" uspid="3575" ordinal="12" offset="120" sl="29" sc="9" el="29" ec="80" />
                <SequencePoint vc="0" uspid="3576" ordinal="13" offset="137" sl="30" sc="9" el="30" ec="88" />
                <SequencePoint vc="0" uspid="3577" ordinal="14" offset="153" sl="31" sc="9" el="31" ec="104" />
                <SequencePoint vc="0" uspid="3578" ordinal="15" offset="169" sl="33" sc="9" el="36" ec="11" />
                <SequencePoint vc="0" uspid="3579" ordinal="16" offset="223" sl="37" sc="9" el="43" ec="11" />
                <SequencePoint vc="0" uspid="3580" ordinal="17" offset="277" sl="44" sc="9" el="44" ec="188" />
                <SequencePoint vc="0" uspid="3581" ordinal="18" offset="342" sl="45" sc="9" el="45" ec="154" />
                <SequencePoint vc="0" uspid="3582" ordinal="19" offset="375" sl="46" sc="9" el="46" ec="154" />
                <SequencePoint vc="0" uspid="3583" ordinal="20" offset="408" sl="47" sc="9" el="47" ec="147" />
                <SequencePoint vc="0" uspid="3584" ordinal="21" offset="441" sl="48" sc="9" el="48" ec="147" />
                <SequencePoint vc="0" uspid="3585" ordinal="22" offset="474" sl="49" sc="9" el="49" ec="101" />
                <SequencePoint vc="0" uspid="3586" ordinal="23" offset="506" sl="50" sc="9" el="50" ec="101" />
                <SequencePoint vc="0" uspid="3587" ordinal="24" offset="538" sl="51" sc="9" el="51" ec="208" />
                <SequencePoint vc="0" uspid="3588" ordinal="25" offset="592" sl="52" sc="9" el="52" ec="208" />
              </SequencePoints>
              <BranchPoints />
              <MethodPoint xsi:type="SequencePoint" vc="0" uspid="3563" ordinal="0" offset="0" sl="16" sc="9" el="16" ec="68" />
            </Method>
          </Methods>
        </Class>
        <Class>
          <Summary numSequencePoints="3" visitedSequencePoints="0" numBranchPoints="3" visitedBranchPoints="0" sequenceCoverage="0" branchCoverage="0" maxCyclomaticComplexity="1" minCyclomaticComplexity="1" />
          <FullName>SigStat.Common.Loaders.DataSetLoader</FullName>
          <Methods>
            <Method visited="false" cyclomaticComplexity="1" sequenceCoverage="0" branchCoverage="0" isConstructor="false" isStatic="false" isGetter="true" isSetter="false">
              <Summary numSequencePoints="1" visitedSequencePoints="0" numBranchPoints="1" visitedBranchPoints="0" sequenceCoverage="0" branchCoverage="0" maxCyclomaticComplexity="1" minCyclomaticComplexity="1" />
              <MetadataToken>100663881</MetadataToken>
              <Name>Microsoft.Extensions.Logging.ILogger SigStat.Common.Loaders.DataSetLoader::get_Logger()</Name>
              <FileRef uid="116" />
              <SequencePoints>
                <SequencePoint vc="0" uspid="3589" ordinal="0" offset="0" sl="15" sc="33" el="15" ec="37" />
              </SequencePoints>
              <BranchPoints />
              <MethodPoint xsi:type="SequencePoint" vc="0" uspid="3589" ordinal="0" offset="0" sl="15" sc="33" el="15" ec="37" />
            </Method>
            <Method visited="false" cyclomaticComplexity="1" sequenceCoverage="0" branchCoverage="0" isConstructor="false" isStatic="false" isGetter="false" isSetter="true">
              <Summary numSequencePoints="1" visitedSequencePoints="0" numBranchPoints="1" visitedBranchPoints="0" sequenceCoverage="0" branchCoverage="0" maxCyclomaticComplexity="1" minCyclomaticComplexity="1" />
              <MetadataToken>100663882</MetadataToken>
              <Name>System.Void SigStat.Common.Loaders.DataSetLoader::set_Logger(Microsoft.Extensions.Logging.ILogger)</Name>
              <FileRef uid="116" />
              <SequencePoints>
                <SequencePoint vc="0" uspid="3590" ordinal="0" offset="0" sl="15" sc="38" el="15" ec="42" />
              </SequencePoints>
              <BranchPoints />
              <MethodPoint xsi:type="SequencePoint" vc="0" uspid="3590" ordinal="0" offset="0" sl="15" sc="38" el="15" ec="42" />
            </Method>
            <Method visited="false" cyclomaticComplexity="1" sequenceCoverage="0" branchCoverage="0" isConstructor="false" isStatic="false" isGetter="false" isSetter="false">
              <Summary numSequencePoints="1" visitedSequencePoints="0" numBranchPoints="1" visitedBranchPoints="0" sequenceCoverage="0" branchCoverage="0" maxCyclomaticComplexity="1" minCyclomaticComplexity="1" />
              <MetadataToken>100663883</MetadataToken>
              <Name>System.Collections.Generic.IEnumerable`1&lt;SigStat.Common.Signer&gt; SigStat.Common.Loaders.DataSetLoader::EnumerateSigners()</Name>
              <FileRef uid="116" />
              <SequencePoints>
                <SequencePoint vc="0" uspid="3591" ordinal="0" offset="0" sl="20" sc="13" el="20" ec="43" />
              </SequencePoints>
              <BranchPoints />
              <MethodPoint xsi:type="SequencePoint" vc="0" uspid="3591" ordinal="0" offset="0" sl="20" sc="13" el="20" ec="43" />
            </Method>
            <Method visited="false" cyclomaticComplexity="1" sequenceCoverage="0" branchCoverage="0" isConstructor="true" isStatic="false" isGetter="false" isSetter="false">
              <Summary numSequencePoints="0" visitedSequencePoints="0" numBranchPoints="0" visitedBranchPoints="0" sequenceCoverage="0" branchCoverage="0" maxCyclomaticComplexity="1" minCyclomaticComplexity="1" />
              <MetadataToken>100663885</MetadataToken>
              <Name>System.Void SigStat.Common.Loaders.DataSetLoader::.ctor()</Name>
              <SequencePoints />
              <BranchPoints />
              <MethodPoint vc="0" uspid="3592" ordinal="0" offset="0" />
            </Method>
          </Methods>
        </Class>
        <Class>
          <Summary numSequencePoints="9" visitedSequencePoints="0" numBranchPoints="3" visitedBranchPoints="0" sequenceCoverage="0" branchCoverage="0" maxCyclomaticComplexity="1" minCyclomaticComplexity="1" />
          <FullName>SigStat.Common.Loaders.ImageLoader</FullName>
          <Methods>
            <Method visited="false" cyclomaticComplexity="1" sequenceCoverage="0" branchCoverage="0" isConstructor="true" isStatic="false" isGetter="false" isSetter="false">
              <Summary numSequencePoints="3" visitedSequencePoints="0" numBranchPoints="1" visitedBranchPoints="0" sequenceCoverage="0" branchCoverage="0" maxCyclomaticComplexity="1" minCyclomaticComplexity="1" />
              <MetadataToken>100663888</MetadataToken>
              <Name>System.Void SigStat.Common.Loaders.ImageLoader::.ctor(System.String)</Name>
              <FileRef uid="117" />
              <SequencePoints>
                <SequencePoint vc="0" uspid="3593" ordinal="0" offset="0" sl="25" sc="9" el="25" ec="48" />
                <SequencePoint vc="0" uspid="3594" ordinal="1" offset="6" sl="27" sc="13" el="27" ec="41" />
                <SequencePoint vc="0" uspid="3595" ordinal="2" offset="13" sl="28" sc="9" el="28" ec="10" />
              </SequencePoints>
              <BranchPoints />
              <MethodPoint xsi:type="SequencePoint" vc="0" uspid="3593" ordinal="0" offset="0" sl="25" sc="9" el="25" ec="48" />
            </Method>
            <Method visited="false" cyclomaticComplexity="1" sequenceCoverage="0" branchCoverage="0" isConstructor="false" isStatic="false" isGetter="false" isSetter="false">
              <Summary numSequencePoints="0" visitedSequencePoints="0" numBranchPoints="0" visitedBranchPoints="0" sequenceCoverage="0" branchCoverage="0" maxCyclomaticComplexity="1" minCyclomaticComplexity="1" />
              <MetadataToken>100663889</MetadataToken>
              <Name>System.Collections.Generic.IEnumerable`1&lt;SigStat.Common.Signer&gt; SigStat.Common.Loaders.ImageLoader::EnumerateSigners(System.Predicate`1&lt;SigStat.Common.Signer&gt;)</Name>
              <SequencePoints />
              <BranchPoints />
              <MethodPoint vc="0" uspid="3596" ordinal="0" offset="0" />
            </Method>
            <Method visited="false" cyclomaticComplexity="1" sequenceCoverage="0" branchCoverage="0" isConstructor="false" isStatic="true" isGetter="false" isSetter="false">
              <Summary numSequencePoints="3" visitedSequencePoints="0" numBranchPoints="1" visitedBranchPoints="0" sequenceCoverage="0" branchCoverage="0" maxCyclomaticComplexity="1" minCyclomaticComplexity="1" />
              <MetadataToken>100663890</MetadataToken>
              <Name>SigStat.Common.Signature SigStat.Common.Loaders.ImageLoader::LoadSignature(System.String)</Name>
              <FileRef uid="117" />
              <SequencePoints>
                <SequencePoint vc="0" uspid="3597" ordinal="0" offset="0" sl="89" sc="13" el="93" ec="15" />
                <SequencePoint vc="0" uspid="3598" ordinal="1" offset="25" sl="94" sc="13" el="94" ec="40" />
                <SequencePoint vc="0" uspid="3599" ordinal="2" offset="32" sl="95" sc="13" el="95" ec="30" />
              </SequencePoints>
              <BranchPoints />
              <MethodPoint xsi:type="SequencePoint" vc="0" uspid="3597" ordinal="0" offset="0" sl="89" sc="13" el="93" ec="15" />
            </Method>
            <Method visited="false" cyclomaticComplexity="1" sequenceCoverage="0" branchCoverage="0" isConstructor="false" isStatic="true" isGetter="false" isSetter="false">
              <Summary numSequencePoints="3" visitedSequencePoints="0" numBranchPoints="1" visitedBranchPoints="0" sequenceCoverage="0" branchCoverage="0" maxCyclomaticComplexity="1" minCyclomaticComplexity="1" />
              <MetadataToken>100663891</MetadataToken>
              <Name>System.Void SigStat.Common.Loaders.ImageLoader::LoadImage(SigStat.Common.Signature,System.String)</Name>
              <FileRef uid="117" />
              <SequencePoints>
                <SequencePoint vc="0" uspid="3600" ordinal="0" offset="0" sl="106" sc="13" el="106" ec="52" />
                <SequencePoint vc="0" uspid="3601" ordinal="1" offset="7" sl="107" sc="13" el="107" ec="57" />
                <SequencePoint vc="0" uspid="3602" ordinal="2" offset="19" sl="108" sc="9" el="108" ec="10" />
              </SequencePoints>
              <BranchPoints />
              <MethodPoint xsi:type="SequencePoint" vc="0" uspid="3600" ordinal="0" offset="0" sl="106" sc="13" el="106" ec="52" />
            </Method>
          </Methods>
        </Class>
        <Class>
          <Summary numSequencePoints="13" visitedSequencePoints="0" numBranchPoints="9" visitedBranchPoints="0" sequenceCoverage="0" branchCoverage="0" maxCyclomaticComplexity="2" minCyclomaticComplexity="1" />
          <FullName>SigStat.Common.Loaders.ImageLoader/SignatureFile</FullName>
          <Methods>
            <Method visited="false" cyclomaticComplexity="1" sequenceCoverage="0" branchCoverage="0" isConstructor="false" isStatic="false" isGetter="true" isSetter="false">
              <Summary numSequencePoints="1" visitedSequencePoints="0" numBranchPoints="1" visitedBranchPoints="0" sequenceCoverage="0" branchCoverage="0" maxCyclomaticComplexity="1" minCyclomaticComplexity="1" />
              <MetadataToken>100664294</MetadataToken>
              <Name>System.String SigStat.Common.Loaders.ImageLoader/SignatureFile::get_File()</Name>
              <FileRef uid="117" />
              <SequencePoints>
                <SequencePoint vc="0" uspid="3603" ordinal="0" offset="0" sl="32" sc="34" el="32" ec="38" />
              </SequencePoints>
              <BranchPoints />
              <MethodPoint xsi:type="SequencePoint" vc="0" uspid="3603" ordinal="0" offset="0" sl="32" sc="34" el="32" ec="38" />
            </Method>
            <Method visited="false" cyclomaticComplexity="1" sequenceCoverage="0" branchCoverage="0" isConstructor="false" isStatic="false" isGetter="false" isSetter="true">
              <Summary numSequencePoints="1" visitedSequencePoints="0" numBranchPoints="1" visitedBranchPoints="0" sequenceCoverage="0" branchCoverage="0" maxCyclomaticComplexity="1" minCyclomaticComplexity="1" />
              <MetadataToken>100664295</MetadataToken>
              <Name>System.Void SigStat.Common.Loaders.ImageLoader/SignatureFile::set_File(System.String)</Name>
              <FileRef uid="117" />
              <SequencePoints>
                <SequencePoint vc="0" uspid="3604" ordinal="0" offset="0" sl="32" sc="39" el="32" ec="43" />
              </SequencePoints>
              <BranchPoints />
              <MethodPoint xsi:type="SequencePoint" vc="0" uspid="3604" ordinal="0" offset="0" sl="32" sc="39" el="32" ec="43" />
            </Method>
            <Method visited="false" cyclomaticComplexity="1" sequenceCoverage="0" branchCoverage="0" isConstructor="false" isStatic="false" isGetter="true" isSetter="false">
              <Summary numSequencePoints="1" visitedSequencePoints="0" numBranchPoints="1" visitedBranchPoints="0" sequenceCoverage="0" branchCoverage="0" maxCyclomaticComplexity="1" minCyclomaticComplexity="1" />
              <MetadataToken>100664296</MetadataToken>
              <Name>System.String SigStat.Common.Loaders.ImageLoader/SignatureFile::get_SignerID()</Name>
              <FileRef uid="117" />
              <SequencePoints>
                <SequencePoint vc="0" uspid="3605" ordinal="0" offset="0" sl="33" sc="38" el="33" ec="42" />
              </SequencePoints>
              <BranchPoints />
              <MethodPoint xsi:type="SequencePoint" vc="0" uspid="3605" ordinal="0" offset="0" sl="33" sc="38" el="33" ec="42" />
            </Method>
            <Method visited="false" cyclomaticComplexity="1" sequenceCoverage="0" branchCoverage="0" isConstructor="false" isStatic="false" isGetter="false" isSetter="true">
              <Summary numSequencePoints="1" visitedSequencePoints="0" numBranchPoints="1" visitedBranchPoints="0" sequenceCoverage="0" branchCoverage="0" maxCyclomaticComplexity="1" minCyclomaticComplexity="1" />
              <MetadataToken>100664297</MetadataToken>
              <Name>System.Void SigStat.Common.Loaders.ImageLoader/SignatureFile::set_SignerID(System.String)</Name>
              <FileRef uid="117" />
              <SequencePoints>
                <SequencePoint vc="0" uspid="3606" ordinal="0" offset="0" sl="33" sc="43" el="33" ec="47" />
              </SequencePoints>
              <BranchPoints />
              <MethodPoint xsi:type="SequencePoint" vc="0" uspid="3606" ordinal="0" offset="0" sl="33" sc="43" el="33" ec="47" />
            </Method>
            <Method visited="false" cyclomaticComplexity="1" sequenceCoverage="0" branchCoverage="0" isConstructor="false" isStatic="false" isGetter="true" isSetter="false">
              <Summary numSequencePoints="1" visitedSequencePoints="0" numBranchPoints="1" visitedBranchPoints="0" sequenceCoverage="0" branchCoverage="0" maxCyclomaticComplexity="1" minCyclomaticComplexity="1" />
              <MetadataToken>100664298</MetadataToken>
              <Name>System.String SigStat.Common.Loaders.ImageLoader/SignatureFile::get_SignatureID()</Name>
              <FileRef uid="117" />
              <SequencePoints>
                <SequencePoint vc="0" uspid="3607" ordinal="0" offset="0" sl="34" sc="41" el="34" ec="45" />
              </SequencePoints>
              <BranchPoints />
              <MethodPoint xsi:type="SequencePoint" vc="0" uspid="3607" ordinal="0" offset="0" sl="34" sc="41" el="34" ec="45" />
            </Method>
            <Method visited="false" cyclomaticComplexity="1" sequenceCoverage="0" branchCoverage="0" isConstructor="false" isStatic="false" isGetter="false" isSetter="true">
              <Summary numSequencePoints="1" visitedSequencePoints="0" numBranchPoints="1" visitedBranchPoints="0" sequenceCoverage="0" branchCoverage="0" maxCyclomaticComplexity="1" minCyclomaticComplexity="1" />
              <MetadataToken>100664299</MetadataToken>
              <Name>System.Void SigStat.Common.Loaders.ImageLoader/SignatureFile::set_SignatureID(System.String)</Name>
              <FileRef uid="117" />
              <SequencePoints>
                <SequencePoint vc="0" uspid="3608" ordinal="0" offset="0" sl="34" sc="46" el="34" ec="50" />
              </SequencePoints>
              <BranchPoints />
              <MethodPoint xsi:type="SequencePoint" vc="0" uspid="3608" ordinal="0" offset="0" sl="34" sc="46" el="34" ec="50" />
            </Method>
            <Method visited="false" cyclomaticComplexity="2" sequenceCoverage="0" branchCoverage="0" isConstructor="true" isStatic="false" isGetter="false" isSetter="false">
              <Summary numSequencePoints="7" visitedSequencePoints="0" numBranchPoints="3" visitedBranchPoints="0" sequenceCoverage="0" branchCoverage="0" maxCyclomaticComplexity="2" minCyclomaticComplexity="2" />
              <MetadataToken>100664300</MetadataToken>
              <Name>System.Void SigStat.Common.Loaders.ImageLoader/SignatureFile::.ctor(System.String)</Name>
              <FileRef uid="117" />
              <SequencePoints>
                <SequencePoint vc="0" uspid="3609" ordinal="0" offset="0" sl="38" sc="17" el="38" ec="29" />
                <SequencePoint vc="0" uspid="3610" ordinal="1" offset="7" sl="39" sc="17" el="39" ec="96" />
                <SequencePoint vc="0" uspid="3611" ordinal="2" offset="45" sl="40" sc="17" el="40" ec="39" />
                <SequencePoint vc="0" uspid="3612" ordinal="3" offset="51" sl="42" sc="21" el="42" ec="134" />
                <SequencePoint vc="0" uspid="3613" ordinal="4" offset="62" sl="44" sc="17" el="44" ec="53" />
                <SequencePoint vc="0" uspid="3614" ordinal="5" offset="79" sl="45" sc="17" el="45" ec="56" />
                <SequencePoint vc="0" uspid="3615" ordinal="6" offset="96" sl="46" sc="13" el="46" ec="14" />
              </SequencePoints>
              <BranchPoints>
                <BranchPoint vc="0" uspid="3616" ordinal="0" offset="49" path="0" />
                <BranchPoint vc="0" uspid="3617" ordinal="1" offset="49" path="1" />
              </BranchPoints>
              <MethodPoint xsi:type="SequencePoint" vc="0" uspid="3609" ordinal="0" offset="0" sl="38" sc="17" el="38" ec="29" />
            </Method>
          </Methods>
        </Class>
        <Class>
          <Summary numSequencePoints="2" visitedSequencePoints="0" numBranchPoints="2" visitedBranchPoints="0" sequenceCoverage="0" branchCoverage="0" maxCyclomaticComplexity="1" minCyclomaticComplexity="1" />
          <FullName>SigStat.Common.Loaders.ImageLoader/&lt;&gt;c</FullName>
          <Methods>
            <Method visited="false" cyclomaticComplexity="1" sequenceCoverage="0" branchCoverage="0" isConstructor="true" isStatic="true" isGetter="false" isSetter="false">
              <Summary numSequencePoints="0" visitedSequencePoints="0" numBranchPoints="0" visitedBranchPoints="0" sequenceCoverage="0" branchCoverage="0" maxCyclomaticComplexity="1" minCyclomaticComplexity="1" />
              <MetadataToken>100664301</MetadataToken>
              <Name>System.Void SigStat.Common.Loaders.ImageLoader/&lt;&gt;c::.cctor()</Name>
              <SequencePoints />
              <BranchPoints />
              <MethodPoint vc="0" uspid="3618" ordinal="0" offset="0" />
            </Method>
            <Method visited="false" cyclomaticComplexity="1" sequenceCoverage="0" branchCoverage="0" isConstructor="true" isStatic="false" isGetter="false" isSetter="false">
              <Summary numSequencePoints="0" visitedSequencePoints="0" numBranchPoints="0" visitedBranchPoints="0" sequenceCoverage="0" branchCoverage="0" maxCyclomaticComplexity="1" minCyclomaticComplexity="1" />
              <MetadataToken>100664302</MetadataToken>
              <Name>System.Void SigStat.Common.Loaders.ImageLoader/&lt;&gt;c::.ctor()</Name>
              <SequencePoints />
              <BranchPoints />
              <MethodPoint vc="0" uspid="3619" ordinal="0" offset="0" />
            </Method>
            <Method visited="false" cyclomaticComplexity="1" sequenceCoverage="0" branchCoverage="0" isConstructor="false" isStatic="false" isGetter="false" isSetter="false">
              <Summary numSequencePoints="1" visitedSequencePoints="0" numBranchPoints="1" visitedBranchPoints="0" sequenceCoverage="0" branchCoverage="0" maxCyclomaticComplexity="1" minCyclomaticComplexity="1" />
              <MetadataToken>100664303</MetadataToken>
              <Name>SigStat.Common.Loaders.ImageLoader/SignatureFile SigStat.Common.Loaders.ImageLoader/&lt;&gt;c::&lt;EnumerateSigners&gt;b__3_0(System.String)</Name>
              <FileRef uid="117" />
              <SequencePoints>
                <SequencePoint vc="0" uspid="3620" ordinal="0" offset="0" sl="54" sc="30" el="54" ec="50" />
              </SequencePoints>
              <BranchPoints />
              <MethodPoint xsi:type="SequencePoint" vc="0" uspid="3620" ordinal="0" offset="0" sl="54" sc="30" el="54" ec="50" />
            </Method>
            <Method visited="false" cyclomaticComplexity="1" sequenceCoverage="0" branchCoverage="0" isConstructor="false" isStatic="false" isGetter="false" isSetter="false">
              <Summary numSequencePoints="1" visitedSequencePoints="0" numBranchPoints="1" visitedBranchPoints="0" sequenceCoverage="0" branchCoverage="0" maxCyclomaticComplexity="1" minCyclomaticComplexity="1" />
              <MetadataToken>100664304</MetadataToken>
              <Name>System.String SigStat.Common.Loaders.ImageLoader/&lt;&gt;c::&lt;EnumerateSigners&gt;b__3_1(SigStat.Common.Loaders.ImageLoader/SignatureFile)</Name>
              <FileRef uid="117" />
              <SequencePoints>
                <SequencePoint vc="0" uspid="3621" ordinal="0" offset="0" sl="55" sc="32" el="55" ec="43" />
              </SequencePoints>
              <BranchPoints />
              <MethodPoint xsi:type="SequencePoint" vc="0" uspid="3621" ordinal="0" offset="0" sl="55" sc="32" el="55" ec="43" />
            </Method>
          </Methods>
        </Class>
        <Class>
          <Summary numSequencePoints="17" visitedSequencePoints="0" numBranchPoints="31" visitedBranchPoints="0" sequenceCoverage="0" branchCoverage="0" maxCyclomaticComplexity="12" minCyclomaticComplexity="1" />
          <FullName>SigStat.Common.Loaders.ImageLoader/&lt;EnumerateSigners&gt;d__3</FullName>
          <Methods>
            <Method visited="false" cyclomaticComplexity="1" sequenceCoverage="0" branchCoverage="0" isConstructor="false" isStatic="false" isGetter="true" isSetter="false">
              <Summary numSequencePoints="0" visitedSequencePoints="0" numBranchPoints="0" visitedBranchPoints="0" sequenceCoverage="0" branchCoverage="0" maxCyclomaticComplexity="1" minCyclomaticComplexity="1" />
              <MetadataToken>100664309</MetadataToken>
              <Name>SigStat.Common.Signer SigStat.Common.Loaders.ImageLoader/&lt;EnumerateSigners&gt;d__3::System.Collections.Generic.IEnumerator&lt;SigStat.Common.Signer&gt;.get_Current()</Name>
              <SequencePoints />
              <BranchPoints />
              <MethodPoint vc="0" uspid="3622" ordinal="0" offset="0" />
            </Method>
            <Method visited="false" cyclomaticComplexity="1" sequenceCoverage="0" branchCoverage="0" isConstructor="false" isStatic="false" isGetter="true" isSetter="false">
              <Summary numSequencePoints="0" visitedSequencePoints="0" numBranchPoints="0" visitedBranchPoints="0" sequenceCoverage="0" branchCoverage="0" maxCyclomaticComplexity="1" minCyclomaticComplexity="1" />
              <MetadataToken>100664311</MetadataToken>
              <Name>System.Object SigStat.Common.Loaders.ImageLoader/&lt;EnumerateSigners&gt;d__3::System.Collections.IEnumerator.get_Current()</Name>
              <SequencePoints />
              <BranchPoints />
              <MethodPoint vc="0" uspid="3623" ordinal="0" offset="0" />
            </Method>
            <Method visited="false" cyclomaticComplexity="1" sequenceCoverage="0" branchCoverage="0" isConstructor="true" isStatic="false" isGetter="false" isSetter="false">
              <Summary numSequencePoints="0" visitedSequencePoints="0" numBranchPoints="0" visitedBranchPoints="0" sequenceCoverage="0" branchCoverage="0" maxCyclomaticComplexity="1" minCyclomaticComplexity="1" />
              <MetadataToken>100664305</MetadataToken>
              <Name>System.Void SigStat.Common.Loaders.ImageLoader/&lt;EnumerateSigners&gt;d__3::.ctor(System.Int32)</Name>
              <SequencePoints />
              <BranchPoints />
              <MethodPoint vc="0" uspid="3624" ordinal="0" offset="0" />
            </Method>
            <Method visited="false" cyclomaticComplexity="3" sequenceCoverage="0" branchCoverage="0" isConstructor="false" isStatic="false" isGetter="false" isSetter="false">
              <Summary numSequencePoints="0" visitedSequencePoints="0" numBranchPoints="4" visitedBranchPoints="0" sequenceCoverage="0" branchCoverage="0" maxCyclomaticComplexity="3" minCyclomaticComplexity="3" />
              <MetadataToken>100664306</MetadataToken>
              <Name>System.Void SigStat.Common.Loaders.ImageLoader/&lt;EnumerateSigners&gt;d__3::System.IDisposable.Dispose()</Name>
              <SequencePoints />
              <BranchPoints>
                <BranchPoint vc="0" uspid="3626" ordinal="0" offset="10" path="0" />
                <BranchPoint vc="0" uspid="3627" ordinal="1" offset="10" path="1" />
                <BranchPoint vc="0" uspid="3628" ordinal="2" offset="14" path="0" />
                <BranchPoint vc="0" uspid="3629" ordinal="3" offset="14" path="1" />
              </BranchPoints>
              <MethodPoint vc="0" uspid="3625" ordinal="0" offset="0" />
            </Method>
            <Method visited="false" cyclomaticComplexity="12" sequenceCoverage="0" branchCoverage="0" isConstructor="false" isStatic="false" isGetter="false" isSetter="false">
              <Summary numSequencePoints="17" visitedSequencePoints="0" numBranchPoints="21" visitedBranchPoints="0" sequenceCoverage="0" branchCoverage="0" maxCyclomaticComplexity="12" minCyclomaticComplexity="12" />
              <MetadataToken>100664307</MetadataToken>
              <Name>System.Boolean SigStat.Common.Loaders.ImageLoader/&lt;EnumerateSigners&gt;d__3::MoveNext()</Name>
              <FileRef uid="117" />
              <SequencePoints>
                <SequencePoint vc="0" uspid="3630" ordinal="0" offset="38" sl="52" sc="13" el="52" ec="65" />
                <SequencePoint vc="0" uspid="3631" ordinal="1" offset="54" sl="53" sc="13" el="55" ec="45" />
                <SequencePoint vc="0" uspid="3632" ordinal="2" offset="143" sl="58" sc="35" el="58" ec="50" />
                <SequencePoint vc="0" uspid="3633" ordinal="3" offset="168" sl="58" sc="22" el="58" ec="31" />
                <SequencePoint vc="0" uspid="3634" ordinal="4" offset="181" sl="60" sc="17" el="60" ec="63" />
                <SequencePoint vc="0" uspid="3635" ordinal="5" offset="201" sl="62" sc="17" el="62" ec="67" />
                <SequencePoint vc="0" uspid="3636" ordinal="6" offset="227" sl="66" sc="47" el="66" ec="52" />
                <SequencePoint vc="0" uspid="3637" ordinal="7" offset="238" sl="66" sc="26" el="66" ec="43" />
                <SequencePoint vc="0" uspid="3638" ordinal="8" offset="247" sl="68" sc="21" el="72" ec="23" />
                <SequencePoint vc="0" uspid="3639" ordinal="9" offset="275" sl="73" sc="21" el="73" ec="62" />
                <SequencePoint vc="0" uspid="3640" ordinal="10" offset="289" sl="74" sc="21" el="74" ec="102" />
                <SequencePoint vc="0" uspid="3641" ordinal="11" offset="316" sl="75" sc="21" el="75" ec="54" />
                <SequencePoint vc="0" uspid="3642" ordinal="12" offset="330" sl="66" sc="44" el="66" ec="46" />
                <SequencePoint vc="0" uspid="3643" ordinal="13" offset="353" sl="77" sc="17" el="77" ec="37" />
                <SequencePoint vc="0" uspid="3644" ordinal="14" offset="380" sl="58" sc="32" el="58" ec="34" />
                <SequencePoint vc="0" uspid="3645" ordinal="15" offset="409" sl="79" sc="13" el="79" ec="66" />
                <SequencePoint vc="0" uspid="3646" ordinal="16" offset="425" sl="80" sc="9" el="80" ec="10" />
              </SequencePoints>
              <BranchPoints>
                <BranchPoint vc="0" uspid="3648" ordinal="0" offset="15" path="0" />
                <BranchPoint vc="0" uspid="3649" ordinal="1" offset="15" path="1" />
                <BranchPoint vc="0" uspid="3650" ordinal="2" offset="19" path="0" />
                <BranchPoint vc="0" uspid="3651" ordinal="3" offset="19" path="1" />
                <BranchPoint vc="0" uspid="3652" ordinal="4" offset="76" path="0" />
                <BranchPoint vc="0" uspid="3653" ordinal="5" offset="76" path="1" />
                <BranchPoint vc="0" uspid="3654" ordinal="6" offset="112" path="0" />
                <BranchPoint vc="0" uspid="3655" ordinal="7" offset="112" path="1" />
                <BranchPoint vc="0" uspid="3656" ordinal="8" offset="207" path="0" />
                <BranchPoint vc="0" uspid="3657" ordinal="9" offset="207" path="1" />
                <BranchPoint vc="0" uspid="3658" ordinal="10" offset="222" path="0" />
                <BranchPoint vc="0" uspid="3659" ordinal="11" offset="222" path="1" />
                <BranchPoint vc="0" uspid="3660" ordinal="12" offset="305" path="0" />
                <BranchPoint vc="0" uspid="3661" ordinal="13" offset="305" path="1" />
                <BranchPoint vc="0" uspid="3662" ordinal="14" offset="337" path="0" />
                <BranchPoint vc="0" uspid="3663" ordinal="15" offset="337" path="1" />
                <BranchPoint vc="0" uspid="3664" ordinal="16" offset="343" path="0" />
                <BranchPoint vc="0" uspid="3665" ordinal="17" offset="343" path="1" />
                <BranchPoint vc="0" uspid="3666" ordinal="18" offset="391" path="0" />
                <BranchPoint vc="0" uspid="3667" ordinal="19" offset="391" path="1" />
              </BranchPoints>
              <MethodPoint vc="0" uspid="3647" ordinal="0" offset="0" />
            </Method>
            <Method visited="false" cyclomaticComplexity="2" sequenceCoverage="0" branchCoverage="0" isConstructor="false" isStatic="false" isGetter="false" isSetter="false">
              <Summary numSequencePoints="0" visitedSequencePoints="0" numBranchPoints="2" visitedBranchPoints="0" sequenceCoverage="0" branchCoverage="0" maxCyclomaticComplexity="2" minCyclomaticComplexity="2" />
              <MetadataToken>100664308</MetadataToken>
              <Name>System.Void SigStat.Common.Loaders.ImageLoader/&lt;EnumerateSigners&gt;d__3::&lt;&gt;m__Finally1()</Name>
              <SequencePoints />
              <BranchPoints>
                <BranchPoint vc="0" uspid="3669" ordinal="0" offset="13" path="0" />
                <BranchPoint vc="0" uspid="3670" ordinal="1" offset="13" path="1" />
              </BranchPoints>
              <MethodPoint vc="0" uspid="3668" ordinal="0" offset="0" />
            </Method>
            <Method visited="false" cyclomaticComplexity="1" sequenceCoverage="0" branchCoverage="0" isConstructor="false" isStatic="false" isGetter="false" isSetter="false">
              <Summary numSequencePoints="0" visitedSequencePoints="0" numBranchPoints="0" visitedBranchPoints="0" sequenceCoverage="0" branchCoverage="0" maxCyclomaticComplexity="1" minCyclomaticComplexity="1" />
              <MetadataToken>100664310</MetadataToken>
              <Name>System.Void SigStat.Common.Loaders.ImageLoader/&lt;EnumerateSigners&gt;d__3::System.Collections.IEnumerator.Reset()</Name>
              <SequencePoints />
              <BranchPoints />
              <MethodPoint vc="0" uspid="3671" ordinal="0" offset="0" />
            </Method>
            <Method visited="false" cyclomaticComplexity="3" sequenceCoverage="0" branchCoverage="0" isConstructor="false" isStatic="false" isGetter="false" isSetter="false">
              <Summary numSequencePoints="0" visitedSequencePoints="0" numBranchPoints="4" visitedBranchPoints="0" sequenceCoverage="0" branchCoverage="0" maxCyclomaticComplexity="3" minCyclomaticComplexity="3" />
              <MetadataToken>100664312</MetadataToken>
              <Name>System.Collections.Generic.IEnumerator`1&lt;SigStat.Common.Signer&gt; SigStat.Common.Loaders.ImageLoader/&lt;EnumerateSigners&gt;d__3::System.Collections.Generic.IEnumerable&lt;SigStat.Common.Signer&gt;.GetEnumerator()</Name>
              <SequencePoints />
              <BranchPoints>
                <BranchPoint vc="0" uspid="3673" ordinal="0" offset="8" path="0" />
                <BranchPoint vc="0" uspid="3674" ordinal="1" offset="8" path="1" />
                <BranchPoint vc="0" uspid="3675" ordinal="2" offset="21" path="0" />
                <BranchPoint vc="0" uspid="3676" ordinal="3" offset="21" path="1" />
              </BranchPoints>
              <MethodPoint vc="0" uspid="3672" ordinal="0" offset="0" />
            </Method>
            <Method visited="false" cyclomaticComplexity="1" sequenceCoverage="0" branchCoverage="0" isConstructor="false" isStatic="false" isGetter="false" isSetter="false">
              <Summary numSequencePoints="0" visitedSequencePoints="0" numBranchPoints="0" visitedBranchPoints="0" sequenceCoverage="0" branchCoverage="0" maxCyclomaticComplexity="1" minCyclomaticComplexity="1" />
              <MetadataToken>100664313</MetadataToken>
              <Name>System.Collections.IEnumerator SigStat.Common.Loaders.ImageLoader/&lt;EnumerateSigners&gt;d__3::System.Collections.IEnumerable.GetEnumerator()</Name>
              <SequencePoints />
              <BranchPoints />
              <MethodPoint vc="0" uspid="3677" ordinal="0" offset="0" />
            </Method>
          </Methods>
        </Class>
        <Class>
          <Summary numSequencePoints="3" visitedSequencePoints="0" numBranchPoints="1" visitedBranchPoints="0" sequenceCoverage="0" branchCoverage="0" maxCyclomaticComplexity="1" minCyclomaticComplexity="1" />
          <FullName>SigStat.Common.Loaders.ImageSaver</FullName>
          <Methods>
            <Method visited="false" cyclomaticComplexity="1" sequenceCoverage="0" branchCoverage="0" isConstructor="false" isStatic="true" isGetter="false" isSetter="false">
              <Summary numSequencePoints="3" visitedSequencePoints="0" numBranchPoints="1" visitedBranchPoints="0" sequenceCoverage="0" branchCoverage="0" maxCyclomaticComplexity="1" minCyclomaticComplexity="1" />
              <MetadataToken>100663892</MetadataToken>
              <Name>System.Void SigStat.Common.Loaders.ImageSaver::Save(SigStat.Common.Signature,System.String)</Name>
              <FileRef uid="121" />
              <SequencePoints>
                <SequencePoint vc="0" uspid="3678" ordinal="0" offset="0" sl="23" sc="13" el="23" ec="70" />
                <SequencePoint vc="0" uspid="3679" ordinal="1" offset="12" sl="24" sc="13" el="24" ec="46" />
                <SequencePoint vc="0" uspid="3680" ordinal="2" offset="24" sl="25" sc="9" el="25" ec="10" />
              </SequencePoints>
              <BranchPoints />
              <MethodPoint xsi:type="SequencePoint" vc="0" uspid="3678" ordinal="0" offset="0" sl="23" sc="13" el="23" ec="70" />
            </Method>
          </Methods>
        </Class>
        <Class>
          <Summary numSequencePoints="68" visitedSequencePoints="0" numBranchPoints="18" visitedBranchPoints="0" sequenceCoverage="0" branchCoverage="0" maxCyclomaticComplexity="8" minCyclomaticComplexity="1" />
          <FullName>SigStat.Common.Loaders.MCYTLoader</FullName>
          <Methods>
            <Method visited="false" cyclomaticComplexity="1" sequenceCoverage="0" branchCoverage="0" isConstructor="false" isStatic="false" isGetter="true" isSetter="false">
              <Summary numSequencePoints="1" visitedSequencePoints="0" numBranchPoints="1" visitedBranchPoints="0" sequenceCoverage="0" branchCoverage="0" maxCyclomaticComplexity="1" minCyclomaticComplexity="1" />
              <MetadataToken>100663894</MetadataToken>
              <Name>System.String SigStat.Common.Loaders.MCYTLoader::get_DatabasePath()</Name>
              <FileRef uid="122" />
              <SequencePoints>
                <SequencePoint vc="0" uspid="3681" ordinal="0" offset="0" sl="66" sc="39" el="66" ec="43" />
              </SequencePoints>
              <BranchPoints />
              <MethodPoint xsi:type="SequencePoint" vc="0" uspid="3681" ordinal="0" offset="0" sl="66" sc="39" el="66" ec="43" />
            </Method>
            <Method visited="false" cyclomaticComplexity="1" sequenceCoverage="0" branchCoverage="0" isConstructor="false" isStatic="false" isGetter="true" isSetter="false">
              <Summary numSequencePoints="1" visitedSequencePoints="0" numBranchPoints="1" visitedBranchPoints="0" sequenceCoverage="0" branchCoverage="0" maxCyclomaticComplexity="1" minCyclomaticComplexity="1" />
              <MetadataToken>100663895</MetadataToken>
              <Name>System.Boolean SigStat.Common.Loaders.MCYTLoader::get_StandardFeatures()</Name>
              <FileRef uid="122" />
              <SequencePoints>
                <SequencePoint vc="0" uspid="3682" ordinal="0" offset="0" sl="67" sc="41" el="67" ec="45" />
              </SequencePoints>
              <BranchPoints />
              <MethodPoint xsi:type="SequencePoint" vc="0" uspid="3682" ordinal="0" offset="0" sl="67" sc="41" el="67" ec="45" />
            </Method>
            <Method visited="false" cyclomaticComplexity="1" sequenceCoverage="0" branchCoverage="0" isConstructor="true" isStatic="false" isGetter="false" isSetter="false">
              <Summary numSequencePoints="4" visitedSequencePoints="0" numBranchPoints="1" visitedBranchPoints="0" sequenceCoverage="0" branchCoverage="0" maxCyclomaticComplexity="1" minCyclomaticComplexity="1" />
              <MetadataToken>100663893</MetadataToken>
              <Name>System.Void SigStat.Common.Loaders.MCYTLoader::.ctor(System.String,System.Boolean)</Name>
              <FileRef uid="122" />
              <SequencePoints>
                <SequencePoint vc="0" uspid="3683" ordinal="0" offset="0" sl="60" sc="9" el="60" ec="70" />
                <SequencePoint vc="0" uspid="3684" ordinal="1" offset="6" sl="62" sc="13" el="62" ec="41" />
                <SequencePoint vc="0" uspid="3685" ordinal="2" offset="13" sl="63" sc="13" el="63" ec="49" />
                <SequencePoint vc="0" uspid="3686" ordinal="3" offset="20" sl="64" sc="9" el="64" ec="10" />
              </SequencePoints>
              <BranchPoints />
              <MethodPoint xsi:type="SequencePoint" vc="0" uspid="3683" ordinal="0" offset="0" sl="60" sc="9" el="60" ec="70" />
            </Method>
            <Method visited="false" cyclomaticComplexity="1" sequenceCoverage="0" branchCoverage="0" isConstructor="false" isStatic="false" isGetter="false" isSetter="false">
              <Summary numSequencePoints="0" visitedSequencePoints="0" numBranchPoints="0" visitedBranchPoints="0" sequenceCoverage="0" branchCoverage="0" maxCyclomaticComplexity="1" minCyclomaticComplexity="1" />
              <MetadataToken>100663896</MetadataToken>
              <Name>System.Collections.Generic.IEnumerable`1&lt;SigStat.Common.Signer&gt; SigStat.Common.Loaders.MCYTLoader::EnumerateSigners(System.Predicate`1&lt;SigStat.Common.Signer&gt;)</Name>
              <SequencePoints />
              <BranchPoints />
              <MethodPoint vc="0" uspid="3687" ordinal="0" offset="0" />
            </Method>
            <Method visited="false" cyclomaticComplexity="8" sequenceCoverage="0" branchCoverage="0" isConstructor="false" isStatic="true" isGetter="false" isSetter="false">
              <Summary numSequencePoints="62" visitedSequencePoints="0" numBranchPoints="15" visitedBranchPoints="0" sequenceCoverage="0" branchCoverage="0" maxCyclomaticComplexity="8" minCyclomaticComplexity="8" />
              <MetadataToken>100663897</MetadataToken>
              <Name>System.Void SigStat.Common.Loaders.MCYTLoader::LoadSignature(SigStat.Common.Signature,System.IO.MemoryStream,System.Boolean)</Name>
              <FileRef uid="122" />
              <SequencePoints>
                <SequencePoint vc="0" uspid="3688" ordinal="0" offset="0" sl="126" sc="13" el="126" ec="60" />
                <SequencePoint vc="0" uspid="3689" ordinal="1" offset="7" sl="127" sc="13" el="127" ec="43" />
                <SequencePoint vc="0" uspid="3690" ordinal="2" offset="15" sl="128" sc="13" el="128" ec="45" />
                <SequencePoint vc="0" uspid="3691" ordinal="3" offset="22" sl="129" sc="13" el="129" ec="25" />
                <SequencePoint vc="0" uspid="3692" ordinal="4" offset="24" sl="130" sc="13" el="130" ec="48" />
                <SequencePoint vc="0" uspid="3693" ordinal="5" offset="34" sl="132" sc="17" el="132" ec="25" />
                <SequencePoint vc="0" uspid="3694" ordinal="6" offset="36" sl="134" sc="13" el="134" ec="49" />
                <SequencePoint vc="0" uspid="3695" ordinal="7" offset="44" sl="136" sc="13" el="136" ec="41" />
                <SequencePoint vc="0" uspid="3696" ordinal="8" offset="52" sl="137" sc="13" el="137" ec="43" />
                <SequencePoint vc="0" uspid="3697" ordinal="9" offset="60" sl="138" sc="13" el="138" ec="42" />
                <SequencePoint vc="0" uspid="3698" ordinal="10" offset="68" sl="139" sc="13" el="139" ec="43" />
                <SequencePoint vc="0" uspid="3699" ordinal="11" offset="76" sl="140" sc="13" el="140" ec="46" />
                <SequencePoint vc="0" uspid="3700" ordinal="12" offset="85" sl="141" sc="13" el="141" ec="44" />
                <SequencePoint vc="0" uspid="3701" ordinal="13" offset="93" sl="142" sc="13" el="142" ec="47" />
                <SequencePoint vc="0" uspid="3702" ordinal="14" offset="101" sl="143" sc="13" el="143" ec="49" />
                <SequencePoint vc="0" uspid="3703" ordinal="15" offset="109" sl="144" sc="13" el="144" ec="42" />
                <SequencePoint vc="0" uspid="3704" ordinal="16" offset="117" sl="145" sc="13" el="145" ec="24" />
                <SequencePoint vc="0" uspid="3705" ordinal="17" offset="120" sl="145" sc="26" el="145" ec="38" />
                <SequencePoint vc="0" uspid="3706" ordinal="18" offset="123" sl="145" sc="40" el="145" ec="54" />
                <SequencePoint vc="0" uspid="3707" ordinal="19" offset="126" sl="146" sc="13" el="146" ec="26" />
                <SequencePoint vc="0" uspid="3708" ordinal="20" offset="130" sl="148" sc="17" el="148" ec="42" />
                <SequencePoint vc="0" uspid="3709" ordinal="21" offset="138" sl="149" sc="17" el="149" ec="48" />
                <SequencePoint vc="0" uspid="3710" ordinal="22" offset="146" sl="150" sc="17" el="150" ec="50" />
                <SequencePoint vc="0" uspid="3711" ordinal="23" offset="154" sl="152" sc="13" el="152" ec="55" />
                <SequencePoint vc="0" uspid="3712" ordinal="24" offset="167" sl="153" sc="13" el="153" ec="45" />
                <SequencePoint vc="0" uspid="3713" ordinal="25" offset="175" sl="154" sc="13" el="154" ec="45" />
                <SequencePoint vc="0" uspid="3714" ordinal="26" offset="183" sl="155" sc="13" el="155" ec="46" />
                <SequencePoint vc="0" uspid="3715" ordinal="27" offset="191" sl="157" sc="13" el="157" ec="50" />
                <SequencePoint vc="0" uspid="3716" ordinal="28" offset="201" sl="159" sc="13" el="159" ec="27" />
                <SequencePoint vc="0" uspid="3717" ordinal="29" offset="207" sl="162" sc="18" el="162" ec="109" />
                <SequencePoint vc="0" uspid="3718" ordinal="30" offset="218" sl="165" sc="13" el="165" ec="49" />
                <SequencePoint vc="0" uspid="3719" ordinal="31" offset="225" sl="166" sc="13" el="166" ec="49" />
                <SequencePoint vc="0" uspid="3720" ordinal="32" offset="232" sl="167" sc="13" el="167" ec="56" />
                <SequencePoint vc="0" uspid="3721" ordinal="33" offset="239" sl="168" sc="13" el="168" ec="55" />
                <SequencePoint vc="0" uspid="3722" ordinal="34" offset="246" sl="169" sc="13" el="169" ec="56" />
                <SequencePoint vc="0" uspid="3723" ordinal="35" offset="253" sl="170" sc="18" el="170" ec="27" />
                <SequencePoint vc="0" uspid="3724" ordinal="36" offset="258" sl="172" sc="17" el="172" ec="44" />
                <SequencePoint vc="0" uspid="3725" ordinal="37" offset="272" sl="173" sc="17" el="173" ec="44" />
                <SequencePoint vc="0" uspid="3726" ordinal="38" offset="286" sl="174" sc="17" el="174" ec="51" />
                <SequencePoint vc="0" uspid="3727" ordinal="39" offset="300" sl="175" sc="17" el="175" ec="50" />
                <SequencePoint vc="0" uspid="3728" ordinal="40" offset="314" sl="176" sc="17" el="176" ec="51" />
                <SequencePoint vc="0" uspid="3729" ordinal="41" offset="328" sl="170" sc="44" el="170" ec="47" />
                <SequencePoint vc="0" uspid="3730" ordinal="42" offset="334" sl="170" sc="29" el="170" ec="42" />
                <SequencePoint vc="0" uspid="3731" ordinal="43" offset="342" sl="180" sc="13" el="180" ec="45" />
                <SequencePoint vc="0" uspid="3732" ordinal="44" offset="355" sl="181" sc="13" el="181" ec="45" />
                <SequencePoint vc="0" uspid="3733" ordinal="45" offset="368" sl="182" sc="13" el="182" ec="59" />
                <SequencePoint vc="0" uspid="3734" ordinal="46" offset="381" sl="183" sc="13" el="183" ec="57" />
                <SequencePoint vc="0" uspid="3735" ordinal="47" offset="394" sl="184" sc="13" el="184" ec="59" />
                <SequencePoint vc="0" uspid="3736" ordinal="48" offset="407" sl="185" sc="13" el="185" ec="33" />
                <SequencePoint vc="0" uspid="3737" ordinal="49" offset="413" sl="187" sc="17" el="187" ec="53" />
                <SequencePoint vc="0" uspid="3738" ordinal="50" offset="426" sl="188" sc="17" el="188" ec="53" />
                <SequencePoint vc="0" uspid="3739" ordinal="51" offset="439" sl="189" sc="17" el="189" ec="67" />
                <SequencePoint vc="0" uspid="3740" ordinal="52" offset="452" sl="190" sc="17" el="190" ec="65" />
                <SequencePoint vc="0" uspid="3741" ordinal="53" offset="465" sl="191" sc="17" el="191" ec="67" />
                <SequencePoint vc="0" uspid="3742" ordinal="54" offset="478" sl="194" sc="17" el="194" ec="56" />
                <SequencePoint vc="0" uspid="3743" ordinal="55" offset="485" sl="195" sc="22" el="195" ec="31" />
                <SequencePoint vc="0" uspid="3744" ordinal="56" offset="490" sl="197" sc="21" el="197" ec="38" />
                <SequencePoint vc="0" uspid="3745" ordinal="57" offset="503" sl="195" sc="46" el="195" ec="49" />
                <SequencePoint vc="0" uspid="3746" ordinal="58" offset="509" sl="195" sc="33" el="195" ec="44" />
                <SequencePoint vc="0" uspid="3747" ordinal="59" offset="520" sl="199" sc="17" el="199" ec="56" />
                <SequencePoint vc="0" uspid="3748" ordinal="60" offset="533" sl="201" sc="17" el="201" ec="98" />
                <SequencePoint vc="0" uspid="3749" ordinal="61" offset="562" sl="205" sc="9" el="205" ec="10" />
              </SequencePoints>
              <BranchPoints>
                <BranchPoint vc="0" uspid="3750" ordinal="0" offset="27" path="0" />
                <BranchPoint vc="0" uspid="3751" ordinal="1" offset="27" path="1" />
                <BranchPoint vc="0" uspid="3752" ordinal="2" offset="32" path="0" />
                <BranchPoint vc="0" uspid="3753" ordinal="3" offset="32" path="1" />
                <BranchPoint vc="0" uspid="3754" ordinal="4" offset="128" path="0" />
                <BranchPoint vc="0" uspid="3755" ordinal="5" offset="128" path="1" />
                <BranchPoint vc="0" uspid="3756" ordinal="6" offset="205" path="0" />
                <BranchPoint vc="0" uspid="3757" ordinal="7" offset="205" path="1" />
                <BranchPoint vc="0" uspid="3758" ordinal="8" offset="340" path="0" />
                <BranchPoint vc="0" uspid="3759" ordinal="9" offset="340" path="1" />
                <BranchPoint vc="0" uspid="3760" ordinal="10" offset="408" path="0" />
                <BranchPoint vc="0" uspid="3761" ordinal="11" offset="408" path="1" />
                <BranchPoint vc="0" uspid="3762" ordinal="12" offset="518" path="0" />
                <BranchPoint vc="0" uspid="3763" ordinal="13" offset="518" path="1" />
              </BranchPoints>
              <MethodPoint xsi:type="SequencePoint" vc="0" uspid="3688" ordinal="0" offset="0" sl="126" sc="13" el="126" ec="60" />
            </Method>
          </Methods>
        </Class>
        <Class>
          <Summary numSequencePoints="5" visitedSequencePoints="0" numBranchPoints="1" visitedBranchPoints="0" sequenceCoverage="0" branchCoverage="0" maxCyclomaticComplexity="1" minCyclomaticComplexity="1" />
          <FullName>SigStat.Common.Loaders.MCYTLoader/MCYT</FullName>
          <Methods>
            <Method visited="false" cyclomaticComplexity="1" sequenceCoverage="0" branchCoverage="0" isConstructor="true" isStatic="true" isGetter="false" isSetter="false">
              <Summary numSequencePoints="5" visitedSequencePoints="0" numBranchPoints="1" visitedBranchPoints="0" sequenceCoverage="0" branchCoverage="0" maxCyclomaticComplexity="1" minCyclomaticComplexity="1" />
              <MetadataToken>100664314</MetadataToken>
              <Name>System.Void SigStat.Common.Loaders.MCYTLoader/MCYT::.cctor()</Name>
              <FileRef uid="122" />
              <SequencePoints>
                <SequencePoint vc="0" uspid="3764" ordinal="0" offset="0" sl="20" sc="13" el="20" ec="112" />
                <SequencePoint vc="0" uspid="3765" ordinal="1" offset="15" sl="24" sc="13" el="24" ec="112" />
                <SequencePoint vc="0" uspid="3766" ordinal="2" offset="30" sl="28" sc="13" el="28" ec="124" />
                <SequencePoint vc="0" uspid="3767" ordinal="3" offset="45" sl="32" sc="13" el="32" ec="126" />
                <SequencePoint vc="0" uspid="3768" ordinal="4" offset="60" sl="36" sc="13" el="36" ec="126" />
              </SequencePoints>
              <BranchPoints />
              <MethodPoint xsi:type="SequencePoint" vc="0" uspid="3764" ordinal="0" offset="0" sl="20" sc="13" el="20" ec="112" />
            </Method>
          </Methods>
        </Class>
        <Class>
          <Summary numSequencePoints="17" visitedSequencePoints="0" numBranchPoints="11" visitedBranchPoints="0" sequenceCoverage="0" branchCoverage="0" maxCyclomaticComplexity="2" minCyclomaticComplexity="1" />
          <FullName>SigStat.Common.Loaders.MCYTLoader/MCYTSignatureFile</FullName>
          <Methods>
            <Method visited="false" cyclomaticComplexity="1" sequenceCoverage="0" branchCoverage="0" isConstructor="false" isStatic="false" isGetter="true" isSetter="false">
              <Summary numSequencePoints="1" visitedSequencePoints="0" numBranchPoints="1" visitedBranchPoints="0" sequenceCoverage="0" branchCoverage="0" maxCyclomaticComplexity="1" minCyclomaticComplexity="1" />
              <MetadataToken>100664315</MetadataToken>
              <Name>System.String SigStat.Common.Loaders.MCYTLoader/MCYTSignatureFile::get_FilePath()</Name>
              <FileRef uid="122" />
              <SequencePoints>
                <SequencePoint vc="0" uspid="3769" ordinal="0" offset="0" sl="41" sc="38" el="41" ec="42" />
              </SequencePoints>
              <BranchPoints />
              <MethodPoint xsi:type="SequencePoint" vc="0" uspid="3769" ordinal="0" offset="0" sl="41" sc="38" el="41" ec="42" />
            </Method>
            <Method visited="false" cyclomaticComplexity="1" sequenceCoverage="0" branchCoverage="0" isConstructor="false" isStatic="false" isGetter="false" isSetter="true">
              <Summary numSequencePoints="1" visitedSequencePoints="0" numBranchPoints="1" visitedBranchPoints="0" sequenceCoverage="0" branchCoverage="0" maxCyclomaticComplexity="1" minCyclomaticComplexity="1" />
              <MetadataToken>100664316</MetadataToken>
              <Name>System.Void SigStat.Common.Loaders.MCYTLoader/MCYTSignatureFile::set_FilePath(System.String)</Name>
              <FileRef uid="122" />
              <SequencePoints>
                <SequencePoint vc="0" uspid="3770" ordinal="0" offset="0" sl="41" sc="43" el="41" ec="47" />
              </SequencePoints>
              <BranchPoints />
              <MethodPoint xsi:type="SequencePoint" vc="0" uspid="3770" ordinal="0" offset="0" sl="41" sc="43" el="41" ec="47" />
            </Method>
            <Method visited="false" cyclomaticComplexity="1" sequenceCoverage="0" branchCoverage="0" isConstructor="false" isStatic="false" isGetter="true" isSetter="false">
              <Summary numSequencePoints="1" visitedSequencePoints="0" numBranchPoints="1" visitedBranchPoints="0" sequenceCoverage="0" branchCoverage="0" maxCyclomaticComplexity="1" minCyclomaticComplexity="1" />
              <MetadataToken>100664317</MetadataToken>
              <Name>System.String SigStat.Common.Loaders.MCYTLoader/MCYTSignatureFile::get_SignerID()</Name>
              <FileRef uid="122" />
              <SequencePoints>
                <SequencePoint vc="0" uspid="3771" ordinal="0" offset="0" sl="42" sc="38" el="42" ec="42" />
              </SequencePoints>
              <BranchPoints />
              <MethodPoint xsi:type="SequencePoint" vc="0" uspid="3771" ordinal="0" offset="0" sl="42" sc="38" el="42" ec="42" />
            </Method>
            <Method visited="false" cyclomaticComplexity="1" sequenceCoverage="0" branchCoverage="0" isConstructor="false" isStatic="false" isGetter="false" isSetter="true">
              <Summary numSequencePoints="1" visitedSequencePoints="0" numBranchPoints="1" visitedBranchPoints="0" sequenceCoverage="0" branchCoverage="0" maxCyclomaticComplexity="1" minCyclomaticComplexity="1" />
              <MetadataToken>100664318</MetadataToken>
              <Name>System.Void SigStat.Common.Loaders.MCYTLoader/MCYTSignatureFile::set_SignerID(System.String)</Name>
              <FileRef uid="122" />
              <SequencePoints>
                <SequencePoint vc="0" uspid="3772" ordinal="0" offset="0" sl="42" sc="43" el="42" ec="47" />
              </SequencePoints>
              <BranchPoints />
              <MethodPoint xsi:type="SequencePoint" vc="0" uspid="3772" ordinal="0" offset="0" sl="42" sc="43" el="42" ec="47" />
            </Method>
            <Method visited="false" cyclomaticComplexity="1" sequenceCoverage="0" branchCoverage="0" isConstructor="false" isStatic="false" isGetter="true" isSetter="false">
              <Summary numSequencePoints="1" visitedSequencePoints="0" numBranchPoints="1" visitedBranchPoints="0" sequenceCoverage="0" branchCoverage="0" maxCyclomaticComplexity="1" minCyclomaticComplexity="1" />
              <MetadataToken>100664319</MetadataToken>
              <Name>System.String SigStat.Common.Loaders.MCYTLoader/MCYTSignatureFile::get_SignatureID()</Name>
              <FileRef uid="122" />
              <SequencePoints>
                <SequencePoint vc="0" uspid="3773" ordinal="0" offset="0" sl="43" sc="41" el="43" ec="45" />
              </SequencePoints>
              <BranchPoints />
              <MethodPoint xsi:type="SequencePoint" vc="0" uspid="3773" ordinal="0" offset="0" sl="43" sc="41" el="43" ec="45" />
            </Method>
            <Method visited="false" cyclomaticComplexity="1" sequenceCoverage="0" branchCoverage="0" isConstructor="false" isStatic="false" isGetter="false" isSetter="true">
              <Summary numSequencePoints="1" visitedSequencePoints="0" numBranchPoints="1" visitedBranchPoints="0" sequenceCoverage="0" branchCoverage="0" maxCyclomaticComplexity="1" minCyclomaticComplexity="1" />
              <MetadataToken>100664320</MetadataToken>
              <Name>System.Void SigStat.Common.Loaders.MCYTLoader/MCYTSignatureFile::set_SignatureID(System.String)</Name>
              <FileRef uid="122" />
              <SequencePoints>
                <SequencePoint vc="0" uspid="3774" ordinal="0" offset="0" sl="43" sc="46" el="43" ec="50" />
              </SequencePoints>
              <BranchPoints />
              <MethodPoint xsi:type="SequencePoint" vc="0" uspid="3774" ordinal="0" offset="0" sl="43" sc="46" el="43" ec="50" />
            </Method>
            <Method visited="false" cyclomaticComplexity="1" sequenceCoverage="0" branchCoverage="0" isConstructor="false" isStatic="false" isGetter="true" isSetter="false">
              <Summary numSequencePoints="1" visitedSequencePoints="0" numBranchPoints="1" visitedBranchPoints="0" sequenceCoverage="0" branchCoverage="0" maxCyclomaticComplexity="1" minCyclomaticComplexity="1" />
              <MetadataToken>100664321</MetadataToken>
              <Name>System.Char SigStat.Common.Loaders.MCYTLoader/MCYTSignatureFile::get_Origin()</Name>
              <FileRef uid="122" />
              <SequencePoints>
                <SequencePoint vc="0" uspid="3775" ordinal="0" offset="0" sl="44" sc="34" el="44" ec="38" />
              </SequencePoints>
              <BranchPoints />
              <MethodPoint xsi:type="SequencePoint" vc="0" uspid="3775" ordinal="0" offset="0" sl="44" sc="34" el="44" ec="38" />
            </Method>
            <Method visited="false" cyclomaticComplexity="1" sequenceCoverage="0" branchCoverage="0" isConstructor="false" isStatic="false" isGetter="false" isSetter="true">
              <Summary numSequencePoints="1" visitedSequencePoints="0" numBranchPoints="1" visitedBranchPoints="0" sequenceCoverage="0" branchCoverage="0" maxCyclomaticComplexity="1" minCyclomaticComplexity="1" />
              <MetadataToken>100664322</MetadataToken>
              <Name>System.Void SigStat.Common.Loaders.MCYTLoader/MCYTSignatureFile::set_Origin(System.Char)</Name>
              <FileRef uid="122" />
              <SequencePoints>
                <SequencePoint vc="0" uspid="3776" ordinal="0" offset="0" sl="44" sc="39" el="44" ec="43" />
              </SequencePoints>
              <BranchPoints />
              <MethodPoint xsi:type="SequencePoint" vc="0" uspid="3776" ordinal="0" offset="0" sl="44" sc="39" el="44" ec="43" />
            </Method>
            <Method visited="false" cyclomaticComplexity="2" sequenceCoverage="0" branchCoverage="0" isConstructor="true" isStatic="false" isGetter="false" isSetter="false">
              <Summary numSequencePoints="9" visitedSequencePoints="0" numBranchPoints="3" visitedBranchPoints="0" sequenceCoverage="0" branchCoverage="0" maxCyclomaticComplexity="2" minCyclomaticComplexity="2" />
              <MetadataToken>100664323</MetadataToken>
              <Name>System.Void SigStat.Common.Loaders.MCYTLoader/MCYTSignatureFile::.ctor(System.String)</Name>
              <FileRef uid="122" />
              <SequencePoints>
                <SequencePoint vc="0" uspid="3777" ordinal="0" offset="0" sl="48" sc="17" el="48" ec="37" />
                <SequencePoint vc="0" uspid="3778" ordinal="1" offset="7" sl="49" sc="17" el="49" ec="92" />
                <SequencePoint vc="0" uspid="3779" ordinal="2" offset="35" sl="50" sc="17" el="50" ec="40" />
                <SequencePoint vc="0" uspid="3780" ordinal="3" offset="45" sl="51" sc="21" el="51" ec="34" />
                <SequencePoint vc="0" uspid="3781" ordinal="4" offset="55" sl="53" sc="21" el="53" ec="34" />
                <SequencePoint vc="0" uspid="3782" ordinal="5" offset="63" sl="54" sc="17" el="54" ec="48" />
                <SequencePoint vc="0" uspid="3783" ordinal="6" offset="85" sl="55" sc="17" el="55" ec="37" />
                <SequencePoint vc="0" uspid="3784" ordinal="7" offset="94" sl="56" sc="17" el="56" ec="36" />
                <SequencePoint vc="0" uspid="3785" ordinal="8" offset="101" sl="57" sc="13" el="57" ec="14" />
              </SequencePoints>
              <BranchPoints>
                <BranchPoint vc="0" uspid="3786" ordinal="0" offset="43" path="0" />
                <BranchPoint vc="0" uspid="3787" ordinal="1" offset="43" path="1" />
              </BranchPoints>
              <MethodPoint xsi:type="SequencePoint" vc="0" uspid="3777" ordinal="0" offset="0" sl="48" sc="17" el="48" ec="37" />
            </Method>
          </Methods>
        </Class>
        <Class>
          <Summary numSequencePoints="4" visitedSequencePoints="0" numBranchPoints="4" visitedBranchPoints="0" sequenceCoverage="0" branchCoverage="0" maxCyclomaticComplexity="1" minCyclomaticComplexity="1" />
          <FullName>SigStat.Common.Loaders.MCYTLoader/&lt;&gt;c</FullName>
          <Methods>
            <Method visited="false" cyclomaticComplexity="1" sequenceCoverage="0" branchCoverage="0" isConstructor="true" isStatic="true" isGetter="false" isSetter="false">
              <Summary numSequencePoints="0" visitedSequencePoints="0" numBranchPoints="0" visitedBranchPoints="0" sequenceCoverage="0" branchCoverage="0" maxCyclomaticComplexity="1" minCyclomaticComplexity="1" />
              <MetadataToken>100664324</MetadataToken>
              <Name>System.Void SigStat.Common.Loaders.MCYTLoader/&lt;&gt;c::.cctor()</Name>
              <SequencePoints />
              <BranchPoints />
              <MethodPoint vc="0" uspid="3788" ordinal="0" offset="0" />
            </Method>
            <Method visited="false" cyclomaticComplexity="1" sequenceCoverage="0" branchCoverage="0" isConstructor="true" isStatic="false" isGetter="false" isSetter="false">
              <Summary numSequencePoints="0" visitedSequencePoints="0" numBranchPoints="0" visitedBranchPoints="0" sequenceCoverage="0" branchCoverage="0" maxCyclomaticComplexity="1" minCyclomaticComplexity="1" />
              <MetadataToken>100664325</MetadataToken>
              <Name>System.Void SigStat.Common.Loaders.MCYTLoader/&lt;&gt;c::.ctor()</Name>
              <SequencePoints />
              <BranchPoints />
              <MethodPoint vc="0" uspid="3789" ordinal="0" offset="0" />
            </Method>
            <Method visited="false" cyclomaticComplexity="1" sequenceCoverage="0" branchCoverage="0" isConstructor="false" isStatic="false" isGetter="false" isSetter="false">
              <Summary numSequencePoints="1" visitedSequencePoints="0" numBranchPoints="1" visitedBranchPoints="0" sequenceCoverage="0" branchCoverage="0" maxCyclomaticComplexity="1" minCyclomaticComplexity="1" />
              <MetadataToken>100664326</MetadataToken>
              <Name>System.Boolean SigStat.Common.Loaders.MCYTLoader/&lt;&gt;c::&lt;EnumerateSigners&gt;b__9_0(System.IO.Compression.ZipArchiveEntry)</Name>
              <FileRef uid="122" />
              <SequencePoints>
                <SequencePoint vc="0" uspid="3790" ordinal="0" offset="0" sl="78" sc="62" el="78" ec="85" />
              </SequencePoints>
              <BranchPoints />
              <MethodPoint xsi:type="SequencePoint" vc="0" uspid="3790" ordinal="0" offset="0" sl="78" sc="62" el="78" ec="85" />
            </Method>
            <Method visited="false" cyclomaticComplexity="1" sequenceCoverage="0" branchCoverage="0" isConstructor="false" isStatic="false" isGetter="false" isSetter="false">
              <Summary numSequencePoints="1" visitedSequencePoints="0" numBranchPoints="1" visitedBranchPoints="0" sequenceCoverage="0" branchCoverage="0" maxCyclomaticComplexity="1" minCyclomaticComplexity="1" />
              <MetadataToken>100664327</MetadataToken>
              <Name>SigStat.Common.Loaders.MCYTLoader/MCYTSignatureFile SigStat.Common.Loaders.MCYTLoader/&lt;&gt;c::&lt;EnumerateSigners&gt;b__9_1(System.IO.Compression.ZipArchiveEntry)</Name>
              <FileRef uid="122" />
              <SequencePoints>
                <SequencePoint vc="0" uspid="3791" ordinal="0" offset="0" sl="78" sc="99" el="78" ec="132" />
              </SequencePoints>
              <BranchPoints />
              <MethodPoint xsi:type="SequencePoint" vc="0" uspid="3791" ordinal="0" offset="0" sl="78" sc="99" el="78" ec="132" />
            </Method>
            <Method visited="false" cyclomaticComplexity="1" sequenceCoverage="0" branchCoverage="0" isConstructor="false" isStatic="false" isGetter="false" isSetter="false">
              <Summary numSequencePoints="1" visitedSequencePoints="0" numBranchPoints="1" visitedBranchPoints="0" sequenceCoverage="0" branchCoverage="0" maxCyclomaticComplexity="1" minCyclomaticComplexity="1" />
              <MetadataToken>100664328</MetadataToken>
              <Name>System.String SigStat.Common.Loaders.MCYTLoader/&lt;&gt;c::&lt;EnumerateSigners&gt;b__9_2(SigStat.Common.Loaders.MCYTLoader/MCYTSignatureFile)</Name>
              <FileRef uid="122" />
              <SequencePoints>
                <SequencePoint vc="0" uspid="3792" ordinal="0" offset="0" sl="78" sc="148" el="78" ec="159" />
              </SequencePoints>
              <BranchPoints />
              <MethodPoint xsi:type="SequencePoint" vc="0" uspid="3792" ordinal="0" offset="0" sl="78" sc="148" el="78" ec="159" />
            </Method>
            <Method visited="false" cyclomaticComplexity="1" sequenceCoverage="0" branchCoverage="0" isConstructor="false" isStatic="false" isGetter="false" isSetter="false">
              <Summary numSequencePoints="1" visitedSequencePoints="0" numBranchPoints="1" visitedBranchPoints="0" sequenceCoverage="0" branchCoverage="0" maxCyclomaticComplexity="1" minCyclomaticComplexity="1" />
              <MetadataToken>100664329</MetadataToken>
              <Name>System.String SigStat.Common.Loaders.MCYTLoader/&lt;&gt;c::&lt;EnumerateSigners&gt;b__9_3(SigStat.Common.Signature)</Name>
              <FileRef uid="122" />
              <SequencePoints>
                <SequencePoint vc="0" uspid="3793" ordinal="0" offset="0" sl="108" sc="72" el="108" ec="76" />
              </SequencePoints>
              <BranchPoints />
              <MethodPoint xsi:type="SequencePoint" vc="0" uspid="3793" ordinal="0" offset="0" sl="108" sc="72" el="108" ec="76" />
            </Method>
          </Methods>
        </Class>
        <Class>
          <Summary numSequencePoints="26" visitedSequencePoints="0" numBranchPoints="45" visitedBranchPoints="0" sequenceCoverage="0" branchCoverage="0" maxCyclomaticComplexity="16" minCyclomaticComplexity="1" />
          <FullName>SigStat.Common.Loaders.MCYTLoader/&lt;EnumerateSigners&gt;d__9</FullName>
          <Methods>
            <Method visited="false" cyclomaticComplexity="1" sequenceCoverage="0" branchCoverage="0" isConstructor="false" isStatic="false" isGetter="true" isSetter="false">
              <Summary numSequencePoints="0" visitedSequencePoints="0" numBranchPoints="0" visitedBranchPoints="0" sequenceCoverage="0" branchCoverage="0" maxCyclomaticComplexity="1" minCyclomaticComplexity="1" />
              <MetadataToken>100664335</MetadataToken>
              <Name>SigStat.Common.Signer SigStat.Common.Loaders.MCYTLoader/&lt;EnumerateSigners&gt;d__9::System.Collections.Generic.IEnumerator&lt;SigStat.Common.Signer&gt;.get_Current()</Name>
              <SequencePoints />
              <BranchPoints />
              <MethodPoint vc="0" uspid="3794" ordinal="0" offset="0" />
            </Method>
            <Method visited="false" cyclomaticComplexity="1" sequenceCoverage="0" branchCoverage="0" isConstructor="false" isStatic="false" isGetter="true" isSetter="false">
              <Summary numSequencePoints="0" visitedSequencePoints="0" numBranchPoints="0" visitedBranchPoints="0" sequenceCoverage="0" branchCoverage="0" maxCyclomaticComplexity="1" minCyclomaticComplexity="1" />
              <MetadataToken>100664337</MetadataToken>
              <Name>System.Object SigStat.Common.Loaders.MCYTLoader/&lt;EnumerateSigners&gt;d__9::System.Collections.IEnumerator.get_Current()</Name>
              <SequencePoints />
              <BranchPoints />
              <MethodPoint vc="0" uspid="3795" ordinal="0" offset="0" />
            </Method>
            <Method visited="false" cyclomaticComplexity="1" sequenceCoverage="0" branchCoverage="0" isConstructor="true" isStatic="false" isGetter="false" isSetter="false">
              <Summary numSequencePoints="0" visitedSequencePoints="0" numBranchPoints="0" visitedBranchPoints="0" sequenceCoverage="0" branchCoverage="0" maxCyclomaticComplexity="1" minCyclomaticComplexity="1" />
              <MetadataToken>100664330</MetadataToken>
              <Name>System.Void SigStat.Common.Loaders.MCYTLoader/&lt;EnumerateSigners&gt;d__9::.ctor(System.Int32)</Name>
              <SequencePoints />
              <BranchPoints />
              <MethodPoint vc="0" uspid="3796" ordinal="0" offset="0" />
            </Method>
            <Method visited="false" cyclomaticComplexity="5" sequenceCoverage="0" branchCoverage="0" isConstructor="false" isStatic="false" isGetter="false" isSetter="false">
              <Summary numSequencePoints="0" visitedSequencePoints="0" numBranchPoints="8" visitedBranchPoints="0" sequenceCoverage="0" branchCoverage="0" maxCyclomaticComplexity="5" minCyclomaticComplexity="5" />
              <MetadataToken>100664331</MetadataToken>
              <Name>System.Void SigStat.Common.Loaders.MCYTLoader/&lt;EnumerateSigners&gt;d__9::System.IDisposable.Dispose()</Name>
              <SequencePoints />
              <BranchPoints>
                <BranchPoint vc="0" uspid="3798" ordinal="0" offset="12" path="0" />
                <BranchPoint vc="0" uspid="3799" ordinal="1" offset="12" path="1" />
                <BranchPoint vc="0" uspid="3800" ordinal="2" offset="16" path="0" />
                <BranchPoint vc="0" uspid="3801" ordinal="3" offset="16" path="1" />
                <BranchPoint vc="0" uspid="3802" ordinal="4" offset="22" path="0" />
                <BranchPoint vc="0" uspid="3803" ordinal="5" offset="22" path="1" />
                <BranchPoint vc="0" uspid="3804" ordinal="6" offset="26" path="0" />
                <BranchPoint vc="0" uspid="3805" ordinal="7" offset="26" path="1" />
              </BranchPoints>
              <MethodPoint vc="0" uspid="3797" ordinal="0" offset="0" />
            </Method>
            <Method visited="false" cyclomaticComplexity="16" sequenceCoverage="0" branchCoverage="0" isConstructor="false" isStatic="false" isGetter="false" isSetter="false">
              <Summary numSequencePoints="26" visitedSequencePoints="0" numBranchPoints="29" visitedBranchPoints="0" sequenceCoverage="0" branchCoverage="0" maxCyclomaticComplexity="16" minCyclomaticComplexity="16" />
              <MetadataToken>100664332</MetadataToken>
              <Name>System.Boolean SigStat.Common.Loaders.MCYTLoader/&lt;EnumerateSigners&gt;d__9::MoveNext()</Name>
              <FileRef uid="122" />
              <SequencePoints>
                <SequencePoint vc="0" uspid="3806" ordinal="0" offset="38" sl="74" sc="13" el="74" ec="65" />
                <SequencePoint vc="0" uspid="3807" ordinal="1" offset="54" sl="75" sc="20" el="75" ec="67" />
                <SequencePoint vc="0" uspid="3808" ordinal="2" offset="79" sl="78" sc="17" el="78" ec="161" />
                <SequencePoint vc="0" uspid="3809" ordinal="3" offset="199" sl="79" sc="17" el="79" ec="98" />
                <SequencePoint vc="0" uspid="3810" ordinal="4" offset="235" sl="80" sc="39" el="80" ec="54" />
                <SequencePoint vc="0" uspid="3811" ordinal="5" offset="260" sl="80" sc="26" el="80" ec="35" />
                <SequencePoint vc="0" uspid="3812" ordinal="6" offset="273" sl="82" sc="21" el="82" ec="67" />
                <SequencePoint vc="0" uspid="3813" ordinal="7" offset="293" sl="84" sc="21" el="84" ec="71" />
                <SequencePoint vc="0" uspid="3814" ordinal="8" offset="319" sl="88" sc="51" el="88" ec="56" />
                <SequencePoint vc="0" uspid="3815" ordinal="9" offset="333" sl="88" sc="30" el="88" ec="47" />
                <SequencePoint vc="0" uspid="3816" ordinal="10" offset="342" sl="90" sc="25" el="95" ec="27" />
                <SequencePoint vc="0" uspid="3817" ordinal="11" offset="391" sl="96" sc="32" el="96" ec="68" />
                <SequencePoint vc="0" uspid="3818" ordinal="12" offset="398" sl="98" sc="36" el="98" ec="90" />
                <SequencePoint vc="0" uspid="3819" ordinal="13" offset="423" sl="100" sc="33" el="100" ec="46" />
                <SequencePoint vc="0" uspid="3820" ordinal="14" offset="432" sl="101" sc="29" el="101" ec="30" />
                <SequencePoint vc="0" uspid="3821" ordinal="15" offset="446" sl="102" sc="29" el="102" ec="45" />
                <SequencePoint vc="0" uspid="3822" ordinal="16" offset="455" sl="103" sc="29" el="103" ec="76" />
                <SequencePoint vc="0" uspid="3823" ordinal="17" offset="470" sl="104" sc="25" el="104" ec="26" />
                <SequencePoint vc="0" uspid="3824" ordinal="18" offset="484" sl="105" sc="25" el="105" ec="58" />
                <SequencePoint vc="0" uspid="3825" ordinal="19" offset="498" sl="88" sc="48" el="88" ec="50" />
                <SequencePoint vc="0" uspid="3826" ordinal="20" offset="524" sl="108" sc="21" el="108" ec="87" />
                <SequencePoint vc="0" uspid="3827" ordinal="21" offset="579" sl="109" sc="21" el="109" ec="41" />
                <SequencePoint vc="0" uspid="3828" ordinal="22" offset="606" sl="80" sc="36" el="80" ec="38" />
                <SequencePoint vc="0" uspid="3829" ordinal="23" offset="635" sl="111" sc="13" el="111" ec="14" />
                <SequencePoint vc="0" uspid="3830" ordinal="24" offset="648" sl="112" sc="13" el="112" ec="66" />
                <SequencePoint vc="0" uspid="3831" ordinal="25" offset="664" sl="113" sc="9" el="113" ec="10" />
              </SequencePoints>
              <BranchPoints>
                <BranchPoint vc="0" uspid="3833" ordinal="0" offset="15" path="0" />
                <BranchPoint vc="0" uspid="3834" ordinal="1" offset="15" path="1" />
                <BranchPoint vc="0" uspid="3835" ordinal="2" offset="19" path="0" />
                <BranchPoint vc="0" uspid="3836" ordinal="3" offset="19" path="1" />
                <BranchPoint vc="0" uspid="3837" ordinal="4" offset="96" path="0" />
                <BranchPoint vc="0" uspid="3838" ordinal="5" offset="96" path="1" />
                <BranchPoint vc="0" uspid="3839" ordinal="6" offset="132" path="0" />
                <BranchPoint vc="0" uspid="3840" ordinal="7" offset="132" path="1" />
                <BranchPoint vc="0" uspid="3841" ordinal="8" offset="168" path="0" />
                <BranchPoint vc="0" uspid="3842" ordinal="9" offset="168" path="1" />
                <BranchPoint vc="0" uspid="3843" ordinal="10" offset="299" path="0" />
                <BranchPoint vc="0" uspid="3844" ordinal="11" offset="299" path="1" />
                <BranchPoint vc="0" uspid="3845" ordinal="12" offset="314" path="0" />
                <BranchPoint vc="0" uspid="3846" ordinal="13" offset="314" path="1" />
                <BranchPoint vc="0" uspid="3847" ordinal="14" offset="378" path="0" />
                <BranchPoint vc="0" uspid="3848" ordinal="15" offset="378" path="1" />
                <BranchPoint vc="0" uspid="3849" ordinal="16" offset="436" path="0" />
                <BranchPoint vc="0" uspid="3850" ordinal="17" offset="436" path="1" />
                <BranchPoint vc="0" uspid="3851" ordinal="18" offset="474" path="0" />
                <BranchPoint vc="0" uspid="3852" ordinal="19" offset="474" path="1" />
                <BranchPoint vc="0" uspid="3853" ordinal="20" offset="505" path="0" />
                <BranchPoint vc="0" uspid="3854" ordinal="21" offset="505" path="1" />
                <BranchPoint vc="0" uspid="3855" ordinal="22" offset="514" path="0" />
                <BranchPoint vc="0" uspid="3856" ordinal="23" offset="514" path="1" />
                <BranchPoint vc="0" uspid="3857" ordinal="24" offset="539" path="0" />
                <BranchPoint vc="0" uspid="3858" ordinal="25" offset="539" path="1" />
                <BranchPoint vc="0" uspid="3859" ordinal="26" offset="617" path="0" />
                <BranchPoint vc="0" uspid="3860" ordinal="27" offset="617" path="1" />
              </BranchPoints>
              <MethodPoint vc="0" uspid="3832" ordinal="0" offset="0" />
            </Method>
            <Method visited="false" cyclomaticComplexity="2" sequenceCoverage="0" branchCoverage="0" isConstructor="false" isStatic="false" isGetter="false" isSetter="false">
              <Summary numSequencePoints="0" visitedSequencePoints="0" numBranchPoints="2" visitedBranchPoints="0" sequenceCoverage="0" branchCoverage="0" maxCyclomaticComplexity="2" minCyclomaticComplexity="2" />
              <MetadataToken>100664333</MetadataToken>
              <Name>System.Void SigStat.Common.Loaders.MCYTLoader/&lt;EnumerateSigners&gt;d__9::&lt;&gt;m__Finally1()</Name>
              <SequencePoints />
              <BranchPoints>
                <BranchPoint vc="0" uspid="3862" ordinal="0" offset="13" path="0" />
                <BranchPoint vc="0" uspid="3863" ordinal="1" offset="13" path="1" />
              </BranchPoints>
              <MethodPoint vc="0" uspid="3861" ordinal="0" offset="0" />
            </Method>
            <Method visited="false" cyclomaticComplexity="2" sequenceCoverage="0" branchCoverage="0" isConstructor="false" isStatic="false" isGetter="false" isSetter="false">
              <Summary numSequencePoints="0" visitedSequencePoints="0" numBranchPoints="2" visitedBranchPoints="0" sequenceCoverage="0" branchCoverage="0" maxCyclomaticComplexity="2" minCyclomaticComplexity="2" />
              <MetadataToken>100664334</MetadataToken>
              <Name>System.Void SigStat.Common.Loaders.MCYTLoader/&lt;EnumerateSigners&gt;d__9::&lt;&gt;m__Finally2()</Name>
              <SequencePoints />
              <BranchPoints>
                <BranchPoint vc="0" uspid="3865" ordinal="0" offset="14" path="0" />
                <BranchPoint vc="0" uspid="3866" ordinal="1" offset="14" path="1" />
              </BranchPoints>
              <MethodPoint vc="0" uspid="3864" ordinal="0" offset="0" />
            </Method>
            <Method visited="false" cyclomaticComplexity="1" sequenceCoverage="0" branchCoverage="0" isConstructor="false" isStatic="false" isGetter="false" isSetter="false">
              <Summary numSequencePoints="0" visitedSequencePoints="0" numBranchPoints="0" visitedBranchPoints="0" sequenceCoverage="0" branchCoverage="0" maxCyclomaticComplexity="1" minCyclomaticComplexity="1" />
              <MetadataToken>100664336</MetadataToken>
              <Name>System.Void SigStat.Common.Loaders.MCYTLoader/&lt;EnumerateSigners&gt;d__9::System.Collections.IEnumerator.Reset()</Name>
              <SequencePoints />
              <BranchPoints />
              <MethodPoint vc="0" uspid="3867" ordinal="0" offset="0" />
            </Method>
            <Method visited="false" cyclomaticComplexity="3" sequenceCoverage="0" branchCoverage="0" isConstructor="false" isStatic="false" isGetter="false" isSetter="false">
              <Summary numSequencePoints="0" visitedSequencePoints="0" numBranchPoints="4" visitedBranchPoints="0" sequenceCoverage="0" branchCoverage="0" maxCyclomaticComplexity="3" minCyclomaticComplexity="3" />
              <MetadataToken>100664338</MetadataToken>
              <Name>System.Collections.Generic.IEnumerator`1&lt;SigStat.Common.Signer&gt; SigStat.Common.Loaders.MCYTLoader/&lt;EnumerateSigners&gt;d__9::System.Collections.Generic.IEnumerable&lt;SigStat.Common.Signer&gt;.GetEnumerator()</Name>
              <SequencePoints />
              <BranchPoints>
                <BranchPoint vc="0" uspid="3869" ordinal="0" offset="8" path="0" />
                <BranchPoint vc="0" uspid="3870" ordinal="1" offset="8" path="1" />
                <BranchPoint vc="0" uspid="3871" ordinal="2" offset="21" path="0" />
                <BranchPoint vc="0" uspid="3872" ordinal="3" offset="21" path="1" />
              </BranchPoints>
              <MethodPoint vc="0" uspid="3868" ordinal="0" offset="0" />
            </Method>
            <Method visited="false" cyclomaticComplexity="1" sequenceCoverage="0" branchCoverage="0" isConstructor="false" isStatic="false" isGetter="false" isSetter="false">
              <Summary numSequencePoints="0" visitedSequencePoints="0" numBranchPoints="0" visitedBranchPoints="0" sequenceCoverage="0" branchCoverage="0" maxCyclomaticComplexity="1" minCyclomaticComplexity="1" />
              <MetadataToken>100664339</MetadataToken>
              <Name>System.Collections.IEnumerator SigStat.Common.Loaders.MCYTLoader/&lt;EnumerateSigners&gt;d__9::System.Collections.IEnumerable.GetEnumerator()</Name>
              <SequencePoints />
              <BranchPoints />
              <MethodPoint vc="0" uspid="3873" ordinal="0" offset="0" />
            </Method>
          </Methods>
        </Class>
        <Class>
          <Summary numSequencePoints="24" visitedSequencePoints="0" numBranchPoints="35" visitedBranchPoints="0" sequenceCoverage="0" branchCoverage="0" maxCyclomaticComplexity="15" minCyclomaticComplexity="1" />
          <FullName>SigStat.Common.Loaders.SigComp11DutchLoader</FullName>
          <Methods>
            <Method visited="false" cyclomaticComplexity="1" sequenceCoverage="0" branchCoverage="0" isConstructor="false" isStatic="false" isGetter="true" isSetter="false">
              <Summary numSequencePoints="1" visitedSequencePoints="0" numBranchPoints="1" visitedBranchPoints="0" sequenceCoverage="0" branchCoverage="0" maxCyclomaticComplexity="1" minCyclomaticComplexity="1" />
              <MetadataToken>100663899</MetadataToken>
              <Name>System.String SigStat.Common.Loaders.SigComp11DutchLoader::get_DatabasePath()</Name>
              <FileRef uid="127" />
              <SequencePoints>
                <SequencePoint vc="0" uspid="3874" ordinal="0" offset="0" sl="74" sc="39" el="74" ec="43" />
              </SequencePoints>
              <BranchPoints />
              <MethodPoint xsi:type="SequencePoint" vc="0" uspid="3874" ordinal="0" offset="0" sl="74" sc="39" el="74" ec="43" />
            </Method>
            <Method visited="false" cyclomaticComplexity="1" sequenceCoverage="0" branchCoverage="0" isConstructor="false" isStatic="false" isGetter="true" isSetter="false">
              <Summary numSequencePoints="1" visitedSequencePoints="0" numBranchPoints="1" visitedBranchPoints="0" sequenceCoverage="0" branchCoverage="0" maxCyclomaticComplexity="1" minCyclomaticComplexity="1" />
              <MetadataToken>100663900</MetadataToken>
              <Name>System.Boolean SigStat.Common.Loaders.SigComp11DutchLoader::get_StandardFeatures()</Name>
              <FileRef uid="127" />
              <SequencePoints>
                <SequencePoint vc="0" uspid="3875" ordinal="0" offset="0" sl="75" sc="41" el="75" ec="45" />
              </SequencePoints>
              <BranchPoints />
              <MethodPoint xsi:type="SequencePoint" vc="0" uspid="3875" ordinal="0" offset="0" sl="75" sc="41" el="75" ec="45" />
            </Method>
            <Method visited="false" cyclomaticComplexity="1" sequenceCoverage="0" branchCoverage="0" isConstructor="true" isStatic="false" isGetter="false" isSetter="false">
              <Summary numSequencePoints="4" visitedSequencePoints="0" numBranchPoints="1" visitedBranchPoints="0" sequenceCoverage="0" branchCoverage="0" maxCyclomaticComplexity="1" minCyclomaticComplexity="1" />
              <MetadataToken>100663898</MetadataToken>
              <Name>System.Void SigStat.Common.Loaders.SigComp11DutchLoader::.ctor(System.String,System.Boolean)</Name>
              <FileRef uid="127" />
              <SequencePoints>
                <SequencePoint vc="0" uspid="3876" ordinal="0" offset="0" sl="68" sc="9" el="68" ec="80" />
                <SequencePoint vc="0" uspid="3877" ordinal="1" offset="6" sl="70" sc="13" el="70" ec="41" />
                <SequencePoint vc="0" uspid="3878" ordinal="2" offset="13" sl="71" sc="13" el="71" ec="49" />
                <SequencePoint vc="0" uspid="3879" ordinal="3" offset="20" sl="72" sc="9" el="72" ec="10" />
              </SequencePoints>
              <BranchPoints />
              <MethodPoint xsi:type="SequencePoint" vc="0" uspid="3876" ordinal="0" offset="0" sl="68" sc="9" el="68" ec="80" />
            </Method>
            <Method visited="false" cyclomaticComplexity="1" sequenceCoverage="0" branchCoverage="0" isConstructor="false" isStatic="false" isGetter="false" isSetter="false">
              <Summary numSequencePoints="0" visitedSequencePoints="0" numBranchPoints="0" visitedBranchPoints="0" sequenceCoverage="0" branchCoverage="0" maxCyclomaticComplexity="1" minCyclomaticComplexity="1" />
              <MetadataToken>100663901</MetadataToken>
              <Name>System.Collections.Generic.IEnumerable`1&lt;SigStat.Common.Signer&gt; SigStat.Common.Loaders.SigComp11DutchLoader::EnumerateSigners(System.Predicate`1&lt;SigStat.Common.Signer&gt;)</Name>
              <SequencePoints />
              <BranchPoints />
              <MethodPoint vc="0" uspid="3880" ordinal="0" offset="0" />
            </Method>
            <Method visited="false" cyclomaticComplexity="2" sequenceCoverage="0" branchCoverage="0" isConstructor="false" isStatic="true" isGetter="false" isSetter="false">
              <Summary numSequencePoints="4" visitedSequencePoints="0" numBranchPoints="3" visitedBranchPoints="0" sequenceCoverage="0" branchCoverage="0" maxCyclomaticComplexity="2" minCyclomaticComplexity="2" />
              <MetadataToken>100663902</MetadataToken>
              <Name>System.Void SigStat.Common.Loaders.SigComp11DutchLoader::LoadSignature(SigStat.Common.Signature,System.IO.MemoryStream,System.Boolean)</Name>
              <FileRef uid="127" />
              <SequencePoints>
                <SequencePoint vc="0" uspid="3881" ordinal="0" offset="0" sl="134" sc="20" el="134" ec="62" />
                <SequencePoint vc="0" uspid="3882" ordinal="1" offset="7" sl="136" sc="17" el="136" ec="138" />
                <SequencePoint vc="0" uspid="3883" ordinal="2" offset="56" sl="137" sc="13" el="137" ec="14" />
                <SequencePoint vc="0" uspid="3884" ordinal="3" offset="68" sl="139" sc="9" el="139" ec="10" />
              </SequencePoints>
              <BranchPoints>
                <BranchPoint vc="0" uspid="3885" ordinal="0" offset="59" path="0" />
                <BranchPoint vc="0" uspid="3886" ordinal="1" offset="59" path="1" />
              </BranchPoints>
              <MethodPoint xsi:type="SequencePoint" vc="0" uspid="3881" ordinal="0" offset="0" sl="134" sc="20" el="134" ec="62" />
            </Method>
            <Method visited="false" cyclomaticComplexity="15" sequenceCoverage="0" branchCoverage="0" isConstructor="false" isStatic="true" isGetter="false" isSetter="false">
              <Summary numSequencePoints="14" visitedSequencePoints="0" numBranchPoints="29" visitedBranchPoints="0" sequenceCoverage="0" branchCoverage="0" maxCyclomaticComplexity="15" minCyclomaticComplexity="15" />
              <MetadataToken>100663903</MetadataToken>
              <Name>System.Void SigStat.Common.Loaders.SigComp11DutchLoader::ParseSignature(SigStat.Common.Signature,System.String[],System.Boolean)</Name>
              <FileRef uid="127" />
              <SequencePoints>
                <SequencePoint vc="0" uspid="3887" ordinal="0" offset="0" sl="142" sc="13" el="145" ec="27" />
                <SequencePoint vc="0" uspid="3888" ordinal="1" offset="79" sl="147" sc="13" el="147" ec="81" />
                <SequencePoint vc="0" uspid="3889" ordinal="2" offset="132" sl="148" sc="13" el="148" ec="81" />
                <SequencePoint vc="0" uspid="3890" ordinal="3" offset="185" sl="149" sc="13" el="149" ec="81" />
                <SequencePoint vc="0" uspid="3891" ordinal="4" offset="238" sl="151" sc="13" el="151" ec="105" />
                <SequencePoint vc="0" uspid="3892" ordinal="5" offset="302" sl="153" sc="13" el="153" ec="34" />
                <SequencePoint vc="0" uspid="3893" ordinal="6" offset="308" sl="155" sc="17" el="155" ec="92" />
                <SequencePoint vc="0" uspid="3894" ordinal="7" offset="361" sl="156" sc="17" el="156" ec="92" />
                <SequencePoint vc="0" uspid="3895" ordinal="8" offset="414" sl="157" sc="17" el="157" ec="99" />
                <SequencePoint vc="0" uspid="3896" ordinal="9" offset="467" sl="158" sc="17" el="158" ec="113" />
                <SequencePoint vc="0" uspid="3897" ordinal="10" offset="531" sl="159" sc="17" el="159" ec="89" />
                <SequencePoint vc="0" uspid="3898" ordinal="11" offset="584" sl="160" sc="17" el="160" ec="88" />
                <SequencePoint vc="0" uspid="3899" ordinal="12" offset="637" sl="161" sc="17" el="161" ec="89" />
                <SequencePoint vc="0" uspid="3900" ordinal="13" offset="690" sl="165" sc="9" el="165" ec="10" />
              </SequencePoints>
              <BranchPoints>
                <BranchPoint vc="0" uspid="3901" ordinal="0" offset="7" path="0" />
                <BranchPoint vc="0" uspid="3902" ordinal="1" offset="7" path="1" />
                <BranchPoint vc="0" uspid="3903" ordinal="2" offset="43" path="0" />
                <BranchPoint vc="0" uspid="3904" ordinal="3" offset="43" path="1" />
                <BranchPoint vc="0" uspid="3905" ordinal="4" offset="92" path="0" />
                <BranchPoint vc="0" uspid="3906" ordinal="5" offset="92" path="1" />
                <BranchPoint vc="0" uspid="3907" ordinal="6" offset="145" path="0" />
                <BranchPoint vc="0" uspid="3908" ordinal="7" offset="145" path="1" />
                <BranchPoint vc="0" uspid="3909" ordinal="8" offset="198" path="0" />
                <BranchPoint vc="0" uspid="3910" ordinal="9" offset="198" path="1" />
                <BranchPoint vc="0" uspid="3911" ordinal="10" offset="262" path="0" />
                <BranchPoint vc="0" uspid="3912" ordinal="11" offset="262" path="1" />
                <BranchPoint vc="0" uspid="3913" ordinal="12" offset="303" path="0" />
                <BranchPoint vc="0" uspid="3914" ordinal="13" offset="303" path="1" />
                <BranchPoint vc="0" uspid="3915" ordinal="14" offset="321" path="0" />
                <BranchPoint vc="0" uspid="3916" ordinal="15" offset="321" path="1" />
                <BranchPoint vc="0" uspid="3917" ordinal="16" offset="374" path="0" />
                <BranchPoint vc="0" uspid="3918" ordinal="17" offset="374" path="1" />
                <BranchPoint vc="0" uspid="3919" ordinal="18" offset="427" path="0" />
                <BranchPoint vc="0" uspid="3920" ordinal="19" offset="427" path="1" />
                <BranchPoint vc="0" uspid="3921" ordinal="20" offset="491" path="0" />
                <BranchPoint vc="0" uspid="3922" ordinal="21" offset="491" path="1" />
                <BranchPoint vc="0" uspid="3923" ordinal="22" offset="544" path="0" />
                <BranchPoint vc="0" uspid="3924" ordinal="23" offset="544" path="1" />
                <BranchPoint vc="0" uspid="3925" ordinal="24" offset="597" path="0" />
                <BranchPoint vc="0" uspid="3926" ordinal="25" offset="597" path="1" />
                <BranchPoint vc="0" uspid="3927" ordinal="26" offset="650" path="0" />
                <BranchPoint vc="0" uspid="3928" ordinal="27" offset="650" path="1" />
              </BranchPoints>
              <MethodPoint xsi:type="SequencePoint" vc="0" uspid="3887" ordinal="0" offset="0" sl="142" sc="13" el="145" ec="27" />
            </Method>
          </Methods>
        </Class>
        <Class>
          <Summary numSequencePoints="4" visitedSequencePoints="0" numBranchPoints="1" visitedBranchPoints="0" sequenceCoverage="0" branchCoverage="0" maxCyclomaticComplexity="1" minCyclomaticComplexity="1" />
          <FullName>SigStat.Common.Loaders.SigComp11DutchLoader/SigComp11</FullName>
          <Methods>
            <Method visited="false" cyclomaticComplexity="1" sequenceCoverage="0" branchCoverage="0" isConstructor="true" isStatic="true" isGetter="false" isSetter="false">
              <Summary numSequencePoints="4" visitedSequencePoints="0" numBranchPoints="1" visitedBranchPoints="0" sequenceCoverage="0" branchCoverage="0" maxCyclomaticComplexity="1" minCyclomaticComplexity="1" />
              <MetadataToken>100664340</MetadataToken>
              <Name>System.Void SigStat.Common.Loaders.SigComp11DutchLoader/SigComp11::.cctor()</Name>
              <FileRef uid="127" />
              <SequencePoints>
                <SequencePoint vc="0" uspid="3929" ordinal="0" offset="0" sl="20" sc="13" el="20" ec="117" />
                <SequencePoint vc="0" uspid="3930" ordinal="1" offset="15" sl="24" sc="13" el="24" ec="117" />
                <SequencePoint vc="0" uspid="3931" ordinal="2" offset="30" sl="28" sc="13" el="28" ec="117" />
                <SequencePoint vc="0" uspid="3932" ordinal="3" offset="45" sl="32" sc="13" el="32" ec="117" />
              </SequencePoints>
              <BranchPoints />
              <MethodPoint xsi:type="SequencePoint" vc="0" uspid="3929" ordinal="0" offset="0" sl="20" sc="13" el="20" ec="117" />
            </Method>
          </Methods>
        </Class>
        <Class>
          <Summary numSequencePoints="24" visitedSequencePoints="0" numBranchPoints="15" visitedBranchPoints="0" sequenceCoverage="0" branchCoverage="0" maxCyclomaticComplexity="3" minCyclomaticComplexity="1" />
          <FullName>SigStat.Common.Loaders.SigComp11DutchLoader/SigComp11DutchSignatureFile</FullName>
          <Methods>
            <Method visited="false" cyclomaticComplexity="1" sequenceCoverage="0" branchCoverage="0" isConstructor="false" isStatic="false" isGetter="true" isSetter="false">
              <Summary numSequencePoints="1" visitedSequencePoints="0" numBranchPoints="1" visitedBranchPoints="0" sequenceCoverage="0" branchCoverage="0" maxCyclomaticComplexity="1" minCyclomaticComplexity="1" />
              <MetadataToken>100664341</MetadataToken>
              <Name>System.String SigStat.Common.Loaders.SigComp11DutchLoader/SigComp11DutchSignatureFile::get_FilePath()</Name>
              <FileRef uid="127" />
              <SequencePoints>
                <SequencePoint vc="0" uspid="3933" ordinal="0" offset="0" sl="37" sc="38" el="37" ec="42" />
              </SequencePoints>
              <BranchPoints />
              <MethodPoint xsi:type="SequencePoint" vc="0" uspid="3933" ordinal="0" offset="0" sl="37" sc="38" el="37" ec="42" />
            </Method>
            <Method visited="false" cyclomaticComplexity="1" sequenceCoverage="0" branchCoverage="0" isConstructor="false" isStatic="false" isGetter="false" isSetter="true">
              <Summary numSequencePoints="1" visitedSequencePoints="0" numBranchPoints="1" visitedBranchPoints="0" sequenceCoverage="0" branchCoverage="0" maxCyclomaticComplexity="1" minCyclomaticComplexity="1" />
              <MetadataToken>100664342</MetadataToken>
              <Name>System.Void SigStat.Common.Loaders.SigComp11DutchLoader/SigComp11DutchSignatureFile::set_FilePath(System.String)</Name>
              <FileRef uid="127" />
              <SequencePoints>
                <SequencePoint vc="0" uspid="3934" ordinal="0" offset="0" sl="37" sc="43" el="37" ec="47" />
              </SequencePoints>
              <BranchPoints />
              <MethodPoint xsi:type="SequencePoint" vc="0" uspid="3934" ordinal="0" offset="0" sl="37" sc="43" el="37" ec="47" />
            </Method>
            <Method visited="false" cyclomaticComplexity="1" sequenceCoverage="0" branchCoverage="0" isConstructor="false" isStatic="false" isGetter="true" isSetter="false">
              <Summary numSequencePoints="1" visitedSequencePoints="0" numBranchPoints="1" visitedBranchPoints="0" sequenceCoverage="0" branchCoverage="0" maxCyclomaticComplexity="1" minCyclomaticComplexity="1" />
              <MetadataToken>100664343</MetadataToken>
              <Name>System.String SigStat.Common.Loaders.SigComp11DutchLoader/SigComp11DutchSignatureFile::get_SignerID()</Name>
              <FileRef uid="127" />
              <SequencePoints>
                <SequencePoint vc="0" uspid="3935" ordinal="0" offset="0" sl="38" sc="38" el="38" ec="42" />
              </SequencePoints>
              <BranchPoints />
              <MethodPoint xsi:type="SequencePoint" vc="0" uspid="3935" ordinal="0" offset="0" sl="38" sc="38" el="38" ec="42" />
            </Method>
            <Method visited="false" cyclomaticComplexity="1" sequenceCoverage="0" branchCoverage="0" isConstructor="false" isStatic="false" isGetter="false" isSetter="true">
              <Summary numSequencePoints="1" visitedSequencePoints="0" numBranchPoints="1" visitedBranchPoints="0" sequenceCoverage="0" branchCoverage="0" maxCyclomaticComplexity="1" minCyclomaticComplexity="1" />
              <MetadataToken>100664344</MetadataToken>
              <Name>System.Void SigStat.Common.Loaders.SigComp11DutchLoader/SigComp11DutchSignatureFile::set_SignerID(System.String)</Name>
              <FileRef uid="127" />
              <SequencePoints>
                <SequencePoint vc="0" uspid="3936" ordinal="0" offset="0" sl="38" sc="43" el="38" ec="47" />
              </SequencePoints>
              <BranchPoints />
              <MethodPoint xsi:type="SequencePoint" vc="0" uspid="3936" ordinal="0" offset="0" sl="38" sc="43" el="38" ec="47" />
            </Method>
            <Method visited="false" cyclomaticComplexity="1" sequenceCoverage="0" branchCoverage="0" isConstructor="false" isStatic="false" isGetter="true" isSetter="false">
              <Summary numSequencePoints="1" visitedSequencePoints="0" numBranchPoints="1" visitedBranchPoints="0" sequenceCoverage="0" branchCoverage="0" maxCyclomaticComplexity="1" minCyclomaticComplexity="1" />
              <MetadataToken>100664345</MetadataToken>
              <Name>System.String SigStat.Common.Loaders.SigComp11DutchLoader/SigComp11DutchSignatureFile::get_SignatureIndex()</Name>
              <FileRef uid="127" />
              <SequencePoints>
                <SequencePoint vc="0" uspid="3937" ordinal="0" offset="0" sl="39" sc="44" el="39" ec="48" />
              </SequencePoints>
              <BranchPoints />
              <MethodPoint xsi:type="SequencePoint" vc="0" uspid="3937" ordinal="0" offset="0" sl="39" sc="44" el="39" ec="48" />
            </Method>
            <Method visited="false" cyclomaticComplexity="1" sequenceCoverage="0" branchCoverage="0" isConstructor="false" isStatic="false" isGetter="false" isSetter="true">
              <Summary numSequencePoints="1" visitedSequencePoints="0" numBranchPoints="1" visitedBranchPoints="0" sequenceCoverage="0" branchCoverage="0" maxCyclomaticComplexity="1" minCyclomaticComplexity="1" />
              <MetadataToken>100664346</MetadataToken>
              <Name>System.Void SigStat.Common.Loaders.SigComp11DutchLoader/SigComp11DutchSignatureFile::set_SignatureIndex(System.String)</Name>
              <FileRef uid="127" />
              <SequencePoints>
                <SequencePoint vc="0" uspid="3938" ordinal="0" offset="0" sl="39" sc="49" el="39" ec="53" />
              </SequencePoints>
              <BranchPoints />
              <MethodPoint xsi:type="SequencePoint" vc="0" uspid="3938" ordinal="0" offset="0" sl="39" sc="49" el="39" ec="53" />
            </Method>
            <Method visited="false" cyclomaticComplexity="1" sequenceCoverage="0" branchCoverage="0" isConstructor="false" isStatic="false" isGetter="true" isSetter="false">
              <Summary numSequencePoints="1" visitedSequencePoints="0" numBranchPoints="1" visitedBranchPoints="0" sequenceCoverage="0" branchCoverage="0" maxCyclomaticComplexity="1" minCyclomaticComplexity="1" />
              <MetadataToken>100664347</MetadataToken>
              <Name>System.String SigStat.Common.Loaders.SigComp11DutchLoader/SigComp11DutchSignatureFile::get_ForgerID()</Name>
              <FileRef uid="127" />
              <SequencePoints>
                <SequencePoint vc="0" uspid="3939" ordinal="0" offset="0" sl="40" sc="38" el="40" ec="42" />
              </SequencePoints>
              <BranchPoints />
              <MethodPoint xsi:type="SequencePoint" vc="0" uspid="3939" ordinal="0" offset="0" sl="40" sc="38" el="40" ec="42" />
            </Method>
            <Method visited="false" cyclomaticComplexity="1" sequenceCoverage="0" branchCoverage="0" isConstructor="false" isStatic="false" isGetter="false" isSetter="true">
              <Summary numSequencePoints="1" visitedSequencePoints="0" numBranchPoints="1" visitedBranchPoints="0" sequenceCoverage="0" branchCoverage="0" maxCyclomaticComplexity="1" minCyclomaticComplexity="1" />
              <MetadataToken>100664348</MetadataToken>
              <Name>System.Void SigStat.Common.Loaders.SigComp11DutchLoader/SigComp11DutchSignatureFile::set_ForgerID(System.String)</Name>
              <FileRef uid="127" />
              <SequencePoints>
                <SequencePoint vc="0" uspid="3940" ordinal="0" offset="0" sl="40" sc="43" el="40" ec="47" />
              </SequencePoints>
              <BranchPoints />
              <MethodPoint xsi:type="SequencePoint" vc="0" uspid="3940" ordinal="0" offset="0" sl="40" sc="43" el="40" ec="47" />
            </Method>
            <Method visited="false" cyclomaticComplexity="1" sequenceCoverage="0" branchCoverage="0" isConstructor="false" isStatic="false" isGetter="true" isSetter="false">
              <Summary numSequencePoints="1" visitedSequencePoints="0" numBranchPoints="1" visitedBranchPoints="0" sequenceCoverage="0" branchCoverage="0" maxCyclomaticComplexity="1" minCyclomaticComplexity="1" />
              <MetadataToken>100664349</MetadataToken>
              <Name>System.String SigStat.Common.Loaders.SigComp11DutchLoader/SigComp11DutchSignatureFile::get_SignatureID()</Name>
              <FileRef uid="127" />
              <SequencePoints>
                <SequencePoint vc="0" uspid="3941" ordinal="0" offset="0" sl="41" sc="41" el="41" ec="45" />
              </SequencePoints>
              <BranchPoints />
              <MethodPoint xsi:type="SequencePoint" vc="0" uspid="3941" ordinal="0" offset="0" sl="41" sc="41" el="41" ec="45" />
            </Method>
            <Method visited="false" cyclomaticComplexity="1" sequenceCoverage="0" branchCoverage="0" isConstructor="false" isStatic="false" isGetter="false" isSetter="true">
              <Summary numSequencePoints="1" visitedSequencePoints="0" numBranchPoints="1" visitedBranchPoints="0" sequenceCoverage="0" branchCoverage="0" maxCyclomaticComplexity="1" minCyclomaticComplexity="1" />
              <MetadataToken>100664350</MetadataToken>
              <Name>System.Void SigStat.Common.Loaders.SigComp11DutchLoader/SigComp11DutchSignatureFile::set_SignatureID(System.String)</Name>
              <FileRef uid="127" />
              <SequencePoints>
                <SequencePoint vc="0" uspid="3942" ordinal="0" offset="0" sl="41" sc="46" el="41" ec="50" />
              </SequencePoints>
              <BranchPoints />
              <MethodPoint xsi:type="SequencePoint" vc="0" uspid="3942" ordinal="0" offset="0" sl="41" sc="46" el="41" ec="50" />
            </Method>
            <Method visited="false" cyclomaticComplexity="3" sequenceCoverage="0" branchCoverage="0" isConstructor="true" isStatic="false" isGetter="false" isSetter="false">
              <Summary numSequencePoints="14" visitedSequencePoints="0" numBranchPoints="5" visitedBranchPoints="0" sequenceCoverage="0" branchCoverage="0" maxCyclomaticComplexity="3" minCyclomaticComplexity="3" />
              <MetadataToken>100664351</MetadataToken>
              <Name>System.Void SigStat.Common.Loaders.SigComp11DutchLoader/SigComp11DutchSignatureFile::.ctor(System.String)</Name>
              <FileRef uid="127" />
              <SequencePoints>
                <SequencePoint vc="0" uspid="3943" ordinal="0" offset="0" sl="47" sc="17" el="47" ec="37" />
                <SequencePoint vc="0" uspid="3944" ordinal="1" offset="7" sl="48" sc="17" el="48" ec="92" />
                <SequencePoint vc="0" uspid="3945" ordinal="2" offset="40" sl="50" sc="17" el="50" ec="52" />
                <SequencePoint vc="0" uspid="3946" ordinal="3" offset="63" sl="51" sc="17" el="51" ec="39" />
                <SequencePoint vc="0" uspid="3947" ordinal="4" offset="69" sl="53" sc="21" el="53" ec="41" />
                <SequencePoint vc="0" uspid="3948" ordinal="5" offset="78" sl="54" sc="21" el="54" ec="47" />
                <SequencePoint vc="0" uspid="3949" ordinal="6" offset="87" sl="55" sc="21" el="55" ec="37" />
                <SequencePoint vc="0" uspid="3950" ordinal="7" offset="94" sl="56" sc="17" el="56" ec="18" />
                <SequencePoint vc="0" uspid="3951" ordinal="8" offset="95" sl="57" sc="22" el="57" ec="44" />
                <SequencePoint vc="0" uspid="3952" ordinal="9" offset="101" sl="59" sc="21" el="59" ec="41" />
                <SequencePoint vc="0" uspid="3953" ordinal="10" offset="110" sl="60" sc="21" el="60" ec="47" />
                <SequencePoint vc="0" uspid="3954" ordinal="11" offset="119" sl="61" sc="21" el="61" ec="41" />
                <SequencePoint vc="0" uspid="3955" ordinal="12" offset="128" sl="62" sc="17" el="62" ec="18" />
                <SequencePoint vc="0" uspid="3956" ordinal="13" offset="129" sl="64" sc="21" el="64" ec="101" />
              </SequencePoints>
              <BranchPoints>
                <BranchPoint vc="0" uspid="3957" ordinal="0" offset="67" path="0" />
                <BranchPoint vc="0" uspid="3958" ordinal="1" offset="67" path="1" />
                <BranchPoint vc="0" uspid="3959" ordinal="2" offset="99" path="0" />
                <BranchPoint vc="0" uspid="3960" ordinal="3" offset="99" path="1" />
              </BranchPoints>
              <MethodPoint xsi:type="SequencePoint" vc="0" uspid="3943" ordinal="0" offset="0" sl="47" sc="17" el="47" ec="37" />
            </Method>
          </Methods>
        </Class>
        <Class>
          <Summary numSequencePoints="18" visitedSequencePoints="0" numBranchPoints="20" visitedBranchPoints="0" sequenceCoverage="0" branchCoverage="0" maxCyclomaticComplexity="2" minCyclomaticComplexity="1" />
          <FullName>SigStat.Common.Loaders.SigComp11DutchLoader/&lt;&gt;c</FullName>
          <Methods>
            <Method visited="false" cyclomaticComplexity="1" sequenceCoverage="0" branchCoverage="0" isConstructor="true" isStatic="true" isGetter="false" isSetter="false">
              <Summary numSequencePoints="0" visitedSequencePoints="0" numBranchPoints="0" visitedBranchPoints="0" sequenceCoverage="0" branchCoverage="0" maxCyclomaticComplexity="1" minCyclomaticComplexity="1" />
              <MetadataToken>100664352</MetadataToken>
              <Name>System.Void SigStat.Common.Loaders.SigComp11DutchLoader/&lt;&gt;c::.cctor()</Name>
              <SequencePoints />
              <BranchPoints />
              <MethodPoint vc="0" uspid="3961" ordinal="0" offset="0" />
            </Method>
            <Method visited="false" cyclomaticComplexity="1" sequenceCoverage="0" branchCoverage="0" isConstructor="true" isStatic="false" isGetter="false" isSetter="false">
              <Summary numSequencePoints="0" visitedSequencePoints="0" numBranchPoints="0" visitedBranchPoints="0" sequenceCoverage="0" branchCoverage="0" maxCyclomaticComplexity="1" minCyclomaticComplexity="1" />
              <MetadataToken>100664353</MetadataToken>
              <Name>System.Void SigStat.Common.Loaders.SigComp11DutchLoader/&lt;&gt;c::.ctor()</Name>
              <SequencePoints />
              <BranchPoints />
              <MethodPoint vc="0" uspid="3962" ordinal="0" offset="0" />
            </Method>
            <Method visited="false" cyclomaticComplexity="1" sequenceCoverage="0" branchCoverage="0" isConstructor="false" isStatic="false" isGetter="false" isSetter="false">
              <Summary numSequencePoints="1" visitedSequencePoints="0" numBranchPoints="1" visitedBranchPoints="0" sequenceCoverage="0" branchCoverage="0" maxCyclomaticComplexity="1" minCyclomaticComplexity="1" />
              <MetadataToken>100664354</MetadataToken>
              <Name>System.Boolean SigStat.Common.Loaders.SigComp11DutchLoader/&lt;&gt;c::&lt;EnumerateSigners&gt;b__9_0(System.IO.Compression.ZipArchiveEntry)</Name>
              <FileRef uid="127" />
              <SequencePoints>
                <SequencePoint vc="0" uspid="3963" ordinal="0" offset="0" sl="86" sc="62" el="86" ec="85" />
              </SequencePoints>
              <BranchPoints />
              <MethodPoint xsi:type="SequencePoint" vc="0" uspid="3963" ordinal="0" offset="0" sl="86" sc="62" el="86" ec="85" />
            </Method>
            <Method visited="false" cyclomaticComplexity="1" sequenceCoverage="0" branchCoverage="0" isConstructor="false" isStatic="false" isGetter="false" isSetter="false">
              <Summary numSequencePoints="1" visitedSequencePoints="0" numBranchPoints="1" visitedBranchPoints="0" sequenceCoverage="0" branchCoverage="0" maxCyclomaticComplexity="1" minCyclomaticComplexity="1" />
              <MetadataToken>100664355</MetadataToken>
              <Name>SigStat.Common.Loaders.SigComp11DutchLoader/SigComp11DutchSignatureFile SigStat.Common.Loaders.SigComp11DutchLoader/&lt;&gt;c::&lt;EnumerateSigners&gt;b__9_1(System.IO.Compression.ZipArchiveEntry)</Name>
              <FileRef uid="127" />
              <SequencePoints>
                <SequencePoint vc="0" uspid="3964" ordinal="0" offset="0" sl="86" sc="99" el="86" ec="142" />
              </SequencePoints>
              <BranchPoints />
              <MethodPoint xsi:type="SequencePoint" vc="0" uspid="3964" ordinal="0" offset="0" sl="86" sc="99" el="86" ec="142" />
            </Method>
            <Method visited="false" cyclomaticComplexity="1" sequenceCoverage="0" branchCoverage="0" isConstructor="false" isStatic="false" isGetter="false" isSetter="false">
              <Summary numSequencePoints="1" visitedSequencePoints="0" numBranchPoints="1" visitedBranchPoints="0" sequenceCoverage="0" branchCoverage="0" maxCyclomaticComplexity="1" minCyclomaticComplexity="1" />
              <MetadataToken>100664356</MetadataToken>
              <Name>System.String SigStat.Common.Loaders.SigComp11DutchLoader/&lt;&gt;c::&lt;EnumerateSigners&gt;b__9_2(SigStat.Common.Loaders.SigComp11DutchLoader/SigComp11DutchSignatureFile)</Name>
              <FileRef uid="127" />
              <SequencePoints>
                <SequencePoint vc="0" uspid="3965" ordinal="0" offset="0" sl="86" sc="158" el="86" ec="169" />
              </SequencePoints>
              <BranchPoints />
              <MethodPoint xsi:type="SequencePoint" vc="0" uspid="3965" ordinal="0" offset="0" sl="86" sc="158" el="86" ec="169" />
            </Method>
            <Method visited="false" cyclomaticComplexity="1" sequenceCoverage="0" branchCoverage="0" isConstructor="false" isStatic="false" isGetter="false" isSetter="false">
              <Summary numSequencePoints="1" visitedSequencePoints="0" numBranchPoints="1" visitedBranchPoints="0" sequenceCoverage="0" branchCoverage="0" maxCyclomaticComplexity="1" minCyclomaticComplexity="1" />
              <MetadataToken>100664357</MetadataToken>
              <Name>System.String SigStat.Common.Loaders.SigComp11DutchLoader/&lt;&gt;c::&lt;EnumerateSigners&gt;b__9_3(SigStat.Common.Signature)</Name>
              <FileRef uid="127" />
              <SequencePoints>
                <SequencePoint vc="0" uspid="3966" ordinal="0" offset="0" sl="116" sc="72" el="116" ec="76" />
              </SequencePoints>
              <BranchPoints />
              <MethodPoint xsi:type="SequencePoint" vc="0" uspid="3966" ordinal="0" offset="0" sl="116" sc="72" el="116" ec="76" />
            </Method>
            <Method visited="false" cyclomaticComplexity="1" sequenceCoverage="0" branchCoverage="0" isConstructor="false" isStatic="false" isGetter="false" isSetter="false">
              <Summary numSequencePoints="1" visitedSequencePoints="0" numBranchPoints="1" visitedBranchPoints="0" sequenceCoverage="0" branchCoverage="0" maxCyclomaticComplexity="1" minCyclomaticComplexity="1" />
              <MetadataToken>100664358</MetadataToken>
              <Name>System.Boolean SigStat.Common.Loaders.SigComp11DutchLoader/&lt;&gt;c::&lt;ParseSignature&gt;b__11_0(System.String)</Name>
              <FileRef uid="127" />
              <SequencePoints>
                <SequencePoint vc="0" uspid="3967" ordinal="0" offset="0" sl="143" sc="29" el="143" ec="58" />
              </SequencePoints>
              <BranchPoints />
              <MethodPoint xsi:type="SequencePoint" vc="0" uspid="3967" ordinal="0" offset="0" sl="143" sc="29" el="143" ec="58" />
            </Method>
            <Method visited="false" cyclomaticComplexity="2" sequenceCoverage="0" branchCoverage="0" isConstructor="false" isStatic="false" isGetter="false" isSetter="false">
              <Summary numSequencePoints="1" visitedSequencePoints="0" numBranchPoints="3" visitedBranchPoints="0" sequenceCoverage="0" branchCoverage="0" maxCyclomaticComplexity="2" minCyclomaticComplexity="2" />
              <MetadataToken>100664359</MetadataToken>
              <Name>System.Int32[] SigStat.Common.Loaders.SigComp11DutchLoader/&lt;&gt;c::&lt;ParseSignature&gt;b__11_1(System.String)</Name>
              <FileRef uid="127" />
              <SequencePoints>
                <SequencePoint vc="0" uspid="3968" ordinal="0" offset="0" sl="144" sc="30" el="144" ec="78" />
              </SequencePoints>
              <BranchPoints>
                <BranchPoint vc="0" uspid="3969" ordinal="0" offset="23" path="0" />
                <BranchPoint vc="0" uspid="3970" ordinal="1" offset="23" path="1" />
              </BranchPoints>
              <MethodPoint xsi:type="SequencePoint" vc="0" uspid="3968" ordinal="0" offset="0" sl="144" sc="30" el="144" ec="78" />
            </Method>
            <Method visited="false" cyclomaticComplexity="1" sequenceCoverage="0" branchCoverage="0" isConstructor="false" isStatic="false" isGetter="false" isSetter="false">
              <Summary numSequencePoints="1" visitedSequencePoints="0" numBranchPoints="1" visitedBranchPoints="0" sequenceCoverage="0" branchCoverage="0" maxCyclomaticComplexity="1" minCyclomaticComplexity="1" />
              <MetadataToken>100664360</MetadataToken>
              <Name>System.Int32 SigStat.Common.Loaders.SigComp11DutchLoader/&lt;&gt;c::&lt;ParseSignature&gt;b__11_13(System.String)</Name>
              <FileRef uid="127" />
              <SequencePoints>
                <SequencePoint vc="0" uspid="3971" ordinal="0" offset="0" sl="144" sc="55" el="144" ec="67" />
              </SequencePoints>
              <BranchPoints />
              <MethodPoint xsi:type="SequencePoint" vc="0" uspid="3971" ordinal="0" offset="0" sl="144" sc="55" el="144" ec="67" />
            </Method>
            <Method visited="false" cyclomaticComplexity="1" sequenceCoverage="0" branchCoverage="0" isConstructor="false" isStatic="false" isGetter="false" isSetter="false">
              <Summary numSequencePoints="1" visitedSequencePoints="0" numBranchPoints="1" visitedBranchPoints="0" sequenceCoverage="0" branchCoverage="0" maxCyclomaticComplexity="1" minCyclomaticComplexity="1" />
              <MetadataToken>100664361</MetadataToken>
              <Name>System.Int32 SigStat.Common.Loaders.SigComp11DutchLoader/&lt;&gt;c::&lt;ParseSignature&gt;b__11_2(System.Int32[])</Name>
              <FileRef uid="127" />
              <SequencePoints>
                <SequencePoint vc="0" uspid="3972" ordinal="0" offset="0" sl="147" sc="65" el="147" ec="69" />
              </SequencePoints>
              <BranchPoints />
              <MethodPoint xsi:type="SequencePoint" vc="0" uspid="3972" ordinal="0" offset="0" sl="147" sc="65" el="147" ec="69" />
            </Method>
            <Method visited="false" cyclomaticComplexity="1" sequenceCoverage="0" branchCoverage="0" isConstructor="false" isStatic="false" isGetter="false" isSetter="false">
              <Summary numSequencePoints="1" visitedSequencePoints="0" numBranchPoints="1" visitedBranchPoints="0" sequenceCoverage="0" branchCoverage="0" maxCyclomaticComplexity="1" minCyclomaticComplexity="1" />
              <MetadataToken>100664362</MetadataToken>
              <Name>System.Int32 SigStat.Common.Loaders.SigComp11DutchLoader/&lt;&gt;c::&lt;ParseSignature&gt;b__11_3(System.Int32[])</Name>
              <FileRef uid="127" />
              <SequencePoints>
                <SequencePoint vc="0" uspid="3973" ordinal="0" offset="0" sl="148" sc="65" el="148" ec="69" />
              </SequencePoints>
              <BranchPoints />
              <MethodPoint xsi:type="SequencePoint" vc="0" uspid="3973" ordinal="0" offset="0" sl="148" sc="65" el="148" ec="69" />
            </Method>
            <Method visited="false" cyclomaticComplexity="1" sequenceCoverage="0" branchCoverage="0" isConstructor="false" isStatic="false" isGetter="false" isSetter="false">
              <Summary numSequencePoints="1" visitedSequencePoints="0" numBranchPoints="1" visitedBranchPoints="0" sequenceCoverage="0" branchCoverage="0" maxCyclomaticComplexity="1" minCyclomaticComplexity="1" />
              <MetadataToken>100664363</MetadataToken>
              <Name>System.Int32 SigStat.Common.Loaders.SigComp11DutchLoader/&lt;&gt;c::&lt;ParseSignature&gt;b__11_4(System.Int32[])</Name>
              <FileRef uid="127" />
              <SequencePoints>
                <SequencePoint vc="0" uspid="3974" ordinal="0" offset="0" sl="149" sc="65" el="149" ec="69" />
              </SequencePoints>
              <BranchPoints />
              <MethodPoint xsi:type="SequencePoint" vc="0" uspid="3974" ordinal="0" offset="0" sl="149" sc="65" el="149" ec="69" />
            </Method>
            <Method visited="false" cyclomaticComplexity="1" sequenceCoverage="0" branchCoverage="0" isConstructor="false" isStatic="false" isGetter="false" isSetter="false">
              <Summary numSequencePoints="1" visitedSequencePoints="0" numBranchPoints="1" visitedBranchPoints="0" sequenceCoverage="0" branchCoverage="0" maxCyclomaticComplexity="1" minCyclomaticComplexity="1" />
              <MetadataToken>100664364</MetadataToken>
              <Name>System.Int32 SigStat.Common.Loaders.SigComp11DutchLoader/&lt;&gt;c::&lt;ParseSignature&gt;b__11_5(System.Int32)</Name>
              <FileRef uid="127" />
              <SequencePoints>
                <SequencePoint vc="0" uspid="3975" ordinal="0" offset="0" sl="151" sc="90" el="151" ec="93" />
              </SequencePoints>
              <BranchPoints />
              <MethodPoint xsi:type="SequencePoint" vc="0" uspid="3975" ordinal="0" offset="0" sl="151" sc="90" el="151" ec="93" />
            </Method>
            <Method visited="false" cyclomaticComplexity="1" sequenceCoverage="0" branchCoverage="0" isConstructor="false" isStatic="false" isGetter="false" isSetter="false">
              <Summary numSequencePoints="1" visitedSequencePoints="0" numBranchPoints="1" visitedBranchPoints="0" sequenceCoverage="0" branchCoverage="0" maxCyclomaticComplexity="1" minCyclomaticComplexity="1" />
              <MetadataToken>100664365</MetadataToken>
              <Name>System.Double SigStat.Common.Loaders.SigComp11DutchLoader/&lt;&gt;c::&lt;ParseSignature&gt;b__11_6(System.Int32[])</Name>
              <FileRef uid="127" />
              <SequencePoints>
                <SequencePoint vc="0" uspid="3976" ordinal="0" offset="0" sl="155" sc="68" el="155" ec="80" />
              </SequencePoints>
              <BranchPoints />
              <MethodPoint xsi:type="SequencePoint" vc="0" uspid="3976" ordinal="0" offset="0" sl="155" sc="68" el="155" ec="80" />
            </Method>
            <Method visited="false" cyclomaticComplexity="1" sequenceCoverage="0" branchCoverage="0" isConstructor="false" isStatic="false" isGetter="false" isSetter="false">
              <Summary numSequencePoints="1" visitedSequencePoints="0" numBranchPoints="1" visitedBranchPoints="0" sequenceCoverage="0" branchCoverage="0" maxCyclomaticComplexity="1" minCyclomaticComplexity="1" />
              <MetadataToken>100664366</MetadataToken>
              <Name>System.Double SigStat.Common.Loaders.SigComp11DutchLoader/&lt;&gt;c::&lt;ParseSignature&gt;b__11_7(System.Int32[])</Name>
              <FileRef uid="127" />
              <SequencePoints>
                <SequencePoint vc="0" uspid="3977" ordinal="0" offset="0" sl="156" sc="68" el="156" ec="80" />
              </SequencePoints>
              <BranchPoints />
              <MethodPoint xsi:type="SequencePoint" vc="0" uspid="3977" ordinal="0" offset="0" sl="156" sc="68" el="156" ec="80" />
            </Method>
            <Method visited="false" cyclomaticComplexity="1" sequenceCoverage="0" branchCoverage="0" isConstructor="false" isStatic="false" isGetter="false" isSetter="false">
              <Summary numSequencePoints="1" visitedSequencePoints="0" numBranchPoints="1" visitedBranchPoints="0" sequenceCoverage="0" branchCoverage="0" maxCyclomaticComplexity="1" minCyclomaticComplexity="1" />
              <MetadataToken>100664367</MetadataToken>
              <Name>System.Double SigStat.Common.Loaders.SigComp11DutchLoader/&lt;&gt;c::&lt;ParseSignature&gt;b__11_8(System.Int32[])</Name>
              <FileRef uid="127" />
              <SequencePoints>
                <SequencePoint vc="0" uspid="3978" ordinal="0" offset="0" sl="157" sc="75" el="157" ec="87" />
              </SequencePoints>
              <BranchPoints />
              <MethodPoint xsi:type="SequencePoint" vc="0" uspid="3978" ordinal="0" offset="0" sl="157" sc="75" el="157" ec="87" />
            </Method>
            <Method visited="false" cyclomaticComplexity="1" sequenceCoverage="0" branchCoverage="0" isConstructor="false" isStatic="false" isGetter="false" isSetter="false">
              <Summary numSequencePoints="1" visitedSequencePoints="0" numBranchPoints="1" visitedBranchPoints="0" sequenceCoverage="0" branchCoverage="0" maxCyclomaticComplexity="1" minCyclomaticComplexity="1" />
              <MetadataToken>100664368</MetadataToken>
              <Name>System.Double SigStat.Common.Loaders.SigComp11DutchLoader/&lt;&gt;c::&lt;ParseSignature&gt;b__11_9(System.Int32)</Name>
              <FileRef uid="127" />
              <SequencePoints>
                <SequencePoint vc="0" uspid="3979" ordinal="0" offset="0" sl="158" sc="95" el="158" ec="101" />
              </SequencePoints>
              <BranchPoints />
              <MethodPoint xsi:type="SequencePoint" vc="0" uspid="3979" ordinal="0" offset="0" sl="158" sc="95" el="158" ec="101" />
            </Method>
            <Method visited="false" cyclomaticComplexity="1" sequenceCoverage="0" branchCoverage="0" isConstructor="false" isStatic="false" isGetter="false" isSetter="false">
              <Summary numSequencePoints="1" visitedSequencePoints="0" numBranchPoints="1" visitedBranchPoints="0" sequenceCoverage="0" branchCoverage="0" maxCyclomaticComplexity="1" minCyclomaticComplexity="1" />
              <MetadataToken>100664369</MetadataToken>
              <Name>System.Boolean SigStat.Common.Loaders.SigComp11DutchLoader/&lt;&gt;c::&lt;ParseSignature&gt;b__11_10(System.Int32[])</Name>
              <FileRef uid="127" />
              <SequencePoints>
                <SequencePoint vc="0" uspid="3980" ordinal="0" offset="0" sl="159" sc="71" el="159" ec="77" />
              </SequencePoints>
              <BranchPoints />
              <MethodPoint xsi:type="SequencePoint" vc="0" uspid="3980" ordinal="0" offset="0" sl="159" sc="71" el="159" ec="77" />
            </Method>
            <Method visited="false" cyclomaticComplexity="1" sequenceCoverage="0" branchCoverage="0" isConstructor="false" isStatic="false" isGetter="false" isSetter="false">
              <Summary numSequencePoints="1" visitedSequencePoints="0" numBranchPoints="1" visitedBranchPoints="0" sequenceCoverage="0" branchCoverage="0" maxCyclomaticComplexity="1" minCyclomaticComplexity="1" />
              <MetadataToken>100664370</MetadataToken>
              <Name>System.Double SigStat.Common.Loaders.SigComp11DutchLoader/&lt;&gt;c::&lt;ParseSignature&gt;b__11_11(System.Int32[])</Name>
              <FileRef uid="127" />
              <SequencePoints>
                <SequencePoint vc="0" uspid="3981" ordinal="0" offset="0" sl="160" sc="74" el="160" ec="76" />
              </SequencePoints>
              <BranchPoints />
              <MethodPoint xsi:type="SequencePoint" vc="0" uspid="3981" ordinal="0" offset="0" sl="160" sc="74" el="160" ec="76" />
            </Method>
            <Method visited="false" cyclomaticComplexity="1" sequenceCoverage="0" branchCoverage="0" isConstructor="false" isStatic="false" isGetter="false" isSetter="false">
              <Summary numSequencePoints="1" visitedSequencePoints="0" numBranchPoints="1" visitedBranchPoints="0" sequenceCoverage="0" branchCoverage="0" maxCyclomaticComplexity="1" minCyclomaticComplexity="1" />
              <MetadataToken>100664371</MetadataToken>
              <Name>System.Double SigStat.Common.Loaders.SigComp11DutchLoader/&lt;&gt;c::&lt;ParseSignature&gt;b__11_12(System.Int32[])</Name>
              <FileRef uid="127" />
              <SequencePoints>
                <SequencePoint vc="0" uspid="3982" ordinal="0" offset="0" sl="161" sc="75" el="161" ec="77" />
              </SequencePoints>
              <BranchPoints />
              <MethodPoint xsi:type="SequencePoint" vc="0" uspid="3982" ordinal="0" offset="0" sl="161" sc="75" el="161" ec="77" />
            </Method>
          </Methods>
        </Class>
        <Class>
          <Summary numSequencePoints="26" visitedSequencePoints="0" numBranchPoints="45" visitedBranchPoints="0" sequenceCoverage="0" branchCoverage="0" maxCyclomaticComplexity="16" minCyclomaticComplexity="1" />
          <FullName>SigStat.Common.Loaders.SigComp11DutchLoader/&lt;EnumerateSigners&gt;d__9</FullName>
          <Methods>
            <Method visited="false" cyclomaticComplexity="1" sequenceCoverage="0" branchCoverage="0" isConstructor="false" isStatic="false" isGetter="true" isSetter="false">
              <Summary numSequencePoints="0" visitedSequencePoints="0" numBranchPoints="0" visitedBranchPoints="0" sequenceCoverage="0" branchCoverage="0" maxCyclomaticComplexity="1" minCyclomaticComplexity="1" />
              <MetadataToken>100664377</MetadataToken>
              <Name>SigStat.Common.Signer SigStat.Common.Loaders.SigComp11DutchLoader/&lt;EnumerateSigners&gt;d__9::System.Collections.Generic.IEnumerator&lt;SigStat.Common.Signer&gt;.get_Current()</Name>
              <SequencePoints />
              <BranchPoints />
              <MethodPoint vc="0" uspid="3983" ordinal="0" offset="0" />
            </Method>
            <Method visited="false" cyclomaticComplexity="1" sequenceCoverage="0" branchCoverage="0" isConstructor="false" isStatic="false" isGetter="true" isSetter="false">
              <Summary numSequencePoints="0" visitedSequencePoints="0" numBranchPoints="0" visitedBranchPoints="0" sequenceCoverage="0" branchCoverage="0" maxCyclomaticComplexity="1" minCyclomaticComplexity="1" />
              <MetadataToken>100664379</MetadataToken>
              <Name>System.Object SigStat.Common.Loaders.SigComp11DutchLoader/&lt;EnumerateSigners&gt;d__9::System.Collections.IEnumerator.get_Current()</Name>
              <SequencePoints />
              <BranchPoints />
              <MethodPoint vc="0" uspid="3984" ordinal="0" offset="0" />
            </Method>
            <Method visited="false" cyclomaticComplexity="1" sequenceCoverage="0" branchCoverage="0" isConstructor="true" isStatic="false" isGetter="false" isSetter="false">
              <Summary numSequencePoints="0" visitedSequencePoints="0" numBranchPoints="0" visitedBranchPoints="0" sequenceCoverage="0" branchCoverage="0" maxCyclomaticComplexity="1" minCyclomaticComplexity="1" />
              <MetadataToken>100664372</MetadataToken>
              <Name>System.Void SigStat.Common.Loaders.SigComp11DutchLoader/&lt;EnumerateSigners&gt;d__9::.ctor(System.Int32)</Name>
              <SequencePoints />
              <BranchPoints />
              <MethodPoint vc="0" uspid="3985" ordinal="0" offset="0" />
            </Method>
            <Method visited="false" cyclomaticComplexity="5" sequenceCoverage="0" branchCoverage="0" isConstructor="false" isStatic="false" isGetter="false" isSetter="false">
              <Summary numSequencePoints="0" visitedSequencePoints="0" numBranchPoints="8" visitedBranchPoints="0" sequenceCoverage="0" branchCoverage="0" maxCyclomaticComplexity="5" minCyclomaticComplexity="5" />
              <MetadataToken>100664373</MetadataToken>
              <Name>System.Void SigStat.Common.Loaders.SigComp11DutchLoader/&lt;EnumerateSigners&gt;d__9::System.IDisposable.Dispose()</Name>
              <SequencePoints />
              <BranchPoints>
                <BranchPoint vc="0" uspid="3987" ordinal="0" offset="12" path="0" />
                <BranchPoint vc="0" uspid="3988" ordinal="1" offset="12" path="1" />
                <BranchPoint vc="0" uspid="3989" ordinal="2" offset="16" path="0" />
                <BranchPoint vc="0" uspid="3990" ordinal="3" offset="16" path="1" />
                <BranchPoint vc="0" uspid="3991" ordinal="4" offset="22" path="0" />
                <BranchPoint vc="0" uspid="3992" ordinal="5" offset="22" path="1" />
                <BranchPoint vc="0" uspid="3993" ordinal="6" offset="26" path="0" />
                <BranchPoint vc="0" uspid="3994" ordinal="7" offset="26" path="1" />
              </BranchPoints>
              <MethodPoint vc="0" uspid="3986" ordinal="0" offset="0" />
            </Method>
            <Method visited="false" cyclomaticComplexity="16" sequenceCoverage="0" branchCoverage="0" isConstructor="false" isStatic="false" isGetter="false" isSetter="false">
              <Summary numSequencePoints="26" visitedSequencePoints="0" numBranchPoints="29" visitedBranchPoints="0" sequenceCoverage="0" branchCoverage="0" maxCyclomaticComplexity="16" minCyclomaticComplexity="16" />
              <MetadataToken>100664374</MetadataToken>
              <Name>System.Boolean SigStat.Common.Loaders.SigComp11DutchLoader/&lt;EnumerateSigners&gt;d__9::MoveNext()</Name>
              <FileRef uid="127" />
              <SequencePoints>
                <SequencePoint vc="0" uspid="3995" ordinal="0" offset="38" sl="82" sc="13" el="82" ec="65" />
                <SequencePoint vc="0" uspid="3996" ordinal="1" offset="54" sl="83" sc="20" el="83" ec="67" />
                <SequencePoint vc="0" uspid="3997" ordinal="2" offset="79" sl="86" sc="17" el="86" ec="171" />
                <SequencePoint vc="0" uspid="3998" ordinal="3" offset="199" sl="87" sc="17" el="87" ec="98" />
                <SequencePoint vc="0" uspid="3999" ordinal="4" offset="235" sl="88" sc="39" el="88" ec="54" />
                <SequencePoint vc="0" uspid="4000" ordinal="5" offset="260" sl="88" sc="26" el="88" ec="35" />
                <SequencePoint vc="0" uspid="4001" ordinal="6" offset="273" sl="90" sc="21" el="90" ec="67" />
                <SequencePoint vc="0" uspid="4002" ordinal="7" offset="293" sl="92" sc="21" el="92" ec="71" />
                <SequencePoint vc="0" uspid="4003" ordinal="8" offset="319" sl="96" sc="51" el="96" ec="56" />
                <SequencePoint vc="0" uspid="4004" ordinal="9" offset="333" sl="96" sc="30" el="96" ec="47" />
                <SequencePoint vc="0" uspid="4005" ordinal="10" offset="342" sl="98" sc="25" el="103" ec="27" />
                <SequencePoint vc="0" uspid="4006" ordinal="11" offset="389" sl="104" sc="32" el="104" ec="68" />
                <SequencePoint vc="0" uspid="4007" ordinal="12" offset="396" sl="106" sc="36" el="106" ec="90" />
                <SequencePoint vc="0" uspid="4008" ordinal="13" offset="421" sl="108" sc="33" el="108" ec="46" />
                <SequencePoint vc="0" uspid="4009" ordinal="14" offset="430" sl="109" sc="29" el="109" ec="30" />
                <SequencePoint vc="0" uspid="4010" ordinal="15" offset="444" sl="110" sc="29" el="110" ec="45" />
                <SequencePoint vc="0" uspid="4011" ordinal="16" offset="453" sl="111" sc="29" el="111" ec="76" />
                <SequencePoint vc="0" uspid="4012" ordinal="17" offset="468" sl="112" sc="25" el="112" ec="26" />
                <SequencePoint vc="0" uspid="4013" ordinal="18" offset="482" sl="113" sc="25" el="113" ec="58" />
                <SequencePoint vc="0" uspid="4014" ordinal="19" offset="496" sl="96" sc="48" el="96" ec="50" />
                <SequencePoint vc="0" uspid="4015" ordinal="20" offset="522" sl="116" sc="21" el="116" ec="87" />
                <SequencePoint vc="0" uspid="4016" ordinal="21" offset="577" sl="117" sc="21" el="117" ec="41" />
                <SequencePoint vc="0" uspid="4017" ordinal="22" offset="604" sl="88" sc="36" el="88" ec="38" />
                <SequencePoint vc="0" uspid="4018" ordinal="23" offset="633" sl="119" sc="13" el="119" ec="14" />
                <SequencePoint vc="0" uspid="4019" ordinal="24" offset="646" sl="120" sc="13" el="120" ec="66" />
                <SequencePoint vc="0" uspid="4020" ordinal="25" offset="662" sl="121" sc="9" el="121" ec="10" />
              </SequencePoints>
              <BranchPoints>
                <BranchPoint vc="0" uspid="4022" ordinal="0" offset="15" path="0" />
                <BranchPoint vc="0" uspid="4023" ordinal="1" offset="15" path="1" />
                <BranchPoint vc="0" uspid="4024" ordinal="2" offset="19" path="0" />
                <BranchPoint vc="0" uspid="4025" ordinal="3" offset="19" path="1" />
                <BranchPoint vc="0" uspid="4026" ordinal="4" offset="96" path="0" />
                <BranchPoint vc="0" uspid="4027" ordinal="5" offset="96" path="1" />
                <BranchPoint vc="0" uspid="4028" ordinal="6" offset="132" path="0" />
                <BranchPoint vc="0" uspid="4029" ordinal="7" offset="132" path="1" />
                <BranchPoint vc="0" uspid="4030" ordinal="8" offset="168" path="0" />
                <BranchPoint vc="0" uspid="4031" ordinal="9" offset="168" path="1" />
                <BranchPoint vc="0" uspid="4032" ordinal="10" offset="299" path="0" />
                <BranchPoint vc="0" uspid="4033" ordinal="11" offset="299" path="1" />
                <BranchPoint vc="0" uspid="4034" ordinal="12" offset="314" path="0" />
                <BranchPoint vc="0" uspid="4035" ordinal="13" offset="314" path="1" />
                <BranchPoint vc="0" uspid="4036" ordinal="14" offset="376" path="0" />
                <BranchPoint vc="0" uspid="4037" ordinal="15" offset="376" path="1" />
                <BranchPoint vc="0" uspid="4038" ordinal="16" offset="434" path="0" />
                <BranchPoint vc="0" uspid="4039" ordinal="17" offset="434" path="1" />
                <BranchPoint vc="0" uspid="4040" ordinal="18" offset="472" path="0" />
                <BranchPoint vc="0" uspid="4041" ordinal="19" offset="472" path="1" />
                <BranchPoint vc="0" uspid="4042" ordinal="20" offset="503" path="0" />
                <BranchPoint vc="0" uspid="4043" ordinal="21" offset="503" path="1" />
                <BranchPoint vc="0" uspid="4044" ordinal="22" offset="512" path="0" />
                <BranchPoint vc="0" uspid="4045" ordinal="23" offset="512" path="1" />
                <BranchPoint vc="0" uspid="4046" ordinal="24" offset="537" path="0" />
                <BranchPoint vc="0" uspid="4047" ordinal="25" offset="537" path="1" />
                <BranchPoint vc="0" uspid="4048" ordinal="26" offset="615" path="0" />
                <BranchPoint vc="0" uspid="4049" ordinal="27" offset="615" path="1" />
              </BranchPoints>
              <MethodPoint vc="0" uspid="4021" ordinal="0" offset="0" />
            </Method>
            <Method visited="false" cyclomaticComplexity="2" sequenceCoverage="0" branchCoverage="0" isConstructor="false" isStatic="false" isGetter="false" isSetter="false">
              <Summary numSequencePoints="0" visitedSequencePoints="0" numBranchPoints="2" visitedBranchPoints="0" sequenceCoverage="0" branchCoverage="0" maxCyclomaticComplexity="2" minCyclomaticComplexity="2" />
              <MetadataToken>100664375</MetadataToken>
              <Name>System.Void SigStat.Common.Loaders.SigComp11DutchLoader/&lt;EnumerateSigners&gt;d__9::&lt;&gt;m__Finally1()</Name>
              <SequencePoints />
              <BranchPoints>
                <BranchPoint vc="0" uspid="4051" ordinal="0" offset="13" path="0" />
                <BranchPoint vc="0" uspid="4052" ordinal="1" offset="13" path="1" />
              </BranchPoints>
              <MethodPoint vc="0" uspid="4050" ordinal="0" offset="0" />
            </Method>
            <Method visited="false" cyclomaticComplexity="2" sequenceCoverage="0" branchCoverage="0" isConstructor="false" isStatic="false" isGetter="false" isSetter="false">
              <Summary numSequencePoints="0" visitedSequencePoints="0" numBranchPoints="2" visitedBranchPoints="0" sequenceCoverage="0" branchCoverage="0" maxCyclomaticComplexity="2" minCyclomaticComplexity="2" />
              <MetadataToken>100664376</MetadataToken>
              <Name>System.Void SigStat.Common.Loaders.SigComp11DutchLoader/&lt;EnumerateSigners&gt;d__9::&lt;&gt;m__Finally2()</Name>
              <SequencePoints />
              <BranchPoints>
                <BranchPoint vc="0" uspid="4054" ordinal="0" offset="14" path="0" />
                <BranchPoint vc="0" uspid="4055" ordinal="1" offset="14" path="1" />
              </BranchPoints>
              <MethodPoint vc="0" uspid="4053" ordinal="0" offset="0" />
            </Method>
            <Method visited="false" cyclomaticComplexity="1" sequenceCoverage="0" branchCoverage="0" isConstructor="false" isStatic="false" isGetter="false" isSetter="false">
              <Summary numSequencePoints="0" visitedSequencePoints="0" numBranchPoints="0" visitedBranchPoints="0" sequenceCoverage="0" branchCoverage="0" maxCyclomaticComplexity="1" minCyclomaticComplexity="1" />
              <MetadataToken>100664378</MetadataToken>
              <Name>System.Void SigStat.Common.Loaders.SigComp11DutchLoader/&lt;EnumerateSigners&gt;d__9::System.Collections.IEnumerator.Reset()</Name>
              <SequencePoints />
              <BranchPoints />
              <MethodPoint vc="0" uspid="4056" ordinal="0" offset="0" />
            </Method>
            <Method visited="false" cyclomaticComplexity="3" sequenceCoverage="0" branchCoverage="0" isConstructor="false" isStatic="false" isGetter="false" isSetter="false">
              <Summary numSequencePoints="0" visitedSequencePoints="0" numBranchPoints="4" visitedBranchPoints="0" sequenceCoverage="0" branchCoverage="0" maxCyclomaticComplexity="3" minCyclomaticComplexity="3" />
              <MetadataToken>100664380</MetadataToken>
              <Name>System.Collections.Generic.IEnumerator`1&lt;SigStat.Common.Signer&gt; SigStat.Common.Loaders.SigComp11DutchLoader/&lt;EnumerateSigners&gt;d__9::System.Collections.Generic.IEnumerable&lt;SigStat.Common.Signer&gt;.GetEnumerator()</Name>
              <SequencePoints />
              <BranchPoints>
                <BranchPoint vc="0" uspid="4058" ordinal="0" offset="8" path="0" />
                <BranchPoint vc="0" uspid="4059" ordinal="1" offset="8" path="1" />
                <BranchPoint vc="0" uspid="4060" ordinal="2" offset="21" path="0" />
                <BranchPoint vc="0" uspid="4061" ordinal="3" offset="21" path="1" />
              </BranchPoints>
              <MethodPoint vc="0" uspid="4057" ordinal="0" offset="0" />
            </Method>
            <Method visited="false" cyclomaticComplexity="1" sequenceCoverage="0" branchCoverage="0" isConstructor="false" isStatic="false" isGetter="false" isSetter="false">
              <Summary numSequencePoints="0" visitedSequencePoints="0" numBranchPoints="0" visitedBranchPoints="0" sequenceCoverage="0" branchCoverage="0" maxCyclomaticComplexity="1" minCyclomaticComplexity="1" />
              <MetadataToken>100664381</MetadataToken>
              <Name>System.Collections.IEnumerator SigStat.Common.Loaders.SigComp11DutchLoader/&lt;EnumerateSigners&gt;d__9::System.Collections.IEnumerable.GetEnumerator()</Name>
              <SequencePoints />
              <BranchPoints />
              <MethodPoint vc="0" uspid="4062" ordinal="0" offset="0" />
            </Method>
          </Methods>
        </Class>
        <Class>
          <Summary numSequencePoints="7" visitedSequencePoints="0" numBranchPoints="1" visitedBranchPoints="0" sequenceCoverage="0" branchCoverage="0" maxCyclomaticComplexity="1" minCyclomaticComplexity="1" />
          <FullName>SigStat.Common.Loaders.Svc2004</FullName>
          <Methods>
            <Method visited="false" cyclomaticComplexity="1" sequenceCoverage="0" branchCoverage="0" isConstructor="true" isStatic="true" isGetter="false" isSetter="false">
              <Summary numSequencePoints="7" visitedSequencePoints="0" numBranchPoints="1" visitedBranchPoints="0" sequenceCoverage="0" branchCoverage="0" maxCyclomaticComplexity="1" minCyclomaticComplexity="1" />
              <MetadataToken>100663904</MetadataToken>
              <Name>System.Void SigStat.Common.Loaders.Svc2004::.cctor()</Name>
              <FileRef uid="132" />
              <SequencePoints>
                <SequencePoint vc="0" uspid="4063" ordinal="0" offset="0" sl="20" sc="9" el="20" ec="111" />
                <SequencePoint vc="0" uspid="4064" ordinal="1" offset="15" sl="24" sc="9" el="24" ec="111" />
                <SequencePoint vc="0" uspid="4065" ordinal="2" offset="30" sl="28" sc="9" el="28" ec="111" />
                <SequencePoint vc="0" uspid="4066" ordinal="3" offset="45" sl="32" sc="9" el="32" ec="121" />
                <SequencePoint vc="0" uspid="4067" ordinal="4" offset="60" sl="36" sc="9" el="36" ec="123" />
                <SequencePoint vc="0" uspid="4068" ordinal="5" offset="75" sl="40" sc="9" el="40" ec="125" />
                <SequencePoint vc="0" uspid="4069" ordinal="6" offset="90" sl="44" sc="9" el="44" ec="125" />
              </SequencePoints>
              <BranchPoints />
              <MethodPoint xsi:type="SequencePoint" vc="0" uspid="4063" ordinal="0" offset="0" sl="20" sc="9" el="20" ec="111" />
            </Method>
          </Methods>
        </Class>
        <Class>
          <Summary numSequencePoints="47" visitedSequencePoints="0" numBranchPoints="47" visitedBranchPoints="0" sequenceCoverage="0" branchCoverage="0" maxCyclomaticComplexity="19" minCyclomaticComplexity="1" />
          <FullName>SigStat.Common.Loaders.Svc2004Loader</FullName>
          <Methods>
            <Method visited="false" cyclomaticComplexity="1" sequenceCoverage="0" branchCoverage="0" isConstructor="false" isStatic="false" isGetter="true" isSetter="false">
              <Summary numSequencePoints="1" visitedSequencePoints="0" numBranchPoints="1" visitedBranchPoints="0" sequenceCoverage="0" branchCoverage="0" maxCyclomaticComplexity="1" minCyclomaticComplexity="1" />
              <MetadataToken>100663905</MetadataToken>
              <Name>System.String SigStat.Common.Loaders.Svc2004Loader::get_DatabasePath()</Name>
              <FileRef uid="132" />
              <SequencePoints>
                <SequencePoint vc="0" uspid="4070" ordinal="0" offset="0" sl="72" sc="39" el="72" ec="43" />
              </SequencePoints>
              <BranchPoints />
              <MethodPoint xsi:type="SequencePoint" vc="0" uspid="4070" ordinal="0" offset="0" sl="72" sc="39" el="72" ec="43" />
            </Method>
            <Method visited="false" cyclomaticComplexity="1" sequenceCoverage="0" branchCoverage="0" isConstructor="false" isStatic="false" isGetter="false" isSetter="true">
              <Summary numSequencePoints="1" visitedSequencePoints="0" numBranchPoints="1" visitedBranchPoints="0" sequenceCoverage="0" branchCoverage="0" maxCyclomaticComplexity="1" minCyclomaticComplexity="1" />
              <MetadataToken>100663906</MetadataToken>
              <Name>System.Void SigStat.Common.Loaders.Svc2004Loader::set_DatabasePath(System.String)</Name>
              <FileRef uid="132" />
              <SequencePoints>
                <SequencePoint vc="0" uspid="4071" ordinal="0" offset="0" sl="72" sc="44" el="72" ec="48" />
              </SequencePoints>
              <BranchPoints />
              <MethodPoint xsi:type="SequencePoint" vc="0" uspid="4071" ordinal="0" offset="0" sl="72" sc="44" el="72" ec="48" />
            </Method>
            <Method visited="false" cyclomaticComplexity="1" sequenceCoverage="0" branchCoverage="0" isConstructor="false" isStatic="false" isGetter="true" isSetter="false">
              <Summary numSequencePoints="1" visitedSequencePoints="0" numBranchPoints="1" visitedBranchPoints="0" sequenceCoverage="0" branchCoverage="0" maxCyclomaticComplexity="1" minCyclomaticComplexity="1" />
              <MetadataToken>100663907</MetadataToken>
              <Name>System.Boolean SigStat.Common.Loaders.Svc2004Loader::get_StandardFeatures()</Name>
              <FileRef uid="132" />
              <SequencePoints>
                <SequencePoint vc="0" uspid="4072" ordinal="0" offset="0" sl="73" sc="41" el="73" ec="45" />
              </SequencePoints>
              <BranchPoints />
              <MethodPoint xsi:type="SequencePoint" vc="0" uspid="4072" ordinal="0" offset="0" sl="73" sc="41" el="73" ec="45" />
            </Method>
            <Method visited="false" cyclomaticComplexity="1" sequenceCoverage="0" branchCoverage="0" isConstructor="false" isStatic="false" isGetter="true" isSetter="false">
              <Summary numSequencePoints="1" visitedSequencePoints="0" numBranchPoints="1" visitedBranchPoints="0" sequenceCoverage="0" branchCoverage="0" maxCyclomaticComplexity="1" minCyclomaticComplexity="1" />
              <MetadataToken>100663908</MetadataToken>
              <Name>System.Predicate`1&lt;SigStat.Common.Signer&gt; SigStat.Common.Loaders.Svc2004Loader::get_SignerFilter()</Name>
              <FileRef uid="132" />
              <SequencePoints>
                <SequencePoint vc="0" uspid="4073" ordinal="0" offset="0" sl="77" sc="49" el="77" ec="53" />
              </SequencePoints>
              <BranchPoints />
              <MethodPoint xsi:type="SequencePoint" vc="0" uspid="4073" ordinal="0" offset="0" sl="77" sc="49" el="77" ec="53" />
            </Method>
            <Method visited="false" cyclomaticComplexity="1" sequenceCoverage="0" branchCoverage="0" isConstructor="false" isStatic="false" isGetter="false" isSetter="true">
              <Summary numSequencePoints="1" visitedSequencePoints="0" numBranchPoints="1" visitedBranchPoints="0" sequenceCoverage="0" branchCoverage="0" maxCyclomaticComplexity="1" minCyclomaticComplexity="1" />
              <MetadataToken>100663909</MetadataToken>
              <Name>System.Void SigStat.Common.Loaders.Svc2004Loader::set_SignerFilter(System.Predicate`1&lt;SigStat.Common.Signer&gt;)</Name>
              <FileRef uid="132" />
              <SequencePoints>
                <SequencePoint vc="0" uspid="4074" ordinal="0" offset="0" sl="77" sc="54" el="77" ec="58" />
              </SequencePoints>
              <BranchPoints />
              <MethodPoint xsi:type="SequencePoint" vc="0" uspid="4074" ordinal="0" offset="0" sl="77" sc="54" el="77" ec="58" />
            </Method>
            <Method visited="false" cyclomaticComplexity="1" sequenceCoverage="0" branchCoverage="0" isConstructor="true" isStatic="false" isGetter="false" isSetter="false">
              <Summary numSequencePoints="5" visitedSequencePoints="0" numBranchPoints="1" visitedBranchPoints="0" sequenceCoverage="0" branchCoverage="0" maxCyclomaticComplexity="1" minCyclomaticComplexity="1" />
              <MetadataToken>100663910</MetadataToken>
              <Name>System.Void SigStat.Common.Loaders.Svc2004Loader::.ctor(System.String,System.Boolean,System.Predicate`1&lt;SigStat.Common.Signer&gt;)</Name>
              <FileRef uid="132" />
              <SequencePoints>
                <SequencePoint vc="0" uspid="4075" ordinal="0" offset="0" sl="92" sc="9" el="92" ec="112" />
                <SequencePoint vc="0" uspid="4076" ordinal="1" offset="6" sl="94" sc="13" el="94" ec="41" />
                <SequencePoint vc="0" uspid="4077" ordinal="2" offset="13" sl="95" sc="13" el="95" ec="49" />
                <SequencePoint vc="0" uspid="4078" ordinal="3" offset="20" sl="96" sc="13" el="96" ec="41" />
                <SequencePoint vc="0" uspid="4079" ordinal="4" offset="27" sl="97" sc="9" el="97" ec="10" />
              </SequencePoints>
              <BranchPoints />
              <MethodPoint xsi:type="SequencePoint" vc="0" uspid="4075" ordinal="0" offset="0" sl="92" sc="9" el="92" ec="112" />
            </Method>
            <Method visited="false" cyclomaticComplexity="1" sequenceCoverage="0" branchCoverage="0" isConstructor="false" isStatic="false" isGetter="false" isSetter="false">
              <Summary numSequencePoints="0" visitedSequencePoints="0" numBranchPoints="0" visitedBranchPoints="0" sequenceCoverage="0" branchCoverage="0" maxCyclomaticComplexity="1" minCyclomaticComplexity="1" />
              <MetadataToken>100663911</MetadataToken>
              <Name>System.Collections.Generic.IEnumerable`1&lt;SigStat.Common.Signer&gt; SigStat.Common.Loaders.Svc2004Loader::EnumerateSigners(System.Predicate`1&lt;SigStat.Common.Signer&gt;)</Name>
              <SequencePoints />
              <BranchPoints />
              <MethodPoint vc="0" uspid="4080" ordinal="0" offset="0" />
            </Method>
            <Method visited="false" cyclomaticComplexity="1" sequenceCoverage="0" branchCoverage="0" isConstructor="false" isStatic="true" isGetter="false" isSetter="false">
              <Summary numSequencePoints="2" visitedSequencePoints="0" numBranchPoints="1" visitedBranchPoints="0" sequenceCoverage="0" branchCoverage="0" maxCyclomaticComplexity="1" minCyclomaticComplexity="1" />
              <MetadataToken>100663912</MetadataToken>
              <Name>System.Void SigStat.Common.Loaders.Svc2004Loader::LoadSignature(SigStat.Common.Signature,System.String,System.Boolean)</Name>
              <FileRef uid="132" />
              <SequencePoints>
                <SequencePoint vc="0" uspid="4081" ordinal="0" offset="0" sl="149" sc="13" el="149" ec="82" />
                <SequencePoint vc="0" uspid="4082" ordinal="1" offset="13" sl="150" sc="9" el="150" ec="10" />
              </SequencePoints>
              <BranchPoints />
              <MethodPoint xsi:type="SequencePoint" vc="0" uspid="4081" ordinal="0" offset="0" sl="149" sc="13" el="149" ec="82" />
            </Method>
            <Method visited="false" cyclomaticComplexity="2" sequenceCoverage="0" branchCoverage="0" isConstructor="false" isStatic="true" isGetter="false" isSetter="false">
              <Summary numSequencePoints="4" visitedSequencePoints="0" numBranchPoints="3" visitedBranchPoints="0" sequenceCoverage="0" branchCoverage="0" maxCyclomaticComplexity="2" minCyclomaticComplexity="2" />
              <MetadataToken>100663913</MetadataToken>
              <Name>System.Void SigStat.Common.Loaders.Svc2004Loader::LoadSignature(SigStat.Common.Signature,System.IO.Stream,System.Boolean)</Name>
              <FileRef uid="132" />
              <SequencePoints>
                <SequencePoint vc="0" uspid="4083" ordinal="0" offset="0" sl="160" sc="20" el="160" ec="62" />
                <SequencePoint vc="0" uspid="4084" ordinal="1" offset="7" sl="162" sc="17" el="162" ec="139" />
                <SequencePoint vc="0" uspid="4085" ordinal="2" offset="56" sl="163" sc="13" el="163" ec="14" />
                <SequencePoint vc="0" uspid="4086" ordinal="3" offset="68" sl="164" sc="9" el="164" ec="10" />
              </SequencePoints>
              <BranchPoints>
                <BranchPoint vc="0" uspid="4087" ordinal="0" offset="59" path="0" />
                <BranchPoint vc="0" uspid="4088" ordinal="1" offset="59" path="1" />
              </BranchPoints>
              <MethodPoint xsi:type="SequencePoint" vc="0" uspid="4083" ordinal="0" offset="0" sl="160" sc="20" el="160" ec="62" />
            </Method>
            <Method visited="false" cyclomaticComplexity="19" sequenceCoverage="0" branchCoverage="0" isConstructor="false" isStatic="true" isGetter="false" isSetter="false">
              <Summary numSequencePoints="31" visitedSequencePoints="0" numBranchPoints="37" visitedBranchPoints="0" sequenceCoverage="0" branchCoverage="0" maxCyclomaticComplexity="19" minCyclomaticComplexity="19" />
              <MetadataToken>100663914</MetadataToken>
              <Name>System.Void SigStat.Common.Loaders.Svc2004Loader::ParseSignature(SigStat.Common.Signature,System.String[],System.Boolean)</Name>
              <FileRef uid="132" />
              <SequencePoints>
                <SequencePoint vc="0" uspid="4089" ordinal="0" offset="0" sl="168" sc="13" el="172" ec="27" />
                <SequencePoint vc="0" uspid="4090" ordinal="1" offset="85" sl="177" sc="18" el="177" ec="27" />
                <SequencePoint vc="0" uspid="4091" ordinal="2" offset="89" sl="179" sc="17" el="179" ec="52" />
                <SequencePoint vc="0" uspid="4092" ordinal="3" offset="111" sl="181" sc="21" el="181" ec="43" />
                <SequencePoint vc="0" uspid="4093" ordinal="4" offset="120" sl="182" sc="21" el="182" ec="25" />
                <SequencePoint vc="0" uspid="4094" ordinal="5" offset="124" sl="177" sc="48" el="177" ec="51" />
                <SequencePoint vc="0" uspid="4095" ordinal="6" offset="128" sl="177" sc="29" el="177" ec="46" />
                <SequencePoint vc="0" uspid="4096" ordinal="7" offset="139" sl="186" sc="13" el="186" ec="79" />
                <SequencePoint vc="0" uspid="4097" ordinal="8" offset="192" sl="187" sc="13" el="187" ec="79" />
                <SequencePoint vc="0" uspid="4098" ordinal="9" offset="245" sl="188" sc="13" el="188" ec="79" />
                <SequencePoint vc="0" uspid="4099" ordinal="10" offset="298" sl="189" sc="13" el="189" ec="84" />
                <SequencePoint vc="0" uspid="4100" ordinal="11" offset="351" sl="190" sc="13" el="190" ec="34" />
                <SequencePoint vc="0" uspid="4101" ordinal="12" offset="357" sl="192" sc="17" el="192" ec="92" />
                <SequencePoint vc="0" uspid="4102" ordinal="13" offset="410" sl="193" sc="17" el="193" ec="92" />
                <SequencePoint vc="0" uspid="4103" ordinal="14" offset="463" sl="194" sc="17" el="194" ec="92" />
                <SequencePoint vc="0" uspid="4104" ordinal="15" offset="516" sl="195" sc="17" el="195" ec="94" />
                <SequencePoint vc="0" uspid="4105" ordinal="16" offset="569" sl="198" sc="13" el="198" ec="38" />
                <SequencePoint vc="0" uspid="4106" ordinal="17" offset="584" sl="200" sc="17" el="200" ec="70" />
                <SequencePoint vc="0" uspid="4107" ordinal="18" offset="627" sl="201" sc="17" el="201" ec="71" />
                <SequencePoint vc="0" uspid="4108" ordinal="19" offset="670" sl="202" sc="17" el="202" ec="71" />
                <SequencePoint vc="0" uspid="4109" ordinal="20" offset="714" sl="203" sc="17" el="203" ec="64" />
                <SequencePoint vc="0" uspid="4110" ordinal="21" offset="726" sl="204" sc="17" el="204" ec="66" />
                <SequencePoint vc="0" uspid="4111" ordinal="22" offset="738" sl="205" sc="17" el="205" ec="66" />
                <SequencePoint vc="0" uspid="4112" ordinal="23" offset="751" sl="206" sc="17" el="206" ec="38" />
                <SequencePoint vc="0" uspid="4113" ordinal="24" offset="764" sl="208" sc="21" el="208" ec="55" />
                <SequencePoint vc="0" uspid="4114" ordinal="25" offset="778" sl="209" sc="21" el="209" ec="57" />
                <SequencePoint vc="0" uspid="4115" ordinal="26" offset="792" sl="210" sc="21" el="210" ec="57" />
                <SequencePoint vc="0" uspid="4116" ordinal="27" offset="807" sl="211" sc="21" el="211" ec="120" />
                <SequencePoint vc="0" uspid="4117" ordinal="28" offset="842" sl="212" sc="21" el="212" ec="109" />
                <SequencePoint vc="0" uspid="4118" ordinal="29" offset="877" sl="213" sc="21" el="213" ec="109" />
                <SequencePoint vc="0" uspid="4119" ordinal="30" offset="913" sl="216" sc="9" el="216" ec="10" />
              </SequencePoints>
              <BranchPoints>
                <BranchPoint vc="0" uspid="4120" ordinal="0" offset="13" path="0" />
                <BranchPoint vc="0" uspid="4121" ordinal="1" offset="13" path="1" />
                <BranchPoint vc="0" uspid="4122" ordinal="2" offset="49" path="0" />
                <BranchPoint vc="0" uspid="4123" ordinal="3" offset="49" path="1" />
                <BranchPoint vc="0" uspid="4124" ordinal="4" offset="109" path="0" />
                <BranchPoint vc="0" uspid="4125" ordinal="5" offset="109" path="1" />
                <BranchPoint vc="0" uspid="4126" ordinal="6" offset="137" path="0" />
                <BranchPoint vc="0" uspid="4127" ordinal="7" offset="137" path="1" />
                <BranchPoint vc="0" uspid="4128" ordinal="8" offset="152" path="0" />
                <BranchPoint vc="0" uspid="4129" ordinal="9" offset="152" path="1" />
                <BranchPoint vc="0" uspid="4130" ordinal="10" offset="205" path="0" />
                <BranchPoint vc="0" uspid="4131" ordinal="11" offset="205" path="1" />
                <BranchPoint vc="0" uspid="4132" ordinal="12" offset="258" path="0" />
                <BranchPoint vc="0" uspid="4133" ordinal="13" offset="258" path="1" />
                <BranchPoint vc="0" uspid="4134" ordinal="14" offset="311" path="0" />
                <BranchPoint vc="0" uspid="4135" ordinal="15" offset="311" path="1" />
                <BranchPoint vc="0" uspid="4136" ordinal="16" offset="352" path="0" />
                <BranchPoint vc="0" uspid="4137" ordinal="17" offset="352" path="1" />
                <BranchPoint vc="0" uspid="4138" ordinal="18" offset="370" path="0" />
                <BranchPoint vc="0" uspid="4139" ordinal="19" offset="370" path="1" />
                <BranchPoint vc="0" uspid="4140" ordinal="20" offset="423" path="0" />
                <BranchPoint vc="0" uspid="4141" ordinal="21" offset="423" path="1" />
                <BranchPoint vc="0" uspid="4142" ordinal="22" offset="476" path="0" />
                <BranchPoint vc="0" uspid="4143" ordinal="23" offset="476" path="1" />
                <BranchPoint vc="0" uspid="4144" ordinal="24" offset="529" path="0" />
                <BranchPoint vc="0" uspid="4145" ordinal="25" offset="529" path="1" />
                <BranchPoint vc="0" uspid="4146" ordinal="26" offset="579" path="0" />
                <BranchPoint vc="0" uspid="4147" ordinal="27" offset="579" path="1" />
                <BranchPoint vc="0" uspid="4148" ordinal="28" offset="591" path="0" />
                <BranchPoint vc="0" uspid="4149" ordinal="29" offset="591" path="1" />
                <BranchPoint vc="0" uspid="4150" ordinal="30" offset="634" path="0" />
                <BranchPoint vc="0" uspid="4151" ordinal="31" offset="634" path="1" />
                <BranchPoint vc="0" uspid="4152" ordinal="32" offset="677" path="0" />
                <BranchPoint vc="0" uspid="4153" ordinal="33" offset="677" path="1" />
                <BranchPoint vc="0" uspid="4154" ordinal="34" offset="752" path="0" />
                <BranchPoint vc="0" uspid="4155" ordinal="35" offset="752" path="1" />
              </BranchPoints>
              <MethodPoint xsi:type="SequencePoint" vc="0" uspid="4089" ordinal="0" offset="0" sl="168" sc="13" el="172" ec="27" />
            </Method>
          </Methods>
        </Class>
        <Class>
          <Summary numSequencePoints="14" visitedSequencePoints="0" numBranchPoints="9" visitedBranchPoints="0" sequenceCoverage="0" branchCoverage="0" maxCyclomaticComplexity="2" minCyclomaticComplexity="1" />
          <FullName>SigStat.Common.Loaders.Svc2004Loader/SignatureFile</FullName>
          <Methods>
            <Method visited="false" cyclomaticComplexity="1" sequenceCoverage="0" branchCoverage="0" isConstructor="false" isStatic="false" isGetter="true" isSetter="false">
              <Summary numSequencePoints="1" visitedSequencePoints="0" numBranchPoints="1" visitedBranchPoints="0" sequenceCoverage="0" branchCoverage="0" maxCyclomaticComplexity="1" minCyclomaticComplexity="1" />
              <MetadataToken>100664382</MetadataToken>
              <Name>System.String SigStat.Common.Loaders.Svc2004Loader/SignatureFile::get_File()</Name>
              <FileRef uid="132" />
              <SequencePoints>
                <SequencePoint vc="0" uspid="4156" ordinal="0" offset="0" sl="54" sc="34" el="54" ec="38" />
              </SequencePoints>
              <BranchPoints />
              <MethodPoint xsi:type="SequencePoint" vc="0" uspid="4156" ordinal="0" offset="0" sl="54" sc="34" el="54" ec="38" />
            </Method>
            <Method visited="false" cyclomaticComplexity="1" sequenceCoverage="0" branchCoverage="0" isConstructor="false" isStatic="false" isGetter="false" isSetter="true">
              <Summary numSequencePoints="1" visitedSequencePoints="0" numBranchPoints="1" visitedBranchPoints="0" sequenceCoverage="0" branchCoverage="0" maxCyclomaticComplexity="1" minCyclomaticComplexity="1" />
              <MetadataToken>100664383</MetadataToken>
              <Name>System.Void SigStat.Common.Loaders.Svc2004Loader/SignatureFile::set_File(System.String)</Name>
              <FileRef uid="132" />
              <SequencePoints>
                <SequencePoint vc="0" uspid="4157" ordinal="0" offset="0" sl="54" sc="39" el="54" ec="43" />
              </SequencePoints>
              <BranchPoints />
              <MethodPoint xsi:type="SequencePoint" vc="0" uspid="4157" ordinal="0" offset="0" sl="54" sc="39" el="54" ec="43" />
            </Method>
            <Method visited="false" cyclomaticComplexity="1" sequenceCoverage="0" branchCoverage="0" isConstructor="false" isStatic="false" isGetter="true" isSetter="false">
              <Summary numSequencePoints="1" visitedSequencePoints="0" numBranchPoints="1" visitedBranchPoints="0" sequenceCoverage="0" branchCoverage="0" maxCyclomaticComplexity="1" minCyclomaticComplexity="1" />
              <MetadataToken>100664384</MetadataToken>
              <Name>System.String SigStat.Common.Loaders.Svc2004Loader/SignatureFile::get_SignerID()</Name>
              <FileRef uid="132" />
              <SequencePoints>
                <SequencePoint vc="0" uspid="4158" ordinal="0" offset="0" sl="55" sc="38" el="55" ec="42" />
              </SequencePoints>
              <BranchPoints />
              <MethodPoint xsi:type="SequencePoint" vc="0" uspid="4158" ordinal="0" offset="0" sl="55" sc="38" el="55" ec="42" />
            </Method>
            <Method visited="false" cyclomaticComplexity="1" sequenceCoverage="0" branchCoverage="0" isConstructor="false" isStatic="false" isGetter="false" isSetter="true">
              <Summary numSequencePoints="1" visitedSequencePoints="0" numBranchPoints="1" visitedBranchPoints="0" sequenceCoverage="0" branchCoverage="0" maxCyclomaticComplexity="1" minCyclomaticComplexity="1" />
              <MetadataToken>100664385</MetadataToken>
              <Name>System.Void SigStat.Common.Loaders.Svc2004Loader/SignatureFile::set_SignerID(System.String)</Name>
              <FileRef uid="132" />
              <SequencePoints>
                <SequencePoint vc="0" uspid="4159" ordinal="0" offset="0" sl="55" sc="43" el="55" ec="47" />
              </SequencePoints>
              <BranchPoints />
              <MethodPoint xsi:type="SequencePoint" vc="0" uspid="4159" ordinal="0" offset="0" sl="55" sc="43" el="55" ec="47" />
            </Method>
            <Method visited="false" cyclomaticComplexity="1" sequenceCoverage="0" branchCoverage="0" isConstructor="false" isStatic="false" isGetter="true" isSetter="false">
              <Summary numSequencePoints="1" visitedSequencePoints="0" numBranchPoints="1" visitedBranchPoints="0" sequenceCoverage="0" branchCoverage="0" maxCyclomaticComplexity="1" minCyclomaticComplexity="1" />
              <MetadataToken>100664386</MetadataToken>
              <Name>System.String SigStat.Common.Loaders.Svc2004Loader/SignatureFile::get_SignatureID()</Name>
              <FileRef uid="132" />
              <SequencePoints>
                <SequencePoint vc="0" uspid="4160" ordinal="0" offset="0" sl="56" sc="41" el="56" ec="45" />
              </SequencePoints>
              <BranchPoints />
              <MethodPoint xsi:type="SequencePoint" vc="0" uspid="4160" ordinal="0" offset="0" sl="56" sc="41" el="56" ec="45" />
            </Method>
            <Method visited="false" cyclomaticComplexity="1" sequenceCoverage="0" branchCoverage="0" isConstructor="false" isStatic="false" isGetter="false" isSetter="true">
              <Summary numSequencePoints="1" visitedSequencePoints="0" numBranchPoints="1" visitedBranchPoints="0" sequenceCoverage="0" branchCoverage="0" maxCyclomaticComplexity="1" minCyclomaticComplexity="1" />
              <MetadataToken>100664387</MetadataToken>
              <Name>System.Void SigStat.Common.Loaders.Svc2004Loader/SignatureFile::set_SignatureID(System.String)</Name>
              <FileRef uid="132" />
              <SequencePoints>
                <SequencePoint vc="0" uspid="4161" ordinal="0" offset="0" sl="56" sc="46" el="56" ec="50" />
              </SequencePoints>
              <BranchPoints />
              <MethodPoint xsi:type="SequencePoint" vc="0" uspid="4161" ordinal="0" offset="0" sl="56" sc="46" el="56" ec="50" />
            </Method>
            <Method visited="false" cyclomaticComplexity="2" sequenceCoverage="0" branchCoverage="0" isConstructor="true" isStatic="false" isGetter="false" isSetter="false">
              <Summary numSequencePoints="8" visitedSequencePoints="0" numBranchPoints="3" visitedBranchPoints="0" sequenceCoverage="0" branchCoverage="0" maxCyclomaticComplexity="2" minCyclomaticComplexity="2" />
              <MetadataToken>100664388</MetadataToken>
              <Name>System.Void SigStat.Common.Loaders.Svc2004Loader/SignatureFile::.ctor(System.String)</Name>
              <FileRef uid="132" />
              <SequencePoints>
                <SequencePoint vc="0" uspid="4162" ordinal="0" offset="0" sl="60" sc="17" el="60" ec="29" />
                <SequencePoint vc="0" uspid="4163" ordinal="1" offset="7" sl="61" sc="17" el="61" ec="54" />
                <SequencePoint vc="0" uspid="4164" ordinal="2" offset="30" sl="62" sc="17" el="62" ec="96" />
                <SequencePoint vc="0" uspid="4165" ordinal="3" offset="68" sl="63" sc="17" el="63" ec="39" />
                <SequencePoint vc="0" uspid="4166" ordinal="4" offset="74" sl="65" sc="21" el="65" ec="134" />
                <SequencePoint vc="0" uspid="4167" ordinal="5" offset="85" sl="67" sc="17" el="67" ec="53" />
                <SequencePoint vc="0" uspid="4168" ordinal="6" offset="102" sl="68" sc="17" el="68" ec="56" />
                <SequencePoint vc="0" uspid="4169" ordinal="7" offset="119" sl="69" sc="13" el="69" ec="14" />
              </SequencePoints>
              <BranchPoints>
                <BranchPoint vc="0" uspid="4170" ordinal="0" offset="72" path="0" />
                <BranchPoint vc="0" uspid="4171" ordinal="1" offset="72" path="1" />
              </BranchPoints>
              <MethodPoint xsi:type="SequencePoint" vc="0" uspid="4162" ordinal="0" offset="0" sl="60" sc="17" el="60" ec="29" />
            </Method>
          </Methods>
        </Class>
        <Class>
          <Summary numSequencePoints="18" visitedSequencePoints="0" numBranchPoints="20" visitedBranchPoints="0" sequenceCoverage="0" branchCoverage="0" maxCyclomaticComplexity="2" minCyclomaticComplexity="1" />
          <FullName>SigStat.Common.Loaders.Svc2004Loader/&lt;&gt;c</FullName>
          <Methods>
            <Method visited="false" cyclomaticComplexity="1" sequenceCoverage="0" branchCoverage="0" isConstructor="true" isStatic="true" isGetter="false" isSetter="false">
              <Summary numSequencePoints="0" visitedSequencePoints="0" numBranchPoints="0" visitedBranchPoints="0" sequenceCoverage="0" branchCoverage="0" maxCyclomaticComplexity="1" minCyclomaticComplexity="1" />
              <MetadataToken>100664389</MetadataToken>
              <Name>System.Void SigStat.Common.Loaders.Svc2004Loader/&lt;&gt;c::.cctor()</Name>
              <SequencePoints />
              <BranchPoints />
              <MethodPoint vc="0" uspid="4172" ordinal="0" offset="0" />
            </Method>
            <Method visited="false" cyclomaticComplexity="1" sequenceCoverage="0" branchCoverage="0" isConstructor="true" isStatic="false" isGetter="false" isSetter="false">
              <Summary numSequencePoints="0" visitedSequencePoints="0" numBranchPoints="0" visitedBranchPoints="0" sequenceCoverage="0" branchCoverage="0" maxCyclomaticComplexity="1" minCyclomaticComplexity="1" />
              <MetadataToken>100664390</MetadataToken>
              <Name>System.Void SigStat.Common.Loaders.Svc2004Loader/&lt;&gt;c::.ctor()</Name>
              <SequencePoints />
              <BranchPoints />
              <MethodPoint vc="0" uspid="4173" ordinal="0" offset="0" />
            </Method>
            <Method visited="false" cyclomaticComplexity="1" sequenceCoverage="0" branchCoverage="0" isConstructor="false" isStatic="false" isGetter="false" isSetter="false">
              <Summary numSequencePoints="1" visitedSequencePoints="0" numBranchPoints="1" visitedBranchPoints="0" sequenceCoverage="0" branchCoverage="0" maxCyclomaticComplexity="1" minCyclomaticComplexity="1" />
              <MetadataToken>100664391</MetadataToken>
              <Name>System.Boolean SigStat.Common.Loaders.Svc2004Loader/&lt;&gt;c::&lt;EnumerateSigners&gt;b__13_0(System.IO.Compression.ZipArchiveEntry)</Name>
              <FileRef uid="132" />
              <SequencePoints>
                <SequencePoint vc="0" uspid="4174" ordinal="0" offset="0" sl="109" sc="60" el="109" ec="83" />
              </SequencePoints>
              <BranchPoints />
              <MethodPoint xsi:type="SequencePoint" vc="0" uspid="4174" ordinal="0" offset="0" sl="109" sc="60" el="109" ec="83" />
            </Method>
            <Method visited="false" cyclomaticComplexity="1" sequenceCoverage="0" branchCoverage="0" isConstructor="false" isStatic="false" isGetter="false" isSetter="false">
              <Summary numSequencePoints="1" visitedSequencePoints="0" numBranchPoints="1" visitedBranchPoints="0" sequenceCoverage="0" branchCoverage="0" maxCyclomaticComplexity="1" minCyclomaticComplexity="1" />
              <MetadataToken>100664392</MetadataToken>
              <Name>SigStat.Common.Loaders.Svc2004Loader/SignatureFile SigStat.Common.Loaders.Svc2004Loader/&lt;&gt;c::&lt;EnumerateSigners&gt;b__13_1(System.IO.Compression.ZipArchiveEntry)</Name>
              <FileRef uid="132" />
              <SequencePoints>
                <SequencePoint vc="0" uspid="4175" ordinal="0" offset="0" sl="109" sc="97" el="109" ec="126" />
              </SequencePoints>
              <BranchPoints />
              <MethodPoint xsi:type="SequencePoint" vc="0" uspid="4175" ordinal="0" offset="0" sl="109" sc="97" el="109" ec="126" />
            </Method>
            <Method visited="false" cyclomaticComplexity="1" sequenceCoverage="0" branchCoverage="0" isConstructor="false" isStatic="false" isGetter="false" isSetter="false">
              <Summary numSequencePoints="1" visitedSequencePoints="0" numBranchPoints="1" visitedBranchPoints="0" sequenceCoverage="0" branchCoverage="0" maxCyclomaticComplexity="1" minCyclomaticComplexity="1" />
              <MetadataToken>100664393</MetadataToken>
              <Name>System.String SigStat.Common.Loaders.Svc2004Loader/&lt;&gt;c::&lt;EnumerateSigners&gt;b__13_2(SigStat.Common.Loaders.Svc2004Loader/SignatureFile)</Name>
              <FileRef uid="132" />
              <SequencePoints>
                <SequencePoint vc="0" uspid="4176" ordinal="0" offset="0" sl="109" sc="142" el="109" ec="153" />
              </SequencePoints>
              <BranchPoints />
              <MethodPoint xsi:type="SequencePoint" vc="0" uspid="4176" ordinal="0" offset="0" sl="109" sc="142" el="109" ec="153" />
            </Method>
            <Method visited="false" cyclomaticComplexity="1" sequenceCoverage="0" branchCoverage="0" isConstructor="false" isStatic="false" isGetter="false" isSetter="false">
              <Summary numSequencePoints="1" visitedSequencePoints="0" numBranchPoints="1" visitedBranchPoints="0" sequenceCoverage="0" branchCoverage="0" maxCyclomaticComplexity="1" minCyclomaticComplexity="1" />
              <MetadataToken>100664394</MetadataToken>
              <Name>System.String SigStat.Common.Loaders.Svc2004Loader/&lt;&gt;c::&lt;EnumerateSigners&gt;b__13_3(SigStat.Common.Signature)</Name>
              <FileRef uid="132" />
              <SequencePoints>
                <SequencePoint vc="0" uspid="4177" ordinal="0" offset="0" sl="134" sc="72" el="134" ec="76" />
              </SequencePoints>
              <BranchPoints />
              <MethodPoint xsi:type="SequencePoint" vc="0" uspid="4177" ordinal="0" offset="0" sl="134" sc="72" el="134" ec="76" />
            </Method>
            <Method visited="false" cyclomaticComplexity="1" sequenceCoverage="0" branchCoverage="0" isConstructor="false" isStatic="false" isGetter="false" isSetter="false">
              <Summary numSequencePoints="1" visitedSequencePoints="0" numBranchPoints="1" visitedBranchPoints="0" sequenceCoverage="0" branchCoverage="0" maxCyclomaticComplexity="1" minCyclomaticComplexity="1" />
              <MetadataToken>100664395</MetadataToken>
              <Name>System.Boolean SigStat.Common.Loaders.Svc2004Loader/&lt;&gt;c::&lt;ParseSignature&gt;b__16_0(System.String)</Name>
              <FileRef uid="132" />
              <SequencePoints>
                <SequencePoint vc="0" uspid="4178" ordinal="0" offset="0" sl="170" sc="27" el="170" ec="32" />
              </SequencePoints>
              <BranchPoints />
              <MethodPoint xsi:type="SequencePoint" vc="0" uspid="4178" ordinal="0" offset="0" sl="170" sc="27" el="170" ec="32" />
            </Method>
            <Method visited="false" cyclomaticComplexity="2" sequenceCoverage="0" branchCoverage="0" isConstructor="false" isStatic="false" isGetter="false" isSetter="false">
              <Summary numSequencePoints="1" visitedSequencePoints="0" numBranchPoints="3" visitedBranchPoints="0" sequenceCoverage="0" branchCoverage="0" maxCyclomaticComplexity="2" minCyclomaticComplexity="2" />
              <MetadataToken>100664396</MetadataToken>
              <Name>System.Int32[] SigStat.Common.Loaders.Svc2004Loader/&lt;&gt;c::&lt;ParseSignature&gt;b__16_1(System.String)</Name>
              <FileRef uid="132" />
              <SequencePoints>
                <SequencePoint vc="0" uspid="4179" ordinal="0" offset="0" sl="171" sc="30" el="171" ec="78" />
              </SequencePoints>
              <BranchPoints>
                <BranchPoint vc="0" uspid="4180" ordinal="0" offset="23" path="0" />
                <BranchPoint vc="0" uspid="4181" ordinal="1" offset="23" path="1" />
              </BranchPoints>
              <MethodPoint xsi:type="SequencePoint" vc="0" uspid="4179" ordinal="0" offset="0" sl="171" sc="30" el="171" ec="78" />
            </Method>
            <Method visited="false" cyclomaticComplexity="1" sequenceCoverage="0" branchCoverage="0" isConstructor="false" isStatic="false" isGetter="false" isSetter="false">
              <Summary numSequencePoints="1" visitedSequencePoints="0" numBranchPoints="1" visitedBranchPoints="0" sequenceCoverage="0" branchCoverage="0" maxCyclomaticComplexity="1" minCyclomaticComplexity="1" />
              <MetadataToken>100664397</MetadataToken>
              <Name>System.Int32 SigStat.Common.Loaders.Svc2004Loader/&lt;&gt;c::&lt;ParseSignature&gt;b__16_10(System.String)</Name>
              <FileRef uid="132" />
              <SequencePoints>
                <SequencePoint vc="0" uspid="4182" ordinal="0" offset="0" sl="171" sc="55" el="171" ec="67" />
              </SequencePoints>
              <BranchPoints />
              <MethodPoint xsi:type="SequencePoint" vc="0" uspid="4182" ordinal="0" offset="0" sl="171" sc="55" el="171" ec="67" />
            </Method>
            <Method visited="false" cyclomaticComplexity="1" sequenceCoverage="0" branchCoverage="0" isConstructor="false" isStatic="false" isGetter="false" isSetter="false">
              <Summary numSequencePoints="1" visitedSequencePoints="0" numBranchPoints="1" visitedBranchPoints="0" sequenceCoverage="0" branchCoverage="0" maxCyclomaticComplexity="1" minCyclomaticComplexity="1" />
              <MetadataToken>100664398</MetadataToken>
              <Name>System.Int32 SigStat.Common.Loaders.Svc2004Loader/&lt;&gt;c::&lt;ParseSignature&gt;b__16_2(System.Int32[])</Name>
              <FileRef uid="132" />
              <SequencePoints>
                <SequencePoint vc="0" uspid="4183" ordinal="0" offset="0" sl="186" sc="63" el="186" ec="67" />
              </SequencePoints>
              <BranchPoints />
              <MethodPoint xsi:type="SequencePoint" vc="0" uspid="4183" ordinal="0" offset="0" sl="186" sc="63" el="186" ec="67" />
            </Method>
            <Method visited="false" cyclomaticComplexity="1" sequenceCoverage="0" branchCoverage="0" isConstructor="false" isStatic="false" isGetter="false" isSetter="false">
              <Summary numSequencePoints="1" visitedSequencePoints="0" numBranchPoints="1" visitedBranchPoints="0" sequenceCoverage="0" branchCoverage="0" maxCyclomaticComplexity="1" minCyclomaticComplexity="1" />
              <MetadataToken>100664399</MetadataToken>
              <Name>System.Int32 SigStat.Common.Loaders.Svc2004Loader/&lt;&gt;c::&lt;ParseSignature&gt;b__16_3(System.Int32[])</Name>
              <FileRef uid="132" />
              <SequencePoints>
                <SequencePoint vc="0" uspid="4184" ordinal="0" offset="0" sl="187" sc="63" el="187" ec="67" />
              </SequencePoints>
              <BranchPoints />
              <MethodPoint xsi:type="SequencePoint" vc="0" uspid="4184" ordinal="0" offset="0" sl="187" sc="63" el="187" ec="67" />
            </Method>
            <Method visited="false" cyclomaticComplexity="1" sequenceCoverage="0" branchCoverage="0" isConstructor="false" isStatic="false" isGetter="false" isSetter="false">
              <Summary numSequencePoints="1" visitedSequencePoints="0" numBranchPoints="1" visitedBranchPoints="0" sequenceCoverage="0" branchCoverage="0" maxCyclomaticComplexity="1" minCyclomaticComplexity="1" />
              <MetadataToken>100664400</MetadataToken>
              <Name>System.Int32 SigStat.Common.Loaders.Svc2004Loader/&lt;&gt;c::&lt;ParseSignature&gt;b__16_4(System.Int32[])</Name>
              <FileRef uid="132" />
              <SequencePoints>
                <SequencePoint vc="0" uspid="4185" ordinal="0" offset="0" sl="188" sc="63" el="188" ec="67" />
              </SequencePoints>
              <BranchPoints />
              <MethodPoint xsi:type="SequencePoint" vc="0" uspid="4185" ordinal="0" offset="0" sl="188" sc="63" el="188" ec="67" />
            </Method>
            <Method visited="false" cyclomaticComplexity="1" sequenceCoverage="0" branchCoverage="0" isConstructor="false" isStatic="false" isGetter="false" isSetter="false">
              <Summary numSequencePoints="1" visitedSequencePoints="0" numBranchPoints="1" visitedBranchPoints="0" sequenceCoverage="0" branchCoverage="0" maxCyclomaticComplexity="1" minCyclomaticComplexity="1" />
              <MetadataToken>100664401</MetadataToken>
              <Name>System.Int32 SigStat.Common.Loaders.Svc2004Loader/&lt;&gt;c::&lt;ParseSignature&gt;b__16_5(System.Int32[])</Name>
              <FileRef uid="132" />
              <SequencePoints>
                <SequencePoint vc="0" uspid="4186" ordinal="0" offset="0" sl="189" sc="68" el="189" ec="72" />
              </SequencePoints>
              <BranchPoints />
              <MethodPoint xsi:type="SequencePoint" vc="0" uspid="4186" ordinal="0" offset="0" sl="189" sc="68" el="189" ec="72" />
            </Method>
            <Method visited="false" cyclomaticComplexity="1" sequenceCoverage="0" branchCoverage="0" isConstructor="false" isStatic="false" isGetter="false" isSetter="false">
              <Summary numSequencePoints="1" visitedSequencePoints="0" numBranchPoints="1" visitedBranchPoints="0" sequenceCoverage="0" branchCoverage="0" maxCyclomaticComplexity="1" minCyclomaticComplexity="1" />
              <MetadataToken>100664402</MetadataToken>
              <Name>System.Double SigStat.Common.Loaders.Svc2004Loader/&lt;&gt;c::&lt;ParseSignature&gt;b__16_6(System.Int32[])</Name>
              <FileRef uid="132" />
              <SequencePoints>
                <SequencePoint vc="0" uspid="4187" ordinal="0" offset="0" sl="192" sc="68" el="192" ec="80" />
              </SequencePoints>
              <BranchPoints />
              <MethodPoint xsi:type="SequencePoint" vc="0" uspid="4187" ordinal="0" offset="0" sl="192" sc="68" el="192" ec="80" />
            </Method>
            <Method visited="false" cyclomaticComplexity="1" sequenceCoverage="0" branchCoverage="0" isConstructor="false" isStatic="false" isGetter="false" isSetter="false">
              <Summary numSequencePoints="1" visitedSequencePoints="0" numBranchPoints="1" visitedBranchPoints="0" sequenceCoverage="0" branchCoverage="0" maxCyclomaticComplexity="1" minCyclomaticComplexity="1" />
              <MetadataToken>100664403</MetadataToken>
              <Name>System.Double SigStat.Common.Loaders.Svc2004Loader/&lt;&gt;c::&lt;ParseSignature&gt;b__16_7(System.Int32[])</Name>
              <FileRef uid="132" />
              <SequencePoints>
                <SequencePoint vc="0" uspid="4188" ordinal="0" offset="0" sl="193" sc="68" el="193" ec="80" />
              </SequencePoints>
              <BranchPoints />
              <MethodPoint xsi:type="SequencePoint" vc="0" uspid="4188" ordinal="0" offset="0" sl="193" sc="68" el="193" ec="80" />
            </Method>
            <Method visited="false" cyclomaticComplexity="1" sequenceCoverage="0" branchCoverage="0" isConstructor="false" isStatic="false" isGetter="false" isSetter="false">
              <Summary numSequencePoints="1" visitedSequencePoints="0" numBranchPoints="1" visitedBranchPoints="0" sequenceCoverage="0" branchCoverage="0" maxCyclomaticComplexity="1" minCyclomaticComplexity="1" />
              <MetadataToken>100664404</MetadataToken>
              <Name>System.Double SigStat.Common.Loaders.Svc2004Loader/&lt;&gt;c::&lt;ParseSignature&gt;b__16_8(System.Int32[])</Name>
              <FileRef uid="132" />
              <SequencePoints>
                <SequencePoint vc="0" uspid="4189" ordinal="0" offset="0" sl="194" sc="68" el="194" ec="80" />
              </SequencePoints>
              <BranchPoints />
              <MethodPoint xsi:type="SequencePoint" vc="0" uspid="4189" ordinal="0" offset="0" sl="194" sc="68" el="194" ec="80" />
            </Method>
            <Method visited="false" cyclomaticComplexity="1" sequenceCoverage="0" branchCoverage="0" isConstructor="false" isStatic="false" isGetter="false" isSetter="false">
              <Summary numSequencePoints="1" visitedSequencePoints="0" numBranchPoints="1" visitedBranchPoints="0" sequenceCoverage="0" branchCoverage="0" maxCyclomaticComplexity="1" minCyclomaticComplexity="1" />
              <MetadataToken>100664405</MetadataToken>
              <Name>System.Boolean SigStat.Common.Loaders.Svc2004Loader/&lt;&gt;c::&lt;ParseSignature&gt;b__16_9(System.Int32[])</Name>
              <FileRef uid="132" />
              <SequencePoints>
                <SequencePoint vc="0" uspid="4190" ordinal="0" offset="0" sl="195" sc="73" el="195" ec="82" />
              </SequencePoints>
              <BranchPoints />
              <MethodPoint xsi:type="SequencePoint" vc="0" uspid="4190" ordinal="0" offset="0" sl="195" sc="73" el="195" ec="82" />
            </Method>
            <Method visited="false" cyclomaticComplexity="1" sequenceCoverage="0" branchCoverage="0" isConstructor="false" isStatic="false" isGetter="false" isSetter="false">
              <Summary numSequencePoints="1" visitedSequencePoints="0" numBranchPoints="1" visitedBranchPoints="0" sequenceCoverage="0" branchCoverage="0" maxCyclomaticComplexity="1" minCyclomaticComplexity="1" />
              <MetadataToken>100664406</MetadataToken>
              <Name>System.Int32 SigStat.Common.Loaders.Svc2004Loader/&lt;&gt;c::&lt;ParseSignature&gt;b__16_11(System.Int32[])</Name>
              <FileRef uid="132" />
              <SequencePoints>
                <SequencePoint vc="0" uspid="4191" ordinal="0" offset="0" sl="200" sc="55" el="200" ec="59" />
              </SequencePoints>
              <BranchPoints />
              <MethodPoint xsi:type="SequencePoint" vc="0" uspid="4191" ordinal="0" offset="0" sl="200" sc="55" el="200" ec="59" />
            </Method>
            <Method visited="false" cyclomaticComplexity="1" sequenceCoverage="0" branchCoverage="0" isConstructor="false" isStatic="false" isGetter="false" isSetter="false">
              <Summary numSequencePoints="1" visitedSequencePoints="0" numBranchPoints="1" visitedBranchPoints="0" sequenceCoverage="0" branchCoverage="0" maxCyclomaticComplexity="1" minCyclomaticComplexity="1" />
              <MetadataToken>100664407</MetadataToken>
              <Name>System.Int32 SigStat.Common.Loaders.Svc2004Loader/&lt;&gt;c::&lt;ParseSignature&gt;b__16_12(System.Int32[])</Name>
              <FileRef uid="132" />
              <SequencePoints>
                <SequencePoint vc="0" uspid="4192" ordinal="0" offset="0" sl="201" sc="56" el="201" ec="60" />
              </SequencePoints>
              <BranchPoints />
              <MethodPoint xsi:type="SequencePoint" vc="0" uspid="4192" ordinal="0" offset="0" sl="201" sc="56" el="201" ec="60" />
            </Method>
            <Method visited="false" cyclomaticComplexity="1" sequenceCoverage="0" branchCoverage="0" isConstructor="false" isStatic="false" isGetter="false" isSetter="false">
              <Summary numSequencePoints="1" visitedSequencePoints="0" numBranchPoints="1" visitedBranchPoints="0" sequenceCoverage="0" branchCoverage="0" maxCyclomaticComplexity="1" minCyclomaticComplexity="1" />
              <MetadataToken>100664408</MetadataToken>
              <Name>System.Int32 SigStat.Common.Loaders.Svc2004Loader/&lt;&gt;c::&lt;ParseSignature&gt;b__16_13(System.Int32[])</Name>
              <FileRef uid="132" />
              <SequencePoints>
                <SequencePoint vc="0" uspid="4193" ordinal="0" offset="0" sl="202" sc="56" el="202" ec="60" />
              </SequencePoints>
              <BranchPoints />
              <MethodPoint xsi:type="SequencePoint" vc="0" uspid="4193" ordinal="0" offset="0" sl="202" sc="56" el="202" ec="60" />
            </Method>
          </Methods>
        </Class>
        <Class>
          <Summary numSequencePoints="24" visitedSequencePoints="0" numBranchPoints="45" visitedBranchPoints="0" sequenceCoverage="0" branchCoverage="0" maxCyclomaticComplexity="16" minCyclomaticComplexity="1" />
          <FullName>SigStat.Common.Loaders.Svc2004Loader/&lt;EnumerateSigners&gt;d__13</FullName>
          <Methods>
            <Method visited="false" cyclomaticComplexity="1" sequenceCoverage="0" branchCoverage="0" isConstructor="false" isStatic="false" isGetter="true" isSetter="false">
              <Summary numSequencePoints="0" visitedSequencePoints="0" numBranchPoints="0" visitedBranchPoints="0" sequenceCoverage="0" branchCoverage="0" maxCyclomaticComplexity="1" minCyclomaticComplexity="1" />
              <MetadataToken>100664414</MetadataToken>
              <Name>SigStat.Common.Signer SigStat.Common.Loaders.Svc2004Loader/&lt;EnumerateSigners&gt;d__13::System.Collections.Generic.IEnumerator&lt;SigStat.Common.Signer&gt;.get_Current()</Name>
              <SequencePoints />
              <BranchPoints />
              <MethodPoint vc="0" uspid="4194" ordinal="0" offset="0" />
            </Method>
            <Method visited="false" cyclomaticComplexity="1" sequenceCoverage="0" branchCoverage="0" isConstructor="false" isStatic="false" isGetter="true" isSetter="false">
              <Summary numSequencePoints="0" visitedSequencePoints="0" numBranchPoints="0" visitedBranchPoints="0" sequenceCoverage="0" branchCoverage="0" maxCyclomaticComplexity="1" minCyclomaticComplexity="1" />
              <MetadataToken>100664416</MetadataToken>
              <Name>System.Object SigStat.Common.Loaders.Svc2004Loader/&lt;EnumerateSigners&gt;d__13::System.Collections.IEnumerator.get_Current()</Name>
              <SequencePoints />
              <BranchPoints />
              <MethodPoint vc="0" uspid="4195" ordinal="0" offset="0" />
            </Method>
            <Method visited="false" cyclomaticComplexity="1" sequenceCoverage="0" branchCoverage="0" isConstructor="true" isStatic="false" isGetter="false" isSetter="false">
              <Summary numSequencePoints="0" visitedSequencePoints="0" numBranchPoints="0" visitedBranchPoints="0" sequenceCoverage="0" branchCoverage="0" maxCyclomaticComplexity="1" minCyclomaticComplexity="1" />
              <MetadataToken>100664409</MetadataToken>
              <Name>System.Void SigStat.Common.Loaders.Svc2004Loader/&lt;EnumerateSigners&gt;d__13::.ctor(System.Int32)</Name>
              <SequencePoints />
              <BranchPoints />
              <MethodPoint vc="0" uspid="4196" ordinal="0" offset="0" />
            </Method>
            <Method visited="false" cyclomaticComplexity="5" sequenceCoverage="0" branchCoverage="0" isConstructor="false" isStatic="false" isGetter="false" isSetter="false">
              <Summary numSequencePoints="0" visitedSequencePoints="0" numBranchPoints="8" visitedBranchPoints="0" sequenceCoverage="0" branchCoverage="0" maxCyclomaticComplexity="5" minCyclomaticComplexity="5" />
              <MetadataToken>100664410</MetadataToken>
              <Name>System.Void SigStat.Common.Loaders.Svc2004Loader/&lt;EnumerateSigners&gt;d__13::System.IDisposable.Dispose()</Name>
              <SequencePoints />
              <BranchPoints>
                <BranchPoint vc="0" uspid="4198" ordinal="0" offset="12" path="0" />
                <BranchPoint vc="0" uspid="4199" ordinal="1" offset="12" path="1" />
                <BranchPoint vc="0" uspid="4200" ordinal="2" offset="16" path="0" />
                <BranchPoint vc="0" uspid="4201" ordinal="3" offset="16" path="1" />
                <BranchPoint vc="0" uspid="4202" ordinal="4" offset="22" path="0" />
                <BranchPoint vc="0" uspid="4203" ordinal="5" offset="22" path="1" />
                <BranchPoint vc="0" uspid="4204" ordinal="6" offset="26" path="0" />
                <BranchPoint vc="0" uspid="4205" ordinal="7" offset="26" path="1" />
              </BranchPoints>
              <MethodPoint vc="0" uspid="4197" ordinal="0" offset="0" />
            </Method>
            <Method visited="false" cyclomaticComplexity="16" sequenceCoverage="0" branchCoverage="0" isConstructor="false" isStatic="false" isGetter="false" isSetter="false">
              <Summary numSequencePoints="24" visitedSequencePoints="0" numBranchPoints="29" visitedBranchPoints="0" sequenceCoverage="0" branchCoverage="0" maxCyclomaticComplexity="16" minCyclomaticComplexity="16" />
              <MetadataToken>100664411</MetadataToken>
              <Name>System.Boolean SigStat.Common.Loaders.Svc2004Loader/&lt;EnumerateSigners&gt;d__13::MoveNext()</Name>
              <FileRef uid="132" />
              <SequencePoints>
                <SequencePoint vc="0" uspid="4206" ordinal="0" offset="38" sl="103" sc="13" el="103" ec="58" />
                <SequencePoint vc="0" uspid="4207" ordinal="1" offset="60" sl="105" sc="13" el="105" ec="65" />
                <SequencePoint vc="0" uspid="4208" ordinal="2" offset="76" sl="106" sc="20" el="106" ec="67" />
                <SequencePoint vc="0" uspid="4209" ordinal="3" offset="101" sl="109" sc="17" el="109" ec="155" />
                <SequencePoint vc="0" uspid="4210" ordinal="4" offset="221" sl="110" sc="17" el="110" ec="98" />
                <SequencePoint vc="0" uspid="4211" ordinal="5" offset="257" sl="111" sc="39" el="111" ec="54" />
                <SequencePoint vc="0" uspid="4212" ordinal="6" offset="282" sl="111" sc="26" el="111" ec="35" />
                <SequencePoint vc="0" uspid="4213" ordinal="7" offset="295" sl="113" sc="21" el="113" ec="67" />
                <SequencePoint vc="0" uspid="4214" ordinal="8" offset="315" sl="115" sc="21" el="115" ec="71" />
                <SequencePoint vc="0" uspid="4215" ordinal="9" offset="341" sl="119" sc="51" el="119" ec="56" />
                <SequencePoint vc="0" uspid="4216" ordinal="10" offset="355" sl="119" sc="30" el="119" ec="47" />
                <SequencePoint vc="0" uspid="4217" ordinal="11" offset="364" sl="121" sc="25" el="125" ec="27" />
                <SequencePoint vc="0" uspid="4218" ordinal="12" offset="392" sl="126" sc="32" el="126" ec="82" />
                <SequencePoint vc="0" uspid="4219" ordinal="13" offset="417" sl="128" sc="29" el="128" ec="75" />
                <SequencePoint vc="0" uspid="4220" ordinal="14" offset="432" sl="129" sc="25" el="129" ec="26" />
                <SequencePoint vc="0" uspid="4221" ordinal="15" offset="446" sl="130" sc="25" el="130" ec="106" />
                <SequencePoint vc="0" uspid="4222" ordinal="16" offset="473" sl="131" sc="25" el="131" ec="58" />
                <SequencePoint vc="0" uspid="4223" ordinal="17" offset="487" sl="119" sc="48" el="119" ec="50" />
                <SequencePoint vc="0" uspid="4224" ordinal="18" offset="513" sl="134" sc="21" el="134" ec="87" />
                <SequencePoint vc="0" uspid="4225" ordinal="19" offset="568" sl="135" sc="21" el="135" ec="41" />
                <SequencePoint vc="0" uspid="4226" ordinal="20" offset="595" sl="111" sc="36" el="111" ec="38" />
                <SequencePoint vc="0" uspid="4227" ordinal="21" offset="624" sl="137" sc="13" el="137" ec="14" />
                <SequencePoint vc="0" uspid="4228" ordinal="22" offset="637" sl="138" sc="13" el="138" ec="66" />
                <SequencePoint vc="0" uspid="4229" ordinal="23" offset="653" sl="139" sc="9" el="139" ec="10" />
              </SequencePoints>
              <BranchPoints>
                <BranchPoint vc="0" uspid="4231" ordinal="0" offset="15" path="0" />
                <BranchPoint vc="0" uspid="4232" ordinal="1" offset="15" path="1" />
                <BranchPoint vc="0" uspid="4233" ordinal="2" offset="19" path="0" />
                <BranchPoint vc="0" uspid="4234" ordinal="3" offset="19" path="1" />
                <BranchPoint vc="0" uspid="4235" ordinal="4" offset="46" path="0" />
                <BranchPoint vc="0" uspid="4236" ordinal="5" offset="46" path="1" />
                <BranchPoint vc="0" uspid="4237" ordinal="6" offset="118" path="0" />
                <BranchPoint vc="0" uspid="4238" ordinal="7" offset="118" path="1" />
                <BranchPoint vc="0" uspid="4239" ordinal="8" offset="154" path="0" />
                <BranchPoint vc="0" uspid="4240" ordinal="9" offset="154" path="1" />
                <BranchPoint vc="0" uspid="4241" ordinal="10" offset="190" path="0" />
                <BranchPoint vc="0" uspid="4242" ordinal="11" offset="190" path="1" />
                <BranchPoint vc="0" uspid="4243" ordinal="12" offset="321" path="0" />
                <BranchPoint vc="0" uspid="4244" ordinal="13" offset="321" path="1" />
                <BranchPoint vc="0" uspid="4245" ordinal="14" offset="336" path="0" />
                <BranchPoint vc="0" uspid="4246" ordinal="15" offset="336" path="1" />
                <BranchPoint vc="0" uspid="4247" ordinal="16" offset="436" path="0" />
                <BranchPoint vc="0" uspid="4248" ordinal="17" offset="436" path="1" />
                <BranchPoint vc="0" uspid="4249" ordinal="18" offset="462" path="0" />
                <BranchPoint vc="0" uspid="4250" ordinal="19" offset="462" path="1" />
                <BranchPoint vc="0" uspid="4251" ordinal="20" offset="494" path="0" />
                <BranchPoint vc="0" uspid="4252" ordinal="21" offset="494" path="1" />
                <BranchPoint vc="0" uspid="4253" ordinal="22" offset="503" path="0" />
                <BranchPoint vc="0" uspid="4254" ordinal="23" offset="503" path="1" />
                <BranchPoint vc="0" uspid="4255" ordinal="24" offset="528" path="0" />
                <BranchPoint vc="0" uspid="4256" ordinal="25" offset="528" path="1" />
                <BranchPoint vc="0" uspid="4257" ordinal="26" offset="606" path="0" />
                <BranchPoint vc="0" uspid="4258" ordinal="27" offset="606" path="1" />
              </BranchPoints>
              <MethodPoint vc="0" uspid="4230" ordinal="0" offset="0" />
            </Method>
            <Method visited="false" cyclomaticComplexity="2" sequenceCoverage="0" branchCoverage="0" isConstructor="false" isStatic="false" isGetter="false" isSetter="false">
              <Summary numSequencePoints="0" visitedSequencePoints="0" numBranchPoints="2" visitedBranchPoints="0" sequenceCoverage="0" branchCoverage="0" maxCyclomaticComplexity="2" minCyclomaticComplexity="2" />
              <MetadataToken>100664412</MetadataToken>
              <Name>System.Void SigStat.Common.Loaders.Svc2004Loader/&lt;EnumerateSigners&gt;d__13::&lt;&gt;m__Finally1()</Name>
              <SequencePoints />
              <BranchPoints>
                <BranchPoint vc="0" uspid="4260" ordinal="0" offset="13" path="0" />
                <BranchPoint vc="0" uspid="4261" ordinal="1" offset="13" path="1" />
              </BranchPoints>
              <MethodPoint vc="0" uspid="4259" ordinal="0" offset="0" />
            </Method>
            <Method visited="false" cyclomaticComplexity="2" sequenceCoverage="0" branchCoverage="0" isConstructor="false" isStatic="false" isGetter="false" isSetter="false">
              <Summary numSequencePoints="0" visitedSequencePoints="0" numBranchPoints="2" visitedBranchPoints="0" sequenceCoverage="0" branchCoverage="0" maxCyclomaticComplexity="2" minCyclomaticComplexity="2" />
              <MetadataToken>100664413</MetadataToken>
              <Name>System.Void SigStat.Common.Loaders.Svc2004Loader/&lt;EnumerateSigners&gt;d__13::&lt;&gt;m__Finally2()</Name>
              <SequencePoints />
              <BranchPoints>
                <BranchPoint vc="0" uspid="4263" ordinal="0" offset="14" path="0" />
                <BranchPoint vc="0" uspid="4264" ordinal="1" offset="14" path="1" />
              </BranchPoints>
              <MethodPoint vc="0" uspid="4262" ordinal="0" offset="0" />
            </Method>
            <Method visited="false" cyclomaticComplexity="1" sequenceCoverage="0" branchCoverage="0" isConstructor="false" isStatic="false" isGetter="false" isSetter="false">
              <Summary numSequencePoints="0" visitedSequencePoints="0" numBranchPoints="0" visitedBranchPoints="0" sequenceCoverage="0" branchCoverage="0" maxCyclomaticComplexity="1" minCyclomaticComplexity="1" />
              <MetadataToken>100664415</MetadataToken>
              <Name>System.Void SigStat.Common.Loaders.Svc2004Loader/&lt;EnumerateSigners&gt;d__13::System.Collections.IEnumerator.Reset()</Name>
              <SequencePoints />
              <BranchPoints />
              <MethodPoint vc="0" uspid="4265" ordinal="0" offset="0" />
            </Method>
            <Method visited="false" cyclomaticComplexity="3" sequenceCoverage="0" branchCoverage="0" isConstructor="false" isStatic="false" isGetter="false" isSetter="false">
              <Summary numSequencePoints="0" visitedSequencePoints="0" numBranchPoints="4" visitedBranchPoints="0" sequenceCoverage="0" branchCoverage="0" maxCyclomaticComplexity="3" minCyclomaticComplexity="3" />
              <MetadataToken>100664417</MetadataToken>
              <Name>System.Collections.Generic.IEnumerator`1&lt;SigStat.Common.Signer&gt; SigStat.Common.Loaders.Svc2004Loader/&lt;EnumerateSigners&gt;d__13::System.Collections.Generic.IEnumerable&lt;SigStat.Common.Signer&gt;.GetEnumerator()</Name>
              <SequencePoints />
              <BranchPoints>
                <BranchPoint vc="0" uspid="4267" ordinal="0" offset="8" path="0" />
                <BranchPoint vc="0" uspid="4268" ordinal="1" offset="8" path="1" />
                <BranchPoint vc="0" uspid="4269" ordinal="2" offset="21" path="0" />
                <BranchPoint vc="0" uspid="4270" ordinal="3" offset="21" path="1" />
              </BranchPoints>
              <MethodPoint vc="0" uspid="4266" ordinal="0" offset="0" />
            </Method>
            <Method visited="false" cyclomaticComplexity="1" sequenceCoverage="0" branchCoverage="0" isConstructor="false" isStatic="false" isGetter="false" isSetter="false">
              <Summary numSequencePoints="0" visitedSequencePoints="0" numBranchPoints="0" visitedBranchPoints="0" sequenceCoverage="0" branchCoverage="0" maxCyclomaticComplexity="1" minCyclomaticComplexity="1" />
              <MetadataToken>100664418</MetadataToken>
              <Name>System.Collections.IEnumerator SigStat.Common.Loaders.Svc2004Loader/&lt;EnumerateSigners&gt;d__13::System.Collections.IEnumerable.GetEnumerator()</Name>
              <SequencePoints />
              <BranchPoints />
              <MethodPoint vc="0" uspid="4271" ordinal="0" offset="0" />
            </Method>
          </Methods>
        </Class>
        <Class>
          <Summary numSequencePoints="3" visitedSequencePoints="0" numBranchPoints="3" visitedBranchPoints="0" sequenceCoverage="0" branchCoverage="0" maxCyclomaticComplexity="1" minCyclomaticComplexity="1" />
          <FullName>SigStat.Common.Loaders.Svc2004Loader/&lt;&gt;c__DisplayClass16_0</FullName>
          <Methods>
            <Method visited="false" cyclomaticComplexity="1" sequenceCoverage="0" branchCoverage="0" isConstructor="true" isStatic="false" isGetter="false" isSetter="false">
              <Summary numSequencePoints="0" visitedSequencePoints="0" numBranchPoints="0" visitedBranchPoints="0" sequenceCoverage="0" branchCoverage="0" maxCyclomaticComplexity="1" minCyclomaticComplexity="1" />
              <MetadataToken>100664419</MetadataToken>
              <Name>System.Void SigStat.Common.Loaders.Svc2004Loader/&lt;&gt;c__DisplayClass16_0::.ctor()</Name>
              <SequencePoints />
              <BranchPoints />
              <MethodPoint vc="0" uspid="4272" ordinal="0" offset="0" />
            </Method>
            <Method visited="false" cyclomaticComplexity="1" sequenceCoverage="0" branchCoverage="0" isConstructor="false" isStatic="false" isGetter="false" isSetter="false">
              <Summary numSequencePoints="1" visitedSequencePoints="0" numBranchPoints="1" visitedBranchPoints="0" sequenceCoverage="0" branchCoverage="0" maxCyclomaticComplexity="1" minCyclomaticComplexity="1" />
              <MetadataToken>100664420</MetadataToken>
              <Name>System.Double SigStat.Common.Loaders.Svc2004Loader/&lt;&gt;c__DisplayClass16_0::&lt;ParseSignature&gt;b__14(System.Int32)</Name>
              <FileRef uid="132" />
              <SequencePoints>
                <SequencePoint vc="0" uspid="4273" ordinal="0" offset="0" sl="211" sc="80" el="211" ec="108" />
              </SequencePoints>
              <BranchPoints />
              <MethodPoint xsi:type="SequencePoint" vc="0" uspid="4273" ordinal="0" offset="0" sl="211" sc="80" el="211" ec="108" />
            </Method>
            <Method visited="false" cyclomaticComplexity="1" sequenceCoverage="0" branchCoverage="0" isConstructor="false" isStatic="false" isGetter="false" isSetter="false">
              <Summary numSequencePoints="1" visitedSequencePoints="0" numBranchPoints="1" visitedBranchPoints="0" sequenceCoverage="0" branchCoverage="0" maxCyclomaticComplexity="1" minCyclomaticComplexity="1" />
              <MetadataToken>100664421</MetadataToken>
              <Name>System.Double SigStat.Common.Loaders.Svc2004Loader/&lt;&gt;c__DisplayClass16_0::&lt;ParseSignature&gt;b__15(System.Int32)</Name>
              <FileRef uid="132" />
              <SequencePoints>
                <SequencePoint vc="0" uspid="4274" ordinal="0" offset="0" sl="212" sc="82" el="212" ec="97" />
              </SequencePoints>
              <BranchPoints />
              <MethodPoint xsi:type="SequencePoint" vc="0" uspid="4274" ordinal="0" offset="0" sl="212" sc="82" el="212" ec="97" />
            </Method>
            <Method visited="false" cyclomaticComplexity="1" sequenceCoverage="0" branchCoverage="0" isConstructor="false" isStatic="false" isGetter="false" isSetter="false">
              <Summary numSequencePoints="1" visitedSequencePoints="0" numBranchPoints="1" visitedBranchPoints="0" sequenceCoverage="0" branchCoverage="0" maxCyclomaticComplexity="1" minCyclomaticComplexity="1" />
              <MetadataToken>100664422</MetadataToken>
              <Name>System.Double SigStat.Common.Loaders.Svc2004Loader/&lt;&gt;c__DisplayClass16_0::&lt;ParseSignature&gt;b__16(System.Int32)</Name>
              <FileRef uid="132" />
              <SequencePoints>
                <SequencePoint vc="0" uspid="4275" ordinal="0" offset="0" sl="213" sc="82" el="213" ec="97" />
              </SequencePoints>
              <BranchPoints />
              <MethodPoint xsi:type="SequencePoint" vc="0" uspid="4275" ordinal="0" offset="0" sl="213" sc="82" el="213" ec="97" />
            </Method>
          </Methods>
        </Class>
        <Class>
          <Summary numSequencePoints="97" visitedSequencePoints="0" numBranchPoints="105" visitedBranchPoints="0" sequenceCoverage="0" branchCoverage="0" maxCyclomaticComplexity="16" minCyclomaticComplexity="1" />
          <FullName>SigStat.Common.Helpers.BenchmarkConfig</FullName>
          <Methods>
            <Method visited="false" cyclomaticComplexity="1" sequenceCoverage="0" branchCoverage="0" isConstructor="false" isStatic="false" isGetter="true" isSetter="false">
              <Summary numSequencePoints="1" visitedSequencePoints="0" numBranchPoints="1" visitedBranchPoints="0" sequenceCoverage="0" branchCoverage="0" maxCyclomaticComplexity="1" minCyclomaticComplexity="1" />
              <MetadataToken>100663932</MetadataToken>
              <Name>System.String SigStat.Common.Helpers.BenchmarkConfig::get_Classifier()</Name>
              <FileRef uid="138" />
              <SequencePoints>
                <SequencePoint vc="0" uspid="4276" ordinal="0" offset="0" sl="270" sc="36" el="270" ec="40" />
              </SequencePoints>
              <BranchPoints />
              <MethodPoint xsi:type="SequencePoint" vc="0" uspid="4276" ordinal="0" offset="0" sl="270" sc="36" el="270" ec="40" />
            </Method>
            <Method visited="false" cyclomaticComplexity="1" sequenceCoverage="0" branchCoverage="0" isConstructor="false" isStatic="false" isGetter="false" isSetter="true">
              <Summary numSequencePoints="1" visitedSequencePoints="0" numBranchPoints="1" visitedBranchPoints="0" sequenceCoverage="0" branchCoverage="0" maxCyclomaticComplexity="1" minCyclomaticComplexity="1" />
              <MetadataToken>100663933</MetadataToken>
              <Name>System.Void SigStat.Common.Helpers.BenchmarkConfig::set_Classifier(System.String)</Name>
              <FileRef uid="138" />
              <SequencePoints>
                <SequencePoint vc="0" uspid="4277" ordinal="0" offset="0" sl="270" sc="41" el="270" ec="45" />
              </SequencePoints>
              <BranchPoints />
              <MethodPoint xsi:type="SequencePoint" vc="0" uspid="4277" ordinal="0" offset="0" sl="270" sc="41" el="270" ec="45" />
            </Method>
            <Method visited="false" cyclomaticComplexity="1" sequenceCoverage="0" branchCoverage="0" isConstructor="false" isStatic="false" isGetter="true" isSetter="false">
              <Summary numSequencePoints="1" visitedSequencePoints="0" numBranchPoints="1" visitedBranchPoints="0" sequenceCoverage="0" branchCoverage="0" maxCyclomaticComplexity="1" minCyclomaticComplexity="1" />
              <MetadataToken>100663934</MetadataToken>
              <Name>System.String SigStat.Common.Helpers.BenchmarkConfig::get_Sampling()</Name>
              <FileRef uid="138" />
              <SequencePoints>
                <SequencePoint vc="0" uspid="4278" ordinal="0" offset="0" sl="271" sc="34" el="271" ec="38" />
              </SequencePoints>
              <BranchPoints />
              <MethodPoint xsi:type="SequencePoint" vc="0" uspid="4278" ordinal="0" offset="0" sl="271" sc="34" el="271" ec="38" />
            </Method>
            <Method visited="false" cyclomaticComplexity="1" sequenceCoverage="0" branchCoverage="0" isConstructor="false" isStatic="false" isGetter="false" isSetter="true">
              <Summary numSequencePoints="1" visitedSequencePoints="0" numBranchPoints="1" visitedBranchPoints="0" sequenceCoverage="0" branchCoverage="0" maxCyclomaticComplexity="1" minCyclomaticComplexity="1" />
              <MetadataToken>100663935</MetadataToken>
              <Name>System.Void SigStat.Common.Helpers.BenchmarkConfig::set_Sampling(System.String)</Name>
              <FileRef uid="138" />
              <SequencePoints>
                <SequencePoint vc="0" uspid="4279" ordinal="0" offset="0" sl="271" sc="39" el="271" ec="43" />
              </SequencePoints>
              <BranchPoints />
              <MethodPoint xsi:type="SequencePoint" vc="0" uspid="4279" ordinal="0" offset="0" sl="271" sc="39" el="271" ec="43" />
            </Method>
            <Method visited="false" cyclomaticComplexity="1" sequenceCoverage="0" branchCoverage="0" isConstructor="false" isStatic="false" isGetter="true" isSetter="false">
              <Summary numSequencePoints="1" visitedSequencePoints="0" numBranchPoints="1" visitedBranchPoints="0" sequenceCoverage="0" branchCoverage="0" maxCyclomaticComplexity="1" minCyclomaticComplexity="1" />
              <MetadataToken>100663936</MetadataToken>
              <Name>System.String SigStat.Common.Helpers.BenchmarkConfig::get_Database()</Name>
              <FileRef uid="138" />
              <SequencePoints>
                <SequencePoint vc="0" uspid="4280" ordinal="0" offset="0" sl="272" sc="34" el="272" ec="38" />
              </SequencePoints>
              <BranchPoints />
              <MethodPoint xsi:type="SequencePoint" vc="0" uspid="4280" ordinal="0" offset="0" sl="272" sc="34" el="272" ec="38" />
            </Method>
            <Method visited="false" cyclomaticComplexity="1" sequenceCoverage="0" branchCoverage="0" isConstructor="false" isStatic="false" isGetter="false" isSetter="true">
              <Summary numSequencePoints="1" visitedSequencePoints="0" numBranchPoints="1" visitedBranchPoints="0" sequenceCoverage="0" branchCoverage="0" maxCyclomaticComplexity="1" minCyclomaticComplexity="1" />
              <MetadataToken>100663937</MetadataToken>
              <Name>System.Void SigStat.Common.Helpers.BenchmarkConfig::set_Database(System.String)</Name>
              <FileRef uid="138" />
              <SequencePoints>
                <SequencePoint vc="0" uspid="4281" ordinal="0" offset="0" sl="272" sc="39" el="272" ec="43" />
              </SequencePoints>
              <BranchPoints />
              <MethodPoint xsi:type="SequencePoint" vc="0" uspid="4281" ordinal="0" offset="0" sl="272" sc="39" el="272" ec="43" />
            </Method>
            <Method visited="false" cyclomaticComplexity="1" sequenceCoverage="0" branchCoverage="0" isConstructor="false" isStatic="false" isGetter="true" isSetter="false">
              <Summary numSequencePoints="1" visitedSequencePoints="0" numBranchPoints="1" visitedBranchPoints="0" sequenceCoverage="0" branchCoverage="0" maxCyclomaticComplexity="1" minCyclomaticComplexity="1" />
              <MetadataToken>100663938</MetadataToken>
              <Name>System.Boolean SigStat.Common.Helpers.BenchmarkConfig::get_Rotation()</Name>
              <FileRef uid="138" />
              <SequencePoints>
                <SequencePoint vc="0" uspid="4282" ordinal="0" offset="0" sl="273" sc="32" el="273" ec="36" />
              </SequencePoints>
              <BranchPoints />
              <MethodPoint xsi:type="SequencePoint" vc="0" uspid="4282" ordinal="0" offset="0" sl="273" sc="32" el="273" ec="36" />
            </Method>
            <Method visited="false" cyclomaticComplexity="1" sequenceCoverage="0" branchCoverage="0" isConstructor="false" isStatic="false" isGetter="false" isSetter="true">
              <Summary numSequencePoints="1" visitedSequencePoints="0" numBranchPoints="1" visitedBranchPoints="0" sequenceCoverage="0" branchCoverage="0" maxCyclomaticComplexity="1" minCyclomaticComplexity="1" />
              <MetadataToken>100663939</MetadataToken>
              <Name>System.Void SigStat.Common.Helpers.BenchmarkConfig::set_Rotation(System.Boolean)</Name>
              <FileRef uid="138" />
              <SequencePoints>
                <SequencePoint vc="0" uspid="4283" ordinal="0" offset="0" sl="273" sc="37" el="273" ec="41" />
              </SequencePoints>
              <BranchPoints />
              <MethodPoint xsi:type="SequencePoint" vc="0" uspid="4283" ordinal="0" offset="0" sl="273" sc="37" el="273" ec="41" />
            </Method>
            <Method visited="false" cyclomaticComplexity="1" sequenceCoverage="0" branchCoverage="0" isConstructor="false" isStatic="false" isGetter="true" isSetter="false">
              <Summary numSequencePoints="1" visitedSequencePoints="0" numBranchPoints="1" visitedBranchPoints="0" sequenceCoverage="0" branchCoverage="0" maxCyclomaticComplexity="1" minCyclomaticComplexity="1" />
              <MetadataToken>100663940</MetadataToken>
              <Name>System.ValueTuple`2&lt;System.String,System.String&gt; SigStat.Common.Helpers.BenchmarkConfig::get_Translation_Scaling()</Name>
              <FileRef uid="138" />
              <SequencePoints>
                <SequencePoint vc="0" uspid="4284" ordinal="0" offset="0" sl="274" sc="75" el="274" ec="79" />
              </SequencePoints>
              <BranchPoints />
              <MethodPoint xsi:type="SequencePoint" vc="0" uspid="4284" ordinal="0" offset="0" sl="274" sc="75" el="274" ec="79" />
            </Method>
            <Method visited="false" cyclomaticComplexity="1" sequenceCoverage="0" branchCoverage="0" isConstructor="false" isStatic="false" isGetter="false" isSetter="true">
              <Summary numSequencePoints="1" visitedSequencePoints="0" numBranchPoints="1" visitedBranchPoints="0" sequenceCoverage="0" branchCoverage="0" maxCyclomaticComplexity="1" minCyclomaticComplexity="1" />
              <MetadataToken>100663941</MetadataToken>
              <Name>System.Void SigStat.Common.Helpers.BenchmarkConfig::set_Translation_Scaling(System.ValueTuple`2&lt;System.String,System.String&gt;)</Name>
              <FileRef uid="138" />
              <SequencePoints>
                <SequencePoint vc="0" uspid="4285" ordinal="0" offset="0" sl="274" sc="80" el="274" ec="84" />
              </SequencePoints>
              <BranchPoints />
              <MethodPoint xsi:type="SequencePoint" vc="0" uspid="4285" ordinal="0" offset="0" sl="274" sc="80" el="274" ec="84" />
            </Method>
            <Method visited="false" cyclomaticComplexity="1" sequenceCoverage="0" branchCoverage="0" isConstructor="false" isStatic="false" isGetter="true" isSetter="false">
              <Summary numSequencePoints="1" visitedSequencePoints="0" numBranchPoints="1" visitedBranchPoints="0" sequenceCoverage="0" branchCoverage="0" maxCyclomaticComplexity="1" minCyclomaticComplexity="1" />
              <MetadataToken>100663942</MetadataToken>
              <Name>System.String SigStat.Common.Helpers.BenchmarkConfig::get_ResamplingType_Filter()</Name>
              <FileRef uid="138" />
              <SequencePoints>
                <SequencePoint vc="0" uspid="4286" ordinal="0" offset="0" sl="275" sc="47" el="275" ec="51" />
              </SequencePoints>
              <BranchPoints />
              <MethodPoint xsi:type="SequencePoint" vc="0" uspid="4286" ordinal="0" offset="0" sl="275" sc="47" el="275" ec="51" />
            </Method>
            <Method visited="false" cyclomaticComplexity="1" sequenceCoverage="0" branchCoverage="0" isConstructor="false" isStatic="false" isGetter="false" isSetter="true">
              <Summary numSequencePoints="1" visitedSequencePoints="0" numBranchPoints="1" visitedBranchPoints="0" sequenceCoverage="0" branchCoverage="0" maxCyclomaticComplexity="1" minCyclomaticComplexity="1" />
              <MetadataToken>100663943</MetadataToken>
              <Name>System.Void SigStat.Common.Helpers.BenchmarkConfig::set_ResamplingType_Filter(System.String)</Name>
              <FileRef uid="138" />
              <SequencePoints>
                <SequencePoint vc="0" uspid="4287" ordinal="0" offset="0" sl="275" sc="52" el="275" ec="56" />
              </SequencePoints>
              <BranchPoints />
              <MethodPoint xsi:type="SequencePoint" vc="0" uspid="4287" ordinal="0" offset="0" sl="275" sc="52" el="275" ec="56" />
            </Method>
            <Method visited="false" cyclomaticComplexity="1" sequenceCoverage="0" branchCoverage="0" isConstructor="false" isStatic="false" isGetter="true" isSetter="false">
              <Summary numSequencePoints="1" visitedSequencePoints="0" numBranchPoints="1" visitedBranchPoints="0" sequenceCoverage="0" branchCoverage="0" maxCyclomaticComplexity="1" minCyclomaticComplexity="1" />
              <MetadataToken>100663944</MetadataToken>
              <Name>System.Double SigStat.Common.Helpers.BenchmarkConfig::get_ResamplingParam()</Name>
              <FileRef uid="138" />
              <SequencePoints>
                <SequencePoint vc="0" uspid="4288" ordinal="0" offset="0" sl="276" sc="41" el="276" ec="45" />
              </SequencePoints>
              <BranchPoints />
              <MethodPoint xsi:type="SequencePoint" vc="0" uspid="4288" ordinal="0" offset="0" sl="276" sc="41" el="276" ec="45" />
            </Method>
            <Method visited="false" cyclomaticComplexity="1" sequenceCoverage="0" branchCoverage="0" isConstructor="false" isStatic="false" isGetter="false" isSetter="true">
              <Summary numSequencePoints="1" visitedSequencePoints="0" numBranchPoints="1" visitedBranchPoints="0" sequenceCoverage="0" branchCoverage="0" maxCyclomaticComplexity="1" minCyclomaticComplexity="1" />
              <MetadataToken>100663945</MetadataToken>
              <Name>System.Void SigStat.Common.Helpers.BenchmarkConfig::set_ResamplingParam(System.Double)</Name>
              <FileRef uid="138" />
              <SequencePoints>
                <SequencePoint vc="0" uspid="4289" ordinal="0" offset="0" sl="276" sc="46" el="276" ec="50" />
              </SequencePoints>
              <BranchPoints />
              <MethodPoint xsi:type="SequencePoint" vc="0" uspid="4289" ordinal="0" offset="0" sl="276" sc="46" el="276" ec="50" />
            </Method>
            <Method visited="false" cyclomaticComplexity="1" sequenceCoverage="0" branchCoverage="0" isConstructor="false" isStatic="false" isGetter="true" isSetter="false">
              <Summary numSequencePoints="1" visitedSequencePoints="0" numBranchPoints="1" visitedBranchPoints="0" sequenceCoverage="0" branchCoverage="0" maxCyclomaticComplexity="1" minCyclomaticComplexity="1" />
              <MetadataToken>100663946</MetadataToken>
              <Name>System.String SigStat.Common.Helpers.BenchmarkConfig::get_Interpolation()</Name>
              <FileRef uid="138" />
              <SequencePoints>
                <SequencePoint vc="0" uspid="4290" ordinal="0" offset="0" sl="277" sc="39" el="277" ec="43" />
              </SequencePoints>
              <BranchPoints />
              <MethodPoint xsi:type="SequencePoint" vc="0" uspid="4290" ordinal="0" offset="0" sl="277" sc="39" el="277" ec="43" />
            </Method>
            <Method visited="false" cyclomaticComplexity="1" sequenceCoverage="0" branchCoverage="0" isConstructor="false" isStatic="false" isGetter="false" isSetter="true">
              <Summary numSequencePoints="1" visitedSequencePoints="0" numBranchPoints="1" visitedBranchPoints="0" sequenceCoverage="0" branchCoverage="0" maxCyclomaticComplexity="1" minCyclomaticComplexity="1" />
              <MetadataToken>100663947</MetadataToken>
              <Name>System.Void SigStat.Common.Helpers.BenchmarkConfig::set_Interpolation(System.String)</Name>
              <FileRef uid="138" />
              <SequencePoints>
                <SequencePoint vc="0" uspid="4291" ordinal="0" offset="0" sl="277" sc="44" el="277" ec="48" />
              </SequencePoints>
              <BranchPoints />
              <MethodPoint xsi:type="SequencePoint" vc="0" uspid="4291" ordinal="0" offset="0" sl="277" sc="44" el="277" ec="48" />
            </Method>
            <Method visited="false" cyclomaticComplexity="1" sequenceCoverage="0" branchCoverage="0" isConstructor="false" isStatic="false" isGetter="true" isSetter="false">
              <Summary numSequencePoints="1" visitedSequencePoints="0" numBranchPoints="1" visitedBranchPoints="0" sequenceCoverage="0" branchCoverage="0" maxCyclomaticComplexity="1" minCyclomaticComplexity="1" />
              <MetadataToken>100663948</MetadataToken>
              <Name>System.String SigStat.Common.Helpers.BenchmarkConfig::get_Features()</Name>
              <FileRef uid="138" />
              <SequencePoints>
                <SequencePoint vc="0" uspid="4292" ordinal="0" offset="0" sl="278" sc="34" el="278" ec="38" />
              </SequencePoints>
              <BranchPoints />
              <MethodPoint xsi:type="SequencePoint" vc="0" uspid="4292" ordinal="0" offset="0" sl="278" sc="34" el="278" ec="38" />
            </Method>
            <Method visited="false" cyclomaticComplexity="1" sequenceCoverage="0" branchCoverage="0" isConstructor="false" isStatic="false" isGetter="false" isSetter="true">
              <Summary numSequencePoints="1" visitedSequencePoints="0" numBranchPoints="1" visitedBranchPoints="0" sequenceCoverage="0" branchCoverage="0" maxCyclomaticComplexity="1" minCyclomaticComplexity="1" />
              <MetadataToken>100663949</MetadataToken>
              <Name>System.Void SigStat.Common.Helpers.BenchmarkConfig::set_Features(System.String)</Name>
              <FileRef uid="138" />
              <SequencePoints>
                <SequencePoint vc="0" uspid="4293" ordinal="0" offset="0" sl="278" sc="39" el="278" ec="43" />
              </SequencePoints>
              <BranchPoints />
              <MethodPoint xsi:type="SequencePoint" vc="0" uspid="4293" ordinal="0" offset="0" sl="278" sc="39" el="278" ec="43" />
            </Method>
            <Method visited="false" cyclomaticComplexity="1" sequenceCoverage="0" branchCoverage="0" isConstructor="false" isStatic="false" isGetter="true" isSetter="false">
              <Summary numSequencePoints="1" visitedSequencePoints="0" numBranchPoints="1" visitedBranchPoints="0" sequenceCoverage="0" branchCoverage="0" maxCyclomaticComplexity="1" minCyclomaticComplexity="1" />
              <MetadataToken>100663950</MetadataToken>
              <Name>System.String SigStat.Common.Helpers.BenchmarkConfig::get_Distance()</Name>
              <FileRef uid="138" />
              <SequencePoints>
                <SequencePoint vc="0" uspid="4294" ordinal="0" offset="0" sl="279" sc="34" el="279" ec="38" />
              </SequencePoints>
              <BranchPoints />
              <MethodPoint xsi:type="SequencePoint" vc="0" uspid="4294" ordinal="0" offset="0" sl="279" sc="34" el="279" ec="38" />
            </Method>
            <Method visited="false" cyclomaticComplexity="1" sequenceCoverage="0" branchCoverage="0" isConstructor="false" isStatic="false" isGetter="false" isSetter="true">
              <Summary numSequencePoints="1" visitedSequencePoints="0" numBranchPoints="1" visitedBranchPoints="0" sequenceCoverage="0" branchCoverage="0" maxCyclomaticComplexity="1" minCyclomaticComplexity="1" />
              <MetadataToken>100663951</MetadataToken>
              <Name>System.Void SigStat.Common.Helpers.BenchmarkConfig::set_Distance(System.String)</Name>
              <FileRef uid="138" />
              <SequencePoints>
                <SequencePoint vc="0" uspid="4295" ordinal="0" offset="0" sl="279" sc="39" el="279" ec="43" />
              </SequencePoints>
              <BranchPoints />
              <MethodPoint xsi:type="SequencePoint" vc="0" uspid="4295" ordinal="0" offset="0" sl="279" sc="39" el="279" ec="43" />
            </Method>
            <Method visited="false" cyclomaticComplexity="1" sequenceCoverage="0" branchCoverage="0" isConstructor="false" isStatic="true" isGetter="false" isSetter="false">
              <Summary numSequencePoints="1" visitedSequencePoints="0" numBranchPoints="1" visitedBranchPoints="0" sequenceCoverage="0" branchCoverage="0" maxCyclomaticComplexity="1" minCyclomaticComplexity="1" />
              <MetadataToken>100663915</MetadataToken>
              <Name>SigStat.Common.Helpers.BenchmarkConfig SigStat.Common.Helpers.BenchmarkConfig::FromJsonString(System.String)</Name>
              <FileRef uid="138" />
              <SequencePoints>
                <SequencePoint vc="0" uspid="4296" ordinal="0" offset="0" sl="36" sc="13" el="36" ec="79" />
              </SequencePoints>
              <BranchPoints />
              <MethodPoint xsi:type="SequencePoint" vc="0" uspid="4296" ordinal="0" offset="0" sl="36" sc="13" el="36" ec="79" />
            </Method>
            <Method visited="false" cyclomaticComplexity="2" sequenceCoverage="0" branchCoverage="0" isConstructor="false" isStatic="false" isGetter="false" isSetter="false">
              <Summary numSequencePoints="1" visitedSequencePoints="0" numBranchPoints="3" visitedBranchPoints="0" sequenceCoverage="0" branchCoverage="0" maxCyclomaticComplexity="2" minCyclomaticComplexity="2" />
              <MetadataToken>100663916</MetadataToken>
              <Name>System.String SigStat.Common.Helpers.BenchmarkConfig::ToShortString()</Name>
              <FileRef uid="138" />
              <SequencePoints>
                <SequencePoint vc="0" uspid="4297" ordinal="0" offset="0" sl="41" sc="13" el="41" ec="127" />
              </SequencePoints>
              <BranchPoints>
                <BranchPoint vc="0" uspid="4298" ordinal="0" offset="39" path="0" />
                <BranchPoint vc="0" uspid="4299" ordinal="1" offset="39" path="1" />
              </BranchPoints>
              <MethodPoint xsi:type="SequencePoint" vc="0" uspid="4297" ordinal="0" offset="0" sl="41" sc="13" el="41" ec="127" />
            </Method>
            <Method visited="false" cyclomaticComplexity="1" sequenceCoverage="0" branchCoverage="0" isConstructor="false" isStatic="false" isGetter="false" isSetter="false">
              <Summary numSequencePoints="1" visitedSequencePoints="0" numBranchPoints="1" visitedBranchPoints="0" sequenceCoverage="0" branchCoverage="0" maxCyclomaticComplexity="1" minCyclomaticComplexity="1" />
              <MetadataToken>100663917</MetadataToken>
              <Name>System.Collections.Generic.IEnumerable`1&lt;System.Collections.Generic.KeyValuePair`2&lt;System.String,System.String&gt;&gt; SigStat.Common.Helpers.BenchmarkConfig::ToKeyValuePairs()</Name>
              <FileRef uid="138" />
              <SequencePoints>
                <SequencePoint vc="0" uspid="4300" ordinal="0" offset="0" sl="46" sc="13" el="46" ec="139" />
              </SequencePoints>
              <BranchPoints />
              <MethodPoint xsi:type="SequencePoint" vc="0" uspid="4300" ordinal="0" offset="0" sl="46" sc="13" el="46" ec="139" />
            </Method>
            <Method visited="false" cyclomaticComplexity="1" sequenceCoverage="0" branchCoverage="0" isConstructor="false" isStatic="false" isGetter="false" isSetter="false">
              <Summary numSequencePoints="1" visitedSequencePoints="0" numBranchPoints="1" visitedBranchPoints="0" sequenceCoverage="0" branchCoverage="0" maxCyclomaticComplexity="1" minCyclomaticComplexity="1" />
              <MetadataToken>100663918</MetadataToken>
              <Name>System.String SigStat.Common.Helpers.BenchmarkConfig::ToJsonString()</Name>
              <FileRef uid="138" />
              <SequencePoints>
                <SequencePoint vc="0" uspid="4301" ordinal="0" offset="0" sl="51" sc="13" el="51" ec="54" />
              </SequencePoints>
              <BranchPoints />
              <MethodPoint xsi:type="SequencePoint" vc="0" uspid="4301" ordinal="0" offset="0" sl="51" sc="13" el="51" ec="54" />
            </Method>
            <Method visited="false" cyclomaticComplexity="1" sequenceCoverage="0" branchCoverage="0" isConstructor="false" isStatic="false" isGetter="false" isSetter="false">
              <Summary numSequencePoints="1" visitedSequencePoints="0" numBranchPoints="1" visitedBranchPoints="0" sequenceCoverage="0" branchCoverage="0" maxCyclomaticComplexity="1" minCyclomaticComplexity="1" />
              <MetadataToken>100663919</MetadataToken>
              <Name>SigStat.Common.Helpers.BenchmarkConfig SigStat.Common.Helpers.BenchmarkConfig::FromJsonFile(System.String)</Name>
              <FileRef uid="138" />
              <SequencePoints>
                <SequencePoint vc="0" uspid="4302" ordinal="0" offset="0" sl="56" sc="13" el="56" ec="91" />
              </SequencePoints>
              <BranchPoints />
              <MethodPoint xsi:type="SequencePoint" vc="0" uspid="4302" ordinal="0" offset="0" sl="56" sc="13" el="56" ec="91" />
            </Method>
            <Method visited="false" cyclomaticComplexity="1" sequenceCoverage="0" branchCoverage="0" isConstructor="false" isStatic="true" isGetter="false" isSetter="false">
              <Summary numSequencePoints="4" visitedSequencePoints="0" numBranchPoints="1" visitedBranchPoints="0" sequenceCoverage="0" branchCoverage="0" maxCyclomaticComplexity="1" minCyclomaticComplexity="1" />
              <MetadataToken>100663920</MetadataToken>
              <Name>System.Collections.Generic.List`1&lt;SigStat.Common.Helpers.BenchmarkConfig&gt; SigStat.Common.Helpers.BenchmarkConfig::GenerateConfigurations()</Name>
              <FileRef uid="138" />
              <SequencePoints>
                <SequencePoint vc="0" uspid="4303" ordinal="0" offset="0" sl="61" sc="13" el="61" ec="67" />
                <SequencePoint vc="0" uspid="4304" ordinal="1" offset="6" sl="62" sc="13" el="62" ec="42" />
                <SequencePoint vc="0" uspid="4305" ordinal="2" offset="17" sl="63" sc="13" el="63" ec="152" />
                <SequencePoint vc="0" uspid="4306" ordinal="3" offset="64" sl="64" sc="13" el="64" ec="22" />
              </SequencePoints>
              <BranchPoints />
              <MethodPoint xsi:type="SequencePoint" vc="0" uspid="4303" ordinal="0" offset="0" sl="61" sc="13" el="61" ec="67" />
            </Method>
            <Method visited="false" cyclomaticComplexity="5" sequenceCoverage="0" branchCoverage="0" isConstructor="false" isStatic="true" isGetter="false" isSetter="false">
              <Summary numSequencePoints="8" visitedSequencePoints="0" numBranchPoints="9" visitedBranchPoints="0" sequenceCoverage="0" branchCoverage="0" maxCyclomaticComplexity="5" minCyclomaticComplexity="5" />
              <MetadataToken>100663921</MetadataToken>
              <Name>System.Collections.Generic.List`1&lt;SigStat.Common.Helpers.BenchmarkConfig&gt; SigStat.Common.Helpers.BenchmarkConfig::Samplers(System.Collections.Generic.List`1&lt;SigStat.Common.Helpers.BenchmarkConfig&gt;)</Name>
              <FileRef uid="138" />
              <SequencePoints>
                <SequencePoint vc="0" uspid="4307" ordinal="0" offset="0" sl="69" sc="13" el="69" ec="47" />
                <SequencePoint vc="0" uspid="4308" ordinal="1" offset="37" sl="70" sc="13" el="73" ec="16" />
                <SequencePoint vc="0" uspid="4309" ordinal="2" offset="75" sl="74" sc="13" el="77" ec="16" />
                <SequencePoint vc="0" uspid="4310" ordinal="3" offset="113" sl="78" sc="13" el="81" ec="16" />
                <SequencePoint vc="0" uspid="4311" ordinal="4" offset="151" sl="82" sc="13" el="82" ec="28" />
                <SequencePoint vc="0" uspid="4312" ordinal="5" offset="158" sl="83" sc="13" el="83" ec="28" />
                <SequencePoint vc="0" uspid="4313" ordinal="6" offset="165" sl="84" sc="13" el="84" ec="28" />
                <SequencePoint vc="0" uspid="4314" ordinal="7" offset="172" sl="86" sc="13" el="86" ec="22" />
              </SequencePoints>
              <BranchPoints>
                <BranchPoint vc="0" uspid="4315" ordinal="0" offset="7" path="0" />
                <BranchPoint vc="0" uspid="4316" ordinal="1" offset="7" path="1" />
                <BranchPoint vc="0" uspid="4317" ordinal="2" offset="44" path="0" />
                <BranchPoint vc="0" uspid="4318" ordinal="3" offset="44" path="1" />
                <BranchPoint vc="0" uspid="4319" ordinal="4" offset="82" path="0" />
                <BranchPoint vc="0" uspid="4320" ordinal="5" offset="82" path="1" />
                <BranchPoint vc="0" uspid="4321" ordinal="6" offset="120" path="0" />
                <BranchPoint vc="0" uspid="4322" ordinal="7" offset="120" path="1" />
              </BranchPoints>
              <MethodPoint xsi:type="SequencePoint" vc="0" uspid="4307" ordinal="0" offset="0" sl="69" sc="13" el="69" ec="47" />
            </Method>
            <Method visited="false" cyclomaticComplexity="2" sequenceCoverage="0" branchCoverage="0" isConstructor="false" isStatic="true" isGetter="false" isSetter="false">
              <Summary numSequencePoints="5" visitedSequencePoints="0" numBranchPoints="3" visitedBranchPoints="0" sequenceCoverage="0" branchCoverage="0" maxCyclomaticComplexity="2" minCyclomaticComplexity="2" />
              <MetadataToken>100663922</MetadataToken>
              <Name>System.Collections.Generic.List`1&lt;SigStat.Common.Helpers.BenchmarkConfig&gt; SigStat.Common.Helpers.BenchmarkConfig::Databases(System.Collections.Generic.List`1&lt;SigStat.Common.Helpers.BenchmarkConfig&gt;)</Name>
              <FileRef uid="138" />
              <SequencePoints>
                <SequencePoint vc="0" uspid="4323" ordinal="0" offset="13" sl="91" sc="13" el="91" ec="52" />
                <SequencePoint vc="0" uspid="4324" ordinal="1" offset="55" sl="92" sc="13" el="92" ec="73" />
                <SequencePoint vc="0" uspid="4325" ordinal="2" offset="83" sl="93" sc="13" el="96" ec="26" />
                <SequencePoint vc="0" uspid="4326" ordinal="3" offset="107" sl="97" sc="13" el="97" ec="28" />
                <SequencePoint vc="0" uspid="4327" ordinal="4" offset="119" sl="98" sc="13" el="98" ec="22" />
              </SequencePoints>
              <BranchPoints>
                <BranchPoint vc="0" uspid="4329" ordinal="0" offset="25" path="0" />
                <BranchPoint vc="0" uspid="4330" ordinal="1" offset="25" path="1" />
              </BranchPoints>
              <MethodPoint vc="0" uspid="4328" ordinal="0" offset="0" />
            </Method>
            <Method visited="false" cyclomaticComplexity="3" sequenceCoverage="0" branchCoverage="0" isConstructor="false" isStatic="true" isGetter="false" isSetter="false">
              <Summary numSequencePoints="4" visitedSequencePoints="0" numBranchPoints="5" visitedBranchPoints="0" sequenceCoverage="0" branchCoverage="0" maxCyclomaticComplexity="3" minCyclomaticComplexity="3" />
              <MetadataToken>100663923</MetadataToken>
              <Name>System.Collections.Generic.List`1&lt;SigStat.Common.Helpers.BenchmarkConfig&gt; SigStat.Common.Helpers.BenchmarkConfig::Classifiers(System.Collections.Generic.List`1&lt;SigStat.Common.Helpers.BenchmarkConfig&gt;)</Name>
              <FileRef uid="138" />
              <SequencePoints>
                <SequencePoint vc="0" uspid="4331" ordinal="0" offset="0" sl="104" sc="13" el="104" ec="57" />
                <SequencePoint vc="0" uspid="4332" ordinal="1" offset="37" sl="105" sc="13" el="108" ec="16" />
                <SequencePoint vc="0" uspid="4333" ordinal="2" offset="75" sl="109" sc="13" el="109" ec="28" />
                <SequencePoint vc="0" uspid="4334" ordinal="3" offset="82" sl="110" sc="13" el="110" ec="22" />
              </SequencePoints>
              <BranchPoints>
                <BranchPoint vc="0" uspid="4335" ordinal="0" offset="7" path="0" />
                <BranchPoint vc="0" uspid="4336" ordinal="1" offset="7" path="1" />
                <BranchPoint vc="0" uspid="4337" ordinal="2" offset="44" path="0" />
                <BranchPoint vc="0" uspid="4338" ordinal="3" offset="44" path="1" />
              </BranchPoints>
              <MethodPoint xsi:type="SequencePoint" vc="0" uspid="4331" ordinal="0" offset="0" sl="104" sc="13" el="104" ec="57" />
            </Method>
            <Method visited="false" cyclomaticComplexity="3" sequenceCoverage="0" branchCoverage="0" isConstructor="false" isStatic="true" isGetter="false" isSetter="false">
              <Summary numSequencePoints="4" visitedSequencePoints="0" numBranchPoints="5" visitedBranchPoints="0" sequenceCoverage="0" branchCoverage="0" maxCyclomaticComplexity="3" minCyclomaticComplexity="3" />
              <MetadataToken>100663924</MetadataToken>
              <Name>System.Collections.Generic.List`1&lt;SigStat.Common.Helpers.BenchmarkConfig&gt; SigStat.Common.Helpers.BenchmarkConfig::Rotations(System.Collections.Generic.List`1&lt;SigStat.Common.Helpers.BenchmarkConfig&gt;)</Name>
              <FileRef uid="138" />
              <SequencePoints>
                <SequencePoint vc="0" uspid="4339" ordinal="0" offset="0" sl="115" sc="13" el="115" ec="48" />
                <SequencePoint vc="0" uspid="4340" ordinal="1" offset="37" sl="116" sc="13" el="119" ec="16" />
                <SequencePoint vc="0" uspid="4341" ordinal="2" offset="75" sl="120" sc="13" el="120" ec="28" />
                <SequencePoint vc="0" uspid="4342" ordinal="3" offset="82" sl="121" sc="13" el="121" ec="22" />
              </SequencePoints>
              <BranchPoints>
                <BranchPoint vc="0" uspid="4343" ordinal="0" offset="7" path="0" />
                <BranchPoint vc="0" uspid="4344" ordinal="1" offset="7" path="1" />
                <BranchPoint vc="0" uspid="4345" ordinal="2" offset="44" path="0" />
                <BranchPoint vc="0" uspid="4346" ordinal="3" offset="44" path="1" />
              </BranchPoints>
              <MethodPoint xsi:type="SequencePoint" vc="0" uspid="4339" ordinal="0" offset="0" sl="115" sc="13" el="115" ec="48" />
            </Method>
            <Method visited="false" cyclomaticComplexity="3" sequenceCoverage="0" branchCoverage="0" isConstructor="false" isStatic="true" isGetter="false" isSetter="false">
              <Summary numSequencePoints="4" visitedSequencePoints="0" numBranchPoints="5" visitedBranchPoints="0" sequenceCoverage="0" branchCoverage="0" maxCyclomaticComplexity="3" minCyclomaticComplexity="3" />
              <MetadataToken>100663925</MetadataToken>
              <Name>System.Collections.Generic.List`1&lt;SigStat.Common.Helpers.BenchmarkConfig&gt; SigStat.Common.Helpers.BenchmarkConfig::Distances(System.Collections.Generic.List`1&lt;SigStat.Common.Helpers.BenchmarkConfig&gt;)</Name>
              <FileRef uid="138" />
              <SequencePoints>
                <SequencePoint vc="0" uspid="4347" ordinal="0" offset="0" sl="126" sc="13" el="126" ec="54" />
                <SequencePoint vc="0" uspid="4348" ordinal="1" offset="37" sl="127" sc="13" el="130" ec="16" />
                <SequencePoint vc="0" uspid="4349" ordinal="2" offset="75" sl="131" sc="13" el="131" ec="28" />
                <SequencePoint vc="0" uspid="4350" ordinal="3" offset="82" sl="132" sc="13" el="132" ec="22" />
              </SequencePoints>
              <BranchPoints>
                <BranchPoint vc="0" uspid="4351" ordinal="0" offset="7" path="0" />
                <BranchPoint vc="0" uspid="4352" ordinal="1" offset="7" path="1" />
                <BranchPoint vc="0" uspid="4353" ordinal="2" offset="44" path="0" />
                <BranchPoint vc="0" uspid="4354" ordinal="3" offset="44" path="1" />
              </BranchPoints>
              <MethodPoint xsi:type="SequencePoint" vc="0" uspid="4347" ordinal="0" offset="0" sl="126" sc="13" el="126" ec="54" />
            </Method>
            <Method visited="false" cyclomaticComplexity="2" sequenceCoverage="0" branchCoverage="0" isConstructor="false" isStatic="true" isGetter="false" isSetter="false">
              <Summary numSequencePoints="5" visitedSequencePoints="0" numBranchPoints="3" visitedBranchPoints="0" sequenceCoverage="0" branchCoverage="0" maxCyclomaticComplexity="2" minCyclomaticComplexity="2" />
              <MetadataToken>100663926</MetadataToken>
              <Name>System.Collections.Generic.List`1&lt;SigStat.Common.Helpers.BenchmarkConfig&gt; SigStat.Common.Helpers.BenchmarkConfig::Translations_Scalings(System.Collections.Generic.List`1&lt;SigStat.Common.Helpers.BenchmarkConfig&gt;)</Name>
              <FileRef uid="138" />
              <SequencePoints>
                <SequencePoint vc="0" uspid="4355" ordinal="0" offset="13" sl="138" sc="13" el="138" ec="69" />
                <SequencePoint vc="0" uspid="4356" ordinal="1" offset="55" sl="139" sc="13" el="159" ec="15" />
                <SequencePoint vc="0" uspid="4357" ordinal="2" offset="376" sl="160" sc="13" el="163" ec="26" />
                <SequencePoint vc="0" uspid="4358" ordinal="3" offset="400" sl="164" sc="13" el="164" ec="28" />
                <SequencePoint vc="0" uspid="4359" ordinal="4" offset="412" sl="165" sc="13" el="165" ec="22" />
              </SequencePoints>
              <BranchPoints>
                <BranchPoint vc="0" uspid="4361" ordinal="0" offset="25" path="0" />
                <BranchPoint vc="0" uspid="4362" ordinal="1" offset="25" path="1" />
              </BranchPoints>
              <MethodPoint vc="0" uspid="4360" ordinal="0" offset="0" />
            </Method>
            <Method visited="false" cyclomaticComplexity="16" sequenceCoverage="0" branchCoverage="0" isConstructor="false" isStatic="true" isGetter="false" isSetter="false">
              <Summary numSequencePoints="9" visitedSequencePoints="0" numBranchPoints="31" visitedBranchPoints="0" sequenceCoverage="0" branchCoverage="0" maxCyclomaticComplexity="16" minCyclomaticComplexity="16" />
              <MetadataToken>100663927</MetadataToken>
              <Name>System.Collections.Generic.List`1&lt;SigStat.Common.Helpers.BenchmarkConfig&gt; SigStat.Common.Helpers.BenchmarkConfig::ResamplingTypes_Filters(System.Collections.Generic.List`1&lt;SigStat.Common.Helpers.BenchmarkConfig&gt;)</Name>
              <FileRef uid="138" />
              <SequencePoints>
                <SequencePoint vc="0" uspid="4363" ordinal="0" offset="0" sl="170" sc="13" el="170" ec="62" />
                <SequencePoint vc="0" uspid="4364" ordinal="1" offset="37" sl="176" sc="13" el="180" ec="17" />
                <SequencePoint vc="0" uspid="4365" ordinal="2" offset="121" sl="181" sc="13" el="185" ec="17" />
                <SequencePoint vc="0" uspid="4366" ordinal="3" offset="205" sl="186" sc="13" el="190" ec="17" />
                <SequencePoint vc="0" uspid="4367" ordinal="4" offset="289" sl="192" sc="13" el="196" ec="17" />
                <SequencePoint vc="0" uspid="4368" ordinal="5" offset="373" sl="199" sc="13" el="202" ec="17" />
                <SequencePoint vc="0" uspid="4369" ordinal="6" offset="457" sl="204" sc="13" el="207" ec="17" />
                <SequencePoint vc="0" uspid="4370" ordinal="7" offset="541" sl="209" sc="13" el="212" ec="17" />
                <SequencePoint vc="0" uspid="4371" ordinal="8" offset="625" sl="214" sc="13" el="214" ec="22" />
              </SequencePoints>
              <BranchPoints>
                <BranchPoint vc="0" uspid="4372" ordinal="0" offset="7" path="0" />
                <BranchPoint vc="0" uspid="4373" ordinal="1" offset="7" path="1" />
                <BranchPoint vc="0" uspid="4374" ordinal="2" offset="45" path="0" />
                <BranchPoint vc="0" uspid="4375" ordinal="3" offset="45" path="1" />
                <BranchPoint vc="0" uspid="4376" ordinal="4" offset="86" path="0" />
                <BranchPoint vc="0" uspid="4377" ordinal="5" offset="86" path="1" />
                <BranchPoint vc="0" uspid="4378" ordinal="6" offset="129" path="0" />
                <BranchPoint vc="0" uspid="4379" ordinal="7" offset="129" path="1" />
                <BranchPoint vc="0" uspid="4380" ordinal="8" offset="170" path="0" />
                <BranchPoint vc="0" uspid="4381" ordinal="9" offset="170" path="1" />
                <BranchPoint vc="0" uspid="4382" ordinal="10" offset="213" path="0" />
                <BranchPoint vc="0" uspid="4383" ordinal="11" offset="213" path="1" />
                <BranchPoint vc="0" uspid="4384" ordinal="12" offset="254" path="0" />
                <BranchPoint vc="0" uspid="4385" ordinal="13" offset="254" path="1" />
                <BranchPoint vc="0" uspid="4386" ordinal="14" offset="297" path="0" />
                <BranchPoint vc="0" uspid="4387" ordinal="15" offset="297" path="1" />
                <BranchPoint vc="0" uspid="4388" ordinal="16" offset="338" path="0" />
                <BranchPoint vc="0" uspid="4389" ordinal="17" offset="338" path="1" />
                <BranchPoint vc="0" uspid="4390" ordinal="18" offset="381" path="0" />
                <BranchPoint vc="0" uspid="4391" ordinal="19" offset="381" path="1" />
                <BranchPoint vc="0" uspid="4392" ordinal="20" offset="422" path="0" />
                <BranchPoint vc="0" uspid="4393" ordinal="21" offset="422" path="1" />
                <BranchPoint vc="0" uspid="4394" ordinal="22" offset="465" path="0" />
                <BranchPoint vc="0" uspid="4395" ordinal="23" offset="465" path="1" />
                <BranchPoint vc="0" uspid="4396" ordinal="24" offset="506" path="0" />
                <BranchPoint vc="0" uspid="4397" ordinal="25" offset="506" path="1" />
                <BranchPoint vc="0" uspid="4398" ordinal="26" offset="549" path="0" />
                <BranchPoint vc="0" uspid="4399" ordinal="27" offset="549" path="1" />
                <BranchPoint vc="0" uspid="4400" ordinal="28" offset="590" path="0" />
                <BranchPoint vc="0" uspid="4401" ordinal="29" offset="590" path="1" />
              </BranchPoints>
              <MethodPoint xsi:type="SequencePoint" vc="0" uspid="4363" ordinal="0" offset="0" sl="170" sc="13" el="170" ec="62" />
            </Method>
            <Method visited="false" cyclomaticComplexity="3" sequenceCoverage="0" branchCoverage="0" isConstructor="false" isStatic="true" isGetter="false" isSetter="false">
              <Summary numSequencePoints="5" visitedSequencePoints="0" numBranchPoints="5" visitedBranchPoints="0" sequenceCoverage="0" branchCoverage="0" maxCyclomaticComplexity="3" minCyclomaticComplexity="3" />
              <MetadataToken>100663928</MetadataToken>
              <Name>System.Collections.Generic.List`1&lt;SigStat.Common.Helpers.BenchmarkConfig&gt; SigStat.Common.Helpers.BenchmarkConfig::Interpolations(System.Collections.Generic.List`1&lt;SigStat.Common.Helpers.BenchmarkConfig&gt;)</Name>
              <FileRef uid="138" />
              <SequencePoints>
                <SequencePoint vc="0" uspid="4402" ordinal="0" offset="13" sl="220" sc="13" el="220" ec="160" />
                <SequencePoint vc="0" uspid="4403" ordinal="1" offset="96" sl="221" sc="13" el="221" ec="62" />
                <SequencePoint vc="0" uspid="4404" ordinal="2" offset="113" sl="222" sc="13" el="225" ec="26" />
                <SequencePoint vc="0" uspid="4405" ordinal="3" offset="137" sl="226" sc="13" el="226" ec="28" />
                <SequencePoint vc="0" uspid="4406" ordinal="4" offset="149" sl="227" sc="13" el="227" ec="22" />
              </SequencePoints>
              <BranchPoints>
                <BranchPoint vc="0" uspid="4408" ordinal="0" offset="25" path="0" />
                <BranchPoint vc="0" uspid="4409" ordinal="1" offset="25" path="1" />
                <BranchPoint vc="0" uspid="4410" ordinal="2" offset="66" path="0" />
                <BranchPoint vc="0" uspid="4411" ordinal="3" offset="66" path="1" />
              </BranchPoints>
              <MethodPoint vc="0" uspid="4407" ordinal="0" offset="0" />
            </Method>
            <Method visited="false" cyclomaticComplexity="2" sequenceCoverage="0" branchCoverage="0" isConstructor="false" isStatic="true" isGetter="false" isSetter="false">
              <Summary numSequencePoints="8" visitedSequencePoints="0" numBranchPoints="3" visitedBranchPoints="0" sequenceCoverage="0" branchCoverage="0" maxCyclomaticComplexity="2" minCyclomaticComplexity="2" />
              <MetadataToken>100663929</MetadataToken>
              <Name>System.Collections.Generic.List`1&lt;SigStat.Common.Helpers.BenchmarkConfig&gt; SigStat.Common.Helpers.BenchmarkConfig::SetFeatures(System.Collections.Generic.List`1&lt;SigStat.Common.Helpers.BenchmarkConfig&gt;)</Name>
              <FileRef uid="138" />
              <SequencePoints>
                <SequencePoint vc="0" uspid="4412" ordinal="0" offset="13" sl="232" sc="13" el="232" ec="48" />
                <SequencePoint vc="0" uspid="4413" ordinal="1" offset="55" sl="233" sc="13" el="233" ec="120" />
                <SequencePoint vc="0" uspid="4414" ordinal="2" offset="138" sl="234" sc="13" el="237" ec="26" />
                <SequencePoint vc="0" uspid="4415" ordinal="3" offset="162" sl="239" sc="13" el="239" ec="75" />
                <SequencePoint vc="0" uspid="4416" ordinal="4" offset="212" sl="241" sc="13" el="244" ec="26" />
                <SequencePoint vc="0" uspid="4417" ordinal="5" offset="237" sl="247" sc="13" el="247" ec="29" />
                <SequencePoint vc="0" uspid="4418" ordinal="6" offset="249" sl="248" sc="13" el="248" ec="29" />
                <SequencePoint vc="0" uspid="4419" ordinal="7" offset="262" sl="252" sc="13" el="252" ec="22" />
              </SequencePoints>
              <BranchPoints>
                <BranchPoint vc="0" uspid="4421" ordinal="0" offset="25" path="0" />
                <BranchPoint vc="0" uspid="4422" ordinal="1" offset="25" path="1" />
              </BranchPoints>
              <MethodPoint vc="0" uspid="4420" ordinal="0" offset="0" />
            </Method>
            <Method visited="false" cyclomaticComplexity="1" sequenceCoverage="0" branchCoverage="0" isConstructor="true" isStatic="false" isGetter="false" isSetter="false">
              <Summary numSequencePoints="2" visitedSequencePoints="0" numBranchPoints="1" visitedBranchPoints="0" sequenceCoverage="0" branchCoverage="0" maxCyclomaticComplexity="1" minCyclomaticComplexity="1" />
              <MetadataToken>100663930</MetadataToken>
              <Name>System.Void SigStat.Common.Helpers.BenchmarkConfig::.ctor()</Name>
              <FileRef uid="138" />
              <SequencePoints>
                <SequencePoint vc="0" uspid="4423" ordinal="0" offset="0" sl="255" sc="9" el="255" ec="33" />
                <SequencePoint vc="0" uspid="4424" ordinal="1" offset="6" sl="255" sc="36" el="255" ec="37" />
              </SequencePoints>
              <BranchPoints />
              <MethodPoint xsi:type="SequencePoint" vc="0" uspid="4423" ordinal="0" offset="0" sl="255" sc="9" el="255" ec="33" />
            </Method>
            <Method visited="false" cyclomaticComplexity="1" sequenceCoverage="0" branchCoverage="0" isConstructor="true" isStatic="false" isGetter="false" isSetter="false">
              <Summary numSequencePoints="12" visitedSequencePoints="0" numBranchPoints="1" visitedBranchPoints="0" sequenceCoverage="0" branchCoverage="0" maxCyclomaticComplexity="1" minCyclomaticComplexity="1" />
              <MetadataToken>100663931</MetadataToken>
              <Name>System.Void SigStat.Common.Helpers.BenchmarkConfig::.ctor(SigStat.Common.Helpers.BenchmarkConfig)</Name>
              <FileRef uid="138" />
              <SequencePoints>
                <SequencePoint vc="0" uspid="4425" ordinal="0" offset="0" sl="256" sc="9" el="256" ec="50" />
                <SequencePoint vc="0" uspid="4426" ordinal="1" offset="6" sl="258" sc="13" el="258" ec="39" />
                <SequencePoint vc="0" uspid="4427" ordinal="2" offset="18" sl="259" sc="13" el="259" ec="35" />
                <SequencePoint vc="0" uspid="4428" ordinal="3" offset="30" sl="260" sc="13" el="260" ec="35" />
                <SequencePoint vc="0" uspid="4429" ordinal="4" offset="42" sl="261" sc="13" el="261" ec="35" />
                <SequencePoint vc="0" uspid="4430" ordinal="5" offset="54" sl="262" sc="13" el="262" ec="57" />
                <SequencePoint vc="0" uspid="4431" ordinal="6" offset="66" sl="263" sc="13" el="263" ec="61" />
                <SequencePoint vc="0" uspid="4432" ordinal="7" offset="78" sl="264" sc="13" el="264" ec="49" />
                <SequencePoint vc="0" uspid="4433" ordinal="8" offset="90" sl="265" sc="13" el="265" ec="45" />
                <SequencePoint vc="0" uspid="4434" ordinal="9" offset="102" sl="266" sc="13" el="266" ec="35" />
                <SequencePoint vc="0" uspid="4435" ordinal="10" offset="114" sl="267" sc="13" el="267" ec="35" />
                <SequencePoint vc="0" uspid="4436" ordinal="11" offset="126" sl="268" sc="9" el="268" ec="10" />
              </SequencePoints>
              <BranchPoints />
              <MethodPoint xsi:type="SequencePoint" vc="0" uspid="4425" ordinal="0" offset="0" sl="256" sc="9" el="256" ec="50" />
            </Method>
            <Method visited="false" cyclomaticComplexity="1" sequenceCoverage="0" branchCoverage="0" isConstructor="false" isStatic="false" isGetter="false" isSetter="false">
              <Summary numSequencePoints="1" visitedSequencePoints="0" numBranchPoints="1" visitedBranchPoints="0" sequenceCoverage="0" branchCoverage="0" maxCyclomaticComplexity="1" minCyclomaticComplexity="1" />
              <MetadataToken>100663952</MetadataToken>
              <Name>System.Object SigStat.Common.Helpers.BenchmarkConfig::&lt;ToShortString&gt;b__1_0(System.Reflection.PropertyInfo)</Name>
              <FileRef uid="138" />
              <SequencePoints>
                <SequencePoint vc="0" uspid="4437" ordinal="0" offset="0" sl="41" sc="76" el="41" ec="93" />
              </SequencePoints>
              <BranchPoints />
              <MethodPoint xsi:type="SequencePoint" vc="0" uspid="4437" ordinal="0" offset="0" sl="41" sc="76" el="41" ec="93" />
            </Method>
            <Method visited="false" cyclomaticComplexity="4" sequenceCoverage="0" branchCoverage="0" isConstructor="false" isStatic="false" isGetter="false" isSetter="false">
              <Summary numSequencePoints="1" visitedSequencePoints="0" numBranchPoints="5" visitedBranchPoints="0" sequenceCoverage="0" branchCoverage="0" maxCyclomaticComplexity="4" minCyclomaticComplexity="4" />
              <MetadataToken>100663953</MetadataToken>
              <Name>System.Collections.Generic.KeyValuePair`2&lt;System.String,System.String&gt; SigStat.Common.Helpers.BenchmarkConfig::&lt;ToKeyValuePairs&gt;b__2_0(System.Reflection.PropertyInfo)</Name>
              <FileRef uid="138" />
              <SequencePoints>
                <SequencePoint vc="0" uspid="4438" ordinal="0" offset="0" sl="46" sc="59" el="46" ec="137" />
              </SequencePoints>
              <BranchPoints>
                <BranchPoint vc="0" uspid="4439" ordinal="0" offset="14" path="0" />
                <BranchPoint vc="0" uspid="4440" ordinal="1" offset="14" path="1" />
                <BranchPoint vc="0" uspid="4441" ordinal="2" offset="26" path="0" />
                <BranchPoint vc="0" uspid="4442" ordinal="3" offset="26" path="1" />
              </BranchPoints>
              <MethodPoint xsi:type="SequencePoint" vc="0" uspid="4438" ordinal="0" offset="0" sl="46" sc="59" el="46" ec="137" />
            </Method>
          </Methods>
        </Class>
        <Class>
          <Summary numSequencePoints="34" visitedSequencePoints="0" numBranchPoints="48" visitedBranchPoints="0" sequenceCoverage="0" branchCoverage="0" maxCyclomaticComplexity="4" minCyclomaticComplexity="1" />
          <FullName>SigStat.Common.Helpers.BenchmarkConfig/&lt;&gt;c</FullName>
          <Methods>
            <Method visited="false" cyclomaticComplexity="1" sequenceCoverage="0" branchCoverage="0" isConstructor="true" isStatic="true" isGetter="false" isSetter="false">
              <Summary numSequencePoints="0" visitedSequencePoints="0" numBranchPoints="0" visitedBranchPoints="0" sequenceCoverage="0" branchCoverage="0" maxCyclomaticComplexity="1" minCyclomaticComplexity="1" />
              <MetadataToken>100664423</MetadataToken>
              <Name>System.Void SigStat.Common.Helpers.BenchmarkConfig/&lt;&gt;c::.cctor()</Name>
              <SequencePoints />
              <BranchPoints />
              <MethodPoint vc="0" uspid="4443" ordinal="0" offset="0" />
            </Method>
            <Method visited="false" cyclomaticComplexity="1" sequenceCoverage="0" branchCoverage="0" isConstructor="true" isStatic="false" isGetter="false" isSetter="false">
              <Summary numSequencePoints="0" visitedSequencePoints="0" numBranchPoints="0" visitedBranchPoints="0" sequenceCoverage="0" branchCoverage="0" maxCyclomaticComplexity="1" minCyclomaticComplexity="1" />
              <MetadataToken>100664424</MetadataToken>
              <Name>System.Void SigStat.Common.Helpers.BenchmarkConfig/&lt;&gt;c::.ctor()</Name>
              <SequencePoints />
              <BranchPoints />
              <MethodPoint vc="0" uspid="4444" ordinal="0" offset="0" />
            </Method>
            <Method visited="false" cyclomaticComplexity="4" sequenceCoverage="0" branchCoverage="0" isConstructor="false" isStatic="false" isGetter="false" isSetter="false">
              <Summary numSequencePoints="1" visitedSequencePoints="0" numBranchPoints="5" visitedBranchPoints="0" sequenceCoverage="0" branchCoverage="0" maxCyclomaticComplexity="4" minCyclomaticComplexity="4" />
              <MetadataToken>100664425</MetadataToken>
              <Name>System.String SigStat.Common.Helpers.BenchmarkConfig/&lt;&gt;c::&lt;ToShortString&gt;b__1_1(System.Object)</Name>
              <FileRef uid="138" />
              <SequencePoints>
                <SequencePoint vc="0" uspid="4445" ordinal="0" offset="0" sl="41" sc="105" el="41" ec="124" />
              </SequencePoints>
              <BranchPoints>
                <BranchPoint vc="0" uspid="4446" ordinal="0" offset="1" path="0" />
                <BranchPoint vc="0" uspid="4447" ordinal="1" offset="1" path="1" />
                <BranchPoint vc="0" uspid="4448" ordinal="2" offset="13" path="0" />
                <BranchPoint vc="0" uspid="4449" ordinal="3" offset="13" path="1" />
              </BranchPoints>
              <MethodPoint xsi:type="SequencePoint" vc="0" uspid="4445" ordinal="0" offset="0" sl="41" sc="105" el="41" ec="124" />
            </Method>
            <Method visited="false" cyclomaticComplexity="1" sequenceCoverage="0" branchCoverage="0" isConstructor="false" isStatic="false" isGetter="false" isSetter="false">
              <Summary numSequencePoints="1" visitedSequencePoints="0" numBranchPoints="1" visitedBranchPoints="0" sequenceCoverage="0" branchCoverage="0" maxCyclomaticComplexity="1" minCyclomaticComplexity="1" />
              <MetadataToken>100664426</MetadataToken>
              <Name>System.Void SigStat.Common.Helpers.BenchmarkConfig/&lt;&gt;c::&lt;Samplers&gt;b__6_0(SigStat.Common.Helpers.BenchmarkConfig)</Name>
              <FileRef uid="138" />
              <SequencePoints>
                <SequencePoint vc="0" uspid="4450" ordinal="0" offset="0" sl="69" sc="28" el="69" ec="45" />
              </SequencePoints>
              <BranchPoints />
              <MethodPoint xsi:type="SequencePoint" vc="0" uspid="4450" ordinal="0" offset="0" sl="69" sc="28" el="69" ec="45" />
            </Method>
            <Method visited="false" cyclomaticComplexity="1" sequenceCoverage="0" branchCoverage="0" isConstructor="false" isStatic="false" isGetter="false" isSetter="false">
              <Summary numSequencePoints="1" visitedSequencePoints="0" numBranchPoints="1" visitedBranchPoints="0" sequenceCoverage="0" branchCoverage="0" maxCyclomaticComplexity="1" minCyclomaticComplexity="1" />
              <MetadataToken>100664427</MetadataToken>
              <Name>SigStat.Common.Helpers.BenchmarkConfig SigStat.Common.Helpers.BenchmarkConfig/&lt;&gt;c::&lt;Samplers&gt;b__6_1(SigStat.Common.Helpers.BenchmarkConfig)</Name>
              <FileRef uid="138" />
              <SequencePoints>
                <SequencePoint vc="0" uspid="4451" ordinal="0" offset="0" sl="70" sc="40" el="73" ec="14" />
              </SequencePoints>
              <BranchPoints />
              <MethodPoint xsi:type="SequencePoint" vc="0" uspid="4451" ordinal="0" offset="0" sl="70" sc="40" el="73" ec="14" />
            </Method>
            <Method visited="false" cyclomaticComplexity="1" sequenceCoverage="0" branchCoverage="0" isConstructor="false" isStatic="false" isGetter="false" isSetter="false">
              <Summary numSequencePoints="1" visitedSequencePoints="0" numBranchPoints="1" visitedBranchPoints="0" sequenceCoverage="0" branchCoverage="0" maxCyclomaticComplexity="1" minCyclomaticComplexity="1" />
              <MetadataToken>100664428</MetadataToken>
              <Name>SigStat.Common.Helpers.BenchmarkConfig SigStat.Common.Helpers.BenchmarkConfig/&lt;&gt;c::&lt;Samplers&gt;b__6_2(SigStat.Common.Helpers.BenchmarkConfig)</Name>
              <FileRef uid="138" />
              <SequencePoints>
                <SequencePoint vc="0" uspid="4452" ordinal="0" offset="0" sl="74" sc="40" el="77" ec="14" />
              </SequencePoints>
              <BranchPoints />
              <MethodPoint xsi:type="SequencePoint" vc="0" uspid="4452" ordinal="0" offset="0" sl="74" sc="40" el="77" ec="14" />
            </Method>
            <Method visited="false" cyclomaticComplexity="1" sequenceCoverage="0" branchCoverage="0" isConstructor="false" isStatic="false" isGetter="false" isSetter="false">
              <Summary numSequencePoints="1" visitedSequencePoints="0" numBranchPoints="1" visitedBranchPoints="0" sequenceCoverage="0" branchCoverage="0" maxCyclomaticComplexity="1" minCyclomaticComplexity="1" />
              <MetadataToken>100664429</MetadataToken>
              <Name>SigStat.Common.Helpers.BenchmarkConfig SigStat.Common.Helpers.BenchmarkConfig/&lt;&gt;c::&lt;Samplers&gt;b__6_3(SigStat.Common.Helpers.BenchmarkConfig)</Name>
              <FileRef uid="138" />
              <SequencePoints>
                <SequencePoint vc="0" uspid="4453" ordinal="0" offset="0" sl="78" sc="40" el="81" ec="14" />
              </SequencePoints>
              <BranchPoints />
              <MethodPoint xsi:type="SequencePoint" vc="0" uspid="4453" ordinal="0" offset="0" sl="78" sc="40" el="81" ec="14" />
            </Method>
            <Method visited="false" cyclomaticComplexity="1" sequenceCoverage="0" branchCoverage="0" isConstructor="false" isStatic="false" isGetter="false" isSetter="false">
              <Summary numSequencePoints="1" visitedSequencePoints="0" numBranchPoints="1" visitedBranchPoints="0" sequenceCoverage="0" branchCoverage="0" maxCyclomaticComplexity="1" minCyclomaticComplexity="1" />
              <MetadataToken>100664430</MetadataToken>
              <Name>System.Void SigStat.Common.Helpers.BenchmarkConfig/&lt;&gt;c::&lt;Databases&gt;b__7_0(SigStat.Common.Helpers.BenchmarkConfig)</Name>
              <FileRef uid="138" />
              <SequencePoints>
                <SequencePoint vc="0" uspid="4454" ordinal="0" offset="0" sl="91" sc="28" el="91" ec="50" />
              </SequencePoints>
              <BranchPoints />
              <MethodPoint xsi:type="SequencePoint" vc="0" uspid="4454" ordinal="0" offset="0" sl="91" sc="28" el="91" ec="50" />
            </Method>
            <Method visited="false" cyclomaticComplexity="1" sequenceCoverage="0" branchCoverage="0" isConstructor="false" isStatic="false" isGetter="false" isSetter="false">
              <Summary numSequencePoints="1" visitedSequencePoints="0" numBranchPoints="1" visitedBranchPoints="0" sequenceCoverage="0" branchCoverage="0" maxCyclomaticComplexity="1" minCyclomaticComplexity="1" />
              <MetadataToken>100664431</MetadataToken>
              <Name>System.Void SigStat.Common.Helpers.BenchmarkConfig/&lt;&gt;c::&lt;Classifiers&gt;b__8_0(SigStat.Common.Helpers.BenchmarkConfig)</Name>
              <FileRef uid="138" />
              <SequencePoints>
                <SequencePoint vc="0" uspid="4455" ordinal="0" offset="0" sl="104" sc="28" el="104" ec="55" />
              </SequencePoints>
              <BranchPoints />
              <MethodPoint xsi:type="SequencePoint" vc="0" uspid="4455" ordinal="0" offset="0" sl="104" sc="28" el="104" ec="55" />
            </Method>
            <Method visited="false" cyclomaticComplexity="1" sequenceCoverage="0" branchCoverage="0" isConstructor="false" isStatic="false" isGetter="false" isSetter="false">
              <Summary numSequencePoints="1" visitedSequencePoints="0" numBranchPoints="1" visitedBranchPoints="0" sequenceCoverage="0" branchCoverage="0" maxCyclomaticComplexity="1" minCyclomaticComplexity="1" />
              <MetadataToken>100664432</MetadataToken>
              <Name>SigStat.Common.Helpers.BenchmarkConfig SigStat.Common.Helpers.BenchmarkConfig/&lt;&gt;c::&lt;Classifiers&gt;b__8_1(SigStat.Common.Helpers.BenchmarkConfig)</Name>
              <FileRef uid="138" />
              <SequencePoints>
                <SequencePoint vc="0" uspid="4456" ordinal="0" offset="0" sl="105" sc="40" el="108" ec="14" />
              </SequencePoints>
              <BranchPoints />
              <MethodPoint xsi:type="SequencePoint" vc="0" uspid="4456" ordinal="0" offset="0" sl="105" sc="40" el="108" ec="14" />
            </Method>
            <Method visited="false" cyclomaticComplexity="1" sequenceCoverage="0" branchCoverage="0" isConstructor="false" isStatic="false" isGetter="false" isSetter="false">
              <Summary numSequencePoints="1" visitedSequencePoints="0" numBranchPoints="1" visitedBranchPoints="0" sequenceCoverage="0" branchCoverage="0" maxCyclomaticComplexity="1" minCyclomaticComplexity="1" />
              <MetadataToken>100664433</MetadataToken>
              <Name>System.Void SigStat.Common.Helpers.BenchmarkConfig/&lt;&gt;c::&lt;Rotations&gt;b__9_0(SigStat.Common.Helpers.BenchmarkConfig)</Name>
              <FileRef uid="138" />
              <SequencePoints>
                <SequencePoint vc="0" uspid="4457" ordinal="0" offset="0" sl="115" sc="28" el="115" ec="46" />
              </SequencePoints>
              <BranchPoints />
              <MethodPoint xsi:type="SequencePoint" vc="0" uspid="4457" ordinal="0" offset="0" sl="115" sc="28" el="115" ec="46" />
            </Method>
            <Method visited="false" cyclomaticComplexity="1" sequenceCoverage="0" branchCoverage="0" isConstructor="false" isStatic="false" isGetter="false" isSetter="false">
              <Summary numSequencePoints="1" visitedSequencePoints="0" numBranchPoints="1" visitedBranchPoints="0" sequenceCoverage="0" branchCoverage="0" maxCyclomaticComplexity="1" minCyclomaticComplexity="1" />
              <MetadataToken>100664434</MetadataToken>
              <Name>SigStat.Common.Helpers.BenchmarkConfig SigStat.Common.Helpers.BenchmarkConfig/&lt;&gt;c::&lt;Rotations&gt;b__9_1(SigStat.Common.Helpers.BenchmarkConfig)</Name>
              <FileRef uid="138" />
              <SequencePoints>
                <SequencePoint vc="0" uspid="4458" ordinal="0" offset="0" sl="116" sc="40" el="119" ec="14" />
              </SequencePoints>
              <BranchPoints />
              <MethodPoint xsi:type="SequencePoint" vc="0" uspid="4458" ordinal="0" offset="0" sl="116" sc="40" el="119" ec="14" />
            </Method>
            <Method visited="false" cyclomaticComplexity="1" sequenceCoverage="0" branchCoverage="0" isConstructor="false" isStatic="false" isGetter="false" isSetter="false">
              <Summary numSequencePoints="1" visitedSequencePoints="0" numBranchPoints="1" visitedBranchPoints="0" sequenceCoverage="0" branchCoverage="0" maxCyclomaticComplexity="1" minCyclomaticComplexity="1" />
              <MetadataToken>100664435</MetadataToken>
              <Name>System.Void SigStat.Common.Helpers.BenchmarkConfig/&lt;&gt;c::&lt;Distances&gt;b__10_0(SigStat.Common.Helpers.BenchmarkConfig)</Name>
              <FileRef uid="138" />
              <SequencePoints>
                <SequencePoint vc="0" uspid="4459" ordinal="0" offset="0" sl="126" sc="28" el="126" ec="52" />
              </SequencePoints>
              <BranchPoints />
              <MethodPoint xsi:type="SequencePoint" vc="0" uspid="4459" ordinal="0" offset="0" sl="126" sc="28" el="126" ec="52" />
            </Method>
            <Method visited="false" cyclomaticComplexity="1" sequenceCoverage="0" branchCoverage="0" isConstructor="false" isStatic="false" isGetter="false" isSetter="false">
              <Summary numSequencePoints="1" visitedSequencePoints="0" numBranchPoints="1" visitedBranchPoints="0" sequenceCoverage="0" branchCoverage="0" maxCyclomaticComplexity="1" minCyclomaticComplexity="1" />
              <MetadataToken>100664436</MetadataToken>
              <Name>SigStat.Common.Helpers.BenchmarkConfig SigStat.Common.Helpers.BenchmarkConfig/&lt;&gt;c::&lt;Distances&gt;b__10_1(SigStat.Common.Helpers.BenchmarkConfig)</Name>
              <FileRef uid="138" />
              <SequencePoints>
                <SequencePoint vc="0" uspid="4460" ordinal="0" offset="0" sl="127" sc="40" el="130" ec="14" />
              </SequencePoints>
              <BranchPoints />
              <MethodPoint xsi:type="SequencePoint" vc="0" uspid="4460" ordinal="0" offset="0" sl="127" sc="40" el="130" ec="14" />
            </Method>
            <Method visited="false" cyclomaticComplexity="1" sequenceCoverage="0" branchCoverage="0" isConstructor="false" isStatic="false" isGetter="false" isSetter="false">
              <Summary numSequencePoints="1" visitedSequencePoints="0" numBranchPoints="1" visitedBranchPoints="0" sequenceCoverage="0" branchCoverage="0" maxCyclomaticComplexity="1" minCyclomaticComplexity="1" />
              <MetadataToken>100664437</MetadataToken>
              <Name>System.Void SigStat.Common.Helpers.BenchmarkConfig/&lt;&gt;c::&lt;Translations_Scalings&gt;b__11_0(SigStat.Common.Helpers.BenchmarkConfig)</Name>
              <FileRef uid="138" />
              <SequencePoints>
                <SequencePoint vc="0" uspid="4461" ordinal="0" offset="0" sl="138" sc="28" el="138" ec="67" />
              </SequencePoints>
              <BranchPoints />
              <MethodPoint xsi:type="SequencePoint" vc="0" uspid="4461" ordinal="0" offset="0" sl="138" sc="28" el="138" ec="67" />
            </Method>
            <Method visited="false" cyclomaticComplexity="1" sequenceCoverage="0" branchCoverage="0" isConstructor="false" isStatic="false" isGetter="false" isSetter="false">
              <Summary numSequencePoints="1" visitedSequencePoints="0" numBranchPoints="1" visitedBranchPoints="0" sequenceCoverage="0" branchCoverage="0" maxCyclomaticComplexity="1" minCyclomaticComplexity="1" />
              <MetadataToken>100664438</MetadataToken>
              <Name>System.Void SigStat.Common.Helpers.BenchmarkConfig/&lt;&gt;c::&lt;ResamplingTypes_Filters&gt;b__12_0(SigStat.Common.Helpers.BenchmarkConfig)</Name>
              <FileRef uid="138" />
              <SequencePoints>
                <SequencePoint vc="0" uspid="4462" ordinal="0" offset="0" sl="170" sc="28" el="170" ec="60" />
              </SequencePoints>
              <BranchPoints />
              <MethodPoint xsi:type="SequencePoint" vc="0" uspid="4462" ordinal="0" offset="0" sl="170" sc="28" el="170" ec="60" />
            </Method>
            <Method visited="false" cyclomaticComplexity="1" sequenceCoverage="0" branchCoverage="0" isConstructor="false" isStatic="false" isGetter="false" isSetter="false">
              <Summary numSequencePoints="1" visitedSequencePoints="0" numBranchPoints="1" visitedBranchPoints="0" sequenceCoverage="0" branchCoverage="0" maxCyclomaticComplexity="1" minCyclomaticComplexity="1" />
              <MetadataToken>100664439</MetadataToken>
              <Name>System.Boolean SigStat.Common.Helpers.BenchmarkConfig/&lt;&gt;c::&lt;ResamplingTypes_Filters&gt;b__12_1(SigStat.Common.Helpers.BenchmarkConfig)</Name>
              <FileRef uid="138" />
              <SequencePoints>
                <SequencePoint vc="0" uspid="4463" ordinal="0" offset="0" sl="176" sc="37" el="176" ec="70" />
              </SequencePoints>
              <BranchPoints />
              <MethodPoint xsi:type="SequencePoint" vc="0" uspid="4463" ordinal="0" offset="0" sl="176" sc="37" el="176" ec="70" />
            </Method>
            <Method visited="false" cyclomaticComplexity="1" sequenceCoverage="0" branchCoverage="0" isConstructor="false" isStatic="false" isGetter="false" isSetter="false">
              <Summary numSequencePoints="1" visitedSequencePoints="0" numBranchPoints="1" visitedBranchPoints="0" sequenceCoverage="0" branchCoverage="0" maxCyclomaticComplexity="1" minCyclomaticComplexity="1" />
              <MetadataToken>100664440</MetadataToken>
              <Name>SigStat.Common.Helpers.BenchmarkConfig SigStat.Common.Helpers.BenchmarkConfig/&lt;&gt;c::&lt;ResamplingTypes_Filters&gt;b__12_2(SigStat.Common.Helpers.BenchmarkConfig)</Name>
              <FileRef uid="138" />
              <SequencePoints>
                <SequencePoint vc="0" uspid="4464" ordinal="0" offset="0" sl="176" sc="97" el="180" ec="14" />
              </SequencePoints>
              <BranchPoints />
              <MethodPoint xsi:type="SequencePoint" vc="0" uspid="4464" ordinal="0" offset="0" sl="176" sc="97" el="180" ec="14" />
            </Method>
            <Method visited="false" cyclomaticComplexity="1" sequenceCoverage="0" branchCoverage="0" isConstructor="false" isStatic="false" isGetter="false" isSetter="false">
              <Summary numSequencePoints="1" visitedSequencePoints="0" numBranchPoints="1" visitedBranchPoints="0" sequenceCoverage="0" branchCoverage="0" maxCyclomaticComplexity="1" minCyclomaticComplexity="1" />
              <MetadataToken>100664441</MetadataToken>
              <Name>System.Boolean SigStat.Common.Helpers.BenchmarkConfig/&lt;&gt;c::&lt;ResamplingTypes_Filters&gt;b__12_3(SigStat.Common.Helpers.BenchmarkConfig)</Name>
              <FileRef uid="138" />
              <SequencePoints>
                <SequencePoint vc="0" uspid="4465" ordinal="0" offset="0" sl="181" sc="37" el="181" ec="70" />
              </SequencePoints>
              <BranchPoints />
              <MethodPoint xsi:type="SequencePoint" vc="0" uspid="4465" ordinal="0" offset="0" sl="181" sc="37" el="181" ec="70" />
            </Method>
            <Method visited="false" cyclomaticComplexity="1" sequenceCoverage="0" branchCoverage="0" isConstructor="false" isStatic="false" isGetter="false" isSetter="false">
              <Summary numSequencePoints="1" visitedSequencePoints="0" numBranchPoints="1" visitedBranchPoints="0" sequenceCoverage="0" branchCoverage="0" maxCyclomaticComplexity="1" minCyclomaticComplexity="1" />
              <MetadataToken>100664442</MetadataToken>
              <Name>SigStat.Common.Helpers.BenchmarkConfig SigStat.Common.Helpers.BenchmarkConfig/&lt;&gt;c::&lt;ResamplingTypes_Filters&gt;b__12_4(SigStat.Common.Helpers.BenchmarkConfig)</Name>
              <FileRef uid="138" />
              <SequencePoints>
                <SequencePoint vc="0" uspid="4466" ordinal="0" offset="0" sl="181" sc="97" el="185" ec="14" />
              </SequencePoints>
              <BranchPoints />
              <MethodPoint xsi:type="SequencePoint" vc="0" uspid="4466" ordinal="0" offset="0" sl="181" sc="97" el="185" ec="14" />
            </Method>
            <Method visited="false" cyclomaticComplexity="1" sequenceCoverage="0" branchCoverage="0" isConstructor="false" isStatic="false" isGetter="false" isSetter="false">
              <Summary numSequencePoints="1" visitedSequencePoints="0" numBranchPoints="1" visitedBranchPoints="0" sequenceCoverage="0" branchCoverage="0" maxCyclomaticComplexity="1" minCyclomaticComplexity="1" />
              <MetadataToken>100664443</MetadataToken>
              <Name>System.Boolean SigStat.Common.Helpers.BenchmarkConfig/&lt;&gt;c::&lt;ResamplingTypes_Filters&gt;b__12_5(SigStat.Common.Helpers.BenchmarkConfig)</Name>
              <FileRef uid="138" />
              <SequencePoints>
                <SequencePoint vc="0" uspid="4467" ordinal="0" offset="0" sl="186" sc="37" el="186" ec="70" />
              </SequencePoints>
              <BranchPoints />
              <MethodPoint xsi:type="SequencePoint" vc="0" uspid="4467" ordinal="0" offset="0" sl="186" sc="37" el="186" ec="70" />
            </Method>
            <Method visited="false" cyclomaticComplexity="1" sequenceCoverage="0" branchCoverage="0" isConstructor="false" isStatic="false" isGetter="false" isSetter="false">
              <Summary numSequencePoints="1" visitedSequencePoints="0" numBranchPoints="1" visitedBranchPoints="0" sequenceCoverage="0" branchCoverage="0" maxCyclomaticComplexity="1" minCyclomaticComplexity="1" />
              <MetadataToken>100664444</MetadataToken>
              <Name>SigStat.Common.Helpers.BenchmarkConfig SigStat.Common.Helpers.BenchmarkConfig/&lt;&gt;c::&lt;ResamplingTypes_Filters&gt;b__12_6(SigStat.Common.Helpers.BenchmarkConfig)</Name>
              <FileRef uid="138" />
              <SequencePoints>
                <SequencePoint vc="0" uspid="4468" ordinal="0" offset="0" sl="186" sc="97" el="190" ec="14" />
              </SequencePoints>
              <BranchPoints />
              <MethodPoint xsi:type="SequencePoint" vc="0" uspid="4468" ordinal="0" offset="0" sl="186" sc="97" el="190" ec="14" />
            </Method>
            <Method visited="false" cyclomaticComplexity="1" sequenceCoverage="0" branchCoverage="0" isConstructor="false" isStatic="false" isGetter="false" isSetter="false">
              <Summary numSequencePoints="1" visitedSequencePoints="0" numBranchPoints="1" visitedBranchPoints="0" sequenceCoverage="0" branchCoverage="0" maxCyclomaticComplexity="1" minCyclomaticComplexity="1" />
              <MetadataToken>100664445</MetadataToken>
              <Name>System.Boolean SigStat.Common.Helpers.BenchmarkConfig/&lt;&gt;c::&lt;ResamplingTypes_Filters&gt;b__12_7(SigStat.Common.Helpers.BenchmarkConfig)</Name>
              <FileRef uid="138" />
              <SequencePoints>
                <SequencePoint vc="0" uspid="4469" ordinal="0" offset="0" sl="192" sc="37" el="192" ec="70" />
              </SequencePoints>
              <BranchPoints />
              <MethodPoint xsi:type="SequencePoint" vc="0" uspid="4469" ordinal="0" offset="0" sl="192" sc="37" el="192" ec="70" />
            </Method>
            <Method visited="false" cyclomaticComplexity="1" sequenceCoverage="0" branchCoverage="0" isConstructor="false" isStatic="false" isGetter="false" isSetter="false">
              <Summary numSequencePoints="1" visitedSequencePoints="0" numBranchPoints="1" visitedBranchPoints="0" sequenceCoverage="0" branchCoverage="0" maxCyclomaticComplexity="1" minCyclomaticComplexity="1" />
              <MetadataToken>100664446</MetadataToken>
              <Name>SigStat.Common.Helpers.BenchmarkConfig SigStat.Common.Helpers.BenchmarkConfig/&lt;&gt;c::&lt;ResamplingTypes_Filters&gt;b__12_8(SigStat.Common.Helpers.BenchmarkConfig)</Name>
              <FileRef uid="138" />
              <SequencePoints>
                <SequencePoint vc="0" uspid="4470" ordinal="0" offset="0" sl="192" sc="97" el="196" ec="14" />
              </SequencePoints>
              <BranchPoints />
              <MethodPoint xsi:type="SequencePoint" vc="0" uspid="4470" ordinal="0" offset="0" sl="192" sc="97" el="196" ec="14" />
            </Method>
            <Method visited="false" cyclomaticComplexity="2" sequenceCoverage="0" branchCoverage="0" isConstructor="false" isStatic="false" isGetter="false" isSetter="false">
              <Summary numSequencePoints="1" visitedSequencePoints="0" numBranchPoints="3" visitedBranchPoints="0" sequenceCoverage="0" branchCoverage="0" maxCyclomaticComplexity="2" minCyclomaticComplexity="2" />
              <MetadataToken>100664447</MetadataToken>
              <Name>System.Boolean SigStat.Common.Helpers.BenchmarkConfig/&lt;&gt;c::&lt;ResamplingTypes_Filters&gt;b__12_9(SigStat.Common.Helpers.BenchmarkConfig)</Name>
              <FileRef uid="138" />
              <SequencePoints>
                <SequencePoint vc="0" uspid="4471" ordinal="0" offset="0" sl="199" sc="37" el="199" ec="97" />
              </SequencePoints>
              <BranchPoints>
                <BranchPoint vc="0" uspid="4472" ordinal="0" offset="16" path="0" />
                <BranchPoint vc="0" uspid="4473" ordinal="1" offset="16" path="1" />
              </BranchPoints>
              <MethodPoint xsi:type="SequencePoint" vc="0" uspid="4471" ordinal="0" offset="0" sl="199" sc="37" el="199" ec="97" />
            </Method>
            <Method visited="false" cyclomaticComplexity="1" sequenceCoverage="0" branchCoverage="0" isConstructor="false" isStatic="false" isGetter="false" isSetter="false">
              <Summary numSequencePoints="1" visitedSequencePoints="0" numBranchPoints="1" visitedBranchPoints="0" sequenceCoverage="0" branchCoverage="0" maxCyclomaticComplexity="1" minCyclomaticComplexity="1" />
              <MetadataToken>100664448</MetadataToken>
              <Name>SigStat.Common.Helpers.BenchmarkConfig SigStat.Common.Helpers.BenchmarkConfig/&lt;&gt;c::&lt;ResamplingTypes_Filters&gt;b__12_10(SigStat.Common.Helpers.BenchmarkConfig)</Name>
              <FileRef uid="138" />
              <SequencePoints>
                <SequencePoint vc="0" uspid="4474" ordinal="0" offset="0" sl="199" sc="124" el="202" ec="14" />
              </SequencePoints>
              <BranchPoints />
              <MethodPoint xsi:type="SequencePoint" vc="0" uspid="4474" ordinal="0" offset="0" sl="199" sc="124" el="202" ec="14" />
            </Method>
            <Method visited="false" cyclomaticComplexity="2" sequenceCoverage="0" branchCoverage="0" isConstructor="false" isStatic="false" isGetter="false" isSetter="false">
              <Summary numSequencePoints="1" visitedSequencePoints="0" numBranchPoints="3" visitedBranchPoints="0" sequenceCoverage="0" branchCoverage="0" maxCyclomaticComplexity="2" minCyclomaticComplexity="2" />
              <MetadataToken>100664449</MetadataToken>
              <Name>System.Boolean SigStat.Common.Helpers.BenchmarkConfig/&lt;&gt;c::&lt;ResamplingTypes_Filters&gt;b__12_11(SigStat.Common.Helpers.BenchmarkConfig)</Name>
              <FileRef uid="138" />
              <SequencePoints>
                <SequencePoint vc="0" uspid="4475" ordinal="0" offset="0" sl="204" sc="37" el="204" ec="97" />
              </SequencePoints>
              <BranchPoints>
                <BranchPoint vc="0" uspid="4476" ordinal="0" offset="16" path="0" />
                <BranchPoint vc="0" uspid="4477" ordinal="1" offset="16" path="1" />
              </BranchPoints>
              <MethodPoint xsi:type="SequencePoint" vc="0" uspid="4475" ordinal="0" offset="0" sl="204" sc="37" el="204" ec="97" />
            </Method>
            <Method visited="false" cyclomaticComplexity="1" sequenceCoverage="0" branchCoverage="0" isConstructor="false" isStatic="false" isGetter="false" isSetter="false">
              <Summary numSequencePoints="1" visitedSequencePoints="0" numBranchPoints="1" visitedBranchPoints="0" sequenceCoverage="0" branchCoverage="0" maxCyclomaticComplexity="1" minCyclomaticComplexity="1" />
              <MetadataToken>100664450</MetadataToken>
              <Name>SigStat.Common.Helpers.BenchmarkConfig SigStat.Common.Helpers.BenchmarkConfig/&lt;&gt;c::&lt;ResamplingTypes_Filters&gt;b__12_12(SigStat.Common.Helpers.BenchmarkConfig)</Name>
              <FileRef uid="138" />
              <SequencePoints>
                <SequencePoint vc="0" uspid="4478" ordinal="0" offset="0" sl="204" sc="124" el="207" ec="14" />
              </SequencePoints>
              <BranchPoints />
              <MethodPoint xsi:type="SequencePoint" vc="0" uspid="4478" ordinal="0" offset="0" sl="204" sc="124" el="207" ec="14" />
            </Method>
            <Method visited="false" cyclomaticComplexity="2" sequenceCoverage="0" branchCoverage="0" isConstructor="false" isStatic="false" isGetter="false" isSetter="false">
              <Summary numSequencePoints="1" visitedSequencePoints="0" numBranchPoints="3" visitedBranchPoints="0" sequenceCoverage="0" branchCoverage="0" maxCyclomaticComplexity="2" minCyclomaticComplexity="2" />
              <MetadataToken>100664451</MetadataToken>
              <Name>System.Boolean SigStat.Common.Helpers.BenchmarkConfig/&lt;&gt;c::&lt;ResamplingTypes_Filters&gt;b__12_13(SigStat.Common.Helpers.BenchmarkConfig)</Name>
              <FileRef uid="138" />
              <SequencePoints>
                <SequencePoint vc="0" uspid="4479" ordinal="0" offset="0" sl="209" sc="37" el="209" ec="95" />
              </SequencePoints>
              <BranchPoints>
                <BranchPoint vc="0" uspid="4480" ordinal="0" offset="16" path="0" />
                <BranchPoint vc="0" uspid="4481" ordinal="1" offset="16" path="1" />
              </BranchPoints>
              <MethodPoint xsi:type="SequencePoint" vc="0" uspid="4479" ordinal="0" offset="0" sl="209" sc="37" el="209" ec="95" />
            </Method>
            <Method visited="false" cyclomaticComplexity="1" sequenceCoverage="0" branchCoverage="0" isConstructor="false" isStatic="false" isGetter="false" isSetter="false">
              <Summary numSequencePoints="1" visitedSequencePoints="0" numBranchPoints="1" visitedBranchPoints="0" sequenceCoverage="0" branchCoverage="0" maxCyclomaticComplexity="1" minCyclomaticComplexity="1" />
              <MetadataToken>100664452</MetadataToken>
              <Name>SigStat.Common.Helpers.BenchmarkConfig SigStat.Common.Helpers.BenchmarkConfig/&lt;&gt;c::&lt;ResamplingTypes_Filters&gt;b__12_14(SigStat.Common.Helpers.BenchmarkConfig)</Name>
              <FileRef uid="138" />
              <SequencePoints>
                <SequencePoint vc="0" uspid="4482" ordinal="0" offset="0" sl="209" sc="122" el="212" ec="14" />
              </SequencePoints>
              <BranchPoints />
              <MethodPoint xsi:type="SequencePoint" vc="0" uspid="4482" ordinal="0" offset="0" sl="209" sc="122" el="212" ec="14" />
            </Method>
            <Method visited="false" cyclomaticComplexity="2" sequenceCoverage="0" branchCoverage="0" isConstructor="false" isStatic="false" isGetter="false" isSetter="false">
              <Summary numSequencePoints="1" visitedSequencePoints="0" numBranchPoints="3" visitedBranchPoints="0" sequenceCoverage="0" branchCoverage="0" maxCyclomaticComplexity="2" minCyclomaticComplexity="2" />
              <MetadataToken>100664453</MetadataToken>
              <Name>System.Boolean SigStat.Common.Helpers.BenchmarkConfig/&lt;&gt;c::&lt;Interpolations&gt;b__13_0(SigStat.Common.Helpers.BenchmarkConfig)</Name>
              <FileRef uid="138" />
              <SequencePoints>
                <SequencePoint vc="0" uspid="4483" ordinal="0" offset="0" sl="220" sc="26" el="220" ec="108" />
              </SequencePoints>
              <BranchPoints>
                <BranchPoint vc="0" uspid="4484" ordinal="0" offset="16" path="0" />
                <BranchPoint vc="0" uspid="4485" ordinal="1" offset="16" path="1" />
              </BranchPoints>
              <MethodPoint xsi:type="SequencePoint" vc="0" uspid="4483" ordinal="0" offset="0" sl="220" sc="26" el="220" ec="108" />
            </Method>
            <Method visited="false" cyclomaticComplexity="1" sequenceCoverage="0" branchCoverage="0" isConstructor="false" isStatic="false" isGetter="false" isSetter="false">
              <Summary numSequencePoints="1" visitedSequencePoints="0" numBranchPoints="1" visitedBranchPoints="0" sequenceCoverage="0" branchCoverage="0" maxCyclomaticComplexity="1" minCyclomaticComplexity="1" />
              <MetadataToken>100664454</MetadataToken>
              <Name>System.Void SigStat.Common.Helpers.BenchmarkConfig/&lt;&gt;c::&lt;Interpolations&gt;b__13_1(SigStat.Common.Helpers.BenchmarkConfig)</Name>
              <FileRef uid="138" />
              <SequencePoints>
                <SequencePoint vc="0" uspid="4486" ordinal="0" offset="0" sl="220" sc="132" el="220" ec="158" />
              </SequencePoints>
              <BranchPoints />
              <MethodPoint xsi:type="SequencePoint" vc="0" uspid="4486" ordinal="0" offset="0" sl="220" sc="132" el="220" ec="158" />
            </Method>
            <Method visited="false" cyclomaticComplexity="2" sequenceCoverage="0" branchCoverage="0" isConstructor="false" isStatic="false" isGetter="false" isSetter="false">
              <Summary numSequencePoints="1" visitedSequencePoints="0" numBranchPoints="3" visitedBranchPoints="0" sequenceCoverage="0" branchCoverage="0" maxCyclomaticComplexity="2" minCyclomaticComplexity="2" />
              <MetadataToken>100664455</MetadataToken>
              <Name>System.Boolean SigStat.Common.Helpers.BenchmarkConfig/&lt;&gt;c::&lt;Interpolations&gt;b__13_3(SigStat.Common.Helpers.BenchmarkConfig)</Name>
              <FileRef uid="138" />
              <SequencePoints>
                <SequencePoint vc="0" uspid="4487" ordinal="0" offset="0" sl="222" sc="54" el="222" ec="136" />
              </SequencePoints>
              <BranchPoints>
                <BranchPoint vc="0" uspid="4488" ordinal="0" offset="16" path="0" />
                <BranchPoint vc="0" uspid="4489" ordinal="1" offset="16" path="1" />
              </BranchPoints>
              <MethodPoint xsi:type="SequencePoint" vc="0" uspid="4487" ordinal="0" offset="0" sl="222" sc="54" el="222" ec="136" />
            </Method>
            <Method visited="false" cyclomaticComplexity="1" sequenceCoverage="0" branchCoverage="0" isConstructor="false" isStatic="false" isGetter="false" isSetter="false">
              <Summary numSequencePoints="1" visitedSequencePoints="0" numBranchPoints="1" visitedBranchPoints="0" sequenceCoverage="0" branchCoverage="0" maxCyclomaticComplexity="1" minCyclomaticComplexity="1" />
              <MetadataToken>100664456</MetadataToken>
              <Name>System.Void SigStat.Common.Helpers.BenchmarkConfig/&lt;&gt;c::&lt;SetFeatures&gt;b__14_0(SigStat.Common.Helpers.BenchmarkConfig)</Name>
              <FileRef uid="138" />
              <SequencePoints>
                <SequencePoint vc="0" uspid="4490" ordinal="0" offset="0" sl="232" sc="28" el="232" ec="46" />
              </SequencePoints>
              <BranchPoints />
              <MethodPoint xsi:type="SequencePoint" vc="0" uspid="4490" ordinal="0" offset="0" sl="232" sc="28" el="232" ec="46" />
            </Method>
            <Method visited="false" cyclomaticComplexity="1" sequenceCoverage="0" branchCoverage="0" isConstructor="false" isStatic="false" isGetter="false" isSetter="false">
              <Summary numSequencePoints="1" visitedSequencePoints="0" numBranchPoints="1" visitedBranchPoints="0" sequenceCoverage="0" branchCoverage="0" maxCyclomaticComplexity="1" minCyclomaticComplexity="1" />
              <MetadataToken>100664457</MetadataToken>
              <Name>System.Boolean SigStat.Common.Helpers.BenchmarkConfig/&lt;&gt;c::&lt;SetFeatures&gt;b__14_3(SigStat.Common.Helpers.BenchmarkConfig)</Name>
              <FileRef uid="138" />
              <SequencePoints>
                <SequencePoint vc="0" uspid="4491" ordinal="0" offset="0" sl="234" sc="56" el="234" ec="77" />
              </SequencePoints>
              <BranchPoints />
              <MethodPoint xsi:type="SequencePoint" vc="0" uspid="4491" ordinal="0" offset="0" sl="234" sc="56" el="234" ec="77" />
            </Method>
            <Method visited="false" cyclomaticComplexity="1" sequenceCoverage="0" branchCoverage="0" isConstructor="false" isStatic="false" isGetter="false" isSetter="false">
              <Summary numSequencePoints="1" visitedSequencePoints="0" numBranchPoints="1" visitedBranchPoints="0" sequenceCoverage="0" branchCoverage="0" maxCyclomaticComplexity="1" minCyclomaticComplexity="1" />
              <MetadataToken>100664458</MetadataToken>
              <Name>System.Boolean SigStat.Common.Helpers.BenchmarkConfig/&lt;&gt;c::&lt;SetFeatures&gt;b__14_5(SigStat.Common.Helpers.BenchmarkConfig)</Name>
              <FileRef uid="138" />
              <SequencePoints>
                <SequencePoint vc="0" uspid="4492" ordinal="0" offset="0" sl="241" sc="56" el="241" ec="77" />
              </SequencePoints>
              <BranchPoints />
              <MethodPoint xsi:type="SequencePoint" vc="0" uspid="4492" ordinal="0" offset="0" sl="241" sc="56" el="241" ec="77" />
            </Method>
          </Methods>
        </Class>
        <Class>
          <Summary numSequencePoints="1" visitedSequencePoints="0" numBranchPoints="1" visitedBranchPoints="0" sequenceCoverage="0" branchCoverage="0" maxCyclomaticComplexity="1" minCyclomaticComplexity="1" />
          <FullName>SigStat.Common.Helpers.BenchmarkConfig/&lt;&gt;c__DisplayClass7_0</FullName>
          <Methods>
            <Method visited="false" cyclomaticComplexity="1" sequenceCoverage="0" branchCoverage="0" isConstructor="true" isStatic="false" isGetter="false" isSetter="false">
              <Summary numSequencePoints="0" visitedSequencePoints="0" numBranchPoints="0" visitedBranchPoints="0" sequenceCoverage="0" branchCoverage="0" maxCyclomaticComplexity="1" minCyclomaticComplexity="1" />
              <MetadataToken>100664459</MetadataToken>
              <Name>System.Void SigStat.Common.Helpers.BenchmarkConfig/&lt;&gt;c__DisplayClass7_0::.ctor()</Name>
              <SequencePoints />
              <BranchPoints />
              <MethodPoint vc="0" uspid="4493" ordinal="0" offset="0" />
            </Method>
            <Method visited="false" cyclomaticComplexity="1" sequenceCoverage="0" branchCoverage="0" isConstructor="false" isStatic="false" isGetter="false" isSetter="false">
              <Summary numSequencePoints="1" visitedSequencePoints="0" numBranchPoints="1" visitedBranchPoints="0" sequenceCoverage="0" branchCoverage="0" maxCyclomaticComplexity="1" minCyclomaticComplexity="1" />
              <MetadataToken>100664460</MetadataToken>
              <Name>System.Collections.Generic.IEnumerable`1&lt;SigStat.Common.Helpers.BenchmarkConfig&gt; SigStat.Common.Helpers.BenchmarkConfig/&lt;&gt;c__DisplayClass7_0::&lt;Databases&gt;b__1(System.String)</Name>
              <FileRef uid="138" />
              <SequencePoints>
                <SequencePoint vc="0" uspid="4494" ordinal="0" offset="13" sl="93" sc="41" el="96" ec="15" />
              </SequencePoints>
              <BranchPoints />
              <MethodPoint vc="0" uspid="4495" ordinal="0" offset="0" />
            </Method>
          </Methods>
        </Class>
        <Class>
          <Summary numSequencePoints="1" visitedSequencePoints="0" numBranchPoints="1" visitedBranchPoints="0" sequenceCoverage="0" branchCoverage="0" maxCyclomaticComplexity="1" minCyclomaticComplexity="1" />
          <FullName>SigStat.Common.Helpers.BenchmarkConfig/&lt;&gt;c__DisplayClass7_1</FullName>
          <Methods>
            <Method visited="false" cyclomaticComplexity="1" sequenceCoverage="0" branchCoverage="0" isConstructor="true" isStatic="false" isGetter="false" isSetter="false">
              <Summary numSequencePoints="0" visitedSequencePoints="0" numBranchPoints="0" visitedBranchPoints="0" sequenceCoverage="0" branchCoverage="0" maxCyclomaticComplexity="1" minCyclomaticComplexity="1" />
              <MetadataToken>100664461</MetadataToken>
              <Name>System.Void SigStat.Common.Helpers.BenchmarkConfig/&lt;&gt;c__DisplayClass7_1::.ctor()</Name>
              <SequencePoints />
              <BranchPoints />
              <MethodPoint vc="0" uspid="4496" ordinal="0" offset="0" />
            </Method>
            <Method visited="false" cyclomaticComplexity="1" sequenceCoverage="0" branchCoverage="0" isConstructor="false" isStatic="false" isGetter="false" isSetter="false">
              <Summary numSequencePoints="1" visitedSequencePoints="0" numBranchPoints="1" visitedBranchPoints="0" sequenceCoverage="0" branchCoverage="0" maxCyclomaticComplexity="1" minCyclomaticComplexity="1" />
              <MetadataToken>100664462</MetadataToken>
              <Name>SigStat.Common.Helpers.BenchmarkConfig SigStat.Common.Helpers.BenchmarkConfig/&lt;&gt;c__DisplayClass7_1::&lt;Databases&gt;b__2(SigStat.Common.Helpers.BenchmarkConfig)</Name>
              <FileRef uid="138" />
              <SequencePoints>
                <SequencePoint vc="0" uspid="4497" ordinal="0" offset="0" sl="93" sc="59" el="96" ec="14" />
              </SequencePoints>
              <BranchPoints />
              <MethodPoint xsi:type="SequencePoint" vc="0" uspid="4497" ordinal="0" offset="0" sl="93" sc="59" el="96" ec="14" />
            </Method>
          </Methods>
        </Class>
        <Class>
          <Summary numSequencePoints="1" visitedSequencePoints="0" numBranchPoints="1" visitedBranchPoints="0" sequenceCoverage="0" branchCoverage="0" maxCyclomaticComplexity="1" minCyclomaticComplexity="1" />
          <FullName>SigStat.Common.Helpers.BenchmarkConfig/&lt;&gt;c__DisplayClass11_0</FullName>
          <Methods>
            <Method visited="false" cyclomaticComplexity="1" sequenceCoverage="0" branchCoverage="0" isConstructor="true" isStatic="false" isGetter="false" isSetter="false">
              <Summary numSequencePoints="0" visitedSequencePoints="0" numBranchPoints="0" visitedBranchPoints="0" sequenceCoverage="0" branchCoverage="0" maxCyclomaticComplexity="1" minCyclomaticComplexity="1" />
              <MetadataToken>100664463</MetadataToken>
              <Name>System.Void SigStat.Common.Helpers.BenchmarkConfig/&lt;&gt;c__DisplayClass11_0::.ctor()</Name>
              <SequencePoints />
              <BranchPoints />
              <MethodPoint vc="0" uspid="4498" ordinal="0" offset="0" />
            </Method>
            <Method visited="false" cyclomaticComplexity="1" sequenceCoverage="0" branchCoverage="0" isConstructor="false" isStatic="false" isGetter="false" isSetter="false">
              <Summary numSequencePoints="1" visitedSequencePoints="0" numBranchPoints="1" visitedBranchPoints="0" sequenceCoverage="0" branchCoverage="0" maxCyclomaticComplexity="1" minCyclomaticComplexity="1" />
              <MetadataToken>100664464</MetadataToken>
              <Name>System.Collections.Generic.IEnumerable`1&lt;SigStat.Common.Helpers.BenchmarkConfig&gt; SigStat.Common.Helpers.BenchmarkConfig/&lt;&gt;c__DisplayClass11_0::&lt;Translations_Scalings&gt;b__1(System.ValueTuple`2&lt;System.String,System.String&gt;)</Name>
              <FileRef uid="138" />
              <SequencePoints>
                <SequencePoint vc="0" uspid="4499" ordinal="0" offset="13" sl="160" sc="41" el="163" ec="15" />
              </SequencePoints>
              <BranchPoints />
              <MethodPoint vc="0" uspid="4500" ordinal="0" offset="0" />
            </Method>
          </Methods>
        </Class>
        <Class>
          <Summary numSequencePoints="1" visitedSequencePoints="0" numBranchPoints="1" visitedBranchPoints="0" sequenceCoverage="0" branchCoverage="0" maxCyclomaticComplexity="1" minCyclomaticComplexity="1" />
          <FullName>SigStat.Common.Helpers.BenchmarkConfig/&lt;&gt;c__DisplayClass11_1</FullName>
          <Methods>
            <Method visited="false" cyclomaticComplexity="1" sequenceCoverage="0" branchCoverage="0" isConstructor="true" isStatic="false" isGetter="false" isSetter="false">
              <Summary numSequencePoints="0" visitedSequencePoints="0" numBranchPoints="0" visitedBranchPoints="0" sequenceCoverage="0" branchCoverage="0" maxCyclomaticComplexity="1" minCyclomaticComplexity="1" />
              <MetadataToken>100664465</MetadataToken>
              <Name>System.Void SigStat.Common.Helpers.BenchmarkConfig/&lt;&gt;c__DisplayClass11_1::.ctor()</Name>
              <SequencePoints />
              <BranchPoints />
              <MethodPoint vc="0" uspid="4501" ordinal="0" offset="0" />
            </Method>
            <Method visited="false" cyclomaticComplexity="1" sequenceCoverage="0" branchCoverage="0" isConstructor="false" isStatic="false" isGetter="false" isSetter="false">
              <Summary numSequencePoints="1" visitedSequencePoints="0" numBranchPoints="1" visitedBranchPoints="0" sequenceCoverage="0" branchCoverage="0" maxCyclomaticComplexity="1" minCyclomaticComplexity="1" />
              <MetadataToken>100664466</MetadataToken>
              <Name>SigStat.Common.Helpers.BenchmarkConfig SigStat.Common.Helpers.BenchmarkConfig/&lt;&gt;c__DisplayClass11_1::&lt;Translations_Scalings&gt;b__2(SigStat.Common.Helpers.BenchmarkConfig)</Name>
              <FileRef uid="138" />
              <SequencePoints>
                <SequencePoint vc="0" uspid="4502" ordinal="0" offset="0" sl="160" sc="59" el="163" ec="14" />
              </SequencePoints>
              <BranchPoints />
              <MethodPoint xsi:type="SequencePoint" vc="0" uspid="4502" ordinal="0" offset="0" sl="160" sc="59" el="163" ec="14" />
            </Method>
          </Methods>
        </Class>
        <Class>
          <Summary numSequencePoints="1" visitedSequencePoints="0" numBranchPoints="3" visitedBranchPoints="0" sequenceCoverage="0" branchCoverage="0" maxCyclomaticComplexity="2" minCyclomaticComplexity="1" />
          <FullName>SigStat.Common.Helpers.BenchmarkConfig/&lt;&gt;c__DisplayClass13_0</FullName>
          <Methods>
            <Method visited="false" cyclomaticComplexity="1" sequenceCoverage="0" branchCoverage="0" isConstructor="true" isStatic="false" isGetter="false" isSetter="false">
              <Summary numSequencePoints="0" visitedSequencePoints="0" numBranchPoints="0" visitedBranchPoints="0" sequenceCoverage="0" branchCoverage="0" maxCyclomaticComplexity="1" minCyclomaticComplexity="1" />
              <MetadataToken>100664467</MetadataToken>
              <Name>System.Void SigStat.Common.Helpers.BenchmarkConfig/&lt;&gt;c__DisplayClass13_0::.ctor()</Name>
              <SequencePoints />
              <BranchPoints />
              <MethodPoint vc="0" uspid="4503" ordinal="0" offset="0" />
            </Method>
            <Method visited="false" cyclomaticComplexity="2" sequenceCoverage="0" branchCoverage="0" isConstructor="false" isStatic="false" isGetter="false" isSetter="false">
              <Summary numSequencePoints="1" visitedSequencePoints="0" numBranchPoints="3" visitedBranchPoints="0" sequenceCoverage="0" branchCoverage="0" maxCyclomaticComplexity="2" minCyclomaticComplexity="2" />
              <MetadataToken>100664468</MetadataToken>
              <Name>System.Collections.Generic.IEnumerable`1&lt;SigStat.Common.Helpers.BenchmarkConfig&gt; SigStat.Common.Helpers.BenchmarkConfig/&lt;&gt;c__DisplayClass13_0::&lt;Interpolations&gt;b__2(System.String)</Name>
              <FileRef uid="138" />
              <SequencePoints>
                <SequencePoint vc="0" uspid="4504" ordinal="0" offset="13" sl="222" sc="41" el="225" ec="15" />
              </SequencePoints>
              <BranchPoints>
                <BranchPoint vc="0" uspid="4506" ordinal="0" offset="25" path="0" />
                <BranchPoint vc="0" uspid="4507" ordinal="1" offset="25" path="1" />
              </BranchPoints>
              <MethodPoint vc="0" uspid="4505" ordinal="0" offset="0" />
            </Method>
          </Methods>
        </Class>
        <Class>
          <Summary numSequencePoints="1" visitedSequencePoints="0" numBranchPoints="1" visitedBranchPoints="0" sequenceCoverage="0" branchCoverage="0" maxCyclomaticComplexity="1" minCyclomaticComplexity="1" />
          <FullName>SigStat.Common.Helpers.BenchmarkConfig/&lt;&gt;c__DisplayClass13_1</FullName>
          <Methods>
            <Method visited="false" cyclomaticComplexity="1" sequenceCoverage="0" branchCoverage="0" isConstructor="true" isStatic="false" isGetter="false" isSetter="false">
              <Summary numSequencePoints="0" visitedSequencePoints="0" numBranchPoints="0" visitedBranchPoints="0" sequenceCoverage="0" branchCoverage="0" maxCyclomaticComplexity="1" minCyclomaticComplexity="1" />
              <MetadataToken>100664469</MetadataToken>
              <Name>System.Void SigStat.Common.Helpers.BenchmarkConfig/&lt;&gt;c__DisplayClass13_1::.ctor()</Name>
              <SequencePoints />
              <BranchPoints />
              <MethodPoint vc="0" uspid="4508" ordinal="0" offset="0" />
            </Method>
            <Method visited="false" cyclomaticComplexity="1" sequenceCoverage="0" branchCoverage="0" isConstructor="false" isStatic="false" isGetter="false" isSetter="false">
              <Summary numSequencePoints="1" visitedSequencePoints="0" numBranchPoints="1" visitedBranchPoints="0" sequenceCoverage="0" branchCoverage="0" maxCyclomaticComplexity="1" minCyclomaticComplexity="1" />
              <MetadataToken>100664470</MetadataToken>
              <Name>SigStat.Common.Helpers.BenchmarkConfig SigStat.Common.Helpers.BenchmarkConfig/&lt;&gt;c__DisplayClass13_1::&lt;Interpolations&gt;b__4(SigStat.Common.Helpers.BenchmarkConfig)</Name>
              <FileRef uid="138" />
              <SequencePoints>
                <SequencePoint vc="0" uspid="4509" ordinal="0" offset="0" sl="222" sc="163" el="225" ec="14" />
              </SequencePoints>
              <BranchPoints />
              <MethodPoint xsi:type="SequencePoint" vc="0" uspid="4509" ordinal="0" offset="0" sl="222" sc="163" el="225" ec="14" />
            </Method>
          </Methods>
        </Class>
        <Class>
          <Summary numSequencePoints="2" visitedSequencePoints="0" numBranchPoints="6" visitedBranchPoints="0" sequenceCoverage="0" branchCoverage="0" maxCyclomaticComplexity="2" minCyclomaticComplexity="1" />
          <FullName>SigStat.Common.Helpers.BenchmarkConfig/&lt;&gt;c__DisplayClass14_0</FullName>
          <Methods>
            <Method visited="false" cyclomaticComplexity="1" sequenceCoverage="0" branchCoverage="0" isConstructor="true" isStatic="false" isGetter="false" isSetter="false">
              <Summary numSequencePoints="0" visitedSequencePoints="0" numBranchPoints="0" visitedBranchPoints="0" sequenceCoverage="0" branchCoverage="0" maxCyclomaticComplexity="1" minCyclomaticComplexity="1" />
              <MetadataToken>100664471</MetadataToken>
              <Name>System.Void SigStat.Common.Helpers.BenchmarkConfig/&lt;&gt;c__DisplayClass14_0::.ctor()</Name>
              <SequencePoints />
              <BranchPoints />
              <MethodPoint vc="0" uspid="4510" ordinal="0" offset="0" />
            </Method>
            <Method visited="false" cyclomaticComplexity="2" sequenceCoverage="0" branchCoverage="0" isConstructor="false" isStatic="false" isGetter="false" isSetter="false">
              <Summary numSequencePoints="1" visitedSequencePoints="0" numBranchPoints="3" visitedBranchPoints="0" sequenceCoverage="0" branchCoverage="0" maxCyclomaticComplexity="2" minCyclomaticComplexity="2" />
              <MetadataToken>100664472</MetadataToken>
              <Name>System.Collections.Generic.IEnumerable`1&lt;SigStat.Common.Helpers.BenchmarkConfig&gt; SigStat.Common.Helpers.BenchmarkConfig/&lt;&gt;c__DisplayClass14_0::&lt;SetFeatures&gt;b__1(System.String)</Name>
              <FileRef uid="138" />
              <SequencePoints>
                <SequencePoint vc="0" uspid="4511" ordinal="0" offset="13" sl="234" sc="43" el="237" ec="15" />
              </SequencePoints>
              <BranchPoints>
                <BranchPoint vc="0" uspid="4513" ordinal="0" offset="25" path="0" />
                <BranchPoint vc="0" uspid="4514" ordinal="1" offset="25" path="1" />
              </BranchPoints>
              <MethodPoint vc="0" uspid="4512" ordinal="0" offset="0" />
            </Method>
            <Method visited="false" cyclomaticComplexity="2" sequenceCoverage="0" branchCoverage="0" isConstructor="false" isStatic="false" isGetter="false" isSetter="false">
              <Summary numSequencePoints="1" visitedSequencePoints="0" numBranchPoints="3" visitedBranchPoints="0" sequenceCoverage="0" branchCoverage="0" maxCyclomaticComplexity="2" minCyclomaticComplexity="2" />
              <MetadataToken>100664473</MetadataToken>
              <Name>System.Collections.Generic.IEnumerable`1&lt;SigStat.Common.Helpers.BenchmarkConfig&gt; SigStat.Common.Helpers.BenchmarkConfig/&lt;&gt;c__DisplayClass14_0::&lt;SetFeatures&gt;b__2(System.String)</Name>
              <FileRef uid="138" />
              <SequencePoints>
                <SequencePoint vc="0" uspid="4515" ordinal="0" offset="13" sl="241" sc="43" el="244" ec="15" />
              </SequencePoints>
              <BranchPoints>
                <BranchPoint vc="0" uspid="4517" ordinal="0" offset="25" path="0" />
                <BranchPoint vc="0" uspid="4518" ordinal="1" offset="25" path="1" />
              </BranchPoints>
              <MethodPoint vc="0" uspid="4516" ordinal="0" offset="0" />
            </Method>
          </Methods>
        </Class>
        <Class>
          <Summary numSequencePoints="1" visitedSequencePoints="0" numBranchPoints="1" visitedBranchPoints="0" sequenceCoverage="0" branchCoverage="0" maxCyclomaticComplexity="1" minCyclomaticComplexity="1" />
          <FullName>SigStat.Common.Helpers.BenchmarkConfig/&lt;&gt;c__DisplayClass14_1</FullName>
          <Methods>
            <Method visited="false" cyclomaticComplexity="1" sequenceCoverage="0" branchCoverage="0" isConstructor="true" isStatic="false" isGetter="false" isSetter="false">
              <Summary numSequencePoints="0" visitedSequencePoints="0" numBranchPoints="0" visitedBranchPoints="0" sequenceCoverage="0" branchCoverage="0" maxCyclomaticComplexity="1" minCyclomaticComplexity="1" />
              <MetadataToken>100664474</MetadataToken>
              <Name>System.Void SigStat.Common.Helpers.BenchmarkConfig/&lt;&gt;c__DisplayClass14_1::.ctor()</Name>
              <SequencePoints />
              <BranchPoints />
              <MethodPoint vc="0" uspid="4519" ordinal="0" offset="0" />
            </Method>
            <Method visited="false" cyclomaticComplexity="1" sequenceCoverage="0" branchCoverage="0" isConstructor="false" isStatic="false" isGetter="false" isSetter="false">
              <Summary numSequencePoints="1" visitedSequencePoints="0" numBranchPoints="1" visitedBranchPoints="0" sequenceCoverage="0" branchCoverage="0" maxCyclomaticComplexity="1" minCyclomaticComplexity="1" />
              <MetadataToken>100664475</MetadataToken>
              <Name>SigStat.Common.Helpers.BenchmarkConfig SigStat.Common.Helpers.BenchmarkConfig/&lt;&gt;c__DisplayClass14_1::&lt;SetFeatures&gt;b__4(SigStat.Common.Helpers.BenchmarkConfig)</Name>
              <FileRef uid="138" />
              <SequencePoints>
                <SequencePoint vc="0" uspid="4520" ordinal="0" offset="0" sl="234" sc="104" el="237" ec="14" />
              </SequencePoints>
              <BranchPoints />
              <MethodPoint xsi:type="SequencePoint" vc="0" uspid="4520" ordinal="0" offset="0" sl="234" sc="104" el="237" ec="14" />
            </Method>
          </Methods>
        </Class>
        <Class>
          <Summary numSequencePoints="1" visitedSequencePoints="0" numBranchPoints="1" visitedBranchPoints="0" sequenceCoverage="0" branchCoverage="0" maxCyclomaticComplexity="1" minCyclomaticComplexity="1" />
          <FullName>SigStat.Common.Helpers.BenchmarkConfig/&lt;&gt;c__DisplayClass14_2</FullName>
          <Methods>
            <Method visited="false" cyclomaticComplexity="1" sequenceCoverage="0" branchCoverage="0" isConstructor="true" isStatic="false" isGetter="false" isSetter="false">
              <Summary numSequencePoints="0" visitedSequencePoints="0" numBranchPoints="0" visitedBranchPoints="0" sequenceCoverage="0" branchCoverage="0" maxCyclomaticComplexity="1" minCyclomaticComplexity="1" />
              <MetadataToken>100664476</MetadataToken>
              <Name>System.Void SigStat.Common.Helpers.BenchmarkConfig/&lt;&gt;c__DisplayClass14_2::.ctor()</Name>
              <SequencePoints />
              <BranchPoints />
              <MethodPoint vc="0" uspid="4521" ordinal="0" offset="0" />
            </Method>
            <Method visited="false" cyclomaticComplexity="1" sequenceCoverage="0" branchCoverage="0" isConstructor="false" isStatic="false" isGetter="false" isSetter="false">
              <Summary numSequencePoints="1" visitedSequencePoints="0" numBranchPoints="1" visitedBranchPoints="0" sequenceCoverage="0" branchCoverage="0" maxCyclomaticComplexity="1" minCyclomaticComplexity="1" />
              <MetadataToken>100664477</MetadataToken>
              <Name>SigStat.Common.Helpers.BenchmarkConfig SigStat.Common.Helpers.BenchmarkConfig/&lt;&gt;c__DisplayClass14_2::&lt;SetFeatures&gt;b__6(SigStat.Common.Helpers.BenchmarkConfig)</Name>
              <FileRef uid="138" />
              <SequencePoints>
                <SequencePoint vc="0" uspid="4522" ordinal="0" offset="0" sl="241" sc="104" el="244" ec="14" />
              </SequencePoints>
              <BranchPoints />
              <MethodPoint xsi:type="SequencePoint" vc="0" uspid="4522" ordinal="0" offset="0" sl="241" sc="104" el="244" ec="14" />
            </Method>
          </Methods>
        </Class>
        <Class>
          <Summary numSequencePoints="6" visitedSequencePoints="0" numBranchPoints="3" visitedBranchPoints="0" sequenceCoverage="0" branchCoverage="0" maxCyclomaticComplexity="1" minCyclomaticComplexity="1" />
          <FullName>SigStat.Common.Helpers.FeatureDescriptorJsonConverter</FullName>
          <Methods>
            <Method visited="false" cyclomaticComplexity="1" sequenceCoverage="0" branchCoverage="0" isConstructor="false" isStatic="false" isGetter="false" isSetter="false">
              <Summary numSequencePoints="1" visitedSequencePoints="0" numBranchPoints="1" visitedBranchPoints="0" sequenceCoverage="0" branchCoverage="0" maxCyclomaticComplexity="1" minCyclomaticComplexity="1" />
              <MetadataToken>100663957</MetadataToken>
              <Name>System.Boolean SigStat.Common.Helpers.FeatureDescriptorJsonConverter::CanConvert(System.Type)</Name>
              <FileRef uid="149" />
              <SequencePoints>
                <SequencePoint vc="0" uspid="4523" ordinal="0" offset="0" sl="13" sc="13" el="13" ec="62" />
              </SequencePoints>
              <BranchPoints />
              <MethodPoint xsi:type="SequencePoint" vc="0" uspid="4523" ordinal="0" offset="0" sl="13" sc="13" el="13" ec="62" />
            </Method>
            <Method visited="false" cyclomaticComplexity="1" sequenceCoverage="0" branchCoverage="0" isConstructor="false" isStatic="false" isGetter="false" isSetter="false">
              <Summary numSequencePoints="4" visitedSequencePoints="0" numBranchPoints="1" visitedBranchPoints="0" sequenceCoverage="0" branchCoverage="0" maxCyclomaticComplexity="1" minCyclomaticComplexity="1" />
              <MetadataToken>100663958</MetadataToken>
              <Name>System.Object SigStat.Common.Helpers.FeatureDescriptorJsonConverter::ReadJson(Newtonsoft.Json.JsonReader,System.Type,System.Object,Newtonsoft.Json.JsonSerializer)</Name>
              <FileRef uid="149" />
              <SequencePoints>
                <SequencePoint vc="0" uspid="4524" ordinal="0" offset="0" sl="19" sc="13" el="19" ec="47" />
                <SequencePoint vc="0" uspid="4525" ordinal="1" offset="7" sl="22" sc="13" el="22" ec="44" />
                <SequencePoint vc="0" uspid="4526" ordinal="2" offset="24" sl="25" sc="13" el="25" ec="63" />
                <SequencePoint vc="0" uspid="4527" ordinal="3" offset="31" sl="30" sc="13" el="30" ec="23" />
              </SequencePoints>
              <BranchPoints />
              <MethodPoint xsi:type="SequencePoint" vc="0" uspid="4524" ordinal="0" offset="0" sl="19" sc="13" el="19" ec="47" />
            </Method>
            <Method visited="false" cyclomaticComplexity="1" sequenceCoverage="0" branchCoverage="0" isConstructor="false" isStatic="false" isGetter="false" isSetter="false">
              <Summary numSequencePoints="1" visitedSequencePoints="0" numBranchPoints="1" visitedBranchPoints="0" sequenceCoverage="0" branchCoverage="0" maxCyclomaticComplexity="1" minCyclomaticComplexity="1" />
              <MetadataToken>100663959</MetadataToken>
              <Name>System.Void SigStat.Common.Helpers.FeatureDescriptorJsonConverter::WriteJson(Newtonsoft.Json.JsonWriter,System.Object,Newtonsoft.Json.JsonSerializer)</Name>
              <FileRef uid="149" />
              <SequencePoints>
                <SequencePoint vc="0" uspid="4528" ordinal="0" offset="0" sl="35" sc="13" el="35" ec="49" />
              </SequencePoints>
              <BranchPoints />
              <MethodPoint xsi:type="SequencePoint" vc="0" uspid="4528" ordinal="0" offset="0" sl="35" sc="13" el="35" ec="49" />
            </Method>
            <Method visited="false" cyclomaticComplexity="1" sequenceCoverage="0" branchCoverage="0" isConstructor="true" isStatic="false" isGetter="false" isSetter="false">
              <Summary numSequencePoints="0" visitedSequencePoints="0" numBranchPoints="0" visitedBranchPoints="0" sequenceCoverage="0" branchCoverage="0" maxCyclomaticComplexity="1" minCyclomaticComplexity="1" />
              <MetadataToken>100663960</MetadataToken>
              <Name>System.Void SigStat.Common.Helpers.FeatureDescriptorJsonConverter::.ctor()</Name>
              <SequencePoints />
              <BranchPoints />
              <MethodPoint vc="0" uspid="4529" ordinal="0" offset="0" />
            </Method>
          </Methods>
        </Class>
        <Class>
          <Summary numSequencePoints="9" visitedSequencePoints="0" numBranchPoints="5" visitedBranchPoints="0" sequenceCoverage="0" branchCoverage="0" maxCyclomaticComplexity="2" minCyclomaticComplexity="1" />
          <FullName>SigStat.Common.Helpers.FeatureDescriptorTJsonConverter</FullName>
          <Methods>
            <Method visited="false" cyclomaticComplexity="2" sequenceCoverage="0" branchCoverage="0" isConstructor="false" isStatic="false" isGetter="false" isSetter="false">
              <Summary numSequencePoints="3" visitedSequencePoints="0" numBranchPoints="3" visitedBranchPoints="0" sequenceCoverage="0" branchCoverage="0" maxCyclomaticComplexity="2" minCyclomaticComplexity="2" />
              <MetadataToken>100663961</MetadataToken>
              <Name>System.Boolean SigStat.Common.Helpers.FeatureDescriptorTJsonConverter::CanConvert(System.Type)</Name>
              <FileRef uid="150" />
              <SequencePoints>
                <SequencePoint vc="0" uspid="4530" ordinal="0" offset="0" sl="15" sc="13" el="15" ec="42" />
                <SequencePoint vc="0" uspid="4531" ordinal="1" offset="8" sl="17" sc="17" el="17" ec="89" />
                <SequencePoint vc="0" uspid="4532" ordinal="2" offset="35" sl="21" sc="17" el="21" ec="30" />
              </SequencePoints>
              <BranchPoints>
                <BranchPoint vc="0" uspid="4533" ordinal="0" offset="6" path="0" />
                <BranchPoint vc="0" uspid="4534" ordinal="1" offset="6" path="1" />
              </BranchPoints>
              <MethodPoint xsi:type="SequencePoint" vc="0" uspid="4530" ordinal="0" offset="0" sl="15" sc="13" el="15" ec="42" />
            </Method>
            <Method visited="false" cyclomaticComplexity="1" sequenceCoverage="0" branchCoverage="0" isConstructor="false" isStatic="false" isGetter="false" isSetter="false">
              <Summary numSequencePoints="5" visitedSequencePoints="0" numBranchPoints="1" visitedBranchPoints="0" sequenceCoverage="0" branchCoverage="0" maxCyclomaticComplexity="1" minCyclomaticComplexity="1" />
              <MetadataToken>100663962</MetadataToken>
              <Name>System.Object SigStat.Common.Helpers.FeatureDescriptorTJsonConverter::ReadJson(Newtonsoft.Json.JsonReader,System.Type,System.Object,Newtonsoft.Json.JsonSerializer)</Name>
              <FileRef uid="150" />
              <SequencePoints>
                <SequencePoint vc="0" uspid="4535" ordinal="0" offset="0" sl="28" sc="13" el="28" ec="47" />
                <SequencePoint vc="0" uspid="4536" ordinal="1" offset="7" sl="31" sc="13" el="31" ec="44" />
                <SequencePoint vc="0" uspid="4537" ordinal="2" offset="24" sl="34" sc="13" el="34" ec="103" />
                <SequencePoint vc="0" uspid="4538" ordinal="3" offset="46" sl="35" sc="13" el="35" ec="90" />
                <SequencePoint vc="0" uspid="4539" ordinal="4" offset="60" sl="39" sc="13" el="39" ec="59" />
              </SequencePoints>
              <BranchPoints />
              <MethodPoint xsi:type="SequencePoint" vc="0" uspid="4535" ordinal="0" offset="0" sl="28" sc="13" el="28" ec="47" />
            </Method>
            <Method visited="false" cyclomaticComplexity="1" sequenceCoverage="0" branchCoverage="0" isConstructor="false" isStatic="false" isGetter="false" isSetter="false">
              <Summary numSequencePoints="1" visitedSequencePoints="0" numBranchPoints="1" visitedBranchPoints="0" sequenceCoverage="0" branchCoverage="0" maxCyclomaticComplexity="1" minCyclomaticComplexity="1" />
              <MetadataToken>100663963</MetadataToken>
              <Name>System.Void SigStat.Common.Helpers.FeatureDescriptorTJsonConverter::WriteJson(Newtonsoft.Json.JsonWriter,System.Object,Newtonsoft.Json.JsonSerializer)</Name>
              <FileRef uid="150" />
              <SequencePoints>
                <SequencePoint vc="0" uspid="4540" ordinal="0" offset="0" sl="44" sc="13" el="44" ec="49" />
              </SequencePoints>
              <BranchPoints />
              <MethodPoint xsi:type="SequencePoint" vc="0" uspid="4540" ordinal="0" offset="0" sl="44" sc="13" el="44" ec="49" />
            </Method>
            <Method visited="false" cyclomaticComplexity="1" sequenceCoverage="0" branchCoverage="0" isConstructor="true" isStatic="false" isGetter="false" isSetter="false">
              <Summary numSequencePoints="0" visitedSequencePoints="0" numBranchPoints="0" visitedBranchPoints="0" sequenceCoverage="0" branchCoverage="0" maxCyclomaticComplexity="1" minCyclomaticComplexity="1" />
              <MetadataToken>100663964</MetadataToken>
              <Name>System.Void SigStat.Common.Helpers.FeatureDescriptorTJsonConverter::.ctor()</Name>
              <SequencePoints />
              <BranchPoints />
              <MethodPoint vc="0" uspid="4541" ordinal="0" offset="0" />
            </Method>
          </Methods>
        </Class>
        <Class>
          <Summary numSequencePoints="7" visitedSequencePoints="0" numBranchPoints="4" visitedBranchPoints="0" sequenceCoverage="0" branchCoverage="0" maxCyclomaticComplexity="1" minCyclomaticComplexity="1" />
          <FullName>SigStat.Common.Helpers.SerializationHelper</FullName>
          <Methods>
            <Method visited="false" cyclomaticComplexity="1" sequenceCoverage="0" branchCoverage="0" isConstructor="false" isStatic="true" isGetter="false" isSetter="false">
              <Summary numSequencePoints="2" visitedSequencePoints="0" numBranchPoints="1" visitedBranchPoints="0" sequenceCoverage="0" branchCoverage="0" maxCyclomaticComplexity="1" minCyclomaticComplexity="1" />
              <MetadataToken>100663965</MetadataToken>
              <Name>T SigStat.Common.Helpers.SerializationHelper::Deserialize(System.String)</Name>
              <FileRef uid="151" />
              <SequencePoints>
                <SequencePoint vc="0" uspid="4542" ordinal="0" offset="0" sl="13" sc="13" el="18" ec="16" />
                <SequencePoint vc="0" uspid="4543" ordinal="1" offset="52" sl="20" sc="13" el="20" ec="39" />
              </SequencePoints>
              <BranchPoints />
              <MethodPoint xsi:type="SequencePoint" vc="0" uspid="4542" ordinal="0" offset="0" sl="13" sc="13" el="18" ec="16" />
            </Method>
            <Method visited="false" cyclomaticComplexity="1" sequenceCoverage="0" branchCoverage="0" isConstructor="false" isStatic="true" isGetter="false" isSetter="false">
              <Summary numSequencePoints="2" visitedSequencePoints="0" numBranchPoints="1" visitedBranchPoints="0" sequenceCoverage="0" branchCoverage="0" maxCyclomaticComplexity="1" minCyclomaticComplexity="1" />
              <MetadataToken>100663966</MetadataToken>
              <Name>T SigStat.Common.Helpers.SerializationHelper::DeserializeFromFile(System.String)</Name>
              <FileRef uid="151" />
              <SequencePoints>
                <SequencePoint vc="0" uspid="4544" ordinal="0" offset="0" sl="24" sc="13" el="29" ec="16" />
                <SequencePoint vc="0" uspid="4545" ordinal="1" offset="57" sl="31" sc="13" el="31" ec="39" />
              </SequencePoints>
              <BranchPoints />
              <MethodPoint xsi:type="SequencePoint" vc="0" uspid="4544" ordinal="0" offset="0" sl="24" sc="13" el="29" ec="16" />
            </Method>
            <Method visited="false" cyclomaticComplexity="1" sequenceCoverage="0" branchCoverage="0" isConstructor="false" isStatic="true" isGetter="false" isSetter="false">
              <Summary numSequencePoints="2" visitedSequencePoints="0" numBranchPoints="1" visitedBranchPoints="0" sequenceCoverage="0" branchCoverage="0" maxCyclomaticComplexity="1" minCyclomaticComplexity="1" />
              <MetadataToken>100663967</MetadataToken>
              <Name>System.Void SigStat.Common.Helpers.SerializationHelper::JsonSerializeToFile(T,System.String)</Name>
              <FileRef uid="151" />
              <SequencePoints>
                <SequencePoint vc="0" uspid="4546" ordinal="0" offset="0" sl="36" sc="13" el="39" ec="17" />
                <SequencePoint vc="0" uspid="4547" ordinal="1" offset="30" sl="40" sc="9" el="40" ec="10" />
              </SequencePoints>
              <BranchPoints />
              <MethodPoint xsi:type="SequencePoint" vc="0" uspid="4546" ordinal="0" offset="0" sl="36" sc="13" el="39" ec="17" />
            </Method>
            <Method visited="false" cyclomaticComplexity="1" sequenceCoverage="0" branchCoverage="0" isConstructor="false" isStatic="true" isGetter="false" isSetter="false">
              <Summary numSequencePoints="1" visitedSequencePoints="0" numBranchPoints="1" visitedBranchPoints="0" sequenceCoverage="0" branchCoverage="0" maxCyclomaticComplexity="1" minCyclomaticComplexity="1" />
              <MetadataToken>100663968</MetadataToken>
              <Name>System.String SigStat.Common.Helpers.SerializationHelper::JsonSerialize(T)</Name>
              <FileRef uid="151" />
              <SequencePoints>
                <SequencePoint vc="0" uspid="4548" ordinal="0" offset="0" sl="44" sc="12" el="47" ec="16" />
              </SequencePoints>
              <BranchPoints />
              <MethodPoint xsi:type="SequencePoint" vc="0" uspid="4548" ordinal="0" offset="0" sl="44" sc="12" el="47" ec="16" />
            </Method>
            <Method visited="false" cyclomaticComplexity="1" sequenceCoverage="0" branchCoverage="0" isConstructor="true" isStatic="false" isGetter="false" isSetter="false">
              <Summary numSequencePoints="0" visitedSequencePoints="0" numBranchPoints="0" visitedBranchPoints="0" sequenceCoverage="0" branchCoverage="0" maxCyclomaticComplexity="1" minCyclomaticComplexity="1" />
              <MetadataToken>100663969</MetadataToken>
              <Name>System.Void SigStat.Common.Helpers.SerializationHelper::.ctor()</Name>
              <SequencePoints />
              <BranchPoints />
              <MethodPoint vc="0" uspid="4549" ordinal="0" offset="0" />
            </Method>
          </Methods>
        </Class>
        <Class>
          <Summary numSequencePoints="25" visitedSequencePoints="0" numBranchPoints="23" visitedBranchPoints="0" sequenceCoverage="0" branchCoverage="0" maxCyclomaticComplexity="7" minCyclomaticComplexity="1" />
          <FullName>SigStat.Common.Helpers.SimpleConsoleLogger</FullName>
          <Methods>
            <Method visited="false" cyclomaticComplexity="1" sequenceCoverage="0" branchCoverage="0" isConstructor="false" isStatic="false" isGetter="true" isSetter="false">
              <Summary numSequencePoints="1" visitedSequencePoints="0" numBranchPoints="1" visitedBranchPoints="0" sequenceCoverage="0" branchCoverage="0" maxCyclomaticComplexity="1" minCyclomaticComplexity="1" />
              <MetadataToken>100663970</MetadataToken>
              <Name>Microsoft.Extensions.Logging.LogLevel SigStat.Common.Helpers.SimpleConsoleLogger::get_LogLevel()</Name>
              <FileRef uid="152" />
              <SequencePoints>
                <SequencePoint vc="0" uspid="4550" ordinal="0" offset="0" sl="35" sc="36" el="35" ec="40" />
              </SequencePoints>
              <BranchPoints />
              <MethodPoint xsi:type="SequencePoint" vc="0" uspid="4550" ordinal="0" offset="0" sl="35" sc="36" el="35" ec="40" />
            </Method>
            <Method visited="false" cyclomaticComplexity="1" sequenceCoverage="0" branchCoverage="0" isConstructor="false" isStatic="false" isGetter="false" isSetter="true">
              <Summary numSequencePoints="1" visitedSequencePoints="0" numBranchPoints="1" visitedBranchPoints="0" sequenceCoverage="0" branchCoverage="0" maxCyclomaticComplexity="1" minCyclomaticComplexity="1" />
              <MetadataToken>100663971</MetadataToken>
              <Name>System.Void SigStat.Common.Helpers.SimpleConsoleLogger::set_LogLevel(Microsoft.Extensions.Logging.LogLevel)</Name>
              <FileRef uid="152" />
              <SequencePoints>
                <SequencePoint vc="0" uspid="4551" ordinal="0" offset="0" sl="35" sc="41" el="35" ec="45" />
              </SequencePoints>
              <BranchPoints />
              <MethodPoint xsi:type="SequencePoint" vc="0" uspid="4551" ordinal="0" offset="0" sl="35" sc="41" el="35" ec="45" />
            </Method>
            <Method visited="false" cyclomaticComplexity="2" sequenceCoverage="0" branchCoverage="0" isConstructor="false" isStatic="false" isGetter="false" isSetter="false">
              <Summary numSequencePoints="0" visitedSequencePoints="0" numBranchPoints="2" visitedBranchPoints="0" sequenceCoverage="0" branchCoverage="0" maxCyclomaticComplexity="2" minCyclomaticComplexity="2" />
              <MetadataToken>100663972</MetadataToken>
              <Name>System.Void SigStat.Common.Helpers.SimpleConsoleLogger::add_Logged(SigStat.Common.Helpers.SimpleConsoleLogger/ErrorEventHandler)</Name>
              <SequencePoints />
              <BranchPoints>
                <BranchPoint vc="0" uspid="4553" ordinal="0" offset="38" path="0" />
                <BranchPoint vc="0" uspid="4554" ordinal="1" offset="38" path="1" />
              </BranchPoints>
              <MethodPoint vc="0" uspid="4552" ordinal="0" offset="0" />
            </Method>
            <Method visited="false" cyclomaticComplexity="2" sequenceCoverage="0" branchCoverage="0" isConstructor="false" isStatic="false" isGetter="false" isSetter="false">
              <Summary numSequencePoints="0" visitedSequencePoints="0" numBranchPoints="2" visitedBranchPoints="0" sequenceCoverage="0" branchCoverage="0" maxCyclomaticComplexity="2" minCyclomaticComplexity="2" />
              <MetadataToken>100663973</MetadataToken>
              <Name>System.Void SigStat.Common.Helpers.SimpleConsoleLogger::remove_Logged(SigStat.Common.Helpers.SimpleConsoleLogger/ErrorEventHandler)</Name>
              <SequencePoints />
              <BranchPoints>
                <BranchPoint vc="0" uspid="4556" ordinal="0" offset="38" path="0" />
                <BranchPoint vc="0" uspid="4557" ordinal="1" offset="38" path="1" />
              </BranchPoints>
              <MethodPoint vc="0" uspid="4555" ordinal="0" offset="0" />
            </Method>
            <Method visited="false" cyclomaticComplexity="1" sequenceCoverage="0" branchCoverage="0" isConstructor="true" isStatic="false" isGetter="false" isSetter="false">
              <Summary numSequencePoints="2" visitedSequencePoints="0" numBranchPoints="1" visitedBranchPoints="0" sequenceCoverage="0" branchCoverage="0" maxCyclomaticComplexity="1" minCyclomaticComplexity="1" />
              <MetadataToken>100663974</MetadataToken>
              <Name>System.Void SigStat.Common.Helpers.SimpleConsoleLogger::.ctor()</Name>
              <FileRef uid="152" />
              <SequencePoints>
                <SequencePoint vc="0" uspid="4558" ordinal="0" offset="0" sl="42" sc="39" el="42" ec="65" />
                <SequencePoint vc="0" uspid="4559" ordinal="1" offset="7" sl="45" sc="9" el="45" ec="10" />
              </SequencePoints>
              <BranchPoints />
              <MethodPoint xsi:type="SequencePoint" vc="0" uspid="4558" ordinal="0" offset="0" sl="42" sc="39" el="42" ec="65" />
            </Method>
            <Method visited="false" cyclomaticComplexity="1" sequenceCoverage="0" branchCoverage="0" isConstructor="true" isStatic="false" isGetter="false" isSetter="false">
              <Summary numSequencePoints="3" visitedSequencePoints="0" numBranchPoints="1" visitedBranchPoints="0" sequenceCoverage="0" branchCoverage="0" maxCyclomaticComplexity="1" minCyclomaticComplexity="1" />
              <MetadataToken>100663975</MetadataToken>
              <Name>System.Void SigStat.Common.Helpers.SimpleConsoleLogger::.ctor(Microsoft.Extensions.Logging.LogLevel)</Name>
              <FileRef uid="152" />
              <SequencePoints>
                <SequencePoint vc="0" uspid="4560" ordinal="0" offset="0" sl="51" sc="9" el="51" ec="54" />
                <SequencePoint vc="0" uspid="4561" ordinal="1" offset="6" sl="53" sc="13" el="53" ec="33" />
                <SequencePoint vc="0" uspid="4562" ordinal="2" offset="13" sl="54" sc="9" el="54" ec="10" />
              </SequencePoints>
              <BranchPoints />
              <MethodPoint xsi:type="SequencePoint" vc="0" uspid="4560" ordinal="0" offset="0" sl="51" sc="9" el="51" ec="54" />
            </Method>
            <Method visited="false" cyclomaticComplexity="1" sequenceCoverage="0" branchCoverage="0" isConstructor="false" isStatic="false" isGetter="false" isSetter="false">
              <Summary numSequencePoints="1" visitedSequencePoints="0" numBranchPoints="1" visitedBranchPoints="0" sequenceCoverage="0" branchCoverage="0" maxCyclomaticComplexity="1" minCyclomaticComplexity="1" />
              <MetadataToken>100663976</MetadataToken>
              <Name>System.IDisposable SigStat.Common.Helpers.SimpleConsoleLogger::BeginScope(TState)</Name>
              <FileRef uid="152" />
              <SequencePoints>
                <SequencePoint vc="0" uspid="4563" ordinal="0" offset="0" sl="58" sc="13" el="58" ec="96" />
              </SequencePoints>
              <BranchPoints />
              <MethodPoint xsi:type="SequencePoint" vc="0" uspid="4563" ordinal="0" offset="0" sl="58" sc="13" el="58" ec="96" />
            </Method>
            <Method visited="false" cyclomaticComplexity="1" sequenceCoverage="0" branchCoverage="0" isConstructor="false" isStatic="false" isGetter="false" isSetter="false">
              <Summary numSequencePoints="1" visitedSequencePoints="0" numBranchPoints="1" visitedBranchPoints="0" sequenceCoverage="0" branchCoverage="0" maxCyclomaticComplexity="1" minCyclomaticComplexity="1" />
              <MetadataToken>100663977</MetadataToken>
              <Name>System.Boolean SigStat.Common.Helpers.SimpleConsoleLogger::IsEnabled(Microsoft.Extensions.Logging.LogLevel)</Name>
              <FileRef uid="152" />
              <SequencePoints>
                <SequencePoint vc="0" uspid="4564" ordinal="0" offset="0" sl="65" sc="13" el="65" ec="41" />
              </SequencePoints>
              <BranchPoints />
              <MethodPoint xsi:type="SequencePoint" vc="0" uspid="4564" ordinal="0" offset="0" sl="65" sc="13" el="65" ec="41" />
            </Method>
            <Method visited="false" cyclomaticComplexity="7" sequenceCoverage="0" branchCoverage="0" isConstructor="false" isStatic="false" isGetter="false" isSetter="false">
              <Summary numSequencePoints="16" visitedSequencePoints="0" numBranchPoints="13" visitedBranchPoints="0" sequenceCoverage="0" branchCoverage="0" maxCyclomaticComplexity="7" minCyclomaticComplexity="7" />
              <MetadataToken>100663978</MetadataToken>
              <Name>System.Void SigStat.Common.Helpers.SimpleConsoleLogger::Log(Microsoft.Extensions.Logging.LogLevel,Microsoft.Extensions.Logging.EventId,TState,System.Exception,System.Func`3&lt;TState,System.Exception,System.String&gt;)</Name>
              <FileRef uid="152" />
              <SequencePoints>
                <SequencePoint vc="0" uspid="4565" ordinal="0" offset="0" sl="71" sc="13" el="71" ec="52" />
                <SequencePoint vc="0" uspid="4566" ordinal="1" offset="6" sl="74" sc="13" el="74" ec="30" />
                <SequencePoint vc="0" uspid="4567" ordinal="2" offset="42" sl="78" sc="21" el="78" ec="70" />
                <SequencePoint vc="0" uspid="4568" ordinal="3" offset="48" sl="79" sc="21" el="79" ec="27" />
                <SequencePoint vc="0" uspid="4569" ordinal="4" offset="50" sl="82" sc="21" el="82" ec="66" />
                <SequencePoint vc="0" uspid="4570" ordinal="5" offset="57" sl="83" sc="21" el="83" ec="27" />
                <SequencePoint vc="0" uspid="4571" ordinal="6" offset="59" sl="85" sc="21" el="85" ec="67" />
                <SequencePoint vc="0" uspid="4572" ordinal="7" offset="66" sl="86" sc="21" el="86" ec="27" />
                <SequencePoint vc="0" uspid="4573" ordinal="8" offset="68" sl="89" sc="21" el="89" ec="64" />
                <SequencePoint vc="0" uspid="4574" ordinal="9" offset="75" sl="94" sc="13" el="94" ec="54" />
                <SequencePoint vc="0" uspid="4575" ordinal="10" offset="86" sl="95" sc="13" el="95" ec="36" />
                <SequencePoint vc="0" uspid="4576" ordinal="11" offset="92" sl="96" sc="13" el="96" ec="35" />
                <SequencePoint vc="0" uspid="4577" ordinal="12" offset="96" sl="98" sc="17" el="98" ec="46" />
                <SequencePoint vc="0" uspid="4578" ordinal="13" offset="103" sl="100" sc="13" el="100" ec="54" />
                <SequencePoint vc="0" uspid="4579" ordinal="14" offset="124" sl="102" sc="13" el="102" ec="48" />
                <SequencePoint vc="0" uspid="4580" ordinal="15" offset="130" sl="103" sc="9" el="103" ec="10" />
              </SequencePoints>
              <BranchPoints>
                <BranchPoint vc="0" uspid="4581" ordinal="0" offset="7" path="0" />
                <BranchPoint vc="0" uspid="4582" ordinal="1" offset="7" path="1" />
                <BranchPoint vc="0" uspid="4583" ordinal="2" offset="7" path="2" />
                <BranchPoint vc="0" uspid="4584" ordinal="3" offset="7" path="3" />
                <BranchPoint vc="0" uspid="4585" ordinal="4" offset="7" path="4" />
                <BranchPoint vc="0" uspid="4586" ordinal="5" offset="7" path="5" />
                <BranchPoint vc="0" uspid="4587" ordinal="6" offset="7" path="6" />
                <BranchPoint vc="0" uspid="4588" ordinal="7" offset="7" path="7" />
                <BranchPoint vc="0" uspid="4589" ordinal="8" offset="94" path="0" />
                <BranchPoint vc="0" uspid="4590" ordinal="9" offset="94" path="1" />
                <BranchPoint vc="0" uspid="4591" ordinal="10" offset="110" path="0" />
                <BranchPoint vc="0" uspid="4592" ordinal="11" offset="110" path="1" />
              </BranchPoints>
              <MethodPoint xsi:type="SequencePoint" vc="0" uspid="4565" ordinal="0" offset="0" sl="71" sc="13" el="71" ec="52" />
            </Method>
          </Methods>
        </Class>
        <Class>
          <Summary numSequencePoints="0" visitedSequencePoints="0" numBranchPoints="0" visitedBranchPoints="0" sequenceCoverage="0" branchCoverage="0" maxCyclomaticComplexity="0" minCyclomaticComplexity="0" />
          <FullName>SigStat.Common.Helpers.SimpleConsoleLogger/ErrorEventHandler</FullName>
          <Methods>
            <Method visited="false" cyclomaticComplexity="0" sequenceCoverage="0" branchCoverage="0" isConstructor="true" isStatic="false" isGetter="false" isSetter="false">
              <Summary numSequencePoints="0" visitedSequencePoints="0" numBranchPoints="0" visitedBranchPoints="0" sequenceCoverage="0" branchCoverage="0" maxCyclomaticComplexity="1" minCyclomaticComplexity="1" />
              <MetadataToken>100664478</MetadataToken>
              <Name>System.Void SigStat.Common.Helpers.SimpleConsoleLogger/ErrorEventHandler::.ctor(System.Object,System.IntPtr)</Name>
              <SequencePoints />
              <BranchPoints />
              <MethodPoint vc="0" uspid="4593" ordinal="0" offset="0" />
            </Method>
            <Method visited="false" cyclomaticComplexity="0" sequenceCoverage="0" branchCoverage="0" isConstructor="false" isStatic="false" isGetter="false" isSetter="false">
              <Summary numSequencePoints="0" visitedSequencePoints="0" numBranchPoints="0" visitedBranchPoints="0" sequenceCoverage="0" branchCoverage="0" maxCyclomaticComplexity="1" minCyclomaticComplexity="1" />
              <MetadataToken>100664479</MetadataToken>
              <Name>System.Void SigStat.Common.Helpers.SimpleConsoleLogger/ErrorEventHandler::Invoke(System.String,System.Exception,Microsoft.Extensions.Logging.LogLevel)</Name>
              <SequencePoints />
              <BranchPoints />
              <MethodPoint vc="0" uspid="4594" ordinal="0" offset="0" />
            </Method>
            <Method visited="false" cyclomaticComplexity="0" sequenceCoverage="0" branchCoverage="0" isConstructor="false" isStatic="false" isGetter="false" isSetter="false">
              <Summary numSequencePoints="0" visitedSequencePoints="0" numBranchPoints="0" visitedBranchPoints="0" sequenceCoverage="0" branchCoverage="0" maxCyclomaticComplexity="1" minCyclomaticComplexity="1" />
              <MetadataToken>100664480</MetadataToken>
              <Name>System.IAsyncResult SigStat.Common.Helpers.SimpleConsoleLogger/ErrorEventHandler::BeginInvoke(System.String,System.Exception,Microsoft.Extensions.Logging.LogLevel,System.AsyncCallback,System.Object)</Name>
              <SequencePoints />
              <BranchPoints />
              <MethodPoint vc="0" uspid="4595" ordinal="0" offset="0" />
            </Method>
            <Method visited="false" cyclomaticComplexity="0" sequenceCoverage="0" branchCoverage="0" isConstructor="false" isStatic="false" isGetter="false" isSetter="false">
              <Summary numSequencePoints="0" visitedSequencePoints="0" numBranchPoints="0" visitedBranchPoints="0" sequenceCoverage="0" branchCoverage="0" maxCyclomaticComplexity="1" minCyclomaticComplexity="1" />
              <MetadataToken>100664481</MetadataToken>
              <Name>System.Void SigStat.Common.Helpers.SimpleConsoleLogger/ErrorEventHandler::EndInvoke(System.IAsyncResult)</Name>
              <SequencePoints />
              <BranchPoints />
              <MethodPoint vc="0" uspid="4596" ordinal="0" offset="0" />
            </Method>
          </Methods>
        </Class>
        <Class>
          <Summary numSequencePoints="6" visitedSequencePoints="0" numBranchPoints="3" visitedBranchPoints="0" sequenceCoverage="0" branchCoverage="0" maxCyclomaticComplexity="1" minCyclomaticComplexity="1" />
          <FullName>SigStat.Common.Helpers.Serialization.RectangleFConverter</FullName>
          <Methods>
            <Method visited="false" cyclomaticComplexity="1" sequenceCoverage="0" branchCoverage="0" isConstructor="false" isStatic="false" isGetter="false" isSetter="false">
              <Summary numSequencePoints="1" visitedSequencePoints="0" numBranchPoints="1" visitedBranchPoints="0" sequenceCoverage="0" branchCoverage="0" maxCyclomaticComplexity="1" minCyclomaticComplexity="1" />
              <MetadataToken>100663979</MetadataToken>
              <Name>System.Boolean SigStat.Common.Helpers.Serialization.RectangleFConverter::CanConvert(System.Type)</Name>
              <FileRef uid="153" />
              <SequencePoints>
                <SequencePoint vc="0" uspid="4597" ordinal="0" offset="0" sl="14" sc="13" el="14" ec="53" />
              </SequencePoints>
              <BranchPoints />
              <MethodPoint xsi:type="SequencePoint" vc="0" uspid="4597" ordinal="0" offset="0" sl="14" sc="13" el="14" ec="53" />
            </Method>
            <Method visited="false" cyclomaticComplexity="1" sequenceCoverage="0" branchCoverage="0" isConstructor="false" isStatic="false" isGetter="false" isSetter="false">
              <Summary numSequencePoints="2" visitedSequencePoints="0" numBranchPoints="1" visitedBranchPoints="0" sequenceCoverage="0" branchCoverage="0" maxCyclomaticComplexity="1" minCyclomaticComplexity="1" />
              <MetadataToken>100663980</MetadataToken>
              <Name>System.Object SigStat.Common.Helpers.Serialization.RectangleFConverter::ReadJson(Newtonsoft.Json.JsonReader,System.Type,System.Object,Newtonsoft.Json.JsonSerializer)</Name>
              <FileRef uid="153" />
              <SequencePoints>
                <SequencePoint vc="0" uspid="4598" ordinal="0" offset="0" sl="19" sc="13" el="19" ec="67" />
                <SequencePoint vc="0" uspid="4599" ordinal="1" offset="9" sl="21" sc="13" el="21" ec="128" />
              </SequencePoints>
              <BranchPoints />
              <MethodPoint xsi:type="SequencePoint" vc="0" uspid="4598" ordinal="0" offset="0" sl="19" sc="13" el="19" ec="67" />
            </Method>
            <Method visited="false" cyclomaticComplexity="1" sequenceCoverage="0" branchCoverage="0" isConstructor="false" isStatic="false" isGetter="false" isSetter="false">
              <Summary numSequencePoints="3" visitedSequencePoints="0" numBranchPoints="1" visitedBranchPoints="0" sequenceCoverage="0" branchCoverage="0" maxCyclomaticComplexity="1" minCyclomaticComplexity="1" />
              <MetadataToken>100663981</MetadataToken>
              <Name>System.Void SigStat.Common.Helpers.Serialization.RectangleFConverter::WriteJson(Newtonsoft.Json.JsonWriter,System.Object,Newtonsoft.Json.JsonSerializer)</Name>
              <FileRef uid="153" />
              <SequencePoints>
                <SequencePoint vc="0" uspid="4600" ordinal="0" offset="0" sl="27" sc="13" el="27" ec="47" />
                <SequencePoint vc="0" uspid="4601" ordinal="1" offset="7" sl="29" sc="13" el="30" ec="147" />
                <SequencePoint vc="0" uspid="4602" ordinal="2" offset="111" sl="31" sc="9" el="31" ec="10" />
              </SequencePoints>
              <BranchPoints />
              <MethodPoint xsi:type="SequencePoint" vc="0" uspid="4600" ordinal="0" offset="0" sl="27" sc="13" el="27" ec="47" />
            </Method>
            <Method visited="false" cyclomaticComplexity="1" sequenceCoverage="0" branchCoverage="0" isConstructor="true" isStatic="false" isGetter="false" isSetter="false">
              <Summary numSequencePoints="0" visitedSequencePoints="0" numBranchPoints="0" visitedBranchPoints="0" sequenceCoverage="0" branchCoverage="0" maxCyclomaticComplexity="1" minCyclomaticComplexity="1" />
              <MetadataToken>100663982</MetadataToken>
              <Name>System.Void SigStat.Common.Helpers.Serialization.RectangleFConverter::.ctor()</Name>
              <SequencePoints />
              <BranchPoints />
              <MethodPoint vc="0" uspid="4603" ordinal="0" offset="0" />
            </Method>
          </Methods>
        </Class>
        <Class>
          <Summary numSequencePoints="230" visitedSequencePoints="0" numBranchPoints="105" visitedBranchPoints="0" sequenceCoverage="0" branchCoverage="0" maxCyclomaticComplexity="26" minCyclomaticComplexity="1" />
          <FullName>SigStat.Common.Helpers.Excel.CellHandler</FullName>
          <Methods>
            <Method visited="false" cyclomaticComplexity="1" sequenceCoverage="0" branchCoverage="0" isConstructor="false" isStatic="true" isGetter="false" isSetter="false">
              <Summary numSequencePoints="4" visitedSequencePoints="0" numBranchPoints="1" visitedBranchPoints="0" sequenceCoverage="0" branchCoverage="0" maxCyclomaticComplexity="1" minCyclomaticComplexity="1" />
              <MetadataToken>100663983</MetadataToken>
              <Name>System.Void SigStat.Common.Helpers.Excel.CellHandler::Merge(OfficeOpenXml.ExcelRangeBase)</Name>
              <FileRef uid="154" />
              <SequencePoints>
                <SequencePoint vc="0" uspid="4604" ordinal="0" offset="0" sl="24" sc="13" el="24" ec="50" />
                <SequencePoint vc="0" uspid="4605" ordinal="1" offset="7" sl="25" sc="13" el="25" ec="46" />
                <SequencePoint vc="0" uspid="4606" ordinal="2" offset="14" sl="26" sc="13" el="26" ec="94" />
                <SequencePoint vc="0" uspid="4607" ordinal="3" offset="60" sl="27" sc="9" el="27" ec="10" />
              </SequencePoints>
              <BranchPoints />
              <MethodPoint xsi:type="SequencePoint" vc="0" uspid="4604" ordinal="0" offset="0" sl="24" sc="13" el="24" ec="50" />
            </Method>
            <Method visited="false" cyclomaticComplexity="3" sequenceCoverage="0" branchCoverage="0" isConstructor="false" isStatic="true" isGetter="false" isSetter="false">
              <Summary numSequencePoints="11" visitedSequencePoints="0" numBranchPoints="5" visitedBranchPoints="0" sequenceCoverage="0" branchCoverage="0" maxCyclomaticComplexity="3" minCyclomaticComplexity="3" />
              <MetadataToken>100663984</MetadataToken>
              <Name>System.Void SigStat.Common.Helpers.Excel.CellHandler::FormatAsTable(OfficeOpenXml.ExcelRange,SigStat.Common.Helpers.Excel.Palette.ExcelColor,System.Boolean,System.Boolean)</Name>
              <FileRef uid="154" />
              <SequencePoints>
                <SequencePoint vc="0" uspid="4608" ordinal="0" offset="0" sl="38" sc="13" el="38" ec="38" />
                <SequencePoint vc="0" uspid="4609" ordinal="1" offset="7" sl="39" sc="13" el="39" ec="60" />
                <SequencePoint vc="0" uspid="4610" ordinal="2" offset="14" sl="40" sc="13" el="40" ec="38" />
                <SequencePoint vc="0" uspid="4611" ordinal="3" offset="21" sl="42" sc="13" el="42" ec="44" />
                <SequencePoint vc="0" uspid="4612" ordinal="4" offset="33" sl="45" sc="13" el="45" ec="31" />
                <SequencePoint vc="0" uspid="4613" ordinal="5" offset="36" sl="48" sc="17" el="48" ec="116" />
                <SequencePoint vc="0" uspid="4614" ordinal="6" offset="92" sl="49" sc="17" el="49" ec="53" />
                <SequencePoint vc="0" uspid="4615" ordinal="7" offset="104" sl="53" sc="13" el="53" ec="34" />
                <SequencePoint vc="0" uspid="4616" ordinal="8" offset="107" sl="56" sc="17" el="56" ec="116" />
                <SequencePoint vc="0" uspid="4617" ordinal="9" offset="163" sl="57" sc="17" el="57" ec="53" />
                <SequencePoint vc="0" uspid="4618" ordinal="10" offset="175" sl="60" sc="9" el="60" ec="10" />
              </SequencePoints>
              <BranchPoints>
                <BranchPoint vc="0" uspid="4619" ordinal="0" offset="34" path="0" />
                <BranchPoint vc="0" uspid="4620" ordinal="1" offset="34" path="1" />
                <BranchPoint vc="0" uspid="4621" ordinal="2" offset="105" path="0" />
                <BranchPoint vc="0" uspid="4622" ordinal="3" offset="105" path="1" />
              </BranchPoints>
              <MethodPoint xsi:type="SequencePoint" vc="0" uspid="4608" ordinal="0" offset="0" sl="38" sc="13" el="38" ec="38" />
            </Method>
            <Method visited="false" cyclomaticComplexity="2" sequenceCoverage="0" branchCoverage="0" isConstructor="false" isStatic="true" isGetter="false" isSetter="false">
              <Summary numSequencePoints="14" visitedSequencePoints="0" numBranchPoints="3" visitedBranchPoints="0" sequenceCoverage="0" branchCoverage="0" maxCyclomaticComplexity="2" minCyclomaticComplexity="2" />
              <MetadataToken>100663985</MetadataToken>
              <Name>System.Int32 SigStat.Common.Helpers.Excel.CellHandler::FormatAsTableWithTitle(OfficeOpenXml.ExcelRange,System.String,SigStat.Common.Helpers.Excel.Palette.ExcelColor,System.Boolean,System.Boolean)</Name>
              <FileRef uid="154" />
              <SequencePoints>
                <SequencePoint vc="0" uspid="4623" ordinal="0" offset="0" sl="74" sc="13" el="74" ec="38" />
                <SequencePoint vc="0" uspid="4624" ordinal="1" offset="7" sl="75" sc="13" el="75" ec="60" />
                <SequencePoint vc="0" uspid="4625" ordinal="2" offset="14" sl="77" sc="13" el="77" ec="43" />
                <SequencePoint vc="0" uspid="4626" ordinal="3" offset="16" sl="79" sc="13" el="79" ec="43" />
                <SequencePoint vc="0" uspid="4627" ordinal="4" offset="28" sl="82" sc="13" el="82" ec="31" />
                <SequencePoint vc="0" uspid="4628" ordinal="5" offset="34" sl="85" sc="17" el="85" ec="115" />
                <SequencePoint vc="0" uspid="4629" ordinal="6" offset="91" sl="86" sc="17" el="86" ec="52" />
                <SequencePoint vc="0" uspid="4630" ordinal="7" offset="104" sl="87" sc="17" el="87" ec="36" />
                <SequencePoint vc="0" uspid="4631" ordinal="8" offset="111" sl="88" sc="17" el="88" ec="43" />
                <SequencePoint vc="0" uspid="4632" ordinal="9" offset="119" sl="89" sc="17" el="89" ec="42" />
                <SequencePoint vc="0" uspid="4633" ordinal="10" offset="127" sl="91" sc="17" el="91" ec="117" />
                <SequencePoint vc="0" uspid="4634" ordinal="11" offset="187" sl="92" sc="17" el="92" ec="27" />
                <SequencePoint vc="0" uspid="4635" ordinal="12" offset="191" sl="96" sc="13" el="96" ec="78" />
                <SequencePoint vc="0" uspid="4636" ordinal="13" offset="201" sl="97" sc="13" el="97" ec="28" />
              </SequencePoints>
              <BranchPoints>
                <BranchPoint vc="0" uspid="4637" ordinal="0" offset="29" path="0" />
                <BranchPoint vc="0" uspid="4638" ordinal="1" offset="29" path="1" />
              </BranchPoints>
              <MethodPoint xsi:type="SequencePoint" vc="0" uspid="4623" ordinal="0" offset="0" sl="74" sc="13" el="74" ec="38" />
            </Method>
            <Method visited="false" cyclomaticComplexity="4" sequenceCoverage="0" branchCoverage="0" isConstructor="false" isStatic="true" isGetter="false" isSetter="false">
              <Summary numSequencePoints="16" visitedSequencePoints="0" numBranchPoints="7" visitedBranchPoints="0" sequenceCoverage="0" branchCoverage="0" maxCyclomaticComplexity="4" minCyclomaticComplexity="4" />
              <MetadataToken>100663986</MetadataToken>
              <Name>OfficeOpenXml.ExcelRange SigStat.Common.Helpers.Excel.CellHandler::InsertTable(OfficeOpenXml.ExcelWorksheet,System.Int32,System.Int32,System.Object[0...,0...],System.String,SigStat.Common.Helpers.Excel.Palette.ExcelColor,System.Boolean,System.Boolean,System.String)</Name>
              <FileRef uid="154" />
              <SequencePoints>
                <SequencePoint vc="0" uspid="4639" ordinal="0" offset="0" sl="116" sc="13" el="116" ec="49" />
                <SequencePoint vc="0" uspid="4640" ordinal="1" offset="8" sl="117" sc="13" el="117" ec="49" />
                <SequencePoint vc="0" uspid="4641" ordinal="2" offset="16" sl="118" sc="13" el="118" ec="95" />
                <SequencePoint vc="0" uspid="4642" ordinal="3" offset="40" sl="122" sc="13" el="122" ec="107" />
                <SequencePoint vc="0" uspid="4643" ordinal="4" offset="55" sl="125" sc="18" el="125" ec="27" />
                <SequencePoint vc="0" uspid="4644" ordinal="5" offset="60" sl="127" sc="22" el="127" ec="31" />
                <SequencePoint vc="0" uspid="4645" ordinal="6" offset="65" sl="129" sc="21" el="129" ec="72" />
                <SequencePoint vc="0" uspid="4646" ordinal="7" offset="99" sl="127" sc="50" el="127" ec="53" />
                <SequencePoint vc="0" uspid="4647" ordinal="8" offset="105" sl="127" sc="33" el="127" ec="48" />
                <SequencePoint vc="0" uspid="4648" ordinal="9" offset="110" sl="125" sc="46" el="125" ec="49" />
                <SequencePoint vc="0" uspid="4649" ordinal="10" offset="116" sl="125" sc="29" el="125" ec="44" />
                <SequencePoint vc="0" uspid="4650" ordinal="11" offset="121" sl="134" sc="13" el="134" ec="101" />
                <SequencePoint vc="0" uspid="4651" ordinal="12" offset="145" sl="135" sc="13" el="135" ec="41" />
                <SequencePoint vc="0" uspid="4652" ordinal="13" offset="151" sl="138" sc="13" el="138" ec="30" />
                <SequencePoint vc="0" uspid="4653" ordinal="14" offset="155" sl="139" sc="17" el="139" ec="48" />
                <SequencePoint vc="0" uspid="4654" ordinal="15" offset="170" sl="141" sc="13" el="141" ec="31" />
              </SequencePoints>
              <BranchPoints>
                <BranchPoint vc="0" uspid="4655" ordinal="0" offset="108" path="0" />
                <BranchPoint vc="0" uspid="4656" ordinal="1" offset="108" path="1" />
                <BranchPoint vc="0" uspid="4657" ordinal="2" offset="119" path="0" />
                <BranchPoint vc="0" uspid="4658" ordinal="3" offset="119" path="1" />
                <BranchPoint vc="0" uspid="4659" ordinal="4" offset="153" path="0" />
                <BranchPoint vc="0" uspid="4660" ordinal="5" offset="153" path="1" />
              </BranchPoints>
              <MethodPoint xsi:type="SequencePoint" vc="0" uspid="4639" ordinal="0" offset="0" sl="116" sc="13" el="116" ec="49" />
            </Method>
            <Method visited="false" cyclomaticComplexity="4" sequenceCoverage="0" branchCoverage="0" isConstructor="false" isStatic="true" isGetter="false" isSetter="false">
              <Summary numSequencePoints="16" visitedSequencePoints="0" numBranchPoints="7" visitedBranchPoints="0" sequenceCoverage="0" branchCoverage="0" maxCyclomaticComplexity="4" minCyclomaticComplexity="4" />
              <MetadataToken>100663987</MetadataToken>
              <Name>OfficeOpenXml.ExcelRange SigStat.Common.Helpers.Excel.CellHandler::InsertTable(OfficeOpenXml.ExcelWorksheet,System.Int32,System.Int32,System.Double[0...,0...],System.String,SigStat.Common.Helpers.Excel.Palette.ExcelColor,System.Boolean,System.Boolean,System.String)</Name>
              <FileRef uid="154" />
              <SequencePoints>
                <SequencePoint vc="0" uspid="4661" ordinal="0" offset="0" sl="160" sc="13" el="160" ec="49" />
                <SequencePoint vc="0" uspid="4662" ordinal="1" offset="8" sl="161" sc="13" el="161" ec="49" />
                <SequencePoint vc="0" uspid="4663" ordinal="2" offset="16" sl="162" sc="13" el="162" ec="95" />
                <SequencePoint vc="0" uspid="4664" ordinal="3" offset="40" sl="166" sc="13" el="166" ec="107" />
                <SequencePoint vc="0" uspid="4665" ordinal="4" offset="55" sl="169" sc="18" el="169" ec="27" />
                <SequencePoint vc="0" uspid="4666" ordinal="5" offset="60" sl="171" sc="22" el="171" ec="31" />
                <SequencePoint vc="0" uspid="4667" ordinal="6" offset="65" sl="173" sc="21" el="173" ec="72" />
                <SequencePoint vc="0" uspid="4668" ordinal="7" offset="104" sl="171" sc="50" el="171" ec="53" />
                <SequencePoint vc="0" uspid="4669" ordinal="8" offset="110" sl="171" sc="33" el="171" ec="48" />
                <SequencePoint vc="0" uspid="4670" ordinal="9" offset="115" sl="169" sc="46" el="169" ec="49" />
                <SequencePoint vc="0" uspid="4671" ordinal="10" offset="121" sl="169" sc="29" el="169" ec="44" />
                <SequencePoint vc="0" uspid="4672" ordinal="11" offset="126" sl="178" sc="13" el="178" ec="101" />
                <SequencePoint vc="0" uspid="4673" ordinal="12" offset="150" sl="179" sc="13" el="179" ec="41" />
                <SequencePoint vc="0" uspid="4674" ordinal="13" offset="156" sl="182" sc="13" el="182" ec="30" />
                <SequencePoint vc="0" uspid="4675" ordinal="14" offset="160" sl="183" sc="17" el="183" ec="48" />
                <SequencePoint vc="0" uspid="4676" ordinal="15" offset="175" sl="184" sc="13" el="184" ec="31" />
              </SequencePoints>
              <BranchPoints>
                <BranchPoint vc="0" uspid="4677" ordinal="0" offset="113" path="0" />
                <BranchPoint vc="0" uspid="4678" ordinal="1" offset="113" path="1" />
                <BranchPoint vc="0" uspid="4679" ordinal="2" offset="124" path="0" />
                <BranchPoint vc="0" uspid="4680" ordinal="3" offset="124" path="1" />
                <BranchPoint vc="0" uspid="4681" ordinal="4" offset="158" path="0" />
                <BranchPoint vc="0" uspid="4682" ordinal="5" offset="158" path="1" />
              </BranchPoints>
              <MethodPoint xsi:type="SequencePoint" vc="0" uspid="4661" ordinal="0" offset="0" sl="160" sc="13" el="160" ec="49" />
            </Method>
            <Method visited="false" cyclomaticComplexity="26" sequenceCoverage="0" branchCoverage="0" isConstructor="false" isStatic="true" isGetter="false" isSetter="false">
              <Summary numSequencePoints="42" visitedSequencePoints="0" numBranchPoints="37" visitedBranchPoints="0" sequenceCoverage="0" branchCoverage="0" maxCyclomaticComplexity="26" minCyclomaticComplexity="26" />
              <MetadataToken>100663988</MetadataToken>
              <Name>OfficeOpenXml.ExcelRange SigStat.Common.Helpers.Excel.CellHandler::InsertTable(OfficeOpenXml.ExcelWorksheet,System.Int32,System.Int32,System.Collections.Generic.IEnumerable`1&lt;T&gt;,System.String,SigStat.Common.Helpers.Excel.Palette.ExcelColor,System.Boolean,System.String)</Name>
              <FileRef uid="154" />
              <SequencePoints>
                <SequencePoint vc="0" uspid="4683" ordinal="0" offset="0" sl="203" sc="13" el="203" ec="51" />
                <SequencePoint vc="0" uspid="4684" ordinal="1" offset="22" sl="204" sc="13" el="204" ec="50" />
                <SequencePoint vc="0" uspid="4685" ordinal="2" offset="29" sl="207" sc="13" el="207" ec="44" />
                <SequencePoint vc="0" uspid="4686" ordinal="3" offset="36" sl="210" sc="13" el="210" ec="71" />
                <SequencePoint vc="0" uspid="4687" ordinal="4" offset="49" sl="211" sc="13" el="211" ec="44" />
                <SequencePoint vc="0" uspid="4688" ordinal="5" offset="54" sl="212" sc="13" el="212" ec="95" />
                <SequencePoint vc="0" uspid="4689" ordinal="6" offset="80" sl="216" sc="13" el="216" ec="95" />
                <SequencePoint vc="0" uspid="4690" ordinal="7" offset="96" sl="219" sc="13" el="219" ec="101" />
                <SequencePoint vc="0" uspid="4691" ordinal="8" offset="124" sl="222" sc="13" el="222" ec="28" />
                <SequencePoint vc="0" uspid="4692" ordinal="9" offset="131" sl="225" sc="22" el="225" ec="31" />
                <SequencePoint vc="0" uspid="4693" ordinal="10" offset="139" sl="227" sc="21" el="227" ec="60" />
                <SequencePoint vc="0" uspid="4694" ordinal="11" offset="158" sl="229" sc="21" el="229" ec="142" />
                <SequencePoint vc="0" uspid="4695" ordinal="12" offset="209" sl="230" sc="21" el="230" ec="38" />
                <SequencePoint vc="0" uspid="4696" ordinal="13" offset="213" sl="231" sc="25" el="231" ec="43" />
                <SequencePoint vc="0" uspid="4697" ordinal="14" offset="224" sl="233" sc="25" el="233" ec="52" />
                <SequencePoint vc="0" uspid="4698" ordinal="15" offset="240" sl="236" sc="21" el="236" ec="156" />
                <SequencePoint vc="0" uspid="4699" ordinal="16" offset="291" sl="237" sc="21" el="237" ec="45" />
                <SequencePoint vc="0" uspid="4700" ordinal="17" offset="295" sl="239" sc="25" el="239" ec="50" />
                <SequencePoint vc="0" uspid="4701" ordinal="18" offset="304" sl="240" sc="29" el="240" ec="82" />
                <SequencePoint vc="0" uspid="4702" ordinal="19" offset="319" sl="225" sc="51" el="225" ec="54" />
                <SequencePoint vc="0" uspid="4703" ordinal="20" offset="325" sl="225" sc="33" el="225" ec="49" />
                <SequencePoint vc="0" uspid="4704" ordinal="21" offset="335" sl="243" sc="17" el="243" ec="31" />
                <SequencePoint vc="0" uspid="4705" ordinal="22" offset="341" sl="247" sc="18" el="247" ec="27" />
                <SequencePoint vc="0" uspid="4706" ordinal="23" offset="349" sl="250" sc="17" el="250" ec="164" />
                <SequencePoint vc="0" uspid="4707" ordinal="24" offset="400" sl="251" sc="17" el="251" ec="36" />
                <SequencePoint vc="0" uspid="4708" ordinal="25" offset="404" sl="253" sc="21" el="253" ec="165" />
                <SequencePoint vc="0" uspid="4709" ordinal="26" offset="486" sl="257" sc="17" el="257" ec="63" />
                <SequencePoint vc="0" uspid="4710" ordinal="27" offset="512" sl="259" sc="21" el="259" ec="172" />
                <SequencePoint vc="0" uspid="4711" ordinal="28" offset="597" sl="247" sc="47" el="247" ec="50" />
                <SequencePoint vc="0" uspid="4712" ordinal="29" offset="603" sl="247" sc="29" el="247" ec="45" />
                <SequencePoint vc="0" uspid="4713" ordinal="30" offset="613" sl="266" sc="18" el="266" ec="27" />
                <SequencePoint vc="0" uspid="4714" ordinal="31" offset="618" sl="268" sc="22" el="268" ec="31" />
                <SequencePoint vc="0" uspid="4715" ordinal="32" offset="623" sl="270" sc="21" el="270" ec="66" />
                <SequencePoint vc="0" uspid="4716" ordinal="33" offset="647" sl="271" sc="21" el="271" ec="65" />
                <SequencePoint vc="0" uspid="4717" ordinal="34" offset="674" sl="268" sc="51" el="268" ec="54" />
                <SequencePoint vc="0" uspid="4718" ordinal="35" offset="680" sl="268" sc="33" el="268" ec="49" />
                <SequencePoint vc="0" uspid="4719" ordinal="36" offset="687" sl="266" sc="51" el="266" ec="54" />
                <SequencePoint vc="0" uspid="4720" ordinal="37" offset="693" sl="266" sc="29" el="266" ec="49" />
                <SequencePoint vc="0" uspid="4721" ordinal="38" offset="700" sl="276" sc="13" el="276" ec="41" />
                <SequencePoint vc="0" uspid="4722" ordinal="39" offset="707" sl="279" sc="13" el="279" ec="30" />
                <SequencePoint vc="0" uspid="4723" ordinal="40" offset="711" sl="280" sc="17" el="280" ec="48" />
                <SequencePoint vc="0" uspid="4724" ordinal="41" offset="727" sl="281" sc="13" el="281" ec="31" />
              </SequencePoints>
              <BranchPoints>
                <BranchPoint vc="0" uspid="4725" ordinal="0" offset="41" path="0" />
                <BranchPoint vc="0" uspid="4726" ordinal="1" offset="41" path="1" />
                <BranchPoint vc="0" uspid="4727" ordinal="2" offset="126" path="0" />
                <BranchPoint vc="0" uspid="4728" ordinal="3" offset="126" path="1" />
                <BranchPoint vc="0" uspid="4729" ordinal="4" offset="179" path="0" />
                <BranchPoint vc="0" uspid="4730" ordinal="5" offset="179" path="1" />
                <BranchPoint vc="0" uspid="4731" ordinal="6" offset="196" path="0" />
                <BranchPoint vc="0" uspid="4732" ordinal="7" offset="196" path="1" />
                <BranchPoint vc="0" uspid="4733" ordinal="8" offset="211" path="0" />
                <BranchPoint vc="0" uspid="4734" ordinal="9" offset="211" path="1" />
                <BranchPoint vc="0" uspid="4735" ordinal="10" offset="261" path="0" />
                <BranchPoint vc="0" uspid="4736" ordinal="11" offset="261" path="1" />
                <BranchPoint vc="0" uspid="4737" ordinal="12" offset="278" path="0" />
                <BranchPoint vc="0" uspid="4738" ordinal="13" offset="278" path="1" />
                <BranchPoint vc="0" uspid="4739" ordinal="14" offset="293" path="0" />
                <BranchPoint vc="0" uspid="4740" ordinal="15" offset="293" path="1" />
                <BranchPoint vc="0" uspid="4741" ordinal="16" offset="302" path="0" />
                <BranchPoint vc="0" uspid="4742" ordinal="17" offset="302" path="1" />
                <BranchPoint vc="0" uspid="4743" ordinal="18" offset="330" path="0" />
                <BranchPoint vc="0" uspid="4744" ordinal="19" offset="330" path="1" />
                <BranchPoint vc="0" uspid="4745" ordinal="20" offset="370" path="0" />
                <BranchPoint vc="0" uspid="4746" ordinal="21" offset="370" path="1" />
                <BranchPoint vc="0" uspid="4747" ordinal="22" offset="387" path="0" />
                <BranchPoint vc="0" uspid="4748" ordinal="23" offset="387" path="1" />
                <BranchPoint vc="0" uspid="4749" ordinal="24" offset="402" path="0" />
                <BranchPoint vc="0" uspid="4750" ordinal="25" offset="402" path="1" />
                <BranchPoint vc="0" uspid="4751" ordinal="26" offset="510" path="0" />
                <BranchPoint vc="0" uspid="4752" ordinal="27" offset="510" path="1" />
                <BranchPoint vc="0" uspid="4753" ordinal="28" offset="608" path="0" />
                <BranchPoint vc="0" uspid="4754" ordinal="29" offset="608" path="1" />
                <BranchPoint vc="0" uspid="4755" ordinal="30" offset="685" path="0" />
                <BranchPoint vc="0" uspid="4756" ordinal="31" offset="685" path="1" />
                <BranchPoint vc="0" uspid="4757" ordinal="32" offset="698" path="0" />
                <BranchPoint vc="0" uspid="4758" ordinal="33" offset="698" path="1" />
                <BranchPoint vc="0" uspid="4759" ordinal="34" offset="709" path="0" />
                <BranchPoint vc="0" uspid="4760" ordinal="35" offset="709" path="1" />
              </BranchPoints>
              <MethodPoint xsi:type="SequencePoint" vc="0" uspid="4683" ordinal="0" offset="0" sl="203" sc="13" el="203" ec="51" />
            </Method>
            <Method visited="false" cyclomaticComplexity="4" sequenceCoverage="0" branchCoverage="0" isConstructor="false" isStatic="true" isGetter="false" isSetter="false">
              <Summary numSequencePoints="16" visitedSequencePoints="0" numBranchPoints="7" visitedBranchPoints="0" sequenceCoverage="0" branchCoverage="0" maxCyclomaticComplexity="4" minCyclomaticComplexity="4" />
              <MetadataToken>100663989</MetadataToken>
              <Name>OfficeOpenXml.ExcelRange SigStat.Common.Helpers.Excel.CellHandler::InsertDictionary(OfficeOpenXml.ExcelWorksheet,System.Int32,System.Int32,System.Collections.Generic.IEnumerable`1&lt;System.Collections.Generic.KeyValuePair`2&lt;TKey,TValue&gt;&gt;,System.String,SigStat.Common.Helpers.Excel.Palette.ExcelColor,System.String)</Name>
              <FileRef uid="154" />
              <SequencePoints>
                <SequencePoint vc="0" uspid="4761" ordinal="0" offset="0" sl="302" sc="13" el="302" ec="33" />
                <SequencePoint vc="0" uspid="4762" ordinal="1" offset="2" sl="303" sc="13" el="303" ec="44" />
                <SequencePoint vc="0" uspid="4763" ordinal="2" offset="9" sl="304" sc="13" el="304" ec="95" />
                <SequencePoint vc="0" uspid="4764" ordinal="3" offset="33" sl="308" sc="13" el="308" ec="90" />
                <SequencePoint vc="0" uspid="4765" ordinal="4" offset="46" sl="311" sc="13" el="311" ec="23" />
                <SequencePoint vc="0" uspid="4766" ordinal="5" offset="49" sl="312" sc="35" el="312" ec="39" />
                <SequencePoint vc="0" uspid="4767" ordinal="6" offset="59" sl="312" sc="22" el="312" ec="31" />
                <SequencePoint vc="0" uspid="4768" ordinal="7" offset="68" sl="314" sc="17" el="314" ec="63" />
                <SequencePoint vc="0" uspid="4769" ordinal="8" offset="101" sl="315" sc="17" el="315" ec="69" />
                <SequencePoint vc="0" uspid="4770" ordinal="9" offset="136" sl="316" sc="17" el="316" ec="21" />
                <SequencePoint vc="0" uspid="4771" ordinal="10" offset="142" sl="312" sc="32" el="312" ec="34" />
                <SequencePoint vc="0" uspid="4772" ordinal="11" offset="165" sl="320" sc="13" el="320" ec="101" />
                <SequencePoint vc="0" uspid="4773" ordinal="12" offset="189" sl="321" sc="13" el="321" ec="41" />
                <SequencePoint vc="0" uspid="4774" ordinal="13" offset="195" sl="324" sc="13" el="324" ec="30" />
                <SequencePoint vc="0" uspid="4775" ordinal="14" offset="199" sl="325" sc="17" el="325" ec="48" />
                <SequencePoint vc="0" uspid="4776" ordinal="15" offset="214" sl="326" sc="13" el="326" ec="31" />
              </SequencePoints>
              <BranchPoints>
                <BranchPoint vc="0" uspid="4777" ordinal="0" offset="149" path="0" />
                <BranchPoint vc="0" uspid="4778" ordinal="1" offset="149" path="1" />
                <BranchPoint vc="0" uspid="4779" ordinal="2" offset="155" path="0" />
                <BranchPoint vc="0" uspid="4780" ordinal="3" offset="155" path="1" />
                <BranchPoint vc="0" uspid="4781" ordinal="4" offset="197" path="0" />
                <BranchPoint vc="0" uspid="4782" ordinal="5" offset="197" path="1" />
              </BranchPoints>
              <MethodPoint xsi:type="SequencePoint" vc="0" uspid="4761" ordinal="0" offset="0" sl="302" sc="13" el="302" ec="33" />
            </Method>
            <Method visited="false" cyclomaticComplexity="3" sequenceCoverage="0" branchCoverage="0" isConstructor="false" isStatic="true" isGetter="false" isSetter="false">
              <Summary numSequencePoints="22" visitedSequencePoints="0" numBranchPoints="5" visitedBranchPoints="0" sequenceCoverage="0" branchCoverage="0" maxCyclomaticComplexity="3" minCyclomaticComplexity="3" />
              <MetadataToken>100663990</MetadataToken>
              <Name>System.Void SigStat.Common.Helpers.Excel.CellHandler::InsertHierarchicalList(OfficeOpenXml.ExcelWorksheet,System.Int32,System.Int32,SigStat.Common.Helpers.Excel.HierarchyElement,System.String,SigStat.Common.Helpers.Excel.Palette.ExcelColor)</Name>
              <FileRef uid="154" />
              <SequencePoints>
                <SequencePoint vc="0" uspid="4783" ordinal="0" offset="0" sl="342" sc="13" el="342" ec="41" />
                <SequencePoint vc="0" uspid="4784" ordinal="1" offset="7" sl="343" sc="13" el="343" ec="42" />
                <SequencePoint vc="0" uspid="4785" ordinal="2" offset="14" sl="346" sc="13" el="346" ec="86" />
                <SequencePoint vc="0" uspid="4786" ordinal="3" offset="38" sl="351" sc="13" el="351" ec="60" />
                <SequencePoint vc="0" uspid="4787" ordinal="4" offset="46" sl="353" sc="13" el="353" ec="32" />
                <SequencePoint vc="0" uspid="4788" ordinal="5" offset="49" sl="356" sc="13" el="356" ec="31" />
                <SequencePoint vc="0" uspid="4789" ordinal="6" offset="56" sl="359" sc="17" el="359" ec="115" />
                <SequencePoint vc="0" uspid="4790" ordinal="7" offset="113" sl="360" sc="17" el="360" ec="52" />
                <SequencePoint vc="0" uspid="4791" ordinal="8" offset="126" sl="361" sc="17" el="361" ec="36" />
                <SequencePoint vc="0" uspid="4792" ordinal="9" offset="133" sl="362" sc="17" el="362" ec="43" />
                <SequencePoint vc="0" uspid="4793" ordinal="10" offset="141" sl="363" sc="17" el="363" ec="42" />
                <SequencePoint vc="0" uspid="4794" ordinal="11" offset="150" sl="365" sc="17" el="365" ec="112" />
                <SequencePoint vc="0" uspid="4795" ordinal="12" offset="210" sl="366" sc="17" el="366" ec="28" />
                <SequencePoint vc="0" uspid="4796" ordinal="13" offset="216" sl="370" sc="13" el="370" ec="34" />
                <SequencePoint vc="0" uspid="4797" ordinal="14" offset="223" sl="371" sc="13" el="371" ec="44" />
                <SequencePoint vc="0" uspid="4798" ordinal="15" offset="235" sl="374" sc="13" el="374" ec="59" />
                <SequencePoint vc="0" uspid="4799" ordinal="16" offset="245" sl="377" sc="18" el="377" ec="29" />
                <SequencePoint vc="0" uspid="4800" ordinal="17" offset="250" sl="379" sc="17" el="379" ec="40" />
                <SequencePoint vc="0" uspid="4801" ordinal="18" offset="272" sl="377" sc="54" el="377" ec="57" />
                <SequencePoint vc="0" uspid="4802" ordinal="19" offset="278" sl="377" sc="31" el="377" ec="52" />
                <SequencePoint vc="0" uspid="4803" ordinal="20" offset="287" sl="382" sc="13" el="382" ec="50" />
                <SequencePoint vc="0" uspid="4804" ordinal="21" offset="303" sl="383" sc="9" el="383" ec="10" />
              </SequencePoints>
              <BranchPoints>
                <BranchPoint vc="0" uspid="4805" ordinal="0" offset="51" path="0" />
                <BranchPoint vc="0" uspid="4806" ordinal="1" offset="51" path="1" />
                <BranchPoint vc="0" uspid="4807" ordinal="2" offset="285" path="0" />
                <BranchPoint vc="0" uspid="4808" ordinal="3" offset="285" path="1" />
              </BranchPoints>
              <MethodPoint xsi:type="SequencePoint" vc="0" uspid="4783" ordinal="0" offset="0" sl="342" sc="13" el="342" ec="41" />
            </Method>
            <Method visited="false" cyclomaticComplexity="3" sequenceCoverage="0" branchCoverage="0" isConstructor="false" isStatic="true" isGetter="false" isSetter="false">
              <Summary numSequencePoints="10" visitedSequencePoints="0" numBranchPoints="5" visitedBranchPoints="0" sequenceCoverage="0" branchCoverage="0" maxCyclomaticComplexity="3" minCyclomaticComplexity="3" />
              <MetadataToken>100663991</MetadataToken>
              <Name>System.Void SigStat.Common.Helpers.Excel.CellHandler::PrintHierarchicalList(OfficeOpenXml.ExcelWorksheet,System.Int32,System.Int32,SigStat.Common.Helpers.Excel.HierarchyElement)</Name>
              <FileRef uid="154" />
              <SequencePoints>
                <SequencePoint vc="0" uspid="4809" ordinal="0" offset="0" sl="388" sc="13" el="388" ec="49" />
                <SequencePoint vc="0" uspid="4810" ordinal="1" offset="24" sl="389" sc="13" el="389" ec="41" />
                <SequencePoint vc="0" uspid="4811" ordinal="2" offset="38" sl="391" sc="17" el="391" ec="38" />
                <SequencePoint vc="0" uspid="4812" ordinal="3" offset="42" sl="392" sc="17" el="392" ec="41" />
                <SequencePoint vc="0" uspid="4813" ordinal="4" offset="46" sl="393" sc="39" el="393" ec="52" />
                <SequencePoint vc="0" uspid="4814" ordinal="5" offset="60" sl="393" sc="26" el="393" ec="35" />
                <SequencePoint vc="0" uspid="4815" ordinal="6" offset="68" sl="395" sc="21" el="395" ec="76" />
                <SequencePoint vc="0" uspid="4816" ordinal="7" offset="77" sl="396" sc="21" el="396" ec="50" />
                <SequencePoint vc="0" uspid="4817" ordinal="8" offset="86" sl="393" sc="36" el="393" ec="38" />
                <SequencePoint vc="0" uspid="4818" ordinal="9" offset="111" sl="399" sc="9" el="399" ec="10" />
              </SequencePoints>
              <BranchPoints>
                <BranchPoint vc="0" uspid="4819" ordinal="0" offset="36" path="0" />
                <BranchPoint vc="0" uspid="4820" ordinal="1" offset="36" path="1" />
                <BranchPoint vc="0" uspid="4821" ordinal="2" offset="93" path="0" />
                <BranchPoint vc="0" uspid="4822" ordinal="3" offset="93" path="1" />
              </BranchPoints>
              <MethodPoint xsi:type="SequencePoint" vc="0" uspid="4809" ordinal="0" offset="0" sl="388" sc="13" el="388" ec="49" />
            </Method>
            <Method visited="false" cyclomaticComplexity="2" sequenceCoverage="0" branchCoverage="0" isConstructor="false" isStatic="true" isGetter="false" isSetter="false">
              <Summary numSequencePoints="18" visitedSequencePoints="0" numBranchPoints="3" visitedBranchPoints="0" sequenceCoverage="0" branchCoverage="0" maxCyclomaticComplexity="2" minCyclomaticComplexity="2" />
              <MetadataToken>100663992</MetadataToken>
              <Name>System.Void SigStat.Common.Helpers.Excel.CellHandler::InsertLegend(OfficeOpenXml.ExcelRange,System.String,System.String,SigStat.Common.Helpers.Excel.Palette.ExcelColor)</Name>
              <FileRef uid="154" />
              <SequencePoints>
                <SequencePoint vc="0" uspid="4823" ordinal="0" offset="0" sl="410" sc="13" el="410" ec="38" />
                <SequencePoint vc="0" uspid="4824" ordinal="1" offset="7" sl="411" sc="13" el="411" ec="60" />
                <SequencePoint vc="0" uspid="4825" ordinal="2" offset="14" sl="413" sc="13" el="413" ec="37" />
                <SequencePoint vc="0" uspid="4826" ordinal="3" offset="16" sl="416" sc="13" el="416" ec="31" />
                <SequencePoint vc="0" uspid="4827" ordinal="4" offset="22" sl="418" sc="17" el="418" ec="115" />
                <SequencePoint vc="0" uspid="4828" ordinal="5" offset="78" sl="419" sc="17" el="419" ec="36" />
                <SequencePoint vc="0" uspid="4829" ordinal="6" offset="84" sl="420" sc="17" el="420" ec="42" />
                <SequencePoint vc="0" uspid="4830" ordinal="7" offset="91" sl="421" sc="17" el="421" ec="43" />
                <SequencePoint vc="0" uspid="4831" ordinal="8" offset="98" sl="422" sc="17" el="422" ec="52" />
                <SequencePoint vc="0" uspid="4832" ordinal="9" offset="110" sl="425" sc="17" el="425" ec="114" />
                <SequencePoint vc="0" uspid="4833" ordinal="10" offset="168" sl="429" sc="13" el="429" ec="33" />
                <SequencePoint vc="0" uspid="4834" ordinal="11" offset="174" sl="430" sc="13" el="430" ec="38" />
                <SequencePoint vc="0" uspid="4835" ordinal="12" offset="181" sl="431" sc="13" el="431" ec="40" />
                <SequencePoint vc="0" uspid="4836" ordinal="13" offset="188" sl="432" sc="13" el="432" ec="50" />
                <SequencePoint vc="0" uspid="4837" ordinal="14" offset="200" sl="433" sc="13" el="433" ec="47" />
                <SequencePoint vc="0" uspid="4838" ordinal="15" offset="212" sl="434" sc="13" el="434" ec="105" />
                <SequencePoint vc="0" uspid="4839" ordinal="16" offset="224" sl="435" sc="13" el="435" ec="101" />
                <SequencePoint vc="0" uspid="4840" ordinal="17" offset="236" sl="438" sc="9" el="438" ec="10" />
              </SequencePoints>
              <BranchPoints>
                <BranchPoint vc="0" uspid="4841" ordinal="0" offset="17" path="0" />
                <BranchPoint vc="0" uspid="4842" ordinal="1" offset="17" path="1" />
              </BranchPoints>
              <MethodPoint xsi:type="SequencePoint" vc="0" uspid="4823" ordinal="0" offset="0" sl="410" sc="13" el="410" ec="38" />
            </Method>
            <Method visited="false" cyclomaticComplexity="1" sequenceCoverage="0" branchCoverage="0" isConstructor="false" isStatic="true" isGetter="false" isSetter="false">
              <Summary numSequencePoints="3" visitedSequencePoints="0" numBranchPoints="1" visitedBranchPoints="0" sequenceCoverage="0" branchCoverage="0" maxCyclomaticComplexity="1" minCyclomaticComplexity="1" />
              <MetadataToken>100663993</MetadataToken>
              <Name>System.Void SigStat.Common.Helpers.Excel.CellHandler::InsertLink(OfficeOpenXml.ExcelRange,System.String)</Name>
              <FileRef uid="154" />
              <SequencePoints>
                <SequencePoint vc="0" uspid="4843" ordinal="0" offset="0" sl="447" sc="13" el="447" ec="75" />
                <SequencePoint vc="0" uspid="4844" ordinal="1" offset="28" sl="448" sc="13" el="448" ec="42" />
                <SequencePoint vc="0" uspid="4845" ordinal="2" offset="39" sl="449" sc="9" el="449" ec="10" />
              </SequencePoints>
              <BranchPoints />
              <MethodPoint xsi:type="SequencePoint" vc="0" uspid="4843" ordinal="0" offset="0" sl="447" sc="13" el="447" ec="75" />
            </Method>
            <Method visited="false" cyclomaticComplexity="1" sequenceCoverage="0" branchCoverage="0" isConstructor="false" isStatic="true" isGetter="false" isSetter="false">
              <Summary numSequencePoints="3" visitedSequencePoints="0" numBranchPoints="1" visitedBranchPoints="0" sequenceCoverage="0" branchCoverage="0" maxCyclomaticComplexity="1" minCyclomaticComplexity="1" />
              <MetadataToken>100663994</MetadataToken>
              <Name>System.Void SigStat.Common.Helpers.Excel.CellHandler::InsertLink(OfficeOpenXml.ExcelRange,System.String,System.String)</Name>
              <FileRef uid="154" />
              <SequencePoints>
                <SequencePoint vc="0" uspid="4846" ordinal="0" offset="0" sl="461" sc="13" el="461" ec="80" />
                <SequencePoint vc="0" uspid="4847" ordinal="1" offset="29" sl="462" sc="13" el="462" ec="42" />
                <SequencePoint vc="0" uspid="4848" ordinal="2" offset="40" sl="463" sc="9" el="463" ec="10" />
              </SequencePoints>
              <BranchPoints />
              <MethodPoint xsi:type="SequencePoint" vc="0" uspid="4846" ordinal="0" offset="0" sl="461" sc="13" el="461" ec="80" />
            </Method>
            <Method visited="false" cyclomaticComplexity="1" sequenceCoverage="0" branchCoverage="0" isConstructor="false" isStatic="true" isGetter="false" isSetter="false">
              <Summary numSequencePoints="3" visitedSequencePoints="0" numBranchPoints="1" visitedBranchPoints="0" sequenceCoverage="0" branchCoverage="0" maxCyclomaticComplexity="1" minCyclomaticComplexity="1" />
              <MetadataToken>100663995</MetadataToken>
              <Name>System.Void SigStat.Common.Helpers.Excel.CellHandler::HyperlinkStyle(OfficeOpenXml.Style.ExcelStyle)</Name>
              <FileRef uid="154" />
              <SequencePoints>
                <SequencePoint vc="0" uspid="4849" ordinal="0" offset="0" sl="468" sc="13" el="468" ec="41" />
                <SequencePoint vc="0" uspid="4850" ordinal="1" offset="12" sl="469" sc="13" el="469" ec="51" />
                <SequencePoint vc="0" uspid="4851" ordinal="2" offset="33" sl="470" sc="9" el="470" ec="10" />
              </SequencePoints>
              <BranchPoints />
              <MethodPoint xsi:type="SequencePoint" vc="0" uspid="4849" ordinal="0" offset="0" sl="468" sc="13" el="468" ec="41" />
            </Method>
            <Method visited="false" cyclomaticComplexity="6" sequenceCoverage="0" branchCoverage="0" isConstructor="false" isStatic="true" isGetter="false" isSetter="false">
              <Summary numSequencePoints="21" visitedSequencePoints="0" numBranchPoints="9" visitedBranchPoints="0" sequenceCoverage="0" branchCoverage="0" maxCyclomaticComplexity="6" minCyclomaticComplexity="6" />
              <MetadataToken>100663996</MetadataToken>
              <Name>System.Void SigStat.Common.Helpers.Excel.CellHandler::InsertLineChart(OfficeOpenXml.ExcelWorksheet,OfficeOpenXml.ExcelRange,System.Int32,System.Int32,System.String,System.String,System.String,OfficeOpenXml.ExcelRange,System.Int32,System.Int32,System.String)</Name>
              <FileRef uid="154" />
              <SequencePoints>
                <SequencePoint vc="0" uspid="4852" ordinal="0" offset="0" sl="488" sc="13" el="488" ec="113" />
                <SequencePoint vc="0" uspid="4853" ordinal="1" offset="20" sl="490" sc="13" el="490" ec="47" />
                <SequencePoint vc="0" uspid="4854" ordinal="2" offset="30" sl="493" sc="13" el="493" ec="107" />
                <SequencePoint vc="0" uspid="4855" ordinal="3" offset="86" sl="496" sc="18" el="496" ec="48" />
                <SequencePoint vc="0" uspid="4856" ordinal="4" offset="100" sl="496" sc="50" el="496" ec="55" />
                <SequencePoint vc="0" uspid="4857" ordinal="5" offset="104" sl="498" sc="17" el="498" ec="168" />
                <SequencePoint vc="0" uspid="4858" ordinal="6" offset="193" sl="496" sc="80" el="496" ec="83" />
                <SequencePoint vc="0" uspid="4859" ordinal="7" offset="197" sl="496" sc="85" el="496" ec="88" />
                <SequencePoint vc="0" uspid="4860" ordinal="8" offset="201" sl="496" sc="57" el="496" ec="78" />
                <SequencePoint vc="0" uspid="4861" ordinal="9" offset="215" sl="502" sc="13" el="502" ec="63" />
                <SequencePoint vc="0" uspid="4862" ordinal="10" offset="236" sl="505" sc="13" el="505" ec="41" />
                <SequencePoint vc="0" uspid="4863" ordinal="11" offset="246" sl="507" sc="17" el="507" ec="46" />
                <SequencePoint vc="0" uspid="4864" ordinal="12" offset="256" sl="511" sc="13" el="511" ec="45" />
                <SequencePoint vc="0" uspid="4865" ordinal="13" offset="274" sl="512" sc="13" el="512" ec="45" />
                <SequencePoint vc="0" uspid="4866" ordinal="14" offset="292" sl="515" sc="13" el="515" ec="60" />
                <SequencePoint vc="0" uspid="4867" ordinal="15" offset="304" sl="516" sc="13" el="516" ec="52" />
                <SequencePoint vc="0" uspid="4868" ordinal="16" offset="316" sl="517" sc="13" el="517" ec="84" />
                <SequencePoint vc="0" uspid="4869" ordinal="17" offset="342" sl="518" sc="13" el="518" ec="78" />
                <SequencePoint vc="0" uspid="4870" ordinal="18" offset="368" sl="519" sc="13" el="519" ec="78" />
                <SequencePoint vc="0" uspid="4871" ordinal="19" offset="394" sl="520" sc="13" el="520" ec="42" />
                <SequencePoint vc="0" uspid="4872" ordinal="20" offset="401" sl="521" sc="9" el="521" ec="10" />
              </SequencePoints>
              <BranchPoints>
                <BranchPoint vc="0" uspid="4873" ordinal="0" offset="213" path="0" />
                <BranchPoint vc="0" uspid="4874" ordinal="1" offset="213" path="1" />
                <BranchPoint vc="0" uspid="4875" ordinal="2" offset="223" path="0" />
                <BranchPoint vc="0" uspid="4876" ordinal="3" offset="223" path="1" />
                <BranchPoint vc="0" uspid="4877" ordinal="4" offset="239" path="0" />
                <BranchPoint vc="0" uspid="4878" ordinal="5" offset="239" path="1" />
                <BranchPoint vc="0" uspid="4879" ordinal="6" offset="244" path="0" />
                <BranchPoint vc="0" uspid="4880" ordinal="7" offset="244" path="1" />
              </BranchPoints>
              <MethodPoint xsi:type="SequencePoint" vc="0" uspid="4852" ordinal="0" offset="0" sl="488" sc="13" el="488" ec="113" />
            </Method>
            <Method visited="false" cyclomaticComplexity="6" sequenceCoverage="0" branchCoverage="0" isConstructor="false" isStatic="true" isGetter="false" isSetter="false">
              <Summary numSequencePoints="21" visitedSequencePoints="0" numBranchPoints="9" visitedBranchPoints="0" sequenceCoverage="0" branchCoverage="0" maxCyclomaticComplexity="6" minCyclomaticComplexity="6" />
              <MetadataToken>100663997</MetadataToken>
              <Name>System.Void SigStat.Common.Helpers.Excel.CellHandler::InsertColumnChart(OfficeOpenXml.ExcelWorksheet,OfficeOpenXml.ExcelRange,System.Int32,System.Int32,System.String,System.String,System.String,OfficeOpenXml.ExcelRange,System.Int32,System.Int32,System.String)</Name>
              <FileRef uid="154" />
              <SequencePoints>
                <SequencePoint vc="0" uspid="4881" ordinal="0" offset="0" sl="539" sc="13" el="539" ec="123" />
                <SequencePoint vc="0" uspid="4882" ordinal="1" offset="21" sl="542" sc="13" el="542" ec="47" />
                <SequencePoint vc="0" uspid="4883" ordinal="2" offset="31" sl="545" sc="13" el="545" ec="107" />
                <SequencePoint vc="0" uspid="4884" ordinal="3" offset="87" sl="548" sc="18" el="548" ec="48" />
                <SequencePoint vc="0" uspid="4885" ordinal="4" offset="101" sl="548" sc="50" el="548" ec="55" />
                <SequencePoint vc="0" uspid="4886" ordinal="5" offset="105" sl="550" sc="17" el="550" ec="168" />
                <SequencePoint vc="0" uspid="4887" ordinal="6" offset="194" sl="548" sc="80" el="548" ec="83" />
                <SequencePoint vc="0" uspid="4888" ordinal="7" offset="198" sl="548" sc="85" el="548" ec="88" />
                <SequencePoint vc="0" uspid="4889" ordinal="8" offset="202" sl="548" sc="57" el="548" ec="78" />
                <SequencePoint vc="0" uspid="4890" ordinal="9" offset="216" sl="554" sc="13" el="554" ec="63" />
                <SequencePoint vc="0" uspid="4891" ordinal="10" offset="237" sl="557" sc="13" el="557" ec="41" />
                <SequencePoint vc="0" uspid="4892" ordinal="11" offset="247" sl="559" sc="17" el="559" ec="46" />
                <SequencePoint vc="0" uspid="4893" ordinal="12" offset="257" sl="563" sc="13" el="563" ec="45" />
                <SequencePoint vc="0" uspid="4894" ordinal="13" offset="275" sl="564" sc="13" el="564" ec="45" />
                <SequencePoint vc="0" uspid="4895" ordinal="14" offset="293" sl="567" sc="13" el="567" ec="60" />
                <SequencePoint vc="0" uspid="4896" ordinal="15" offset="305" sl="568" sc="13" el="568" ec="52" />
                <SequencePoint vc="0" uspid="4897" ordinal="16" offset="317" sl="569" sc="13" el="569" ec="84" />
                <SequencePoint vc="0" uspid="4898" ordinal="17" offset="343" sl="570" sc="13" el="570" ec="78" />
                <SequencePoint vc="0" uspid="4899" ordinal="18" offset="369" sl="571" sc="13" el="571" ec="78" />
                <SequencePoint vc="0" uspid="4900" ordinal="19" offset="395" sl="572" sc="13" el="572" ec="42" />
                <SequencePoint vc="0" uspid="4901" ordinal="20" offset="402" sl="573" sc="9" el="573" ec="10" />
              </SequencePoints>
              <BranchPoints>
                <BranchPoint vc="0" uspid="4902" ordinal="0" offset="214" path="0" />
                <BranchPoint vc="0" uspid="4903" ordinal="1" offset="214" path="1" />
                <BranchPoint vc="0" uspid="4904" ordinal="2" offset="224" path="0" />
                <BranchPoint vc="0" uspid="4905" ordinal="3" offset="224" path="1" />
                <BranchPoint vc="0" uspid="4906" ordinal="4" offset="240" path="0" />
                <BranchPoint vc="0" uspid="4907" ordinal="5" offset="240" path="1" />
                <BranchPoint vc="0" uspid="4908" ordinal="6" offset="245" path="0" />
                <BranchPoint vc="0" uspid="4909" ordinal="7" offset="245" path="1" />
              </BranchPoints>
              <MethodPoint xsi:type="SequencePoint" vc="0" uspid="4881" ordinal="0" offset="0" sl="539" sc="13" el="539" ec="123" />
            </Method>
            <Method visited="false" cyclomaticComplexity="1" sequenceCoverage="0" branchCoverage="0" isConstructor="false" isStatic="true" isGetter="false" isSetter="false">
              <Summary numSequencePoints="3" visitedSequencePoints="0" numBranchPoints="1" visitedBranchPoints="0" sequenceCoverage="0" branchCoverage="0" maxCyclomaticComplexity="1" minCyclomaticComplexity="1" />
              <MetadataToken>100663998</MetadataToken>
              <Name>System.Void SigStat.Common.Helpers.Excel.CellHandler::InsertText(OfficeOpenXml.ExcelWorksheet,System.Int32,System.Int32,System.String,SigStat.Common.Helpers.Excel.Level.TextLevel)</Name>
              <FileRef uid="154" />
              <SequencePoints>
                <SequencePoint vc="0" uspid="4910" ordinal="0" offset="0" sl="585" sc="13" el="585" ec="45" />
                <SequencePoint vc="0" uspid="4911" ordinal="1" offset="19" sl="586" sc="13" el="586" ec="53" />
                <SequencePoint vc="0" uspid="4912" ordinal="2" offset="44" sl="587" sc="9" el="587" ec="10" />
              </SequencePoints>
              <BranchPoints />
              <MethodPoint xsi:type="SequencePoint" vc="0" uspid="4910" ordinal="0" offset="0" sl="585" sc="13" el="585" ec="45" />
            </Method>
            <Method visited="false" cyclomaticComplexity="1" sequenceCoverage="0" branchCoverage="0" isConstructor="false" isStatic="true" isGetter="false" isSetter="false">
              <Summary numSequencePoints="2" visitedSequencePoints="0" numBranchPoints="1" visitedBranchPoints="0" sequenceCoverage="0" branchCoverage="0" maxCyclomaticComplexity="1" minCyclomaticComplexity="1" />
              <MetadataToken>100663999</MetadataToken>
              <Name>System.Void SigStat.Common.Helpers.Excel.CellHandler::BorderEverywhere(OfficeOpenXml.ExcelRange,OfficeOpenXml.Style.ExcelBorderStyle)</Name>
              <FileRef uid="154" />
              <SequencePoints>
                <SequencePoint vc="0" uspid="4913" ordinal="0" offset="0" sl="595" sc="13" el="595" ec="149" />
                <SequencePoint vc="0" uspid="4914" ordinal="1" offset="94" sl="596" sc="9" el="596" ec="10" />
              </SequencePoints>
              <BranchPoints />
              <MethodPoint xsi:type="SequencePoint" vc="0" uspid="4913" ordinal="0" offset="0" sl="595" sc="13" el="595" ec="149" />
            </Method>
            <Method visited="false" cyclomaticComplexity="1" sequenceCoverage="0" branchCoverage="0" isConstructor="false" isStatic="true" isGetter="false" isSetter="false">
              <Summary numSequencePoints="2" visitedSequencePoints="0" numBranchPoints="1" visitedBranchPoints="0" sequenceCoverage="0" branchCoverage="0" maxCyclomaticComplexity="1" minCyclomaticComplexity="1" />
              <MetadataToken>100664000</MetadataToken>
              <Name>System.Void SigStat.Common.Helpers.Excel.CellHandler::BorderAround(OfficeOpenXml.ExcelRange,OfficeOpenXml.Style.ExcelBorderStyle)</Name>
              <FileRef uid="154" />
              <SequencePoints>
                <SequencePoint vc="0" uspid="4915" ordinal="0" offset="0" sl="600" sc="13" el="600" ec="52" />
                <SequencePoint vc="0" uspid="4916" ordinal="1" offset="17" sl="601" sc="9" el="601" ec="10" />
              </SequencePoints>
              <BranchPoints />
              <MethodPoint xsi:type="SequencePoint" vc="0" uspid="4915" ordinal="0" offset="0" sl="600" sc="13" el="600" ec="52" />
            </Method>
            <Method visited="false" cyclomaticComplexity="1" sequenceCoverage="0" branchCoverage="0" isConstructor="false" isStatic="true" isGetter="false" isSetter="false">
              <Summary numSequencePoints="3" visitedSequencePoints="0" numBranchPoints="1" visitedBranchPoints="0" sequenceCoverage="0" branchCoverage="0" maxCyclomaticComplexity="1" minCyclomaticComplexity="1" />
              <MetadataToken>100664001</MetadataToken>
              <Name>System.Void SigStat.Common.Helpers.Excel.CellHandler::Fill(OfficeOpenXml.ExcelRange,System.Drawing.Color)</Name>
              <FileRef uid="154" />
              <SequencePoints>
                <SequencePoint vc="0" uspid="4917" ordinal="0" offset="0" sl="606" sc="13" el="606" ec="85" />
                <SequencePoint vc="0" uspid="4918" ordinal="1" offset="17" sl="607" sc="13" el="607" ec="62" />
                <SequencePoint vc="0" uspid="4919" ordinal="2" offset="39" sl="608" sc="9" el="608" ec="10" />
              </SequencePoints>
              <BranchPoints />
              <MethodPoint xsi:type="SequencePoint" vc="0" uspid="4917" ordinal="0" offset="0" sl="606" sc="13" el="606" ec="85" />
            </Method>
          </Methods>
        </Class>
        <Class>
          <Summary numSequencePoints="28" visitedSequencePoints="0" numBranchPoints="17" visitedBranchPoints="0" sequenceCoverage="0" branchCoverage="0" maxCyclomaticComplexity="3" minCyclomaticComplexity="1" />
          <FullName>SigStat.Common.Helpers.Excel.HierarchyElement</FullName>
          <Methods>
            <Method visited="false" cyclomaticComplexity="1" sequenceCoverage="0" branchCoverage="0" isConstructor="false" isStatic="false" isGetter="true" isSetter="false">
              <Summary numSequencePoints="1" visitedSequencePoints="0" numBranchPoints="1" visitedBranchPoints="0" sequenceCoverage="0" branchCoverage="0" maxCyclomaticComplexity="1" minCyclomaticComplexity="1" />
              <MetadataToken>100664002</MetadataToken>
              <Name>System.Collections.Generic.List`1&lt;SigStat.Common.Helpers.Excel.HierarchyElement&gt; SigStat.Common.Helpers.Excel.HierarchyElement::get_Children()</Name>
              <FileRef uid="155" />
              <SequencePoints>
                <SequencePoint vc="0" uspid="4920" ordinal="0" offset="0" sl="12" sc="50" el="12" ec="54" />
              </SequencePoints>
              <BranchPoints />
              <MethodPoint xsi:type="SequencePoint" vc="0" uspid="4920" ordinal="0" offset="0" sl="12" sc="50" el="12" ec="54" />
            </Method>
            <Method visited="false" cyclomaticComplexity="1" sequenceCoverage="0" branchCoverage="0" isConstructor="false" isStatic="false" isGetter="true" isSetter="false">
              <Summary numSequencePoints="1" visitedSequencePoints="0" numBranchPoints="1" visitedBranchPoints="0" sequenceCoverage="0" branchCoverage="0" maxCyclomaticComplexity="1" minCyclomaticComplexity="1" />
              <MetadataToken>100664003</MetadataToken>
              <Name>System.Object SigStat.Common.Helpers.Excel.HierarchyElement::get_Content()</Name>
              <FileRef uid="155" />
              <SequencePoints>
                <SequencePoint vc="0" uspid="4921" ordinal="0" offset="0" sl="14" sc="33" el="14" ec="37" />
              </SequencePoints>
              <BranchPoints />
              <MethodPoint xsi:type="SequencePoint" vc="0" uspid="4921" ordinal="0" offset="0" sl="14" sc="33" el="14" ec="37" />
            </Method>
            <Method visited="false" cyclomaticComplexity="1" sequenceCoverage="0" branchCoverage="0" isConstructor="false" isStatic="false" isGetter="false" isSetter="true">
              <Summary numSequencePoints="1" visitedSequencePoints="0" numBranchPoints="1" visitedBranchPoints="0" sequenceCoverage="0" branchCoverage="0" maxCyclomaticComplexity="1" minCyclomaticComplexity="1" />
              <MetadataToken>100664004</MetadataToken>
              <Name>System.Void SigStat.Common.Helpers.Excel.HierarchyElement::set_Content(System.Object)</Name>
              <FileRef uid="155" />
              <SequencePoints>
                <SequencePoint vc="0" uspid="4922" ordinal="0" offset="0" sl="14" sc="38" el="14" ec="42" />
              </SequencePoints>
              <BranchPoints />
              <MethodPoint xsi:type="SequencePoint" vc="0" uspid="4922" ordinal="0" offset="0" sl="14" sc="38" el="14" ec="42" />
            </Method>
            <Method visited="false" cyclomaticComplexity="1" sequenceCoverage="0" branchCoverage="0" isConstructor="true" isStatic="false" isGetter="false" isSetter="false">
              <Summary numSequencePoints="3" visitedSequencePoints="0" numBranchPoints="1" visitedBranchPoints="0" sequenceCoverage="0" branchCoverage="0" maxCyclomaticComplexity="1" minCyclomaticComplexity="1" />
              <MetadataToken>100664005</MetadataToken>
              <Name>System.Void SigStat.Common.Helpers.Excel.HierarchyElement::.ctor()</Name>
              <FileRef uid="155" />
              <SequencePoints>
                <SequencePoint vc="0" uspid="4923" ordinal="0" offset="0" sl="19" sc="9" el="19" ec="34" />
                <SequencePoint vc="0" uspid="4924" ordinal="1" offset="6" sl="21" sc="13" el="21" ec="53" />
                <SequencePoint vc="0" uspid="4925" ordinal="2" offset="17" sl="22" sc="9" el="22" ec="10" />
              </SequencePoints>
              <BranchPoints />
              <MethodPoint xsi:type="SequencePoint" vc="0" uspid="4923" ordinal="0" offset="0" sl="19" sc="9" el="19" ec="34" />
            </Method>
            <Method visited="false" cyclomaticComplexity="1" sequenceCoverage="0" branchCoverage="0" isConstructor="true" isStatic="false" isGetter="false" isSetter="false">
              <Summary numSequencePoints="4" visitedSequencePoints="0" numBranchPoints="1" visitedBranchPoints="0" sequenceCoverage="0" branchCoverage="0" maxCyclomaticComplexity="1" minCyclomaticComplexity="1" />
              <MetadataToken>100664006</MetadataToken>
              <Name>System.Void SigStat.Common.Helpers.Excel.HierarchyElement::.ctor(System.Object)</Name>
              <FileRef uid="155" />
              <SequencePoints>
                <SequencePoint vc="0" uspid="4926" ordinal="0" offset="0" sl="28" sc="9" el="28" ec="48" />
                <SequencePoint vc="0" uspid="4927" ordinal="1" offset="6" sl="30" sc="13" el="30" ec="53" />
                <SequencePoint vc="0" uspid="4928" ordinal="2" offset="17" sl="31" sc="13" el="31" ec="36" />
                <SequencePoint vc="0" uspid="4929" ordinal="3" offset="24" sl="32" sc="9" el="32" ec="10" />
              </SequencePoints>
              <BranchPoints />
              <MethodPoint xsi:type="SequencePoint" vc="0" uspid="4926" ordinal="0" offset="0" sl="28" sc="9" el="28" ec="48" />
            </Method>
            <Method visited="false" cyclomaticComplexity="1" sequenceCoverage="0" branchCoverage="0" isConstructor="false" isStatic="false" isGetter="false" isSetter="false">
              <Summary numSequencePoints="2" visitedSequencePoints="0" numBranchPoints="1" visitedBranchPoints="0" sequenceCoverage="0" branchCoverage="0" maxCyclomaticComplexity="1" minCyclomaticComplexity="1" />
              <MetadataToken>100664007</MetadataToken>
              <Name>System.Void SigStat.Common.Helpers.Excel.HierarchyElement::Add(SigStat.Common.Helpers.Excel.HierarchyElement)</Name>
              <FileRef uid="155" />
              <SequencePoints>
                <SequencePoint vc="0" uspid="4930" ordinal="0" offset="0" sl="36" sc="13" el="36" ec="33" />
                <SequencePoint vc="0" uspid="4931" ordinal="1" offset="12" sl="37" sc="9" el="37" ec="10" />
              </SequencePoints>
              <BranchPoints />
              <MethodPoint xsi:type="SequencePoint" vc="0" uspid="4930" ordinal="0" offset="0" sl="36" sc="13" el="36" ec="33" />
            </Method>
            <Method visited="false" cyclomaticComplexity="3" sequenceCoverage="0" branchCoverage="0" isConstructor="false" isStatic="false" isGetter="false" isSetter="false">
              <Summary numSequencePoints="7" visitedSequencePoints="0" numBranchPoints="5" visitedBranchPoints="0" sequenceCoverage="0" branchCoverage="0" maxCyclomaticComplexity="3" minCyclomaticComplexity="3" />
              <MetadataToken>100664008</MetadataToken>
              <Name>System.Int32 SigStat.Common.Helpers.Excel.HierarchyElement::GetDepth()</Name>
              <FileRef uid="155" />
              <SequencePoints>
                <SequencePoint vc="0" uspid="4932" ordinal="0" offset="0" sl="47" sc="13" el="47" ec="25" />
                <SequencePoint vc="0" uspid="4933" ordinal="1" offset="2" sl="49" sc="35" el="49" ec="43" />
                <SequencePoint vc="0" uspid="4934" ordinal="2" offset="16" sl="49" sc="22" el="49" ec="31" />
                <SequencePoint vc="0" uspid="4935" ordinal="3" offset="24" sl="51" sc="17" el="51" ec="44" />
                <SequencePoint vc="0" uspid="4936" ordinal="4" offset="33" sl="53" sc="21" el="53" ec="44" />
                <SequencePoint vc="0" uspid="4937" ordinal="5" offset="40" sl="49" sc="32" el="49" ec="34" />
                <SequencePoint vc="0" uspid="4938" ordinal="6" offset="65" sl="57" sc="13" el="57" ec="28" />
              </SequencePoints>
              <BranchPoints>
                <BranchPoint vc="0" uspid="4939" ordinal="0" offset="31" path="0" />
                <BranchPoint vc="0" uspid="4940" ordinal="1" offset="31" path="1" />
                <BranchPoint vc="0" uspid="4941" ordinal="2" offset="47" path="0" />
                <BranchPoint vc="0" uspid="4942" ordinal="3" offset="47" path="1" />
              </BranchPoints>
              <MethodPoint xsi:type="SequencePoint" vc="0" uspid="4932" ordinal="0" offset="0" sl="47" sc="13" el="47" ec="25" />
            </Method>
            <Method visited="false" cyclomaticComplexity="2" sequenceCoverage="0" branchCoverage="0" isConstructor="false" isStatic="false" isGetter="false" isSetter="false">
              <Summary numSequencePoints="6" visitedSequencePoints="0" numBranchPoints="3" visitedBranchPoints="0" sequenceCoverage="0" branchCoverage="0" maxCyclomaticComplexity="2" minCyclomaticComplexity="2" />
              <MetadataToken>100664009</MetadataToken>
              <Name>System.Int32 SigStat.Common.Helpers.Excel.HierarchyElement::GetCount()</Name>
              <FileRef uid="155" />
              <SequencePoints>
                <SequencePoint vc="0" uspid="4943" ordinal="0" offset="0" sl="66" sc="13" el="66" ec="27" />
                <SequencePoint vc="0" uspid="4944" ordinal="1" offset="2" sl="68" sc="35" el="68" ec="43" />
                <SequencePoint vc="0" uspid="4945" ordinal="2" offset="16" sl="68" sc="22" el="68" ec="31" />
                <SequencePoint vc="0" uspid="4946" ordinal="3" offset="24" sl="70" sc="17" el="70" ec="43" />
                <SequencePoint vc="0" uspid="4947" ordinal="4" offset="33" sl="68" sc="32" el="68" ec="34" />
                <SequencePoint vc="0" uspid="4948" ordinal="5" offset="58" sl="73" sc="13" el="73" ec="26" />
              </SequencePoints>
              <BranchPoints>
                <BranchPoint vc="0" uspid="4949" ordinal="0" offset="40" path="0" />
                <BranchPoint vc="0" uspid="4950" ordinal="1" offset="40" path="1" />
              </BranchPoints>
              <MethodPoint xsi:type="SequencePoint" vc="0" uspid="4943" ordinal="0" offset="0" sl="66" sc="13" el="66" ec="27" />
            </Method>
            <Method visited="false" cyclomaticComplexity="1" sequenceCoverage="0" branchCoverage="0" isConstructor="false" isStatic="false" isGetter="false" isSetter="false">
              <Summary numSequencePoints="1" visitedSequencePoints="0" numBranchPoints="1" visitedBranchPoints="0" sequenceCoverage="0" branchCoverage="0" maxCyclomaticComplexity="1" minCyclomaticComplexity="1" />
              <MetadataToken>100664010</MetadataToken>
              <Name>System.String SigStat.Common.Helpers.Excel.HierarchyElement::ToString()</Name>
              <FileRef uid="155" />
              <SequencePoints>
                <SequencePoint vc="0" uspid="4951" ordinal="0" offset="0" sl="78" sc="13" el="78" ec="44" />
              </SequencePoints>
              <BranchPoints />
              <MethodPoint xsi:type="SequencePoint" vc="0" uspid="4951" ordinal="0" offset="0" sl="78" sc="13" el="78" ec="44" />
            </Method>
            <Method visited="false" cyclomaticComplexity="1" sequenceCoverage="0" branchCoverage="0" isConstructor="false" isStatic="false" isGetter="false" isSetter="false">
              <Summary numSequencePoints="1" visitedSequencePoints="0" numBranchPoints="1" visitedBranchPoints="0" sequenceCoverage="0" branchCoverage="0" maxCyclomaticComplexity="1" minCyclomaticComplexity="1" />
              <MetadataToken>100664011</MetadataToken>
              <Name>System.Collections.Generic.IEnumerator`1&lt;SigStat.Common.Helpers.Excel.HierarchyElement&gt; SigStat.Common.Helpers.Excel.HierarchyElement::GetEnumerator()</Name>
              <FileRef uid="155" />
              <SequencePoints>
                <SequencePoint vc="0" uspid="4952" ordinal="0" offset="0" sl="83" sc="13" el="83" ec="78" />
              </SequencePoints>
              <BranchPoints />
              <MethodPoint xsi:type="SequencePoint" vc="0" uspid="4952" ordinal="0" offset="0" sl="83" sc="13" el="83" ec="78" />
            </Method>
            <Method visited="false" cyclomaticComplexity="1" sequenceCoverage="0" branchCoverage="0" isConstructor="false" isStatic="false" isGetter="false" isSetter="false">
              <Summary numSequencePoints="1" visitedSequencePoints="0" numBranchPoints="1" visitedBranchPoints="0" sequenceCoverage="0" branchCoverage="0" maxCyclomaticComplexity="1" minCyclomaticComplexity="1" />
              <MetadataToken>100664012</MetadataToken>
              <Name>System.Collections.IEnumerator SigStat.Common.Helpers.Excel.HierarchyElement::System.Collections.IEnumerable.GetEnumerator()</Name>
              <FileRef uid="155" />
              <SequencePoints>
                <SequencePoint vc="0" uspid="4953" ordinal="0" offset="0" sl="88" sc="13" el="88" ec="41" />
              </SequencePoints>
              <BranchPoints />
              <MethodPoint xsi:type="SequencePoint" vc="0" uspid="4953" ordinal="0" offset="0" sl="88" sc="13" el="88" ec="41" />
            </Method>
          </Methods>
        </Class>
        <Class>
          <Summary numSequencePoints="11" visitedSequencePoints="0" numBranchPoints="7" visitedBranchPoints="0" sequenceCoverage="0" branchCoverage="0" maxCyclomaticComplexity="1" minCyclomaticComplexity="1" />
          <FullName>SigStat.Common.Helpers.Excel.Palette.Palette</FullName>
          <Methods>
            <Method visited="false" cyclomaticComplexity="1" sequenceCoverage="0" branchCoverage="0" isConstructor="false" isStatic="false" isGetter="true" isSetter="false">
              <Summary numSequencePoints="1" visitedSequencePoints="0" numBranchPoints="1" visitedBranchPoints="0" sequenceCoverage="0" branchCoverage="0" maxCyclomaticComplexity="1" minCyclomaticComplexity="1" />
              <MetadataToken>100664013</MetadataToken>
              <Name>System.Drawing.Color SigStat.Common.Helpers.Excel.Palette.Palette::get_MainColor()</Name>
              <FileRef uid="156" />
              <SequencePoints>
                <SequencePoint vc="0" uspid="4954" ordinal="0" offset="0" sl="7" sc="34" el="7" ec="38" />
              </SequencePoints>
              <BranchPoints />
              <MethodPoint xsi:type="SequencePoint" vc="0" uspid="4954" ordinal="0" offset="0" sl="7" sc="34" el="7" ec="38" />
            </Method>
            <Method visited="false" cyclomaticComplexity="1" sequenceCoverage="0" branchCoverage="0" isConstructor="false" isStatic="false" isGetter="false" isSetter="true">
              <Summary numSequencePoints="1" visitedSequencePoints="0" numBranchPoints="1" visitedBranchPoints="0" sequenceCoverage="0" branchCoverage="0" maxCyclomaticComplexity="1" minCyclomaticComplexity="1" />
              <MetadataToken>100664014</MetadataToken>
              <Name>System.Void SigStat.Common.Helpers.Excel.Palette.Palette::set_MainColor(System.Drawing.Color)</Name>
              <FileRef uid="156" />
              <SequencePoints>
                <SequencePoint vc="0" uspid="4955" ordinal="0" offset="0" sl="7" sc="39" el="7" ec="43" />
              </SequencePoints>
              <BranchPoints />
              <MethodPoint xsi:type="SequencePoint" vc="0" uspid="4955" ordinal="0" offset="0" sl="7" sc="39" el="7" ec="43" />
            </Method>
            <Method visited="false" cyclomaticComplexity="1" sequenceCoverage="0" branchCoverage="0" isConstructor="false" isStatic="false" isGetter="true" isSetter="false">
              <Summary numSequencePoints="1" visitedSequencePoints="0" numBranchPoints="1" visitedBranchPoints="0" sequenceCoverage="0" branchCoverage="0" maxCyclomaticComplexity="1" minCyclomaticComplexity="1" />
              <MetadataToken>100664015</MetadataToken>
              <Name>System.Drawing.Color SigStat.Common.Helpers.Excel.Palette.Palette::get_DarkColor()</Name>
              <FileRef uid="156" />
              <SequencePoints>
                <SequencePoint vc="0" uspid="4956" ordinal="0" offset="0" sl="8" sc="34" el="8" ec="38" />
              </SequencePoints>
              <BranchPoints />
              <MethodPoint xsi:type="SequencePoint" vc="0" uspid="4956" ordinal="0" offset="0" sl="8" sc="34" el="8" ec="38" />
            </Method>
            <Method visited="false" cyclomaticComplexity="1" sequenceCoverage="0" branchCoverage="0" isConstructor="false" isStatic="false" isGetter="false" isSetter="true">
              <Summary numSequencePoints="1" visitedSequencePoints="0" numBranchPoints="1" visitedBranchPoints="0" sequenceCoverage="0" branchCoverage="0" maxCyclomaticComplexity="1" minCyclomaticComplexity="1" />
              <MetadataToken>100664016</MetadataToken>
              <Name>System.Void SigStat.Common.Helpers.Excel.Palette.Palette::set_DarkColor(System.Drawing.Color)</Name>
              <FileRef uid="156" />
              <SequencePoints>
                <SequencePoint vc="0" uspid="4957" ordinal="0" offset="0" sl="8" sc="39" el="8" ec="43" />
              </SequencePoints>
              <BranchPoints />
              <MethodPoint xsi:type="SequencePoint" vc="0" uspid="4957" ordinal="0" offset="0" sl="8" sc="39" el="8" ec="43" />
            </Method>
            <Method visited="false" cyclomaticComplexity="1" sequenceCoverage="0" branchCoverage="0" isConstructor="false" isStatic="false" isGetter="true" isSetter="false">
              <Summary numSequencePoints="1" visitedSequencePoints="0" numBranchPoints="1" visitedBranchPoints="0" sequenceCoverage="0" branchCoverage="0" maxCyclomaticComplexity="1" minCyclomaticComplexity="1" />
              <MetadataToken>100664017</MetadataToken>
              <Name>System.Drawing.Color SigStat.Common.Helpers.Excel.Palette.Palette::get_LightColor()</Name>
              <FileRef uid="156" />
              <SequencePoints>
                <SequencePoint vc="0" uspid="4958" ordinal="0" offset="0" sl="9" sc="35" el="9" ec="39" />
              </SequencePoints>
              <BranchPoints />
              <MethodPoint xsi:type="SequencePoint" vc="0" uspid="4958" ordinal="0" offset="0" sl="9" sc="35" el="9" ec="39" />
            </Method>
            <Method visited="false" cyclomaticComplexity="1" sequenceCoverage="0" branchCoverage="0" isConstructor="false" isStatic="false" isGetter="false" isSetter="true">
              <Summary numSequencePoints="1" visitedSequencePoints="0" numBranchPoints="1" visitedBranchPoints="0" sequenceCoverage="0" branchCoverage="0" maxCyclomaticComplexity="1" minCyclomaticComplexity="1" />
              <MetadataToken>100664018</MetadataToken>
              <Name>System.Void SigStat.Common.Helpers.Excel.Palette.Palette::set_LightColor(System.Drawing.Color)</Name>
              <FileRef uid="156" />
              <SequencePoints>
                <SequencePoint vc="0" uspid="4959" ordinal="0" offset="0" sl="9" sc="40" el="9" ec="44" />
              </SequencePoints>
              <BranchPoints />
              <MethodPoint xsi:type="SequencePoint" vc="0" uspid="4959" ordinal="0" offset="0" sl="9" sc="40" el="9" ec="44" />
            </Method>
            <Method visited="false" cyclomaticComplexity="1" sequenceCoverage="0" branchCoverage="0" isConstructor="true" isStatic="false" isGetter="false" isSetter="false">
              <Summary numSequencePoints="5" visitedSequencePoints="0" numBranchPoints="1" visitedBranchPoints="0" sequenceCoverage="0" branchCoverage="0" maxCyclomaticComplexity="1" minCyclomaticComplexity="1" />
              <MetadataToken>100664019</MetadataToken>
              <Name>System.Void SigStat.Common.Helpers.Excel.Palette.Palette::.ctor(System.Drawing.Color,System.Drawing.Color,System.Drawing.Color)</Name>
              <FileRef uid="156" />
              <SequencePoints>
                <SequencePoint vc="0" uspid="4960" ordinal="0" offset="0" sl="11" sc="9" el="11" ec="60" />
                <SequencePoint vc="0" uspid="4961" ordinal="1" offset="6" sl="13" sc="13" el="13" ec="30" />
                <SequencePoint vc="0" uspid="4962" ordinal="2" offset="13" sl="14" sc="13" el="14" ec="30" />
                <SequencePoint vc="0" uspid="4963" ordinal="3" offset="20" sl="15" sc="13" el="15" ec="32" />
                <SequencePoint vc="0" uspid="4964" ordinal="4" offset="27" sl="16" sc="9" el="16" ec="10" />
              </SequencePoints>
              <BranchPoints />
              <MethodPoint xsi:type="SequencePoint" vc="0" uspid="4960" ordinal="0" offset="0" sl="11" sc="9" el="11" ec="60" />
            </Method>
          </Methods>
        </Class>
        <Class>
          <Summary numSequencePoints="3" visitedSequencePoints="0" numBranchPoints="3" visitedBranchPoints="0" sequenceCoverage="0" branchCoverage="0" maxCyclomaticComplexity="1" minCyclomaticComplexity="1" />
          <FullName>SigStat.Common.Helpers.Excel.Palette.PaletteStorage</FullName>
          <Methods>
            <Method visited="false" cyclomaticComplexity="1" sequenceCoverage="0" branchCoverage="0" isConstructor="false" isStatic="true" isGetter="false" isSetter="false">
              <Summary numSequencePoints="1" visitedSequencePoints="0" numBranchPoints="1" visitedBranchPoints="0" sequenceCoverage="0" branchCoverage="0" maxCyclomaticComplexity="1" minCyclomaticComplexity="1" />
              <MetadataToken>100664020</MetadataToken>
              <Name>SigStat.Common.Helpers.Excel.Palette.Palette SigStat.Common.Helpers.Excel.Palette.PaletteStorage::GetPalette(SigStat.Common.Helpers.Excel.Palette.ExcelColor)</Name>
              <FileRef uid="157" />
              <SequencePoints>
                <SequencePoint vc="0" uspid="4965" ordinal="0" offset="0" sl="43" sc="13" el="43" ec="46" />
              </SequencePoints>
              <BranchPoints />
              <MethodPoint xsi:type="SequencePoint" vc="0" uspid="4965" ordinal="0" offset="0" sl="43" sc="13" el="43" ec="46" />
            </Method>
            <Method visited="false" cyclomaticComplexity="1" sequenceCoverage="0" branchCoverage="0" isConstructor="false" isStatic="true" isGetter="false" isSetter="false">
              <Summary numSequencePoints="1" visitedSequencePoints="0" numBranchPoints="1" visitedBranchPoints="0" sequenceCoverage="0" branchCoverage="0" maxCyclomaticComplexity="1" minCyclomaticComplexity="1" />
              <MetadataToken>100664021</MetadataToken>
              <Name>System.Drawing.Color SigStat.Common.Helpers.Excel.Palette.PaletteStorage::ColorFromRgb(System.Byte,System.Byte,System.Byte)</Name>
              <FileRef uid="157" />
              <SequencePoints>
                <SequencePoint vc="0" uspid="4966" ordinal="0" offset="0" sl="50" sc="13" el="50" ec="49" />
              </SequencePoints>
              <BranchPoints />
              <MethodPoint xsi:type="SequencePoint" vc="0" uspid="4966" ordinal="0" offset="0" sl="50" sc="13" el="50" ec="49" />
            </Method>
            <Method visited="false" cyclomaticComplexity="1" sequenceCoverage="0" branchCoverage="0" isConstructor="true" isStatic="false" isGetter="false" isSetter="false">
              <Summary numSequencePoints="0" visitedSequencePoints="0" numBranchPoints="0" visitedBranchPoints="0" sequenceCoverage="0" branchCoverage="0" maxCyclomaticComplexity="1" minCyclomaticComplexity="1" />
              <MetadataToken>100664022</MetadataToken>
              <Name>System.Void SigStat.Common.Helpers.Excel.Palette.PaletteStorage::.ctor()</Name>
              <SequencePoints />
              <BranchPoints />
              <MethodPoint vc="0" uspid="4967" ordinal="0" offset="0" />
            </Method>
            <Method visited="false" cyclomaticComplexity="1" sequenceCoverage="0" branchCoverage="0" isConstructor="true" isStatic="true" isGetter="false" isSetter="false">
              <Summary numSequencePoints="1" visitedSequencePoints="0" numBranchPoints="1" visitedBranchPoints="0" sequenceCoverage="0" branchCoverage="0" maxCyclomaticComplexity="1" minCyclomaticComplexity="1" />
              <MetadataToken>100664023</MetadataToken>
              <Name>System.Void SigStat.Common.Helpers.Excel.Palette.PaletteStorage::.cctor()</Name>
              <FileRef uid="157" />
              <SequencePoints>
                <SequencePoint vc="0" uspid="4968" ordinal="0" offset="0" sl="24" sc="9" el="33" ec="11" />
              </SequencePoints>
              <BranchPoints />
              <MethodPoint xsi:type="SequencePoint" vc="0" uspid="4968" ordinal="0" offset="0" sl="24" sc="9" el="33" ec="11" />
            </Method>
          </Methods>
        </Class>
        <Class>
          <Summary numSequencePoints="26" visitedSequencePoints="0" numBranchPoints="12" visitedBranchPoints="0" sequenceCoverage="0" branchCoverage="0" maxCyclomaticComplexity="6" minCyclomaticComplexity="1" />
          <FullName>SigStat.Common.Helpers.Excel.Level.Level</FullName>
          <Methods>
            <Method visited="false" cyclomaticComplexity="6" sequenceCoverage="0" branchCoverage="0" isConstructor="false" isStatic="true" isGetter="false" isSetter="false">
              <Summary numSequencePoints="11" visitedSequencePoints="0" numBranchPoints="7" visitedBranchPoints="0" sequenceCoverage="0" branchCoverage="0" maxCyclomaticComplexity="6" minCyclomaticComplexity="6" />
              <MetadataToken>100664024</MetadataToken>
              <Name>System.Void SigStat.Common.Helpers.Excel.Level.Level::StyleAs(OfficeOpenXml.Style.ExcelStyle,SigStat.Common.Helpers.Excel.Level.TextLevel)</Name>
              <FileRef uid="158" />
              <SequencePoints>
                <SequencePoint vc="0" uspid="4969" ordinal="0" offset="0" sl="25" sc="13" el="25" ec="27" />
                <SequencePoint vc="0" uspid="4970" ordinal="1" offset="27" sl="28" sc="21" el="28" ec="42" />
                <SequencePoint vc="0" uspid="4971" ordinal="2" offset="33" sl="29" sc="21" el="29" ec="27" />
                <SequencePoint vc="0" uspid="4972" ordinal="3" offset="34" sl="31" sc="21" el="31" ec="45" />
                <SequencePoint vc="0" uspid="4973" ordinal="4" offset="40" sl="32" sc="21" el="32" ec="27" />
                <SequencePoint vc="0" uspid="4974" ordinal="5" offset="41" sl="34" sc="21" el="34" ec="45" />
                <SequencePoint vc="0" uspid="4975" ordinal="6" offset="47" sl="35" sc="21" el="35" ec="27" />
                <SequencePoint vc="0" uspid="4976" ordinal="7" offset="48" sl="37" sc="21" el="37" ec="45" />
                <SequencePoint vc="0" uspid="4977" ordinal="8" offset="54" sl="38" sc="21" el="38" ec="27" />
                <SequencePoint vc="0" uspid="4978" ordinal="9" offset="55" sl="40" sc="21" el="40" ec="43" />
                <SequencePoint vc="0" uspid="4979" ordinal="10" offset="61" sl="43" sc="9" el="43" ec="10" />
              </SequencePoints>
              <BranchPoints>
                <BranchPoint vc="0" uspid="4980" ordinal="0" offset="1" path="0" />
                <BranchPoint vc="0" uspid="4981" ordinal="1" offset="1" path="1" />
                <BranchPoint vc="0" uspid="4982" ordinal="2" offset="1" path="2" />
                <BranchPoint vc="0" uspid="4983" ordinal="3" offset="1" path="3" />
                <BranchPoint vc="0" uspid="4984" ordinal="4" offset="1" path="4" />
                <BranchPoint vc="0" uspid="4985" ordinal="5" offset="1" path="5" />
              </BranchPoints>
              <MethodPoint xsi:type="SequencePoint" vc="0" uspid="4969" ordinal="0" offset="0" sl="25" sc="13" el="25" ec="27" />
            </Method>
            <Method visited="false" cyclomaticComplexity="1" sequenceCoverage="0" branchCoverage="0" isConstructor="false" isStatic="true" isGetter="false" isSetter="false">
              <Summary numSequencePoints="3" visitedSequencePoints="0" numBranchPoints="1" visitedBranchPoints="0" sequenceCoverage="0" branchCoverage="0" maxCyclomaticComplexity="1" minCyclomaticComplexity="1" />
              <MetadataToken>100664025</MetadataToken>
              <Name>System.Void SigStat.Common.Helpers.Excel.Level.Level::StyleAsTitle(OfficeOpenXml.Style.ExcelStyle)</Name>
              <FileRef uid="158" />
              <SequencePoints>
                <SequencePoint vc="0" uspid="4986" ordinal="0" offset="0" sl="47" sc="13" el="47" ec="36" />
                <SequencePoint vc="0" uspid="4987" ordinal="1" offset="12" sl="48" sc="13" el="48" ec="34" />
                <SequencePoint vc="0" uspid="4988" ordinal="2" offset="28" sl="49" sc="9" el="49" ec="10" />
              </SequencePoints>
              <BranchPoints />
              <MethodPoint xsi:type="SequencePoint" vc="0" uspid="4986" ordinal="0" offset="0" sl="47" sc="13" el="47" ec="36" />
            </Method>
            <Method visited="false" cyclomaticComplexity="1" sequenceCoverage="0" branchCoverage="0" isConstructor="false" isStatic="true" isGetter="false" isSetter="false">
              <Summary numSequencePoints="3" visitedSequencePoints="0" numBranchPoints="1" visitedBranchPoints="0" sequenceCoverage="0" branchCoverage="0" maxCyclomaticComplexity="1" minCyclomaticComplexity="1" />
              <MetadataToken>100664026</MetadataToken>
              <Name>System.Void SigStat.Common.Helpers.Excel.Level.Level::StyleAsHeading1(OfficeOpenXml.Style.ExcelStyle)</Name>
              <FileRef uid="158" />
              <SequencePoints>
                <SequencePoint vc="0" uspid="4989" ordinal="0" offset="0" sl="53" sc="13" el="53" ec="36" />
                <SequencePoint vc="0" uspid="4990" ordinal="1" offset="12" sl="54" sc="13" el="54" ec="34" />
                <SequencePoint vc="0" uspid="4991" ordinal="2" offset="28" sl="55" sc="9" el="55" ec="10" />
              </SequencePoints>
              <BranchPoints />
              <MethodPoint xsi:type="SequencePoint" vc="0" uspid="4989" ordinal="0" offset="0" sl="53" sc="13" el="53" ec="36" />
            </Method>
            <Method visited="false" cyclomaticComplexity="1" sequenceCoverage="0" branchCoverage="0" isConstructor="false" isStatic="true" isGetter="false" isSetter="false">
              <Summary numSequencePoints="3" visitedSequencePoints="0" numBranchPoints="1" visitedBranchPoints="0" sequenceCoverage="0" branchCoverage="0" maxCyclomaticComplexity="1" minCyclomaticComplexity="1" />
              <MetadataToken>100664027</MetadataToken>
              <Name>System.Void SigStat.Common.Helpers.Excel.Level.Level::StyleAsHeading2(OfficeOpenXml.Style.ExcelStyle)</Name>
              <FileRef uid="158" />
              <SequencePoints>
                <SequencePoint vc="0" uspid="4992" ordinal="0" offset="0" sl="58" sc="13" el="58" ec="36" />
                <SequencePoint vc="0" uspid="4993" ordinal="1" offset="12" sl="59" sc="13" el="59" ec="34" />
                <SequencePoint vc="0" uspid="4994" ordinal="2" offset="28" sl="60" sc="9" el="60" ec="10" />
              </SequencePoints>
              <BranchPoints />
              <MethodPoint xsi:type="SequencePoint" vc="0" uspid="4992" ordinal="0" offset="0" sl="58" sc="13" el="58" ec="36" />
            </Method>
            <Method visited="false" cyclomaticComplexity="1" sequenceCoverage="0" branchCoverage="0" isConstructor="false" isStatic="true" isGetter="false" isSetter="false">
              <Summary numSequencePoints="3" visitedSequencePoints="0" numBranchPoints="1" visitedBranchPoints="0" sequenceCoverage="0" branchCoverage="0" maxCyclomaticComplexity="1" minCyclomaticComplexity="1" />
              <MetadataToken>100664028</MetadataToken>
              <Name>System.Void SigStat.Common.Helpers.Excel.Level.Level::StyleAsHeading3(OfficeOpenXml.Style.ExcelStyle)</Name>
              <FileRef uid="158" />
              <SequencePoints>
                <SequencePoint vc="0" uspid="4995" ordinal="0" offset="0" sl="63" sc="13" el="63" ec="36" />
                <SequencePoint vc="0" uspid="4996" ordinal="1" offset="12" sl="64" sc="13" el="64" ec="34" />
                <SequencePoint vc="0" uspid="4997" ordinal="2" offset="28" sl="65" sc="9" el="65" ec="10" />
              </SequencePoints>
              <BranchPoints />
              <MethodPoint xsi:type="SequencePoint" vc="0" uspid="4995" ordinal="0" offset="0" sl="63" sc="13" el="63" ec="36" />
            </Method>
            <Method visited="false" cyclomaticComplexity="1" sequenceCoverage="0" branchCoverage="0" isConstructor="false" isStatic="true" isGetter="false" isSetter="false">
              <Summary numSequencePoints="3" visitedSequencePoints="0" numBranchPoints="1" visitedBranchPoints="0" sequenceCoverage="0" branchCoverage="0" maxCyclomaticComplexity="1" minCyclomaticComplexity="1" />
              <MetadataToken>100664029</MetadataToken>
              <Name>System.Void SigStat.Common.Helpers.Excel.Level.Level::StyleAsNormal(OfficeOpenXml.Style.ExcelStyle)</Name>
              <FileRef uid="158" />
              <SequencePoints>
                <SequencePoint vc="0" uspid="4998" ordinal="0" offset="0" sl="68" sc="13" el="68" ec="37" />
                <SequencePoint vc="0" uspid="4999" ordinal="1" offset="12" sl="69" sc="13" el="69" ec="34" />
                <SequencePoint vc="0" uspid="5000" ordinal="2" offset="28" sl="70" sc="9" el="70" ec="10" />
              </SequencePoints>
              <BranchPoints />
              <MethodPoint xsi:type="SequencePoint" vc="0" uspid="4998" ordinal="0" offset="0" sl="68" sc="13" el="68" ec="37" />
            </Method>
          </Methods>
        </Class>
        <Class>
          <Summary numSequencePoints="46" visitedSequencePoints="0" numBranchPoints="25" visitedBranchPoints="0" sequenceCoverage="0" branchCoverage="0" maxCyclomaticComplexity="5" minCyclomaticComplexity="1" />
          <FullName>SigStat.Common.Model.Verifier</FullName>
          <Methods>
            <Method visited="false" cyclomaticComplexity="1" sequenceCoverage="0" branchCoverage="0" isConstructor="false" isStatic="false" isGetter="true" isSetter="false">
              <Summary numSequencePoints="1" visitedSequencePoints="0" numBranchPoints="1" visitedBranchPoints="0" sequenceCoverage="0" branchCoverage="0" maxCyclomaticComplexity="1" minCyclomaticComplexity="1" />
              <MetadataToken>100664030</MetadataToken>
              <Name>SigStat.Common.Pipeline.SequentialTransformPipeline SigStat.Common.Model.Verifier::get_Pipeline()</Name>
              <FileRef uid="159" />
              <SequencePoints>
                <SequencePoint vc="0" uspid="5001" ordinal="0" offset="0" sl="25" sc="62" el="25" ec="70" />
              </SequencePoints>
              <BranchPoints />
              <MethodPoint xsi:type="SequencePoint" vc="0" uspid="5001" ordinal="0" offset="0" sl="25" sc="62" el="25" ec="70" />
            </Method>
            <Method visited="false" cyclomaticComplexity="2" sequenceCoverage="0" branchCoverage="0" isConstructor="false" isStatic="false" isGetter="false" isSetter="true">
              <Summary numSequencePoints="4" visitedSequencePoints="0" numBranchPoints="3" visitedBranchPoints="0" sequenceCoverage="0" branchCoverage="0" maxCyclomaticComplexity="2" minCyclomaticComplexity="2" />
              <MetadataToken>100664031</MetadataToken>
              <Name>System.Void SigStat.Common.Model.Verifier::set_Pipeline(SigStat.Common.Pipeline.SequentialTransformPipeline)</Name>
              <FileRef uid="159" />
              <SequencePoints>
                <SequencePoint vc="0" uspid="5002" ordinal="0" offset="0" sl="28" sc="17" el="28" ec="34" />
                <SequencePoint vc="0" uspid="5003" ordinal="1" offset="7" sl="29" sc="17" el="29" ec="45" />
                <SequencePoint vc="0" uspid="5004" ordinal="2" offset="20" sl="31" sc="21" el="31" ec="51" />
                <SequencePoint vc="0" uspid="5005" ordinal="3" offset="37" sl="33" sc="13" el="33" ec="14" />
              </SequencePoints>
              <BranchPoints>
                <BranchPoint vc="0" uspid="5006" ordinal="0" offset="18" path="0" />
                <BranchPoint vc="0" uspid="5007" ordinal="1" offset="18" path="1" />
              </BranchPoints>
              <MethodPoint xsi:type="SequencePoint" vc="0" uspid="5002" ordinal="0" offset="0" sl="28" sc="17" el="28" ec="34" />
            </Method>
            <Method visited="false" cyclomaticComplexity="1" sequenceCoverage="0" branchCoverage="0" isConstructor="false" isStatic="false" isGetter="true" isSetter="false">
              <Summary numSequencePoints="1" visitedSequencePoints="0" numBranchPoints="1" visitedBranchPoints="0" sequenceCoverage="0" branchCoverage="0" maxCyclomaticComplexity="1" minCyclomaticComplexity="1" />
              <MetadataToken>100664032</MetadataToken>
              <Name>SigStat.Common.Pipeline.IClassifier SigStat.Common.Model.Verifier::get_Classifier()</Name>
              <FileRef uid="159" />
              <SequencePoints>
                <SequencePoint vc="0" uspid="5008" ordinal="0" offset="0" sl="38" sc="41" el="38" ec="45" />
              </SequencePoints>
              <BranchPoints />
              <MethodPoint xsi:type="SequencePoint" vc="0" uspid="5008" ordinal="0" offset="0" sl="38" sc="41" el="38" ec="45" />
            </Method>
            <Method visited="false" cyclomaticComplexity="1" sequenceCoverage="0" branchCoverage="0" isConstructor="false" isStatic="false" isGetter="false" isSetter="true">
              <Summary numSequencePoints="1" visitedSequencePoints="0" numBranchPoints="1" visitedBranchPoints="0" sequenceCoverage="0" branchCoverage="0" maxCyclomaticComplexity="1" minCyclomaticComplexity="1" />
              <MetadataToken>100664033</MetadataToken>
              <Name>System.Void SigStat.Common.Model.Verifier::set_Classifier(SigStat.Common.Pipeline.IClassifier)</Name>
              <FileRef uid="159" />
              <SequencePoints>
                <SequencePoint vc="0" uspid="5009" ordinal="0" offset="0" sl="38" sc="46" el="38" ec="50" />
              </SequencePoints>
              <BranchPoints />
              <MethodPoint xsi:type="SequencePoint" vc="0" uspid="5009" ordinal="0" offset="0" sl="38" sc="46" el="38" ec="50" />
            </Method>
            <Method visited="false" cyclomaticComplexity="1" sequenceCoverage="0" branchCoverage="0" isConstructor="false" isStatic="false" isGetter="true" isSetter="false">
              <Summary numSequencePoints="1" visitedSequencePoints="0" numBranchPoints="1" visitedBranchPoints="0" sequenceCoverage="0" branchCoverage="0" maxCyclomaticComplexity="1" minCyclomaticComplexity="1" />
              <MetadataToken>100664034</MetadataToken>
              <Name>SigStat.Common.Pipeline.ISignerModel SigStat.Common.Model.Verifier::get_SignerModel()</Name>
              <FileRef uid="159" />
              <SequencePoints>
                <SequencePoint vc="0" uspid="5010" ordinal="0" offset="0" sl="40" sc="43" el="40" ec="47" />
              </SequencePoints>
              <BranchPoints />
              <MethodPoint xsi:type="SequencePoint" vc="0" uspid="5010" ordinal="0" offset="0" sl="40" sc="43" el="40" ec="47" />
            </Method>
            <Method visited="false" cyclomaticComplexity="1" sequenceCoverage="0" branchCoverage="0" isConstructor="false" isStatic="false" isGetter="false" isSetter="true">
              <Summary numSequencePoints="1" visitedSequencePoints="0" numBranchPoints="1" visitedBranchPoints="0" sequenceCoverage="0" branchCoverage="0" maxCyclomaticComplexity="1" minCyclomaticComplexity="1" />
              <MetadataToken>100664035</MetadataToken>
              <Name>System.Void SigStat.Common.Model.Verifier::set_SignerModel(SigStat.Common.Pipeline.ISignerModel)</Name>
              <FileRef uid="159" />
              <SequencePoints>
                <SequencePoint vc="0" uspid="5011" ordinal="0" offset="0" sl="40" sc="48" el="40" ec="52" />
              </SequencePoints>
              <BranchPoints />
              <MethodPoint xsi:type="SequencePoint" vc="0" uspid="5011" ordinal="0" offset="0" sl="40" sc="48" el="40" ec="52" />
            </Method>
            <Method visited="false" cyclomaticComplexity="1" sequenceCoverage="0" branchCoverage="0" isConstructor="false" isStatic="false" isGetter="true" isSetter="false">
              <Summary numSequencePoints="1" visitedSequencePoints="0" numBranchPoints="1" visitedBranchPoints="0" sequenceCoverage="0" branchCoverage="0" maxCyclomaticComplexity="1" minCyclomaticComplexity="1" />
              <MetadataToken>100664036</MetadataToken>
              <Name>Microsoft.Extensions.Logging.ILogger SigStat.Common.Model.Verifier::get_Logger()</Name>
              <FileRef uid="159" />
              <SequencePoints>
                <SequencePoint vc="0" uspid="5012" ordinal="0" offset="0" sl="44" sc="33" el="44" ec="37" />
              </SequencePoints>
              <BranchPoints />
              <MethodPoint xsi:type="SequencePoint" vc="0" uspid="5012" ordinal="0" offset="0" sl="44" sc="33" el="44" ec="37" />
            </Method>
            <Method visited="false" cyclomaticComplexity="1" sequenceCoverage="0" branchCoverage="0" isConstructor="false" isStatic="false" isGetter="false" isSetter="true">
              <Summary numSequencePoints="1" visitedSequencePoints="0" numBranchPoints="1" visitedBranchPoints="0" sequenceCoverage="0" branchCoverage="0" maxCyclomaticComplexity="1" minCyclomaticComplexity="1" />
              <MetadataToken>100664037</MetadataToken>
              <Name>System.Void SigStat.Common.Model.Verifier::set_Logger(Microsoft.Extensions.Logging.ILogger)</Name>
              <FileRef uid="159" />
              <SequencePoints>
                <SequencePoint vc="0" uspid="5013" ordinal="0" offset="0" sl="44" sc="38" el="44" ec="42" />
              </SequencePoints>
              <BranchPoints />
              <MethodPoint xsi:type="SequencePoint" vc="0" uspid="5013" ordinal="0" offset="0" sl="44" sc="38" el="44" ec="42" />
            </Method>
            <Method visited="false" cyclomaticComplexity="1" sequenceCoverage="0" branchCoverage="0" isConstructor="true" isStatic="false" isGetter="false" isSetter="false">
              <Summary numSequencePoints="4" visitedSequencePoints="0" numBranchPoints="1" visitedBranchPoints="0" sequenceCoverage="0" branchCoverage="0" maxCyclomaticComplexity="1" minCyclomaticComplexity="1" />
              <MetadataToken>100664038</MetadataToken>
              <Name>System.Void SigStat.Common.Model.Verifier::.ctor(Microsoft.Extensions.Logging.ILogger)</Name>
              <FileRef uid="159" />
              <SequencePoints>
                <SequencePoint vc="0" uspid="5014" ordinal="0" offset="0" sl="51" sc="9" el="51" ec="47" />
                <SequencePoint vc="0" uspid="5015" ordinal="1" offset="6" sl="53" sc="13" el="53" ec="34" />
                <SequencePoint vc="0" uspid="5016" ordinal="2" offset="13" sl="54" sc="13" el="54" ec="47" />
                <SequencePoint vc="0" uspid="5017" ordinal="3" offset="29" sl="55" sc="9" el="55" ec="10" />
              </SequencePoints>
              <BranchPoints />
              <MethodPoint xsi:type="SequencePoint" vc="0" uspid="5014" ordinal="0" offset="0" sl="51" sc="9" el="51" ec="47" />
            </Method>
            <Method visited="false" cyclomaticComplexity="1" sequenceCoverage="0" branchCoverage="0" isConstructor="true" isStatic="false" isGetter="false" isSetter="false">
              <Summary numSequencePoints="4" visitedSequencePoints="0" numBranchPoints="1" visitedBranchPoints="0" sequenceCoverage="0" branchCoverage="0" maxCyclomaticComplexity="1" minCyclomaticComplexity="1" />
              <MetadataToken>100664039</MetadataToken>
              <Name>System.Void SigStat.Common.Model.Verifier::.ctor()</Name>
              <FileRef uid="159" />
              <SequencePoints>
                <SequencePoint vc="0" uspid="5018" ordinal="0" offset="0" sl="57" sc="9" el="57" ec="26" />
                <SequencePoint vc="0" uspid="5019" ordinal="1" offset="6" sl="58" sc="13" el="58" ec="32" />
                <SequencePoint vc="0" uspid="5020" ordinal="2" offset="13" sl="59" sc="13" el="59" ec="47" />
                <SequencePoint vc="0" uspid="5021" ordinal="3" offset="29" sl="60" sc="9" el="60" ec="10" />
              </SequencePoints>
              <BranchPoints />
              <MethodPoint xsi:type="SequencePoint" vc="0" uspid="5018" ordinal="0" offset="0" sl="57" sc="9" el="57" ec="26" />
            </Method>
            <Method visited="false" cyclomaticComplexity="1" sequenceCoverage="0" branchCoverage="0" isConstructor="true" isStatic="false" isGetter="false" isSetter="false">
              <Summary numSequencePoints="5" visitedSequencePoints="0" numBranchPoints="1" visitedBranchPoints="0" sequenceCoverage="0" branchCoverage="0" maxCyclomaticComplexity="1" minCyclomaticComplexity="1" />
              <MetadataToken>100664040</MetadataToken>
              <Name>System.Void SigStat.Common.Model.Verifier::.ctor(SigStat.Common.Model.Verifier)</Name>
              <FileRef uid="159" />
              <SequencePoints>
                <SequencePoint vc="0" uspid="5022" ordinal="0" offset="0" sl="62" sc="9" el="62" ec="36" />
                <SequencePoint vc="0" uspid="5023" ordinal="1" offset="6" sl="64" sc="13" el="64" ec="36" />
                <SequencePoint vc="0" uspid="5024" ordinal="2" offset="18" sl="65" sc="13" el="65" ec="40" />
                <SequencePoint vc="0" uspid="5025" ordinal="3" offset="30" sl="66" sc="13" el="66" ec="44" />
                <SequencePoint vc="0" uspid="5026" ordinal="4" offset="42" sl="67" sc="9" el="67" ec="10" />
              </SequencePoints>
              <BranchPoints />
              <MethodPoint xsi:type="SequencePoint" vc="0" uspid="5022" ordinal="0" offset="0" sl="62" sc="9" el="62" ec="36" />
            </Method>
            <Method visited="false" cyclomaticComplexity="5" sequenceCoverage="0" branchCoverage="0" isConstructor="false" isStatic="false" isGetter="false" isSetter="false">
              <Summary numSequencePoints="14" visitedSequencePoints="0" numBranchPoints="9" visitedBranchPoints="0" sequenceCoverage="0" branchCoverage="0" maxCyclomaticComplexity="5" minCyclomaticComplexity="5" />
              <MetadataToken>100664041</MetadataToken>
              <Name>System.Void SigStat.Common.Model.Verifier::Train(System.Collections.Generic.List`1&lt;SigStat.Common.Signature&gt;)</Name>
              <FileRef uid="159" />
              <SequencePoints>
                <SequencePoint vc="0" uspid="5027" ordinal="0" offset="0" sl="79" sc="13" el="79" ec="43" />
                <SequencePoint vc="0" uspid="5028" ordinal="1" offset="17" sl="80" sc="13" el="80" ec="45" />
                <SequencePoint vc="0" uspid="5029" ordinal="2" offset="30" sl="81" sc="17" el="81" ec="66" />
                <SequencePoint vc="0" uspid="5030" ordinal="3" offset="52" sl="83" sc="13" el="83" ec="65" />
                <SequencePoint vc="0" uspid="5031" ordinal="4" offset="90" sl="88" sc="33" el="88" ec="43" />
                <SequencePoint vc="0" uspid="5032" ordinal="5" offset="99" sl="88" sc="22" el="88" ec="29" />
                <SequencePoint vc="0" uspid="5033" ordinal="6" offset="107" sl="90" sc="17" el="90" ec="41" />
                <SequencePoint vc="0" uspid="5034" ordinal="7" offset="119" sl="88" sc="30" el="88" ec="32" />
                <SequencePoint vc="0" uspid="5035" ordinal="8" offset="144" sl="92" sc="13" el="92" ec="54" />
                <SequencePoint vc="0" uspid="5036" ordinal="9" offset="160" sl="94" sc="13" el="94" ec="36" />
                <SequencePoint vc="0" uspid="5037" ordinal="10" offset="168" sl="95" sc="17" el="95" ec="73" />
                <SequencePoint vc="0" uspid="5038" ordinal="11" offset="186" sl="97" sc="17" el="97" ec="60" />
                <SequencePoint vc="0" uspid="5039" ordinal="12" offset="204" sl="99" sc="13" el="99" ec="55" />
                <SequencePoint vc="0" uspid="5040" ordinal="13" offset="220" sl="101" sc="9" el="101" ec="10" />
              </SequencePoints>
              <BranchPoints>
                <BranchPoint vc="0" uspid="5041" ordinal="0" offset="28" path="0" />
                <BranchPoint vc="0" uspid="5042" ordinal="1" offset="28" path="1" />
                <BranchPoint vc="0" uspid="5043" ordinal="2" offset="59" path="0" />
                <BranchPoint vc="0" uspid="5044" ordinal="3" offset="59" path="1" />
                <BranchPoint vc="0" uspid="5045" ordinal="4" offset="126" path="0" />
                <BranchPoint vc="0" uspid="5046" ordinal="5" offset="126" path="1" />
                <BranchPoint vc="0" uspid="5047" ordinal="6" offset="166" path="0" />
                <BranchPoint vc="0" uspid="5048" ordinal="7" offset="166" path="1" />
              </BranchPoints>
              <MethodPoint xsi:type="SequencePoint" vc="0" uspid="5027" ordinal="0" offset="0" sl="79" sc="13" el="79" ec="43" />
            </Method>
            <Method visited="false" cyclomaticComplexity="2" sequenceCoverage="0" branchCoverage="0" isConstructor="false" isStatic="false" isGetter="false" isSetter="false">
              <Summary numSequencePoints="8" visitedSequencePoints="0" numBranchPoints="3" visitedBranchPoints="0" sequenceCoverage="0" branchCoverage="0" maxCyclomaticComplexity="2" minCyclomaticComplexity="2" />
              <MetadataToken>100664042</MetadataToken>
              <Name>System.Double SigStat.Common.Model.Verifier::Test(SigStat.Common.Signature)</Name>
              <FileRef uid="159" />
              <SequencePoints>
                <SequencePoint vc="0" uspid="5049" ordinal="0" offset="0" sl="110" sc="13" el="110" ec="83" />
                <SequencePoint vc="0" uspid="5050" ordinal="1" offset="26" sl="112" sc="13" el="112" ec="43" />
                <SequencePoint vc="0" uspid="5051" ordinal="2" offset="38" sl="114" sc="13" el="114" ec="85" />
                <SequencePoint vc="0" uspid="5052" ordinal="3" offset="64" sl="116" sc="13" el="116" ec="37" />
                <SequencePoint vc="0" uspid="5053" ordinal="4" offset="72" sl="117" sc="17" el="117" ec="105" />
                <SequencePoint vc="0" uspid="5054" ordinal="5" offset="88" sl="119" sc="13" el="119" ec="66" />
                <SequencePoint vc="0" uspid="5055" ordinal="6" offset="107" sl="121" sc="13" el="121" ec="116" />
                <SequencePoint vc="0" uspid="5056" ordinal="7" offset="142" sl="122" sc="13" el="122" ec="27" />
              </SequencePoints>
              <BranchPoints>
                <BranchPoint vc="0" uspid="5057" ordinal="0" offset="70" path="0" />
                <BranchPoint vc="0" uspid="5058" ordinal="1" offset="70" path="1" />
              </BranchPoints>
              <MethodPoint xsi:type="SequencePoint" vc="0" uspid="5049" ordinal="0" offset="0" sl="110" sc="13" el="110" ec="83" />
            </Method>
          </Methods>
        </Class>
        <Class>
          <Summary numSequencePoints="1" visitedSequencePoints="0" numBranchPoints="1" visitedBranchPoints="0" sequenceCoverage="0" branchCoverage="0" maxCyclomaticComplexity="1" minCyclomaticComplexity="1" />
          <FullName>SigStat.Common.Model.Verifier/&lt;&gt;c</FullName>
          <Methods>
            <Method visited="false" cyclomaticComplexity="1" sequenceCoverage="0" branchCoverage="0" isConstructor="true" isStatic="true" isGetter="false" isSetter="false">
              <Summary numSequencePoints="0" visitedSequencePoints="0" numBranchPoints="0" visitedBranchPoints="0" sequenceCoverage="0" branchCoverage="0" maxCyclomaticComplexity="1" minCyclomaticComplexity="1" />
              <MetadataToken>100664482</MetadataToken>
              <Name>System.Void SigStat.Common.Model.Verifier/&lt;&gt;c::.cctor()</Name>
              <SequencePoints />
              <BranchPoints />
              <MethodPoint vc="0" uspid="5059" ordinal="0" offset="0" />
            </Method>
            <Method visited="false" cyclomaticComplexity="1" sequenceCoverage="0" branchCoverage="0" isConstructor="true" isStatic="false" isGetter="false" isSetter="false">
              <Summary numSequencePoints="0" visitedSequencePoints="0" numBranchPoints="0" visitedBranchPoints="0" sequenceCoverage="0" branchCoverage="0" maxCyclomaticComplexity="1" minCyclomaticComplexity="1" />
              <MetadataToken>100664483</MetadataToken>
              <Name>System.Void SigStat.Common.Model.Verifier/&lt;&gt;c::.ctor()</Name>
              <SequencePoints />
              <BranchPoints />
              <MethodPoint vc="0" uspid="5060" ordinal="0" offset="0" />
            </Method>
            <Method visited="false" cyclomaticComplexity="1" sequenceCoverage="0" branchCoverage="0" isConstructor="false" isStatic="false" isGetter="false" isSetter="false">
              <Summary numSequencePoints="1" visitedSequencePoints="0" numBranchPoints="1" visitedBranchPoints="0" sequenceCoverage="0" branchCoverage="0" maxCyclomaticComplexity="1" minCyclomaticComplexity="1" />
              <MetadataToken>100664484</MetadataToken>
              <Name>System.Boolean SigStat.Common.Model.Verifier/&lt;&gt;c::&lt;Train&gt;b__19_0(SigStat.Common.Signature)</Name>
              <FileRef uid="159" />
              <SequencePoints>
                <SequencePoint vc="0" uspid="5061" ordinal="0" offset="0" sl="83" sc="37" el="83" ec="63" />
              </SequencePoints>
              <BranchPoints />
              <MethodPoint xsi:type="SequencePoint" vc="0" uspid="5061" ordinal="0" offset="0" sl="83" sc="37" el="83" ec="63" />
            </Method>
          </Methods>
        </Class>
        <Class>
          <Summary numSequencePoints="6" visitedSequencePoints="0" numBranchPoints="3" visitedBranchPoints="0" sequenceCoverage="0" branchCoverage="0" maxCyclomaticComplexity="1" minCyclomaticComplexity="1" />
          <FullName>SigStat.Common.Framework.Exceptions.VerifierTestingException</FullName>
          <Methods>
            <Method visited="false" cyclomaticComplexity="1" sequenceCoverage="0" branchCoverage="0" isConstructor="true" isStatic="false" isGetter="false" isSetter="false">
              <Summary numSequencePoints="2" visitedSequencePoints="0" numBranchPoints="1" visitedBranchPoints="0" sequenceCoverage="0" branchCoverage="0" maxCyclomaticComplexity="1" minCyclomaticComplexity="1" />
              <MetadataToken>100664043</MetadataToken>
              <Name>System.Void SigStat.Common.Framework.Exceptions.VerifierTestingException::.ctor()</Name>
              <FileRef uid="161" />
              <SequencePoints>
                <SequencePoint vc="0" uspid="5062" ordinal="0" offset="0" sl="9" sc="9" el="9" ec="42" />
                <SequencePoint vc="0" uspid="5063" ordinal="1" offset="6" sl="11" sc="9" el="11" ec="10" />
              </SequencePoints>
              <BranchPoints />
              <MethodPoint xsi:type="SequencePoint" vc="0" uspid="5062" ordinal="0" offset="0" sl="9" sc="9" el="9" ec="42" />
            </Method>
            <Method visited="false" cyclomaticComplexity="1" sequenceCoverage="0" branchCoverage="0" isConstructor="true" isStatic="false" isGetter="false" isSetter="false">
              <Summary numSequencePoints="2" visitedSequencePoints="0" numBranchPoints="1" visitedBranchPoints="0" sequenceCoverage="0" branchCoverage="0" maxCyclomaticComplexity="1" minCyclomaticComplexity="1" />
              <MetadataToken>100664044</MetadataToken>
              <Name>System.Void SigStat.Common.Framework.Exceptions.VerifierTestingException::.ctor(System.String)</Name>
              <FileRef uid="161" />
              <SequencePoints>
                <SequencePoint vc="0" uspid="5064" ordinal="0" offset="0" sl="14" sc="15" el="14" ec="28" />
                <SequencePoint vc="0" uspid="5065" ordinal="1" offset="7" sl="16" sc="9" el="16" ec="10" />
              </SequencePoints>
              <BranchPoints />
              <MethodPoint xsi:type="SequencePoint" vc="0" uspid="5064" ordinal="0" offset="0" sl="14" sc="15" el="14" ec="28" />
            </Method>
            <Method visited="false" cyclomaticComplexity="1" sequenceCoverage="0" branchCoverage="0" isConstructor="true" isStatic="false" isGetter="false" isSetter="false">
              <Summary numSequencePoints="2" visitedSequencePoints="0" numBranchPoints="1" visitedBranchPoints="0" sequenceCoverage="0" branchCoverage="0" maxCyclomaticComplexity="1" minCyclomaticComplexity="1" />
              <MetadataToken>100664045</MetadataToken>
              <Name>System.Void SigStat.Common.Framework.Exceptions.VerifierTestingException::.ctor(System.String,System.Exception)</Name>
              <FileRef uid="161" />
              <SequencePoints>
                <SequencePoint vc="0" uspid="5066" ordinal="0" offset="0" sl="19" sc="15" el="19" ec="35" />
                <SequencePoint vc="0" uspid="5067" ordinal="1" offset="8" sl="21" sc="9" el="21" ec="10" />
              </SequencePoints>
              <BranchPoints />
              <MethodPoint xsi:type="SequencePoint" vc="0" uspid="5066" ordinal="0" offset="0" sl="19" sc="15" el="19" ec="35" />
            </Method>
          </Methods>
        </Class>
        <Class>
          <Summary numSequencePoints="6" visitedSequencePoints="0" numBranchPoints="3" visitedBranchPoints="0" sequenceCoverage="0" branchCoverage="0" maxCyclomaticComplexity="1" minCyclomaticComplexity="1" />
          <FullName>SigStat.Common.Framework.Exceptions.VerifierTrainingException</FullName>
          <Methods>
            <Method visited="false" cyclomaticComplexity="1" sequenceCoverage="0" branchCoverage="0" isConstructor="true" isStatic="false" isGetter="false" isSetter="false">
              <Summary numSequencePoints="2" visitedSequencePoints="0" numBranchPoints="1" visitedBranchPoints="0" sequenceCoverage="0" branchCoverage="0" maxCyclomaticComplexity="1" minCyclomaticComplexity="1" />
              <MetadataToken>100664046</MetadataToken>
              <Name>System.Void SigStat.Common.Framework.Exceptions.VerifierTrainingException::.ctor()</Name>
              <FileRef uid="162" />
              <SequencePoints>
                <SequencePoint vc="0" uspid="5068" ordinal="0" offset="0" sl="9" sc="9" el="9" ec="43" />
                <SequencePoint vc="0" uspid="5069" ordinal="1" offset="6" sl="11" sc="9" el="11" ec="10" />
              </SequencePoints>
              <BranchPoints />
              <MethodPoint xsi:type="SequencePoint" vc="0" uspid="5068" ordinal="0" offset="0" sl="9" sc="9" el="9" ec="43" />
            </Method>
            <Method visited="false" cyclomaticComplexity="1" sequenceCoverage="0" branchCoverage="0" isConstructor="true" isStatic="false" isGetter="false" isSetter="false">
              <Summary numSequencePoints="2" visitedSequencePoints="0" numBranchPoints="1" visitedBranchPoints="0" sequenceCoverage="0" branchCoverage="0" maxCyclomaticComplexity="1" minCyclomaticComplexity="1" />
              <MetadataToken>100664047</MetadataToken>
              <Name>System.Void SigStat.Common.Framework.Exceptions.VerifierTrainingException::.ctor(System.String)</Name>
              <FileRef uid="162" />
              <SequencePoints>
                <SequencePoint vc="0" uspid="5070" ordinal="0" offset="0" sl="14" sc="15" el="14" ec="28" />
                <SequencePoint vc="0" uspid="5071" ordinal="1" offset="7" sl="16" sc="9" el="16" ec="10" />
              </SequencePoints>
              <BranchPoints />
              <MethodPoint xsi:type="SequencePoint" vc="0" uspid="5070" ordinal="0" offset="0" sl="14" sc="15" el="14" ec="28" />
            </Method>
            <Method visited="false" cyclomaticComplexity="1" sequenceCoverage="0" branchCoverage="0" isConstructor="true" isStatic="false" isGetter="false" isSetter="false">
              <Summary numSequencePoints="2" visitedSequencePoints="0" numBranchPoints="1" visitedBranchPoints="0" sequenceCoverage="0" branchCoverage="0" maxCyclomaticComplexity="1" minCyclomaticComplexity="1" />
              <MetadataToken>100664048</MetadataToken>
              <Name>System.Void SigStat.Common.Framework.Exceptions.VerifierTrainingException::.ctor(System.String,System.Exception)</Name>
              <FileRef uid="162" />
              <SequencePoints>
                <SequencePoint vc="0" uspid="5072" ordinal="0" offset="0" sl="19" sc="15" el="19" ec="35" />
                <SequencePoint vc="0" uspid="5073" ordinal="1" offset="8" sl="21" sc="9" el="21" ec="10" />
              </SequencePoints>
              <BranchPoints />
              <MethodPoint xsi:type="SequencePoint" vc="0" uspid="5072" ordinal="0" offset="0" sl="19" sc="15" el="19" ec="35" />
            </Method>
          </Methods>
        </Class>
        <Class>
          <Summary numSequencePoints="94" visitedSequencePoints="0" numBranchPoints="42" visitedBranchPoints="0" sequenceCoverage="0" branchCoverage="0" maxCyclomaticComplexity="17" minCyclomaticComplexity="1" />
          <FullName>SigStat.Common.Algorithms.Dtw</FullName>
          <Methods>
            <Method visited="false" cyclomaticComplexity="1" sequenceCoverage="0" branchCoverage="0" isConstructor="false" isStatic="false" isGetter="true" isSetter="false">
              <Summary numSequencePoints="1" visitedSequencePoints="0" numBranchPoints="1" visitedBranchPoints="0" sequenceCoverage="0" branchCoverage="0" maxCyclomaticComplexity="1" minCyclomaticComplexity="1" />
              <MetadataToken>100664049</MetadataToken>
              <Name>System.Collections.Generic.List`1&lt;System.ValueTuple`2&lt;System.Int32,System.Int32&gt;&gt; SigStat.Common.Algorithms.Dtw::get_ForwardPath()</Name>
              <FileRef uid="163" />
              <SequencePoints>
                <SequencePoint vc="0" uspid="5074" ordinal="0" offset="0" sl="18" sc="47" el="18" ec="51" />
              </SequencePoints>
              <BranchPoints />
              <MethodPoint xsi:type="SequencePoint" vc="0" uspid="5074" ordinal="0" offset="0" sl="18" sc="47" el="18" ec="51" />
            </Method>
            <Method visited="false" cyclomaticComplexity="1" sequenceCoverage="0" branchCoverage="0" isConstructor="false" isStatic="false" isGetter="false" isSetter="true">
              <Summary numSequencePoints="1" visitedSequencePoints="0" numBranchPoints="1" visitedBranchPoints="0" sequenceCoverage="0" branchCoverage="0" maxCyclomaticComplexity="1" minCyclomaticComplexity="1" />
              <MetadataToken>100664050</MetadataToken>
              <Name>System.Void SigStat.Common.Algorithms.Dtw::set_ForwardPath(System.Collections.Generic.List`1&lt;System.ValueTuple`2&lt;System.Int32,System.Int32&gt;&gt;)</Name>
              <FileRef uid="163" />
              <SequencePoints>
                <SequencePoint vc="0" uspid="5075" ordinal="0" offset="0" sl="18" sc="52" el="18" ec="64" />
              </SequencePoints>
              <BranchPoints />
              <MethodPoint xsi:type="SequencePoint" vc="0" uspid="5075" ordinal="0" offset="0" sl="18" sc="52" el="18" ec="64" />
            </Method>
            <Method visited="false" cyclomaticComplexity="1" sequenceCoverage="0" branchCoverage="0" isConstructor="true" isStatic="false" isGetter="false" isSetter="false">
              <Summary numSequencePoints="3" visitedSequencePoints="0" numBranchPoints="1" visitedBranchPoints="0" sequenceCoverage="0" branchCoverage="0" maxCyclomaticComplexity="1" minCyclomaticComplexity="1" />
              <MetadataToken>100664051</MetadataToken>
              <Name>System.Void SigStat.Common.Algorithms.Dtw::.ctor()</Name>
              <FileRef uid="163" />
              <SequencePoints>
                <SequencePoint vc="0" uspid="5076" ordinal="0" offset="0" sl="25" sc="9" el="25" ec="21" />
                <SequencePoint vc="0" uspid="5077" ordinal="1" offset="6" sl="27" sc="13" el="27" ec="62" />
                <SequencePoint vc="0" uspid="5078" ordinal="2" offset="24" sl="28" sc="9" el="28" ec="10" />
              </SequencePoints>
              <BranchPoints />
              <MethodPoint xsi:type="SequencePoint" vc="0" uspid="5076" ordinal="0" offset="0" sl="25" sc="9" el="25" ec="21" />
            </Method>
            <Method visited="false" cyclomaticComplexity="1" sequenceCoverage="0" branchCoverage="0" isConstructor="true" isStatic="false" isGetter="false" isSetter="false">
              <Summary numSequencePoints="3" visitedSequencePoints="0" numBranchPoints="1" visitedBranchPoints="0" sequenceCoverage="0" branchCoverage="0" maxCyclomaticComplexity="1" minCyclomaticComplexity="1" />
              <MetadataToken>100664052</MetadataToken>
              <Name>System.Void SigStat.Common.Algorithms.Dtw::.ctor(System.Func`3&lt;System.Double[],System.Double[],System.Double&gt;)</Name>
              <FileRef uid="163" />
              <SequencePoints>
                <SequencePoint vc="0" uspid="5079" ordinal="0" offset="0" sl="34" sc="9" el="34" ec="64" />
                <SequencePoint vc="0" uspid="5080" ordinal="1" offset="6" sl="36" sc="13" el="36" ec="42" />
                <SequencePoint vc="0" uspid="5081" ordinal="2" offset="13" sl="37" sc="9" el="37" ec="10" />
              </SequencePoints>
              <BranchPoints />
              <MethodPoint xsi:type="SequencePoint" vc="0" uspid="5079" ordinal="0" offset="0" sl="34" sc="9" el="34" ec="64" />
            </Method>
            <Method visited="false" cyclomaticComplexity="17" sequenceCoverage="0" branchCoverage="0" isConstructor="false" isStatic="false" isGetter="false" isSetter="false">
              <Summary numSequencePoints="80" visitedSequencePoints="0" numBranchPoints="33" visitedBranchPoints="0" sequenceCoverage="0" branchCoverage="0" maxCyclomaticComplexity="17" minCyclomaticComplexity="17" />
              <MetadataToken>100664053</MetadataToken>
              <Name>System.Double SigStat.Common.Algorithms.Dtw::Compute(System.Double[][],System.Double[][])</Name>
              <FileRef uid="163" />
              <SequencePoints>
                <SequencePoint vc="0" uspid="5082" ordinal="0" offset="0" sl="45" sc="13" el="45" ec="39" />
                <SequencePoint vc="0" uspid="5083" ordinal="1" offset="4" sl="46" sc="13" el="46" ec="39" />
                <SequencePoint vc="0" uspid="5084" ordinal="2" offset="8" sl="47" sc="13" el="47" ec="31" />
                <SequencePoint vc="0" uspid="5085" ordinal="3" offset="18" sl="48" sc="13" el="48" ec="37" />
                <SequencePoint vc="0" uspid="5086" ordinal="4" offset="31" sl="49" sc="13" el="49" ec="37" />
                <SequencePoint vc="0" uspid="5087" ordinal="5" offset="44" sl="51" sc="13" el="51" ec="23" />
                <SequencePoint vc="0" uspid="5088" ordinal="6" offset="46" sl="52" sc="13" el="52" ec="23" />
                <SequencePoint vc="0" uspid="5089" ordinal="7" offset="49" sl="55" sc="18" el="55" ec="23" />
                <SequencePoint vc="0" uspid="5090" ordinal="8" offset="53" sl="57" sc="22" el="57" ec="27" />
                <SequencePoint vc="0" uspid="5091" ordinal="9" offset="58" sl="59" sc="21" el="59" ec="73" />
                <SequencePoint vc="0" uspid="5092" ordinal="10" offset="85" sl="57" sc="36" el="57" ec="39" />
                <SequencePoint vc="0" uspid="5093" ordinal="11" offset="91" sl="57" sc="29" el="57" ec="34" />
                <SequencePoint vc="0" uspid="5094" ordinal="12" offset="96" sl="55" sc="32" el="55" ec="35" />
                <SequencePoint vc="0" uspid="5095" ordinal="13" offset="100" sl="55" sc="25" el="55" ec="30" />
                <SequencePoint vc="0" uspid="5096" ordinal="14" offset="104" sl="64" sc="13" el="64" ec="37" />
                <SequencePoint vc="0" uspid="5097" ordinal="15" offset="130" sl="66" sc="18" el="66" ec="23" />
                <SequencePoint vc="0" uspid="5098" ordinal="16" offset="134" sl="68" sc="17" el="68" ec="58" />
                <SequencePoint vc="0" uspid="5099" ordinal="17" offset="176" sl="66" sc="32" el="66" ec="35" />
                <SequencePoint vc="0" uspid="5100" ordinal="18" offset="180" sl="66" sc="25" el="66" ec="30" />
                <SequencePoint vc="0" uspid="5101" ordinal="19" offset="184" sl="71" sc="18" el="71" ec="23" />
                <SequencePoint vc="0" uspid="5102" ordinal="20" offset="189" sl="73" sc="17" el="73" ec="58" />
                <SequencePoint vc="0" uspid="5103" ordinal="21" offset="234" sl="71" sc="32" el="71" ec="35" />
                <SequencePoint vc="0" uspid="5104" ordinal="22" offset="240" sl="71" sc="25" el="71" ec="30" />
                <SequencePoint vc="0" uspid="5105" ordinal="23" offset="245" sl="76" sc="18" el="76" ec="23" />
                <SequencePoint vc="0" uspid="5106" ordinal="24" offset="249" sl="78" sc="22" el="78" ec="27" />
                <SequencePoint vc="0" uspid="5107" ordinal="25" offset="254" sl="80" sc="21" el="80" ec="99" />
                <SequencePoint vc="0" uspid="5108" ordinal="26" offset="315" sl="81" sc="21" el="81" ec="40" />
                <SequencePoint vc="0" uspid="5109" ordinal="27" offset="332" sl="82" sc="21" el="82" ec="39" />
                <SequencePoint vc="0" uspid="5110" ordinal="28" offset="347" sl="78" sc="36" el="78" ec="39" />
                <SequencePoint vc="0" uspid="5111" ordinal="29" offset="353" sl="78" sc="29" el="78" ec="34" />
                <SequencePoint vc="0" uspid="5112" ordinal="30" offset="358" sl="76" sc="32" el="76" ec="35" />
                <SequencePoint vc="0" uspid="5113" ordinal="31" offset="362" sl="76" sc="25" el="76" ec="30" />
                <SequencePoint vc="0" uspid="5114" ordinal="32" offset="366" sl="87" sc="13" el="87" ec="52" />
                <SequencePoint vc="0" uspid="5115" ordinal="33" offset="377" sl="88" sc="13" el="88" ec="23" />
                <SequencePoint vc="0" uspid="5116" ordinal="34" offset="380" sl="89" sc="13" el="89" ec="23" />
                <SequencePoint vc="0" uspid="5117" ordinal="35" offset="384" sl="90" sc="13" el="90" ec="23" />
                <SequencePoint vc="0" uspid="5118" ordinal="36" offset="389" sl="91" sc="13" el="91" ec="35" />
                <SequencePoint vc="0" uspid="5119" ordinal="37" offset="399" sl="92" sc="13" el="92" ec="35" />
                <SequencePoint vc="0" uspid="5120" ordinal="38" offset="410" sl="93" sc="13" el="93" ec="17" />
                <SequencePoint vc="0" uspid="5121" ordinal="39" offset="421" sl="96" sc="17" el="96" ec="28" />
                <SequencePoint vc="0" uspid="5122" ordinal="40" offset="424" sl="98" sc="21" el="98" ec="25" />
                <SequencePoint vc="0" uspid="5123" ordinal="41" offset="430" sl="99" sc="17" el="99" ec="18" />
                <SequencePoint vc="0" uspid="5124" ordinal="42" offset="435" sl="100" sc="22" el="100" ec="33" />
                <SequencePoint vc="0" uspid="5125" ordinal="43" offset="439" sl="102" sc="21" el="102" ec="25" />
                <SequencePoint vc="0" uspid="5126" ordinal="44" offset="443" sl="103" sc="17" el="103" ec="18" />
                <SequencePoint vc="0" uspid="5127" ordinal="45" offset="448" sl="106" sc="21" el="106" ec="110" />
                <SequencePoint vc="0" uspid="5128" ordinal="46" offset="523" sl="107" sc="21" el="107" ec="84" />
                <SequencePoint vc="0" uspid="5129" ordinal="47" offset="566" sl="109" sc="21" el="109" ec="45" />
                <SequencePoint vc="0" uspid="5130" ordinal="48" offset="585" sl="111" sc="25" el="111" ec="38" />
                <SequencePoint vc="0" uspid="5131" ordinal="49" offset="588" sl="114" sc="21" el="114" ec="39" />
                <SequencePoint vc="0" uspid="5132" ordinal="50" offset="592" sl="116" sc="25" el="116" ec="32" />
                <SequencePoint vc="0" uspid="5133" ordinal="51" offset="596" sl="117" sc="21" el="117" ec="22" />
                <SequencePoint vc="0" uspid="5134" ordinal="52" offset="598" sl="118" sc="26" el="118" ec="44" />
                <SequencePoint vc="0" uspid="5135" ordinal="53" offset="603" sl="120" sc="25" el="120" ec="32" />
                <SequencePoint vc="0" uspid="5136" ordinal="54" offset="609" sl="121" sc="21" el="121" ec="22" />
                <SequencePoint vc="0" uspid="5137" ordinal="55" offset="611" sl="122" sc="26" el="122" ec="44" />
                <SequencePoint vc="0" uspid="5138" ordinal="56" offset="616" sl="124" sc="25" el="124" ec="32" />
                <SequencePoint vc="0" uspid="5139" ordinal="57" offset="620" sl="125" sc="25" el="125" ec="32" />
                <SequencePoint vc="0" uspid="5140" ordinal="58" offset="626" sl="128" sc="17" el="128" ec="39" />
                <SequencePoint vc="0" uspid="5141" ordinal="59" offset="637" sl="129" sc="17" el="129" ec="39" />
                <SequencePoint vc="0" uspid="5142" ordinal="60" offset="649" sl="130" sc="17" el="130" ec="21" />
                <SequencePoint vc="0" uspid="5143" ordinal="61" offset="655" sl="94" sc="13" el="94" ec="35" />
                <SequencePoint vc="0" uspid="5144" ordinal="62" offset="670" sl="134" sc="13" el="134" ec="51" />
                <SequencePoint vc="0" uspid="5145" ordinal="63" offset="683" sl="135" sc="18" el="135" ec="27" />
                <SequencePoint vc="0" uspid="5146" ordinal="64" offset="690" sl="137" sc="17" el="137" ec="73" />
                <SequencePoint vc="0" uspid="5147" ordinal="65" offset="724" sl="135" sc="37" el="135" ec="40" />
                <SequencePoint vc="0" uspid="5148" ordinal="66" offset="728" sl="135" sc="29" el="135" ec="35" />
                <SequencePoint vc="0" uspid="5149" ordinal="67" offset="732" sl="140" sc="13" el="140" ec="29" />
                <SequencePoint vc="0" uspid="5150" ordinal="68" offset="743" sl="142" sc="13" el="142" ec="47" />
                <SequencePoint vc="0" uspid="5151" ordinal="69" offset="750" sl="144" sc="13" el="144" ec="45" />
                <SequencePoint vc="0" uspid="5152" ordinal="70" offset="759" sl="145" sc="13" el="145" ec="45" />
                <SequencePoint vc="0" uspid="5153" ordinal="71" offset="768" sl="146" sc="18" el="146" ec="31" />
                <SequencePoint vc="0" uspid="5154" ordinal="72" offset="773" sl="148" sc="17" el="148" ec="57" />
                <SequencePoint vc="0" uspid="5155" ordinal="73" offset="801" sl="149" sc="17" el="149" ec="52" />
                <SequencePoint vc="0" uspid="5156" ordinal="74" offset="812" sl="150" sc="17" el="150" ec="52" />
                <SequencePoint vc="0" uspid="5157" ordinal="75" offset="823" sl="146" sc="44" el="146" ec="51" />
                <SequencePoint vc="0" uspid="5158" ordinal="76" offset="829" sl="146" sc="33" el="146" ec="42" />
                <SequencePoint vc="0" uspid="5159" ordinal="77" offset="835" sl="152" sc="13" el="152" ec="45" />
                <SequencePoint vc="0" uspid="5160" ordinal="78" offset="847" sl="154" sc="13" el="154" ec="23" />
                <SequencePoint vc="0" uspid="5161" ordinal="79" offset="855" sl="156" sc="13" el="156" ec="25" />
              </SequencePoints>
              <BranchPoints>
                <BranchPoint vc="0" uspid="5162" ordinal="0" offset="94" path="0" />
                <BranchPoint vc="0" uspid="5163" ordinal="1" offset="94" path="1" />
                <BranchPoint vc="0" uspid="5164" ordinal="2" offset="102" path="0" />
                <BranchPoint vc="0" uspid="5165" ordinal="3" offset="102" path="1" />
                <BranchPoint vc="0" uspid="5166" ordinal="4" offset="182" path="0" />
                <BranchPoint vc="0" uspid="5167" ordinal="5" offset="182" path="1" />
                <BranchPoint vc="0" uspid="5168" ordinal="6" offset="243" path="0" />
                <BranchPoint vc="0" uspid="5169" ordinal="7" offset="243" path="1" />
                <BranchPoint vc="0" uspid="5170" ordinal="8" offset="356" path="0" />
                <BranchPoint vc="0" uspid="5171" ordinal="9" offset="356" path="1" />
                <BranchPoint vc="0" uspid="5172" ordinal="10" offset="364" path="0" />
                <BranchPoint vc="0" uspid="5173" ordinal="11" offset="364" path="1" />
                <BranchPoint vc="0" uspid="5174" ordinal="12" offset="422" path="0" />
                <BranchPoint vc="0" uspid="5175" ordinal="13" offset="422" path="1" />
                <BranchPoint vc="0" uspid="5176" ordinal="14" offset="437" path="0" />
                <BranchPoint vc="0" uspid="5177" ordinal="15" offset="437" path="1" />
                <BranchPoint vc="0" uspid="5178" ordinal="16" offset="583" path="0" />
                <BranchPoint vc="0" uspid="5179" ordinal="17" offset="583" path="1" />
                <BranchPoint vc="0" uspid="5180" ordinal="18" offset="590" path="0" />
                <BranchPoint vc="0" uspid="5181" ordinal="19" offset="590" path="1" />
                <BranchPoint vc="0" uspid="5182" ordinal="20" offset="601" path="0" />
                <BranchPoint vc="0" uspid="5183" ordinal="21" offset="601" path="1" />
                <BranchPoint vc="0" uspid="5184" ordinal="22" offset="614" path="0" />
                <BranchPoint vc="0" uspid="5185" ordinal="23" offset="614" path="1" />
                <BranchPoint vc="0" uspid="5186" ordinal="24" offset="657" path="0" />
                <BranchPoint vc="0" uspid="5187" ordinal="25" offset="657" path="1" />
                <BranchPoint vc="0" uspid="5188" ordinal="26" offset="665" path="0" />
                <BranchPoint vc="0" uspid="5189" ordinal="27" offset="665" path="1" />
                <BranchPoint vc="0" uspid="5190" ordinal="28" offset="730" path="0" />
                <BranchPoint vc="0" uspid="5191" ordinal="29" offset="730" path="1" />
                <BranchPoint vc="0" uspid="5192" ordinal="30" offset="833" path="0" />
                <BranchPoint vc="0" uspid="5193" ordinal="31" offset="833" path="1" />
              </BranchPoints>
              <MethodPoint xsi:type="SequencePoint" vc="0" uspid="5082" ordinal="0" offset="0" sl="45" sc="13" el="45" ec="39" />
            </Method>
            <Method visited="false" cyclomaticComplexity="3" sequenceCoverage="0" branchCoverage="0" isConstructor="false" isStatic="false" isGetter="false" isSetter="false">
              <Summary numSequencePoints="6" visitedSequencePoints="0" numBranchPoints="5" visitedBranchPoints="0" sequenceCoverage="0" branchCoverage="0" maxCyclomaticComplexity="3" minCyclomaticComplexity="3" />
              <MetadataToken>100664054</MetadataToken>
              <Name>System.Double SigStat.Common.Algorithms.Dtw::Distance(System.Double[],System.Double[])</Name>
              <FileRef uid="163" />
              <SequencePoints>
                <SequencePoint vc="0" uspid="5194" ordinal="0" offset="0" sl="168" sc="13" el="168" ec="32" />
                <SequencePoint vc="0" uspid="5195" ordinal="1" offset="6" sl="170" sc="17" el="170" ec="48" />
                <SequencePoint vc="0" uspid="5196" ordinal="2" offset="19" sl="173" sc="13" el="173" ec="86" />
                <SequencePoint vc="0" uspid="5197" ordinal="3" offset="38" sl="174" sc="13" el="174" ec="33" />
                <SequencePoint vc="0" uspid="5198" ordinal="4" offset="46" sl="176" sc="17" el="176" ec="23" />
                <SequencePoint vc="0" uspid="5199" ordinal="5" offset="56" sl="179" sc="13" el="179" ec="22" />
              </SequencePoints>
              <BranchPoints>
                <BranchPoint vc="0" uspid="5200" ordinal="0" offset="4" path="0" />
                <BranchPoint vc="0" uspid="5201" ordinal="1" offset="4" path="1" />
                <BranchPoint vc="0" uspid="5202" ordinal="2" offset="44" path="0" />
                <BranchPoint vc="0" uspid="5203" ordinal="3" offset="44" path="1" />
              </BranchPoints>
              <MethodPoint xsi:type="SequencePoint" vc="0" uspid="5194" ordinal="0" offset="0" sl="168" sc="13" el="168" ec="32" />
            </Method>
          </Methods>
        </Class>
        <Class>
          <Summary numSequencePoints="25" visitedSequencePoints="0" numBranchPoints="10" visitedBranchPoints="0" sequenceCoverage="0" branchCoverage="0" maxCyclomaticComplexity="3" minCyclomaticComplexity="3" />
          <FullName>SigStat.Common.Algorithms.DtwPy</FullName>
          <Methods>
            <Method visited="false" cyclomaticComplexity="3" sequenceCoverage="0" branchCoverage="0" isConstructor="false" isStatic="true" isGetter="false" isSetter="false">
              <Summary numSequencePoints="16" visitedSequencePoints="0" numBranchPoints="5" visitedBranchPoints="0" sequenceCoverage="0" branchCoverage="0" maxCyclomaticComplexity="3" minCyclomaticComplexity="3" />
              <MetadataToken>100664055</MetadataToken>
              <Name>System.Double SigStat.Common.Algorithms.DtwPy::Dtw(System.Collections.Generic.IEnumerable`1&lt;P&gt;,System.Collections.Generic.IEnumerable`1&lt;P&gt;,System.Func`3&lt;P,P,System.Double&gt;)</Name>
              <FileRef uid="164" />
              <SequencePoints>
                <SequencePoint vc="0" uspid="5204" ordinal="0" offset="0" sl="28" sc="13" el="28" ec="47" />
                <SequencePoint vc="0" uspid="5205" ordinal="1" offset="7" sl="29" sc="13" el="29" ec="47" />
                <SequencePoint vc="0" uspid="5206" ordinal="2" offset="14" sl="31" sc="13" el="31" ec="36" />
                <SequencePoint vc="0" uspid="5207" ordinal="3" offset="18" sl="32" sc="13" el="32" ec="36" />
                <SequencePoint vc="0" uspid="5208" ordinal="4" offset="22" sl="34" sc="13" el="34" ec="48" />
                <SequencePoint vc="0" uspid="5209" ordinal="5" offset="35" sl="35" sc="13" el="35" ec="44" />
                <SequencePoint vc="0" uspid="5210" ordinal="6" offset="52" sl="37" sc="13" el="37" ec="27" />
                <SequencePoint vc="0" uspid="5211" ordinal="7" offset="70" sl="39" sc="18" el="39" ec="27" />
                <SequencePoint vc="0" uspid="5212" ordinal="8" offset="75" sl="41" sc="22" el="41" ec="30" />
                <SequencePoint vc="0" uspid="5213" ordinal="9" offset="80" sl="44" sc="21" el="44" ec="73" />
                <SequencePoint vc="0" uspid="5214" ordinal="10" offset="108" sl="45" sc="21" el="48" ec="44" />
                <SequencePoint vc="0" uspid="5215" ordinal="11" offset="168" sl="41" sc="43" el="41" ec="46" />
                <SequencePoint vc="0" uspid="5216" ordinal="12" offset="174" sl="41" sc="32" el="41" ec="41" />
                <SequencePoint vc="0" uspid="5217" ordinal="13" offset="181" sl="39" sc="40" el="39" ec="43" />
                <SequencePoint vc="0" uspid="5218" ordinal="14" offset="187" sl="39" sc="29" el="39" ec="38" />
                <SequencePoint vc="0" uspid="5219" ordinal="15" offset="194" sl="61" sc="13" el="61" ec="34" />
              </SequencePoints>
              <BranchPoints>
                <BranchPoint vc="0" uspid="5220" ordinal="0" offset="179" path="0" />
                <BranchPoint vc="0" uspid="5221" ordinal="1" offset="179" path="1" />
                <BranchPoint vc="0" uspid="5222" ordinal="2" offset="192" path="0" />
                <BranchPoint vc="0" uspid="5223" ordinal="3" offset="192" path="1" />
              </BranchPoints>
              <MethodPoint xsi:type="SequencePoint" vc="0" uspid="5204" ordinal="0" offset="0" sl="28" sc="13" el="28" ec="47" />
            </Method>
            <Method visited="false" cyclomaticComplexity="3" sequenceCoverage="0" branchCoverage="0" isConstructor="false" isStatic="true" isGetter="false" isSetter="false">
              <Summary numSequencePoints="9" visitedSequencePoints="0" numBranchPoints="5" visitedBranchPoints="0" sequenceCoverage="0" branchCoverage="0" maxCyclomaticComplexity="3" minCyclomaticComplexity="3" />
              <MetadataToken>100664056</MetadataToken>
              <Name>System.Double SigStat.Common.Algorithms.DtwPy::EuclideanDistance(System.Double[],System.Double[])</Name>
              <FileRef uid="164" />
              <SequencePoints>
                <SequencePoint vc="0" uspid="5224" ordinal="0" offset="0" sl="74" sc="13" el="74" ec="50" />
                <SequencePoint vc="0" uspid="5225" ordinal="1" offset="8" sl="76" sc="17" el="76" ec="47" />
                <SequencePoint vc="0" uspid="5226" ordinal="2" offset="14" sl="79" sc="13" el="79" ec="28" />
                <SequencePoint vc="0" uspid="5227" ordinal="3" offset="24" sl="80" sc="18" el="80" ec="27" />
                <SequencePoint vc="0" uspid="5228" ordinal="4" offset="28" sl="82" sc="17" el="82" ec="55" />
                <SequencePoint vc="0" uspid="5229" ordinal="5" offset="36" sl="83" sc="17" el="83" ec="34" />
                <SequencePoint vc="0" uspid="5230" ordinal="6" offset="42" sl="80" sc="49" el="80" ec="52" />
                <SequencePoint vc="0" uspid="5231" ordinal="7" offset="46" sl="80" sc="29" el="80" ec="47" />
                <SequencePoint vc="0" uspid="5232" ordinal="8" offset="52" sl="85" sc="13" el="85" ec="35" />
              </SequencePoints>
              <BranchPoints>
                <BranchPoint vc="0" uspid="5233" ordinal="0" offset="6" path="0" />
                <BranchPoint vc="0" uspid="5234" ordinal="1" offset="6" path="1" />
                <BranchPoint vc="0" uspid="5235" ordinal="2" offset="50" path="0" />
                <BranchPoint vc="0" uspid="5236" ordinal="3" offset="50" path="1" />
              </BranchPoints>
              <MethodPoint xsi:type="SequencePoint" vc="0" uspid="5224" ordinal="0" offset="0" sl="74" sc="13" el="74" ec="50" />
            </Method>
          </Methods>
        </Class>
        <Class>
          <Summary numSequencePoints="50" visitedSequencePoints="0" numBranchPoints="73" visitedBranchPoints="0" sequenceCoverage="0" branchCoverage="0" maxCyclomaticComplexity="24" minCyclomaticComplexity="1" />
          <FullName>SigStat.Common.Algorithms.HSCPThinningStep</FullName>
          <Methods>
            <Method visited="false" cyclomaticComplexity="1" sequenceCoverage="0" branchCoverage="0" isConstructor="false" isStatic="false" isGetter="true" isSetter="false">
              <Summary numSequencePoints="1" visitedSequencePoints="0" numBranchPoints="1" visitedBranchPoints="0" sequenceCoverage="0" branchCoverage="0" maxCyclomaticComplexity="1" minCyclomaticComplexity="1" />
              <MetadataToken>100664057</MetadataToken>
              <Name>System.Nullable`1&lt;System.Boolean&gt; SigStat.Common.Algorithms.HSCPThinningStep::get_ResultChanged()</Name>
              <FileRef uid="165" />
              <SequencePoints>
                <SequencePoint vc="0" uspid="5237" ordinal="0" offset="0" sl="18" sc="38" el="18" ec="42" />
              </SequencePoints>
              <BranchPoints />
              <MethodPoint xsi:type="SequencePoint" vc="0" uspid="5237" ordinal="0" offset="0" sl="18" sc="38" el="18" ec="42" />
            </Method>
            <Method visited="false" cyclomaticComplexity="1" sequenceCoverage="0" branchCoverage="0" isConstructor="false" isStatic="false" isGetter="false" isSetter="true">
              <Summary numSequencePoints="1" visitedSequencePoints="0" numBranchPoints="1" visitedBranchPoints="0" sequenceCoverage="0" branchCoverage="0" maxCyclomaticComplexity="1" minCyclomaticComplexity="1" />
              <MetadataToken>100664058</MetadataToken>
              <Name>System.Void SigStat.Common.Algorithms.HSCPThinningStep::set_ResultChanged(System.Nullable`1&lt;System.Boolean&gt;)</Name>
              <FileRef uid="165" />
              <SequencePoints>
                <SequencePoint vc="0" uspid="5238" ordinal="0" offset="0" sl="18" sc="43" el="18" ec="55" />
              </SequencePoints>
              <BranchPoints />
              <MethodPoint xsi:type="SequencePoint" vc="0" uspid="5238" ordinal="0" offset="0" sl="18" sc="43" el="18" ec="55" />
            </Method>
            <Method visited="false" cyclomaticComplexity="24" sequenceCoverage="0" branchCoverage="0" isConstructor="false" isStatic="false" isGetter="false" isSetter="false">
              <Summary numSequencePoints="21" visitedSequencePoints="0" numBranchPoints="47" visitedBranchPoints="0" sequenceCoverage="0" branchCoverage="0" maxCyclomaticComplexity="24" minCyclomaticComplexity="24" />
              <MetadataToken>100664059</MetadataToken>
              <Name>System.Boolean[0...,0...] SigStat.Common.Algorithms.HSCPThinningStep::Scan(System.Boolean[0...,0...])</Name>
              <FileRef uid="165" />
              <SequencePoints>
                <SequencePoint vc="0" uspid="5239" ordinal="0" offset="0" sl="27" sc="13" el="27" ec="36" />
                <SequencePoint vc="0" uspid="5240" ordinal="1" offset="8" sl="28" sc="13" el="28" ec="36" />
                <SequencePoint vc="0" uspid="5241" ordinal="2" offset="16" sl="29" sc="13" el="29" ec="35" />
                <SequencePoint vc="0" uspid="5242" ordinal="3" offset="28" sl="31" sc="13" el="31" ec="51" />
                <SequencePoint vc="0" uspid="5243" ordinal="4" offset="36" sl="33" sc="13" el="33" ec="40" />
                <SequencePoint vc="0" uspid="5244" ordinal="5" offset="44" sl="34" sc="18" el="34" ec="27" />
                <SequencePoint vc="0" uspid="5245" ordinal="6" offset="52" sl="36" sc="22" el="36" ec="31" />
                <SequencePoint vc="0" uspid="5246" ordinal="7" offset="60" sl="38" sc="21" el="38" ec="41" />
                <SequencePoint vc="0" uspid="5247" ordinal="8" offset="75" sl="40" sc="25" el="40" ec="61" />
                <SequencePoint vc="0" uspid="5248" ordinal="9" offset="88" sl="43" sc="25" el="48" ec="101" />
                <SequencePoint vc="0" uspid="5249" ordinal="10" offset="359" sl="50" sc="29" el="50" ec="44" />
                <SequencePoint vc="0" uspid="5250" ordinal="11" offset="370" sl="51" sc="25" el="51" ec="26" />
                <SequencePoint vc="0" uspid="5251" ordinal="12" offset="372" sl="56" sc="29" el="56" ec="50" />
                <SequencePoint vc="0" uspid="5252" ordinal="13" offset="384" sl="57" sc="29" el="57" ec="45" />
                <SequencePoint vc="0" uspid="5253" ordinal="14" offset="395" sl="60" sc="21" el="60" ec="22" />
                <SequencePoint vc="0" uspid="5254" ordinal="15" offset="397" sl="63" sc="25" el="63" ec="43" />
                <SequencePoint vc="0" uspid="5255" ordinal="16" offset="417" sl="36" sc="44" el="36" ec="47" />
                <SequencePoint vc="0" uspid="5256" ordinal="17" offset="423" sl="36" sc="33" el="36" ec="42" />
                <SequencePoint vc="0" uspid="5257" ordinal="18" offset="433" sl="34" sc="40" el="34" ec="43" />
                <SequencePoint vc="0" uspid="5258" ordinal="19" offset="439" sl="34" sc="29" el="34" ec="38" />
                <SequencePoint vc="0" uspid="5259" ordinal="20" offset="449" sl="68" sc="13" el="68" ec="22" />
              </SequencePoints>
              <BranchPoints>
                <BranchPoint vc="0" uspid="5260" ordinal="0" offset="70" path="0" />
                <BranchPoint vc="0" uspid="5261" ordinal="1" offset="70" path="1" />
                <BranchPoint vc="0" uspid="5262" ordinal="2" offset="92" path="0" />
                <BranchPoint vc="0" uspid="5263" ordinal="3" offset="92" path="1" />
                <BranchPoint vc="0" uspid="5264" ordinal="4" offset="98" path="0" />
                <BranchPoint vc="0" uspid="5265" ordinal="5" offset="98" path="1" />
                <BranchPoint vc="0" uspid="5266" ordinal="6" offset="112" path="0" />
                <BranchPoint vc="0" uspid="5267" ordinal="7" offset="112" path="1" />
                <BranchPoint vc="0" uspid="5268" ordinal="8" offset="129" path="0" />
                <BranchPoint vc="0" uspid="5269" ordinal="9" offset="129" path="1" />
                <BranchPoint vc="0" uspid="5270" ordinal="10" offset="138" path="0" />
                <BranchPoint vc="0" uspid="5271" ordinal="11" offset="138" path="1" />
                <BranchPoint vc="0" uspid="5272" ordinal="12" offset="144" path="0" />
                <BranchPoint vc="0" uspid="5273" ordinal="13" offset="144" path="1" />
                <BranchPoint vc="0" uspid="5274" ordinal="14" offset="158" path="0" />
                <BranchPoint vc="0" uspid="5275" ordinal="15" offset="158" path="1" />
                <BranchPoint vc="0" uspid="5276" ordinal="16" offset="175" path="0" />
                <BranchPoint vc="0" uspid="5277" ordinal="17" offset="175" path="1" />
                <BranchPoint vc="0" uspid="5278" ordinal="18" offset="192" path="0" />
                <BranchPoint vc="0" uspid="5279" ordinal="19" offset="192" path="1" />
                <BranchPoint vc="0" uspid="5280" ordinal="20" offset="208" path="0" />
                <BranchPoint vc="0" uspid="5281" ordinal="21" offset="208" path="1" />
                <BranchPoint vc="0" uspid="5282" ordinal="22" offset="222" path="0" />
                <BranchPoint vc="0" uspid="5283" ordinal="23" offset="222" path="1" />
                <BranchPoint vc="0" uspid="5284" ordinal="24" offset="239" path="0" />
                <BranchPoint vc="0" uspid="5285" ordinal="25" offset="239" path="1" />
                <BranchPoint vc="0" uspid="5286" ordinal="26" offset="255" path="0" />
                <BranchPoint vc="0" uspid="5287" ordinal="27" offset="255" path="1" />
                <BranchPoint vc="0" uspid="5288" ordinal="28" offset="269" path="0" />
                <BranchPoint vc="0" uspid="5289" ordinal="29" offset="269" path="1" />
                <BranchPoint vc="0" uspid="5290" ordinal="30" offset="283" path="0" />
                <BranchPoint vc="0" uspid="5291" ordinal="31" offset="283" path="1" />
                <BranchPoint vc="0" uspid="5292" ordinal="32" offset="299" path="0" />
                <BranchPoint vc="0" uspid="5293" ordinal="33" offset="299" path="1" />
                <BranchPoint vc="0" uspid="5294" ordinal="34" offset="313" path="0" />
                <BranchPoint vc="0" uspid="5295" ordinal="35" offset="313" path="1" />
                <BranchPoint vc="0" uspid="5296" ordinal="36" offset="327" path="0" />
                <BranchPoint vc="0" uspid="5297" ordinal="37" offset="327" path="1" />
                <BranchPoint vc="0" uspid="5298" ordinal="38" offset="343" path="0" />
                <BranchPoint vc="0" uspid="5299" ordinal="39" offset="343" path="1" />
                <BranchPoint vc="0" uspid="5300" ordinal="40" offset="357" path="0" />
                <BranchPoint vc="0" uspid="5301" ordinal="41" offset="357" path="1" />
                <BranchPoint vc="0" uspid="5302" ordinal="42" offset="428" path="0" />
                <BranchPoint vc="0" uspid="5303" ordinal="43" offset="428" path="1" />
                <BranchPoint vc="0" uspid="5304" ordinal="44" offset="444" path="0" />
                <BranchPoint vc="0" uspid="5305" ordinal="45" offset="444" path="1" />
              </BranchPoints>
              <MethodPoint xsi:type="SequencePoint" vc="0" uspid="5239" ordinal="0" offset="0" sl="27" sc="13" el="27" ec="36" />
            </Method>
            <Method visited="false" cyclomaticComplexity="15" sequenceCoverage="0" branchCoverage="0" isConstructor="false" isStatic="false" isGetter="false" isSetter="false">
              <Summary numSequencePoints="26" visitedSequencePoints="0" numBranchPoints="23" visitedBranchPoints="0" sequenceCoverage="0" branchCoverage="0" maxCyclomaticComplexity="15" minCyclomaticComplexity="15" />
              <MetadataToken>100664060</MetadataToken>
              <Name>System.Boolean[0...,0...] SigStat.Common.Algorithms.HSCPThinningStep::FindDeletables(System.Boolean[0...,0...])</Name>
              <FileRef uid="165" />
              <SequencePoints>
                <SequencePoint vc="0" uspid="5306" ordinal="0" offset="0" sl="73" sc="13" el="73" ec="36" />
                <SequencePoint vc="0" uspid="5307" ordinal="1" offset="8" sl="74" sc="13" el="74" ec="36" />
                <SequencePoint vc="0" uspid="5308" ordinal="2" offset="16" sl="75" sc="13" el="75" ec="48" />
                <SequencePoint vc="0" uspid="5309" ordinal="3" offset="24" sl="76" sc="18" el="76" ec="27" />
                <SequencePoint vc="0" uspid="5310" ordinal="4" offset="31" sl="78" sc="22" el="78" ec="31" />
                <SequencePoint vc="0" uspid="5311" ordinal="5" offset="39" sl="80" sc="21" el="80" ec="33" />
                <SequencePoint vc="0" uspid="5312" ordinal="6" offset="53" sl="82" sc="25" el="82" ec="61" />
                <SequencePoint vc="0" uspid="5313" ordinal="7" offset="65" sl="83" sc="25" el="83" ec="38" />
                <SequencePoint vc="0" uspid="5314" ordinal="8" offset="68" sl="84" sc="30" el="84" ec="40" />
                <SequencePoint vc="0" uspid="5315" ordinal="9" offset="73" sl="86" sc="29" el="86" ec="53" />
                <SequencePoint vc="0" uspid="5316" ordinal="10" offset="89" sl="84" sc="50" el="84" ec="54" />
                <SequencePoint vc="0" uspid="5317" ordinal="11" offset="95" sl="84" sc="42" el="84" ec="48" />
                <SequencePoint vc="0" uspid="5318" ordinal="12" offset="100" sl="89" sc="25" el="89" ec="50" />
                <SequencePoint vc="0" uspid="5319" ordinal="13" offset="110" sl="91" sc="29" el="91" ec="40" />
                <SequencePoint vc="0" uspid="5320" ordinal="14" offset="113" sl="92" sc="34" el="92" ec="44" />
                <SequencePoint vc="0" uspid="5321" ordinal="15" offset="118" sl="94" sc="33" el="94" ec="72" />
                <SequencePoint vc="0" uspid="5322" ordinal="16" offset="141" sl="92" sc="54" el="92" ec="58" />
                <SequencePoint vc="0" uspid="5323" ordinal="17" offset="147" sl="92" sc="46" el="92" ec="52" />
                <SequencePoint vc="0" uspid="5324" ordinal="18" offset="152" sl="97" sc="29" el="97" ec="62" />
                <SequencePoint vc="0" uspid="5325" ordinal="19" offset="171" sl="99" sc="29" el="99" ec="41" />
                <SequencePoint vc="0" uspid="5326" ordinal="20" offset="176" sl="101" sc="33" el="101" ec="56" />
                <SequencePoint vc="0" uspid="5327" ordinal="21" offset="186" sl="78" sc="44" el="78" ec="47" />
                <SequencePoint vc="0" uspid="5328" ordinal="22" offset="192" sl="78" sc="33" el="78" ec="42" />
                <SequencePoint vc="0" uspid="5329" ordinal="23" offset="202" sl="76" sc="40" el="76" ec="43" />
                <SequencePoint vc="0" uspid="5330" ordinal="24" offset="206" sl="76" sc="29" el="76" ec="38" />
                <SequencePoint vc="0" uspid="5331" ordinal="25" offset="215" sl="108" sc="13" el="108" ec="30" />
              </SequencePoints>
              <BranchPoints>
                <BranchPoint vc="0" uspid="5332" ordinal="0" offset="48" path="0" />
                <BranchPoint vc="0" uspid="5333" ordinal="1" offset="48" path="1" />
                <BranchPoint vc="0" uspid="5334" ordinal="2" offset="80" path="0" />
                <BranchPoint vc="0" uspid="5335" ordinal="3" offset="80" path="1" />
                <BranchPoint vc="0" uspid="5336" ordinal="4" offset="98" path="0" />
                <BranchPoint vc="0" uspid="5337" ordinal="5" offset="98" path="1" />
                <BranchPoint vc="0" uspid="5338" ordinal="6" offset="103" path="0" />
                <BranchPoint vc="0" uspid="5339" ordinal="7" offset="103" path="1" />
                <BranchPoint vc="0" uspid="5340" ordinal="8" offset="108" path="0" />
                <BranchPoint vc="0" uspid="5341" ordinal="9" offset="108" path="1" />
                <BranchPoint vc="0" uspid="5342" ordinal="10" offset="132" path="0" />
                <BranchPoint vc="0" uspid="5343" ordinal="11" offset="132" path="1" />
                <BranchPoint vc="0" uspid="5344" ordinal="12" offset="150" path="0" />
                <BranchPoint vc="0" uspid="5345" ordinal="13" offset="150" path="1" />
                <BranchPoint vc="0" uspid="5346" ordinal="14" offset="162" path="0" />
                <BranchPoint vc="0" uspid="5347" ordinal="15" offset="162" path="1" />
                <BranchPoint vc="0" uspid="5348" ordinal="16" offset="174" path="0" />
                <BranchPoint vc="0" uspid="5349" ordinal="17" offset="174" path="1" />
                <BranchPoint vc="0" uspid="5350" ordinal="18" offset="197" path="0" />
                <BranchPoint vc="0" uspid="5351" ordinal="19" offset="197" path="1" />
                <BranchPoint vc="0" uspid="5352" ordinal="20" offset="210" path="0" />
                <BranchPoint vc="0" uspid="5353" ordinal="21" offset="210" path="1" />
              </BranchPoints>
              <MethodPoint xsi:type="SequencePoint" vc="0" uspid="5306" ordinal="0" offset="0" sl="73" sc="13" el="73" ec="36" />
            </Method>
            <Method visited="false" cyclomaticComplexity="1" sequenceCoverage="0" branchCoverage="0" isConstructor="false" isStatic="false" isGetter="false" isSetter="false">
              <Summary numSequencePoints="1" visitedSequencePoints="0" numBranchPoints="1" visitedBranchPoints="0" sequenceCoverage="0" branchCoverage="0" maxCyclomaticComplexity="1" minCyclomaticComplexity="1" />
              <MetadataToken>100664061</MetadataToken>
              <Name>System.Boolean[] SigStat.Common.Algorithms.HSCPThinningStep::Neighbourhood(System.Boolean[0...,0...],System.Int32,System.Int32)</Name>
              <FileRef uid="165" />
              <SequencePoints>
                <SequencePoint vc="0" uspid="5354" ordinal="0" offset="0" sl="119" sc="13" el="128" ec="15" />
              </SequencePoints>
              <BranchPoints />
              <MethodPoint xsi:type="SequencePoint" vc="0" uspid="5354" ordinal="0" offset="0" sl="119" sc="13" el="128" ec="15" />
            </Method>
            <Method visited="false" cyclomaticComplexity="1" sequenceCoverage="0" branchCoverage="0" isConstructor="true" isStatic="false" isGetter="false" isSetter="false">
              <Summary numSequencePoints="0" visitedSequencePoints="0" numBranchPoints="0" visitedBranchPoints="0" sequenceCoverage="0" branchCoverage="0" maxCyclomaticComplexity="1" minCyclomaticComplexity="1" />
              <MetadataToken>100664062</MetadataToken>
              <Name>System.Void SigStat.Common.Algorithms.HSCPThinningStep::.ctor()</Name>
              <SequencePoints />
              <BranchPoints />
              <MethodPoint vc="0" uspid="5355" ordinal="0" offset="0" />
            </Method>
          </Methods>
        </Class>
        <Class>
          <Summary numSequencePoints="27" visitedSequencePoints="0" numBranchPoints="14" visitedBranchPoints="0" sequenceCoverage="0" branchCoverage="0" maxCyclomaticComplexity="6" minCyclomaticComplexity="1" />
          <FullName>SigStat.Common.Algorithms.OnePixelThinningStep</FullName>
          <Methods>
            <Method visited="false" cyclomaticComplexity="1" sequenceCoverage="0" branchCoverage="0" isConstructor="false" isStatic="false" isGetter="true" isSetter="false">
              <Summary numSequencePoints="1" visitedSequencePoints="0" numBranchPoints="1" visitedBranchPoints="0" sequenceCoverage="0" branchCoverage="0" maxCyclomaticComplexity="1" minCyclomaticComplexity="1" />
              <MetadataToken>100664063</MetadataToken>
              <Name>System.Nullable`1&lt;System.Boolean&gt; SigStat.Common.Algorithms.OnePixelThinningStep::get_ResultChanged()</Name>
              <FileRef uid="166" />
              <SequencePoints>
                <SequencePoint vc="0" uspid="5356" ordinal="0" offset="0" sl="16" sc="38" el="16" ec="42" />
              </SequencePoints>
              <BranchPoints />
              <MethodPoint xsi:type="SequencePoint" vc="0" uspid="5356" ordinal="0" offset="0" sl="16" sc="38" el="16" ec="42" />
            </Method>
            <Method visited="false" cyclomaticComplexity="1" sequenceCoverage="0" branchCoverage="0" isConstructor="false" isStatic="false" isGetter="false" isSetter="true">
              <Summary numSequencePoints="1" visitedSequencePoints="0" numBranchPoints="1" visitedBranchPoints="0" sequenceCoverage="0" branchCoverage="0" maxCyclomaticComplexity="1" minCyclomaticComplexity="1" />
              <MetadataToken>100664064</MetadataToken>
              <Name>System.Void SigStat.Common.Algorithms.OnePixelThinningStep::set_ResultChanged(System.Nullable`1&lt;System.Boolean&gt;)</Name>
              <FileRef uid="166" />
              <SequencePoints>
                <SequencePoint vc="0" uspid="5357" ordinal="0" offset="0" sl="16" sc="43" el="16" ec="55" />
              </SequencePoints>
              <BranchPoints />
              <MethodPoint xsi:type="SequencePoint" vc="0" uspid="5357" ordinal="0" offset="0" sl="16" sc="43" el="16" ec="55" />
            </Method>
            <Method visited="false" cyclomaticComplexity="1" sequenceCoverage="0" branchCoverage="0" isConstructor="true" isStatic="false" isGetter="false" isSetter="false">
              <Summary numSequencePoints="6" visitedSequencePoints="0" numBranchPoints="1" visitedBranchPoints="0" sequenceCoverage="0" branchCoverage="0" maxCyclomaticComplexity="1" minCyclomaticComplexity="1" />
              <MetadataToken>100664065</MetadataToken>
              <Name>System.Void SigStat.Common.Algorithms.OnePixelThinningStep::.ctor()</Name>
              <FileRef uid="166" />
              <SequencePoints>
                <SequencePoint vc="0" uspid="5358" ordinal="0" offset="0" sl="21" sc="9" el="21" ec="38" />
                <SequencePoint vc="0" uspid="5359" ordinal="1" offset="6" sl="28" sc="13" el="31" ec="40" />
                <SequencePoint vc="0" uspid="5360" ordinal="2" offset="112" sl="32" sc="13" el="32" ec="45" />
                <SequencePoint vc="0" uspid="5361" ordinal="3" offset="124" sl="38" sc="13" el="41" ec="40" />
                <SequencePoint vc="0" uspid="5362" ordinal="4" offset="216" sl="42" sc="13" el="42" ec="45" />
                <SequencePoint vc="0" uspid="5363" ordinal="5" offset="228" sl="44" sc="9" el="44" ec="10" />
              </SequencePoints>
              <BranchPoints />
              <MethodPoint xsi:type="SequencePoint" vc="0" uspid="5358" ordinal="0" offset="0" sl="21" sc="9" el="21" ec="38" />
            </Method>
            <Method visited="false" cyclomaticComplexity="6" sequenceCoverage="0" branchCoverage="0" isConstructor="false" isStatic="false" isGetter="false" isSetter="false">
              <Summary numSequencePoints="19" visitedSequencePoints="0" numBranchPoints="11" visitedBranchPoints="0" sequenceCoverage="0" branchCoverage="0" maxCyclomaticComplexity="6" minCyclomaticComplexity="6" />
              <MetadataToken>100664066</MetadataToken>
              <Name>System.Boolean[0...,0...] SigStat.Common.Algorithms.OnePixelThinningStep::Scan(System.Boolean[0...,0...])</Name>
              <FileRef uid="166" />
              <SequencePoints>
                <SequencePoint vc="0" uspid="5364" ordinal="0" offset="0" sl="54" sc="13" el="54" ec="46" />
                <SequencePoint vc="0" uspid="5365" ordinal="1" offset="8" sl="55" sc="13" el="55" ec="46" />
                <SequencePoint vc="0" uspid="5366" ordinal="2" offset="16" sl="56" sc="13" el="56" ec="56" />
                <SequencePoint vc="0" uspid="5367" ordinal="3" offset="28" sl="57" sc="13" el="57" ec="35" />
                <SequencePoint vc="0" uspid="5368" ordinal="4" offset="40" sl="59" sc="13" el="59" ec="42" />
                <SequencePoint vc="0" uspid="5369" ordinal="5" offset="48" sl="60" sc="18" el="60" ec="27" />
                <SequencePoint vc="0" uspid="5370" ordinal="6" offset="56" sl="62" sc="22" el="62" ec="31" />
                <SequencePoint vc="0" uspid="5371" ordinal="7" offset="64" sl="64" sc="21" el="64" ec="41" />
                <SequencePoint vc="0" uspid="5372" ordinal="8" offset="84" sl="65" sc="21" el="65" ec="33" />
                <SequencePoint vc="0" uspid="5373" ordinal="9" offset="99" sl="67" sc="25" el="71" ec="27" />
                <SequencePoint vc="0" uspid="5374" ordinal="10" offset="294" sl="73" sc="25" el="73" ec="64" />
                <SequencePoint vc="0" uspid="5375" ordinal="11" offset="324" sl="75" sc="29" el="75" ec="45" />
                <SequencePoint vc="0" uspid="5376" ordinal="12" offset="335" sl="76" sc="29" el="76" ec="47" />
                <SequencePoint vc="0" uspid="5377" ordinal="13" offset="346" sl="77" sc="29" el="77" ec="50" />
                <SequencePoint vc="0" uspid="5378" ordinal="14" offset="358" sl="62" sc="44" el="62" ec="47" />
                <SequencePoint vc="0" uspid="5379" ordinal="15" offset="364" sl="62" sc="33" el="62" ec="42" />
                <SequencePoint vc="0" uspid="5380" ordinal="16" offset="374" sl="60" sc="40" el="60" ec="43" />
                <SequencePoint vc="0" uspid="5381" ordinal="17" offset="380" sl="60" sc="29" el="60" ec="38" />
                <SequencePoint vc="0" uspid="5382" ordinal="18" offset="390" sl="83" sc="13" el="83" ec="24" />
              </SequencePoints>
              <BranchPoints>
                <BranchPoint vc="0" uspid="5383" ordinal="0" offset="94" path="0" />
                <BranchPoint vc="0" uspid="5384" ordinal="1" offset="94" path="1" />
                <BranchPoint vc="0" uspid="5385" ordinal="2" offset="307" path="0" />
                <BranchPoint vc="0" uspid="5386" ordinal="3" offset="307" path="1" />
                <BranchPoint vc="0" uspid="5387" ordinal="4" offset="322" path="0" />
                <BranchPoint vc="0" uspid="5388" ordinal="5" offset="322" path="1" />
                <BranchPoint vc="0" uspid="5389" ordinal="6" offset="369" path="0" />
                <BranchPoint vc="0" uspid="5390" ordinal="7" offset="369" path="1" />
                <BranchPoint vc="0" uspid="5391" ordinal="8" offset="385" path="0" />
                <BranchPoint vc="0" uspid="5392" ordinal="9" offset="385" path="1" />
              </BranchPoints>
              <MethodPoint xsi:type="SequencePoint" vc="0" uspid="5364" ordinal="0" offset="0" sl="54" sc="13" el="54" ec="46" />
            </Method>
          </Methods>
        </Class>
        <Class>
          <Summary numSequencePoints="29" visitedSequencePoints="0" numBranchPoints="20" visitedBranchPoints="0" sequenceCoverage="0" branchCoverage="0" maxCyclomaticComplexity="5" minCyclomaticComplexity="1" />
          <FullName>SigStat.Common.Algorithms.PatternMatching3x3</FullName>
          <Methods>
            <Method visited="false" cyclomaticComplexity="1" sequenceCoverage="0" branchCoverage="0" isConstructor="true" isStatic="false" isGetter="false" isSetter="false">
              <Summary numSequencePoints="3" visitedSequencePoints="0" numBranchPoints="1" visitedBranchPoints="0" sequenceCoverage="0" branchCoverage="0" maxCyclomaticComplexity="1" minCyclomaticComplexity="1" />
              <MetadataToken>100664067</MetadataToken>
              <Name>System.Void SigStat.Common.Algorithms.PatternMatching3x3::.ctor(System.Nullable`1&lt;System.Boolean&gt;[0...,0...])</Name>
              <FileRef uid="167" />
              <SequencePoints>
                <SequencePoint vc="0" uspid="5393" ordinal="0" offset="0" sl="18" sc="9" el="18" ec="52" />
                <SequencePoint vc="0" uspid="5394" ordinal="1" offset="6" sl="20" sc="13" el="20" ec="25" />
                <SequencePoint vc="0" uspid="5395" ordinal="2" offset="13" sl="21" sc="9" el="21" ec="10" />
              </SequencePoints>
              <BranchPoints />
              <MethodPoint xsi:type="SequencePoint" vc="0" uspid="5393" ordinal="0" offset="0" sl="18" sc="9" el="18" ec="52" />
            </Method>
            <Method visited="false" cyclomaticComplexity="5" sequenceCoverage="0" branchCoverage="0" isConstructor="false" isStatic="false" isGetter="false" isSetter="false">
              <Summary numSequencePoints="10" visitedSequencePoints="0" numBranchPoints="9" visitedBranchPoints="0" sequenceCoverage="0" branchCoverage="0" maxCyclomaticComplexity="5" minCyclomaticComplexity="5" />
              <MetadataToken>100664068</MetadataToken>
              <Name>System.Boolean SigStat.Common.Algorithms.PatternMatching3x3::Match(System.Boolean[0...,0...])</Name>
              <FileRef uid="167" />
              <SequencePoints>
                <SequencePoint vc="0" uspid="5396" ordinal="0" offset="0" sl="30" sc="18" el="30" ec="28" />
                <SequencePoint vc="0" uspid="5397" ordinal="1" offset="4" sl="32" sc="22" el="32" ec="32" />
                <SequencePoint vc="0" uspid="5398" ordinal="2" offset="8" sl="34" sc="21" el="34" ec="43" />
                <SequencePoint vc="0" uspid="5399" ordinal="3" offset="28" sl="36" sc="25" el="36" ec="56" />
                <SequencePoint vc="0" uspid="5400" ordinal="4" offset="69" sl="38" sc="29" el="38" ec="42" />
                <SequencePoint vc="0" uspid="5401" ordinal="5" offset="71" sl="32" sc="42" el="32" ec="46" />
                <SequencePoint vc="0" uspid="5402" ordinal="6" offset="75" sl="32" sc="34" el="32" ec="40" />
                <SequencePoint vc="0" uspid="5403" ordinal="7" offset="79" sl="30" sc="38" el="30" ec="42" />
                <SequencePoint vc="0" uspid="5404" ordinal="8" offset="83" sl="30" sc="30" el="30" ec="36" />
                <SequencePoint vc="0" uspid="5405" ordinal="9" offset="87" sl="44" sc="13" el="44" ec="25" />
              </SequencePoints>
              <BranchPoints>
                <BranchPoint vc="0" uspid="5406" ordinal="0" offset="26" path="0" />
                <BranchPoint vc="0" uspid="5407" ordinal="1" offset="26" path="1" />
                <BranchPoint vc="0" uspid="5408" ordinal="2" offset="67" path="0" />
                <BranchPoint vc="0" uspid="5409" ordinal="3" offset="67" path="1" />
                <BranchPoint vc="0" uspid="5410" ordinal="4" offset="77" path="0" />
                <BranchPoint vc="0" uspid="5411" ordinal="5" offset="77" path="1" />
                <BranchPoint vc="0" uspid="5412" ordinal="6" offset="85" path="0" />
                <BranchPoint vc="0" uspid="5413" ordinal="7" offset="85" path="1" />
              </BranchPoints>
              <MethodPoint xsi:type="SequencePoint" vc="0" uspid="5396" ordinal="0" offset="0" sl="30" sc="18" el="30" ec="28" />
            </Method>
            <Method visited="false" cyclomaticComplexity="3" sequenceCoverage="0" branchCoverage="0" isConstructor="false" isStatic="false" isGetter="false" isSetter="false">
              <Summary numSequencePoints="7" visitedSequencePoints="0" numBranchPoints="5" visitedBranchPoints="0" sequenceCoverage="0" branchCoverage="0" maxCyclomaticComplexity="3" minCyclomaticComplexity="3" />
              <MetadataToken>100664069</MetadataToken>
              <Name>System.Boolean SigStat.Common.Algorithms.PatternMatching3x3::RotMatch(System.Boolean[0...,0...])</Name>
              <FileRef uid="167" />
              <SequencePoints>
                <SequencePoint vc="0" uspid="5414" ordinal="0" offset="0" sl="54" sc="18" el="54" ec="27" />
                <SequencePoint vc="0" uspid="5415" ordinal="1" offset="4" sl="56" sc="17" el="56" ec="34" />
                <SequencePoint vc="0" uspid="5416" ordinal="2" offset="13" sl="58" sc="21" el="58" ec="33" />
                <SequencePoint vc="0" uspid="5417" ordinal="3" offset="15" sl="61" sc="17" el="61" ec="31" />
                <SequencePoint vc="0" uspid="5418" ordinal="4" offset="33" sl="54" sc="36" el="54" ec="39" />
                <SequencePoint vc="0" uspid="5419" ordinal="5" offset="37" sl="54" sc="29" el="54" ec="34" />
                <SequencePoint vc="0" uspid="5420" ordinal="6" offset="41" sl="63" sc="13" el="63" ec="26" />
              </SequencePoints>
              <BranchPoints>
                <BranchPoint vc="0" uspid="5421" ordinal="0" offset="11" path="0" />
                <BranchPoint vc="0" uspid="5422" ordinal="1" offset="11" path="1" />
                <BranchPoint vc="0" uspid="5423" ordinal="2" offset="39" path="0" />
                <BranchPoint vc="0" uspid="5424" ordinal="3" offset="39" path="1" />
              </BranchPoints>
              <MethodPoint xsi:type="SequencePoint" vc="0" uspid="5414" ordinal="0" offset="0" sl="54" sc="18" el="54" ec="27" />
            </Method>
            <Method visited="false" cyclomaticComplexity="3" sequenceCoverage="0" branchCoverage="0" isConstructor="false" isStatic="false" isGetter="false" isSetter="false">
              <Summary numSequencePoints="9" visitedSequencePoints="0" numBranchPoints="5" visitedBranchPoints="0" sequenceCoverage="0" branchCoverage="0" maxCyclomaticComplexity="3" minCyclomaticComplexity="3" />
              <MetadataToken>100664070</MetadataToken>
              <Name>System.Nullable`1&lt;System.Boolean&gt;[0...,0...] SigStat.Common.Algorithms.PatternMatching3x3::Rotate(System.Nullable`1&lt;System.Boolean&gt;[0...,0...])</Name>
              <FileRef uid="167" />
              <SequencePoints>
                <SequencePoint vc="0" uspid="5425" ordinal="0" offset="0" sl="73" sc="13" el="73" ec="47" />
                <SequencePoint vc="0" uspid="5426" ordinal="1" offset="8" sl="75" sc="18" el="75" ec="27" />
                <SequencePoint vc="0" uspid="5427" ordinal="2" offset="12" sl="77" sc="22" el="77" ec="31" />
                <SequencePoint vc="0" uspid="5428" ordinal="3" offset="16" sl="79" sc="21" el="79" ec="56" />
                <SequencePoint vc="0" uspid="5429" ordinal="4" offset="36" sl="77" sc="40" el="77" ec="43" />
                <SequencePoint vc="0" uspid="5430" ordinal="5" offset="40" sl="77" sc="33" el="77" ec="38" />
                <SequencePoint vc="0" uspid="5431" ordinal="6" offset="44" sl="75" sc="36" el="75" ec="39" />
                <SequencePoint vc="0" uspid="5432" ordinal="7" offset="48" sl="75" sc="29" el="75" ec="34" />
                <SequencePoint vc="0" uspid="5433" ordinal="8" offset="52" sl="83" sc="13" el="83" ec="27" />
              </SequencePoints>
              <BranchPoints>
                <BranchPoint vc="0" uspid="5434" ordinal="0" offset="42" path="0" />
                <BranchPoint vc="0" uspid="5435" ordinal="1" offset="42" path="1" />
                <BranchPoint vc="0" uspid="5436" ordinal="2" offset="50" path="0" />
                <BranchPoint vc="0" uspid="5437" ordinal="3" offset="50" path="1" />
              </BranchPoints>
              <MethodPoint xsi:type="SequencePoint" vc="0" uspid="5425" ordinal="0" offset="0" sl="73" sc="13" el="73" ec="47" />
            </Method>
          </Methods>
        </Class>
        <Class>
          <Summary numSequencePoints="0" visitedSequencePoints="0" numBranchPoints="4" visitedBranchPoints="0" sequenceCoverage="0" branchCoverage="0" maxCyclomaticComplexity="3" minCyclomaticComplexity="3" />
          <FullName>&lt;PrivateImplementationDetails&gt;</FullName>
          <Methods>
            <Method visited="false" cyclomaticComplexity="3" sequenceCoverage="0" branchCoverage="0" isConstructor="false" isStatic="true" isGetter="false" isSetter="false">
              <Summary numSequencePoints="0" visitedSequencePoints="0" numBranchPoints="4" visitedBranchPoints="0" sequenceCoverage="0" branchCoverage="0" maxCyclomaticComplexity="3" minCyclomaticComplexity="3" />
              <MetadataToken>100664071</MetadataToken>
              <Name>System.UInt32 &lt;PrivateImplementationDetails&gt;::ComputeStringHash(System.String)</Name>
              <SequencePoints />
              <BranchPoints>
                <BranchPoint vc="0" uspid="5439" ordinal="0" offset="1" path="0" />
                <BranchPoint vc="0" uspid="5440" ordinal="1" offset="1" path="1" />
                <BranchPoint vc="0" uspid="5441" ordinal="2" offset="40" path="0" />
                <BranchPoint vc="0" uspid="5442" ordinal="3" offset="40" path="1" />
              </BranchPoints>
              <MethodPoint vc="0" uspid="5438" ordinal="0" offset="0" />
            </Method>
          </Methods>
        </Class>
      </Classes>
      <TrackedMethods />
    </Module>
    <Module skippedDueTo="Filter" hash="96-28-05-5B-F0-C7-1C-4C-9B-DE-03-7A-33-8F-12-B1-77-75-3F-BF">
      <FullName>C:\Program Files\dotnet\shared\Microsoft.NETCore.App\2.1.7\System.Security.Cryptography.Primitives.dll</FullName>
      <ModuleName>System.Security.Cryptography.Primitives</ModuleName>
      <Classes />
    </Module>
    <Module skippedDueTo="Filter" hash="59-7A-D0-2F-BE-59-8A-2F-28-D4-62-4A-F9-BE-6C-BB-EA-5D-E2-1E">
      <FullName>C:\Program Files\dotnet\shared\Microsoft.NETCore.App\2.2.1\System.ComponentModel.dll</FullName>
      <ModuleName>System.ComponentModel</ModuleName>
      <Classes />
    </Module>
    <Module skippedDueTo="Filter" hash="D4-26-F9-80-52-93-F6-50-EC-6E-54-EF-55-9F-18-F5-6D-54-6D-7A">
      <FullName>C:\Program Files\dotnet\shared\Microsoft.NETCore.App\2.2.1\System.Runtime.Serialization.Json.dll</FullName>
      <ModuleName>System.Runtime.Serialization.Json</ModuleName>
      <Classes />
    </Module>
    <Module skippedDueTo="Filter" hash="B4-3C-1C-9E-16-FA-FA-27-27-C6-53-A1-BB-E5-0D-FF-1E-17-65-8A">
      <FullName>C:\Program Files\dotnet\shared\Microsoft.NETCore.App\2.2.1\System.Private.DataContractSerialization.dll</FullName>
      <ModuleName>System.Private.DataContractSerialization</ModuleName>
      <Classes />
    </Module>
    <Module skippedDueTo="Filter" hash="42-21-E3-74-56-3F-19-42-FD-AD-91-0B-4C-6A-3A-D1-DE-76-F8-19">
      <FullName>C:\Program Files\dotnet\shared\Microsoft.NETCore.App\2.2.1\System.Reflection.Emit.ILGeneration.dll</FullName>
      <ModuleName>System.Reflection.Emit.ILGeneration</ModuleName>
      <Classes />
    </Module>
    <Module skippedDueTo="Filter" hash="DE-7D-B8-6A-53-47-6B-C3-26-4A-2A-60-CC-B0-D3-D1-0F-D0-60-6B">
      <FullName>C:\Program Files\dotnet\shared\Microsoft.NETCore.App\2.2.1\System.Text.RegularExpressions.dll</FullName>
      <ModuleName>System.Text.RegularExpressions</ModuleName>
      <Classes />
    </Module>
    <Module skippedDueTo="Filter" hash="BA-5F-84-78-7B-58-24-9F-05-56-4F-AB-AC-F4-BA-15-5C-9C-8B-CF">
      <FullName>C:\Program Files\dotnet\shared\Microsoft.NETCore.App\2.2.1\System.Buffers.dll</FullName>
      <ModuleName>System.Buffers</ModuleName>
      <Classes />
    </Module>
    <Module skippedDueTo="Filter" hash="1A-04-E0-EB-75-27-FA-89-84-F0-B5-36-C1-B0-7B-C9-7A-C8-BA-81">
      <FullName>C:\Program Files\dotnet\shared\Microsoft.NETCore.App\2.2.1\System.Reflection.Emit.Lightweight.dll</FullName>
      <ModuleName>System.Reflection.Emit.Lightweight</ModuleName>
      <Classes />
    </Module>
  </Modules>
</CoverageSession>